============================= test session starts =============================
platform win32 -- Python 3.10.16, pytest-8.3.5, pluggy-1.6.0
rootdir: C:\Users\kchwo\Bachelor Thesis\ScrumiX
plugins: anyio-3.7.1, asyncio-1.1.0, cov-6.1.1, mock-3.14.1
asyncio: mode=strict, asyncio_default_fixture_loop_scope=None, asyncio_default_test_loop_scope=function
collected 642 items

backend\tests\test_acceptance_criteria.py E.EEEEEE.EE.EE.EE.EEEEEEEEEEEE [  4%]
EFFFFFFFFFF                                                              [  6%]
backend\tests\test_api_coverage.py ..F.FFFFFF......FFF....F..            [ 10%]
backend\tests\test_auth.py .FEE.FEEFFE.FE.EEEEFEF....                    [ 14%]
backend\tests\test_backlogs.py E.EEEEEEEEE.EE.EE.EE.FFFFFFFFF            [ 19%]
backend\tests\test_basic_imports.py ..s.                                 [ 19%]
backend\tests\test_comprehensive_coverage.py ..ss..........              [ 21%]
backend\tests\test_crud_comprehensive.py ......F.F.F.F.........F...F.F.F [ 26%]
..FF...                                                                  [ 27%]
backend\tests\test_crud_simple.py .................F.FFF.....            [ 32%]
backend\tests\test_database.py .F..                                      [ 32%]
backend\tests\test_database_comprehensive.py ....................        [ 35%]
backend\tests\test_direct_coverage.py ...ss..s.......                    [ 38%]
backend\tests\test_documentations.py E.EEEEEE.EE.EE.EE.EEEEEEEEFFFFFFFFF [ 43%]
F                                                                        [ 43%]
backend\tests\test_final_coverage_boost.py ........                      [ 45%]
backend\tests\test_main.py ..                                            [ 45%]
backend\tests\test_main_coverage.py ..                                   [ 45%]
backend\tests\test_meeting_action_item.py E.EEEEEEE.EE.EE.EE.EEEEEEEEEEF [ 50%]
FFFFFFF                                                                  [ 51%]
backend\tests\test_meeting_agenda.py E.EEEEEE.EE.EE.EE.EEEEEEEEEEEEEFFFF [ 56%]
FFFF                                                                     [ 57%]
backend\tests\test_meeting_note.py E.EEEEEEEE.EE.EE.EE.EEEEEEEEEEEEEEEEE [ 63%]
EEFFFFFFF                                                                [ 64%]
backend\tests\test_meetings.py E.EEEEEEE.EE.EE.EE.EEEEEEEEEEEEEFFFFFFFFF [ 71%]
FFF                                                                      [ 71%]
backend\tests\test_models.py sss                                         [ 71%]
backend\tests\test_projects.py E.EEEEEEE.EE.EE.EE.FFFFFFFF               [ 76%]
backend\tests\test_routes_comprehensive.py FFFFFFFFFFFFFF.F.FFFFFF       [ 79%]
backend\tests\test_security.py .FF.                                      [ 80%]
backend\tests\test_simple_coverage.py .......                            [ 81%]
backend\tests\test_sprints.py E.EEEEEE.EE.EE.EE.FFFFFFF                  [ 85%]
backend\tests\test_tags.py E.EEEEE.EE.EE.EE.EEEEEEEEEEFFFFFFFFFFF        [ 91%]
backend\tests\test_tasks.py E.EEEEE.EE.EE.EE.FFFFFFFF                    [ 95%]
backend\tests\test_users.py E.EEEEEEEEEEEEEEEFEEEEEEEFEEEE               [ 99%]
backend\tests\test_utils_coverage.py .                                   [100%]

=================================== ERRORS ====================================
_ ERROR at setup of TestAcceptanceCriteriaEndpoints.test_get_acceptance_criteria_success _

self = <Mapper at 0x25e28ac73a0; Project>, key = 'sprints'
_configure_mappers = False

    def get_property(
        self, key: str, _configure_mappers: bool = False
    ) -> MapperProperty[Any]:
        """return a MapperProperty associated with the given key."""
    
        if _configure_mappers:
            self._check_configure()
    
        try:
>           return self._props[key]
E           KeyError: 'sprints'

..\..\anaconda3\envs\scrumix\lib\site-packages\sqlalchemy\orm\mapper.py:2505: KeyError

The above exception was the direct cause of the following exception:

fixturedef = <FixtureDef argname='test_user' scope='function' baseid='backend/tests'>
request = <SubRequest 'test_user' for <Function test_get_acceptance_criteria_success>>

    @pytest.hookimpl(wrapper=True)
    def pytest_fixture_setup(fixturedef: FixtureDef, request) -> object | None:
        asyncio_mode = _get_asyncio_mode(request.config)
        if not _is_asyncio_fixture_function(fixturedef.func):
            if asyncio_mode == Mode.STRICT:
                # Ignore async fixtures without explicit asyncio mark in strict mode
                # This applies to pytest_trio fixtures, for example
>               return (yield)

..\..\anaconda3\envs\scrumix\lib\site-packages\pytest_asyncio\plugin.py:681: 
_ _ _ _ _ _ _ _ _ _ _ _ _ _ _ _ _ _ _ _ _ _ _ _ _ _ _ _ _ _ _ _ _ _ _ _ _ _ _ _
backend\tests\conftest.py:104: in test_user
    user = User(
..\..\anaconda3\envs\scrumix\lib\site-packages\sqlalchemy\orm\state.py:561: in _initialize_instance
    manager.dispatch.init(self, args, kwargs)
..\..\anaconda3\envs\scrumix\lib\site-packages\sqlalchemy\event\attr.py:487: in __call__
    fn(*args, **kw)
..\..\anaconda3\envs\scrumix\lib\site-packages\sqlalchemy\orm\mapper.py:4391: in _event_on_init
    instrumenting_mapper._check_configure()
..\..\anaconda3\envs\scrumix\lib\site-packages\sqlalchemy\orm\mapper.py:2386: in _check_configure
    _configure_registries({self.registry}, cascade=True)
..\..\anaconda3\envs\scrumix\lib\site-packages\sqlalchemy\orm\mapper.py:4199: in _configure_registries
    _do_configure_registries(registries, cascade)
..\..\anaconda3\envs\scrumix\lib\site-packages\sqlalchemy\orm\mapper.py:4240: in _do_configure_registries
    mapper._post_configure_properties()
..\..\anaconda3\envs\scrumix\lib\site-packages\sqlalchemy\orm\mapper.py:2403: in _post_configure_properties
    prop.init()
..\..\anaconda3\envs\scrumix\lib\site-packages\sqlalchemy\orm\interfaces.py:579: in init
    self.do_init()
..\..\anaconda3\envs\scrumix\lib\site-packages\sqlalchemy\orm\relationships.py:1640: in do_init
    self._generate_backref()
..\..\anaconda3\envs\scrumix\lib\site-packages\sqlalchemy\orm\relationships.py:2129: in _generate_backref
    self._add_reverse_property(self.back_populates)
..\..\anaconda3\envs\scrumix\lib\site-packages\sqlalchemy\orm\relationships.py:1571: in _add_reverse_property
    other = self.mapper.get_property(key, _configure_mappers=False)
_ _ _ _ _ _ _ _ _ _ _ _ _ _ _ _ _ _ _ _ _ _ _ _ _ _ _ _ _ _ _ _ _ _ _ _ _ _ _ _

self = <Mapper at 0x25e28ac73a0; Project>, key = 'sprints'
_configure_mappers = False

    def get_property(
        self, key: str, _configure_mappers: bool = False
    ) -> MapperProperty[Any]:
        """return a MapperProperty associated with the given key."""
    
        if _configure_mappers:
            self._check_configure()
    
        try:
            return self._props[key]
        except KeyError as err:
>           raise sa_exc.InvalidRequestError(
                f"Mapper '{self}' has no property '{key}'.  If this property "
                "was indicated from other mappers or configure events, ensure "
                "registry.configure() has been called."
            ) from err
E           sqlalchemy.exc.InvalidRequestError: Mapper 'Mapper[Project(projects)]' has no property 'sprints'.  If this property was indicated from other mappers or configure events, ensure registry.configure() has been called.

..\..\anaconda3\envs\scrumix\lib\site-packages\sqlalchemy\orm\mapper.py:2507: InvalidRequestError
----------------------------- Captured log setup ------------------------------
WARNING  passlib.handlers.bcrypt:bcrypt.py:622 (trapped) error reading bcrypt version
Traceback (most recent call last):
  File "C:\Users\kchwo\anaconda3\envs\scrumix\lib\site-packages\passlib\handlers\bcrypt.py", line 620, in _load_backend_mixin
    version = _bcrypt.__about__.__version__
AttributeError: module 'bcrypt' has no attribute '__about__'
_ ERROR at setup of TestAcceptanceCriteriaEndpoints.test_get_acceptance_criteria_with_pagination _

fixturedef = <FixtureDef argname='test_user' scope='function' baseid='backend/tests'>
request = <SubRequest 'test_user' for <Function test_get_acceptance_criteria_with_pagination>>

    @pytest.hookimpl(wrapper=True)
    def pytest_fixture_setup(fixturedef: FixtureDef, request) -> object | None:
        asyncio_mode = _get_asyncio_mode(request.config)
        if not _is_asyncio_fixture_function(fixturedef.func):
            if asyncio_mode == Mode.STRICT:
                # Ignore async fixtures without explicit asyncio mark in strict mode
                # This applies to pytest_trio fixtures, for example
>               return (yield)

..\..\anaconda3\envs\scrumix\lib\site-packages\pytest_asyncio\plugin.py:681: 
_ _ _ _ _ _ _ _ _ _ _ _ _ _ _ _ _ _ _ _ _ _ _ _ _ _ _ _ _ _ _ _ _ _ _ _ _ _ _ _
backend\tests\conftest.py:104: in test_user
    user = User(
..\..\anaconda3\envs\scrumix\lib\site-packages\sqlalchemy\orm\state.py:561: in _initialize_instance
    manager.dispatch.init(self, args, kwargs)
..\..\anaconda3\envs\scrumix\lib\site-packages\sqlalchemy\event\attr.py:487: in __call__
    fn(*args, **kw)
..\..\anaconda3\envs\scrumix\lib\site-packages\sqlalchemy\orm\mapper.py:4391: in _event_on_init
    instrumenting_mapper._check_configure()
..\..\anaconda3\envs\scrumix\lib\site-packages\sqlalchemy\orm\mapper.py:2386: in _check_configure
    _configure_registries({self.registry}, cascade=True)
..\..\anaconda3\envs\scrumix\lib\site-packages\sqlalchemy\orm\mapper.py:4199: in _configure_registries
    _do_configure_registries(registries, cascade)
_ _ _ _ _ _ _ _ _ _ _ _ _ _ _ _ _ _ _ _ _ _ _ _ _ _ _ _ _ _ _ _ _ _ _ _ _ _ _ _

registries = set(), cascade = True

    @util.preload_module("sqlalchemy.orm.decl_api")
    def _do_configure_registries(
        registries: Set[_RegistryType], cascade: bool
    ) -> None:
        registry = util.preloaded.orm_decl_api.registry
    
        orig = set(registries)
    
        for reg in registry._recurse_with_dependencies(registries):
            has_skip = False
    
            for mapper in reg._mappers_to_configure():
                run_configure = None
    
                for fn in mapper.dispatch.before_mapper_configured:
                    run_configure = fn(mapper, mapper.class_)
                    if run_configure is EXT_SKIP:
                        has_skip = True
                        break
                if run_configure is EXT_SKIP:
                    continue
    
                if getattr(mapper, "_configure_failed", False):
                    e = sa_exc.InvalidRequestError(
                        "One or more mappers failed to initialize - "
                        "can't proceed with initialization of other "
                        "mappers. Triggering mapper: '%s'. "
                        "Original exception was: %s"
                        % (mapper, mapper._configure_failed)
                    )
                    e._configure_failed = mapper._configure_failed  # type: ignore
>                   raise e
E                   sqlalchemy.exc.InvalidRequestError: One or more mappers failed to initialize - can't proceed with initialization of other mappers. Triggering mapper: 'Mapper[Sprint(sprints)]'. Original exception was: Mapper 'Mapper[Project(projects)]' has no property 'sprints'.  If this property was indicated from other mappers or configure events, ensure registry.configure() has been called.

..\..\anaconda3\envs\scrumix\lib\site-packages\sqlalchemy\orm\mapper.py:4236: InvalidRequestError
_ ERROR at setup of TestAcceptanceCriteriaEndpoints.test_get_acceptance_criteria_with_backlog_filter _

fixturedef = <FixtureDef argname='test_user' scope='function' baseid='backend/tests'>
request = <SubRequest 'test_user' for <Function test_get_acceptance_criteria_with_backlog_filter>>

    @pytest.hookimpl(wrapper=True)
    def pytest_fixture_setup(fixturedef: FixtureDef, request) -> object | None:
        asyncio_mode = _get_asyncio_mode(request.config)
        if not _is_asyncio_fixture_function(fixturedef.func):
            if asyncio_mode == Mode.STRICT:
                # Ignore async fixtures without explicit asyncio mark in strict mode
                # This applies to pytest_trio fixtures, for example
>               return (yield)

..\..\anaconda3\envs\scrumix\lib\site-packages\pytest_asyncio\plugin.py:681: 
_ _ _ _ _ _ _ _ _ _ _ _ _ _ _ _ _ _ _ _ _ _ _ _ _ _ _ _ _ _ _ _ _ _ _ _ _ _ _ _
backend\tests\conftest.py:104: in test_user
    user = User(
..\..\anaconda3\envs\scrumix\lib\site-packages\sqlalchemy\orm\state.py:561: in _initialize_instance
    manager.dispatch.init(self, args, kwargs)
..\..\anaconda3\envs\scrumix\lib\site-packages\sqlalchemy\event\attr.py:487: in __call__
    fn(*args, **kw)
..\..\anaconda3\envs\scrumix\lib\site-packages\sqlalchemy\orm\mapper.py:4391: in _event_on_init
    instrumenting_mapper._check_configure()
..\..\anaconda3\envs\scrumix\lib\site-packages\sqlalchemy\orm\mapper.py:2386: in _check_configure
    _configure_registries({self.registry}, cascade=True)
..\..\anaconda3\envs\scrumix\lib\site-packages\sqlalchemy\orm\mapper.py:4199: in _configure_registries
    _do_configure_registries(registries, cascade)
_ _ _ _ _ _ _ _ _ _ _ _ _ _ _ _ _ _ _ _ _ _ _ _ _ _ _ _ _ _ _ _ _ _ _ _ _ _ _ _

registries = set(), cascade = True

    @util.preload_module("sqlalchemy.orm.decl_api")
    def _do_configure_registries(
        registries: Set[_RegistryType], cascade: bool
    ) -> None:
        registry = util.preloaded.orm_decl_api.registry
    
        orig = set(registries)
    
        for reg in registry._recurse_with_dependencies(registries):
            has_skip = False
    
            for mapper in reg._mappers_to_configure():
                run_configure = None
    
                for fn in mapper.dispatch.before_mapper_configured:
                    run_configure = fn(mapper, mapper.class_)
                    if run_configure is EXT_SKIP:
                        has_skip = True
                        break
                if run_configure is EXT_SKIP:
                    continue
    
                if getattr(mapper, "_configure_failed", False):
                    e = sa_exc.InvalidRequestError(
                        "One or more mappers failed to initialize - "
                        "can't proceed with initialization of other "
                        "mappers. Triggering mapper: '%s'. "
                        "Original exception was: %s"
                        % (mapper, mapper._configure_failed)
                    )
                    e._configure_failed = mapper._configure_failed  # type: ignore
>                   raise e
E                   sqlalchemy.exc.InvalidRequestError: One or more mappers failed to initialize - can't proceed with initialization of other mappers. Triggering mapper: 'Mapper[Sprint(sprints)]'. Original exception was: Mapper 'Mapper[Project(projects)]' has no property 'sprints'.  If this property was indicated from other mappers or configure events, ensure registry.configure() has been called.

..\..\anaconda3\envs\scrumix\lib\site-packages\sqlalchemy\orm\mapper.py:4236: InvalidRequestError
_ ERROR at setup of TestAcceptanceCriteriaEndpoints.test_get_acceptance_criteria_with_search _

fixturedef = <FixtureDef argname='test_user' scope='function' baseid='backend/tests'>
request = <SubRequest 'test_user' for <Function test_get_acceptance_criteria_with_search>>

    @pytest.hookimpl(wrapper=True)
    def pytest_fixture_setup(fixturedef: FixtureDef, request) -> object | None:
        asyncio_mode = _get_asyncio_mode(request.config)
        if not _is_asyncio_fixture_function(fixturedef.func):
            if asyncio_mode == Mode.STRICT:
                # Ignore async fixtures without explicit asyncio mark in strict mode
                # This applies to pytest_trio fixtures, for example
>               return (yield)

..\..\anaconda3\envs\scrumix\lib\site-packages\pytest_asyncio\plugin.py:681: 
_ _ _ _ _ _ _ _ _ _ _ _ _ _ _ _ _ _ _ _ _ _ _ _ _ _ _ _ _ _ _ _ _ _ _ _ _ _ _ _
backend\tests\conftest.py:104: in test_user
    user = User(
..\..\anaconda3\envs\scrumix\lib\site-packages\sqlalchemy\orm\state.py:561: in _initialize_instance
    manager.dispatch.init(self, args, kwargs)
..\..\anaconda3\envs\scrumix\lib\site-packages\sqlalchemy\event\attr.py:487: in __call__
    fn(*args, **kw)
..\..\anaconda3\envs\scrumix\lib\site-packages\sqlalchemy\orm\mapper.py:4391: in _event_on_init
    instrumenting_mapper._check_configure()
..\..\anaconda3\envs\scrumix\lib\site-packages\sqlalchemy\orm\mapper.py:2386: in _check_configure
    _configure_registries({self.registry}, cascade=True)
..\..\anaconda3\envs\scrumix\lib\site-packages\sqlalchemy\orm\mapper.py:4199: in _configure_registries
    _do_configure_registries(registries, cascade)
_ _ _ _ _ _ _ _ _ _ _ _ _ _ _ _ _ _ _ _ _ _ _ _ _ _ _ _ _ _ _ _ _ _ _ _ _ _ _ _

registries = set(), cascade = True

    @util.preload_module("sqlalchemy.orm.decl_api")
    def _do_configure_registries(
        registries: Set[_RegistryType], cascade: bool
    ) -> None:
        registry = util.preloaded.orm_decl_api.registry
    
        orig = set(registries)
    
        for reg in registry._recurse_with_dependencies(registries):
            has_skip = False
    
            for mapper in reg._mappers_to_configure():
                run_configure = None
    
                for fn in mapper.dispatch.before_mapper_configured:
                    run_configure = fn(mapper, mapper.class_)
                    if run_configure is EXT_SKIP:
                        has_skip = True
                        break
                if run_configure is EXT_SKIP:
                    continue
    
                if getattr(mapper, "_configure_failed", False):
                    e = sa_exc.InvalidRequestError(
                        "One or more mappers failed to initialize - "
                        "can't proceed with initialization of other "
                        "mappers. Triggering mapper: '%s'. "
                        "Original exception was: %s"
                        % (mapper, mapper._configure_failed)
                    )
                    e._configure_failed = mapper._configure_failed  # type: ignore
>                   raise e
E                   sqlalchemy.exc.InvalidRequestError: One or more mappers failed to initialize - can't proceed with initialization of other mappers. Triggering mapper: 'Mapper[Sprint(sprints)]'. Original exception was: Mapper 'Mapper[Project(projects)]' has no property 'sprints'.  If this property was indicated from other mappers or configure events, ensure registry.configure() has been called.

..\..\anaconda3\envs\scrumix\lib\site-packages\sqlalchemy\orm\mapper.py:4236: InvalidRequestError
_ ERROR at setup of TestAcceptanceCriteriaEndpoints.test_create_acceptance_criteria_success _

fixturedef = <FixtureDef argname='test_user' scope='function' baseid='backend/tests'>
request = <SubRequest 'test_user' for <Function test_create_acceptance_criteria_success>>

    @pytest.hookimpl(wrapper=True)
    def pytest_fixture_setup(fixturedef: FixtureDef, request) -> object | None:
        asyncio_mode = _get_asyncio_mode(request.config)
        if not _is_asyncio_fixture_function(fixturedef.func):
            if asyncio_mode == Mode.STRICT:
                # Ignore async fixtures without explicit asyncio mark in strict mode
                # This applies to pytest_trio fixtures, for example
>               return (yield)

..\..\anaconda3\envs\scrumix\lib\site-packages\pytest_asyncio\plugin.py:681: 
_ _ _ _ _ _ _ _ _ _ _ _ _ _ _ _ _ _ _ _ _ _ _ _ _ _ _ _ _ _ _ _ _ _ _ _ _ _ _ _
backend\tests\conftest.py:104: in test_user
    user = User(
..\..\anaconda3\envs\scrumix\lib\site-packages\sqlalchemy\orm\state.py:561: in _initialize_instance
    manager.dispatch.init(self, args, kwargs)
..\..\anaconda3\envs\scrumix\lib\site-packages\sqlalchemy\event\attr.py:487: in __call__
    fn(*args, **kw)
..\..\anaconda3\envs\scrumix\lib\site-packages\sqlalchemy\orm\mapper.py:4391: in _event_on_init
    instrumenting_mapper._check_configure()
..\..\anaconda3\envs\scrumix\lib\site-packages\sqlalchemy\orm\mapper.py:2386: in _check_configure
    _configure_registries({self.registry}, cascade=True)
..\..\anaconda3\envs\scrumix\lib\site-packages\sqlalchemy\orm\mapper.py:4199: in _configure_registries
    _do_configure_registries(registries, cascade)
_ _ _ _ _ _ _ _ _ _ _ _ _ _ _ _ _ _ _ _ _ _ _ _ _ _ _ _ _ _ _ _ _ _ _ _ _ _ _ _

registries = set(), cascade = True

    @util.preload_module("sqlalchemy.orm.decl_api")
    def _do_configure_registries(
        registries: Set[_RegistryType], cascade: bool
    ) -> None:
        registry = util.preloaded.orm_decl_api.registry
    
        orig = set(registries)
    
        for reg in registry._recurse_with_dependencies(registries):
            has_skip = False
    
            for mapper in reg._mappers_to_configure():
                run_configure = None
    
                for fn in mapper.dispatch.before_mapper_configured:
                    run_configure = fn(mapper, mapper.class_)
                    if run_configure is EXT_SKIP:
                        has_skip = True
                        break
                if run_configure is EXT_SKIP:
                    continue
    
                if getattr(mapper, "_configure_failed", False):
                    e = sa_exc.InvalidRequestError(
                        "One or more mappers failed to initialize - "
                        "can't proceed with initialization of other "
                        "mappers. Triggering mapper: '%s'. "
                        "Original exception was: %s"
                        % (mapper, mapper._configure_failed)
                    )
                    e._configure_failed = mapper._configure_failed  # type: ignore
>                   raise e
E                   sqlalchemy.exc.InvalidRequestError: One or more mappers failed to initialize - can't proceed with initialization of other mappers. Triggering mapper: 'Mapper[Sprint(sprints)]'. Original exception was: Mapper 'Mapper[Project(projects)]' has no property 'sprints'.  If this property was indicated from other mappers or configure events, ensure registry.configure() has been called.

..\..\anaconda3\envs\scrumix\lib\site-packages\sqlalchemy\orm\mapper.py:4236: InvalidRequestError
_ ERROR at setup of TestAcceptanceCriteriaEndpoints.test_create_acceptance_criteria_invalid_data _

fixturedef = <FixtureDef argname='test_user' scope='function' baseid='backend/tests'>
request = <SubRequest 'test_user' for <Function test_create_acceptance_criteria_invalid_data>>

    @pytest.hookimpl(wrapper=True)
    def pytest_fixture_setup(fixturedef: FixtureDef, request) -> object | None:
        asyncio_mode = _get_asyncio_mode(request.config)
        if not _is_asyncio_fixture_function(fixturedef.func):
            if asyncio_mode == Mode.STRICT:
                # Ignore async fixtures without explicit asyncio mark in strict mode
                # This applies to pytest_trio fixtures, for example
>               return (yield)

..\..\anaconda3\envs\scrumix\lib\site-packages\pytest_asyncio\plugin.py:681: 
_ _ _ _ _ _ _ _ _ _ _ _ _ _ _ _ _ _ _ _ _ _ _ _ _ _ _ _ _ _ _ _ _ _ _ _ _ _ _ _
backend\tests\conftest.py:104: in test_user
    user = User(
..\..\anaconda3\envs\scrumix\lib\site-packages\sqlalchemy\orm\state.py:561: in _initialize_instance
    manager.dispatch.init(self, args, kwargs)
..\..\anaconda3\envs\scrumix\lib\site-packages\sqlalchemy\event\attr.py:487: in __call__
    fn(*args, **kw)
..\..\anaconda3\envs\scrumix\lib\site-packages\sqlalchemy\orm\mapper.py:4391: in _event_on_init
    instrumenting_mapper._check_configure()
..\..\anaconda3\envs\scrumix\lib\site-packages\sqlalchemy\orm\mapper.py:2386: in _check_configure
    _configure_registries({self.registry}, cascade=True)
..\..\anaconda3\envs\scrumix\lib\site-packages\sqlalchemy\orm\mapper.py:4199: in _configure_registries
    _do_configure_registries(registries, cascade)
_ _ _ _ _ _ _ _ _ _ _ _ _ _ _ _ _ _ _ _ _ _ _ _ _ _ _ _ _ _ _ _ _ _ _ _ _ _ _ _

registries = set(), cascade = True

    @util.preload_module("sqlalchemy.orm.decl_api")
    def _do_configure_registries(
        registries: Set[_RegistryType], cascade: bool
    ) -> None:
        registry = util.preloaded.orm_decl_api.registry
    
        orig = set(registries)
    
        for reg in registry._recurse_with_dependencies(registries):
            has_skip = False
    
            for mapper in reg._mappers_to_configure():
                run_configure = None
    
                for fn in mapper.dispatch.before_mapper_configured:
                    run_configure = fn(mapper, mapper.class_)
                    if run_configure is EXT_SKIP:
                        has_skip = True
                        break
                if run_configure is EXT_SKIP:
                    continue
    
                if getattr(mapper, "_configure_failed", False):
                    e = sa_exc.InvalidRequestError(
                        "One or more mappers failed to initialize - "
                        "can't proceed with initialization of other "
                        "mappers. Triggering mapper: '%s'. "
                        "Original exception was: %s"
                        % (mapper, mapper._configure_failed)
                    )
                    e._configure_failed = mapper._configure_failed  # type: ignore
>                   raise e
E                   sqlalchemy.exc.InvalidRequestError: One or more mappers failed to initialize - can't proceed with initialization of other mappers. Triggering mapper: 'Mapper[Sprint(sprints)]'. Original exception was: Mapper 'Mapper[Project(projects)]' has no property 'sprints'.  If this property was indicated from other mappers or configure events, ensure registry.configure() has been called.

..\..\anaconda3\envs\scrumix\lib\site-packages\sqlalchemy\orm\mapper.py:4236: InvalidRequestError
_ ERROR at setup of TestAcceptanceCriteriaEndpoints.test_create_acceptance_criteria_nonexistent_backlog _

fixturedef = <FixtureDef argname='test_user' scope='function' baseid='backend/tests'>
request = <SubRequest 'test_user' for <Function test_create_acceptance_criteria_nonexistent_backlog>>

    @pytest.hookimpl(wrapper=True)
    def pytest_fixture_setup(fixturedef: FixtureDef, request) -> object | None:
        asyncio_mode = _get_asyncio_mode(request.config)
        if not _is_asyncio_fixture_function(fixturedef.func):
            if asyncio_mode == Mode.STRICT:
                # Ignore async fixtures without explicit asyncio mark in strict mode
                # This applies to pytest_trio fixtures, for example
>               return (yield)

..\..\anaconda3\envs\scrumix\lib\site-packages\pytest_asyncio\plugin.py:681: 
_ _ _ _ _ _ _ _ _ _ _ _ _ _ _ _ _ _ _ _ _ _ _ _ _ _ _ _ _ _ _ _ _ _ _ _ _ _ _ _
backend\tests\conftest.py:104: in test_user
    user = User(
..\..\anaconda3\envs\scrumix\lib\site-packages\sqlalchemy\orm\state.py:561: in _initialize_instance
    manager.dispatch.init(self, args, kwargs)
..\..\anaconda3\envs\scrumix\lib\site-packages\sqlalchemy\event\attr.py:487: in __call__
    fn(*args, **kw)
..\..\anaconda3\envs\scrumix\lib\site-packages\sqlalchemy\orm\mapper.py:4391: in _event_on_init
    instrumenting_mapper._check_configure()
..\..\anaconda3\envs\scrumix\lib\site-packages\sqlalchemy\orm\mapper.py:2386: in _check_configure
    _configure_registries({self.registry}, cascade=True)
..\..\anaconda3\envs\scrumix\lib\site-packages\sqlalchemy\orm\mapper.py:4199: in _configure_registries
    _do_configure_registries(registries, cascade)
_ _ _ _ _ _ _ _ _ _ _ _ _ _ _ _ _ _ _ _ _ _ _ _ _ _ _ _ _ _ _ _ _ _ _ _ _ _ _ _

registries = set(), cascade = True

    @util.preload_module("sqlalchemy.orm.decl_api")
    def _do_configure_registries(
        registries: Set[_RegistryType], cascade: bool
    ) -> None:
        registry = util.preloaded.orm_decl_api.registry
    
        orig = set(registries)
    
        for reg in registry._recurse_with_dependencies(registries):
            has_skip = False
    
            for mapper in reg._mappers_to_configure():
                run_configure = None
    
                for fn in mapper.dispatch.before_mapper_configured:
                    run_configure = fn(mapper, mapper.class_)
                    if run_configure is EXT_SKIP:
                        has_skip = True
                        break
                if run_configure is EXT_SKIP:
                    continue
    
                if getattr(mapper, "_configure_failed", False):
                    e = sa_exc.InvalidRequestError(
                        "One or more mappers failed to initialize - "
                        "can't proceed with initialization of other "
                        "mappers. Triggering mapper: '%s'. "
                        "Original exception was: %s"
                        % (mapper, mapper._configure_failed)
                    )
                    e._configure_failed = mapper._configure_failed  # type: ignore
>                   raise e
E                   sqlalchemy.exc.InvalidRequestError: One or more mappers failed to initialize - can't proceed with initialization of other mappers. Triggering mapper: 'Mapper[Sprint(sprints)]'. Original exception was: Mapper 'Mapper[Project(projects)]' has no property 'sprints'.  If this property was indicated from other mappers or configure events, ensure registry.configure() has been called.

..\..\anaconda3\envs\scrumix\lib\site-packages\sqlalchemy\orm\mapper.py:4236: InvalidRequestError
_ ERROR at setup of TestAcceptanceCriteriaEndpoints.test_get_acceptance_criteria_by_id_success _

fixturedef = <FixtureDef argname='test_user' scope='function' baseid='backend/tests'>
request = <SubRequest 'test_user' for <Function test_get_acceptance_criteria_by_id_success>>

    @pytest.hookimpl(wrapper=True)
    def pytest_fixture_setup(fixturedef: FixtureDef, request) -> object | None:
        asyncio_mode = _get_asyncio_mode(request.config)
        if not _is_asyncio_fixture_function(fixturedef.func):
            if asyncio_mode == Mode.STRICT:
                # Ignore async fixtures without explicit asyncio mark in strict mode
                # This applies to pytest_trio fixtures, for example
>               return (yield)

..\..\anaconda3\envs\scrumix\lib\site-packages\pytest_asyncio\plugin.py:681: 
_ _ _ _ _ _ _ _ _ _ _ _ _ _ _ _ _ _ _ _ _ _ _ _ _ _ _ _ _ _ _ _ _ _ _ _ _ _ _ _
backend\tests\conftest.py:104: in test_user
    user = User(
..\..\anaconda3\envs\scrumix\lib\site-packages\sqlalchemy\orm\state.py:561: in _initialize_instance
    manager.dispatch.init(self, args, kwargs)
..\..\anaconda3\envs\scrumix\lib\site-packages\sqlalchemy\event\attr.py:487: in __call__
    fn(*args, **kw)
..\..\anaconda3\envs\scrumix\lib\site-packages\sqlalchemy\orm\mapper.py:4391: in _event_on_init
    instrumenting_mapper._check_configure()
..\..\anaconda3\envs\scrumix\lib\site-packages\sqlalchemy\orm\mapper.py:2386: in _check_configure
    _configure_registries({self.registry}, cascade=True)
..\..\anaconda3\envs\scrumix\lib\site-packages\sqlalchemy\orm\mapper.py:4199: in _configure_registries
    _do_configure_registries(registries, cascade)
_ _ _ _ _ _ _ _ _ _ _ _ _ _ _ _ _ _ _ _ _ _ _ _ _ _ _ _ _ _ _ _ _ _ _ _ _ _ _ _

registries = set(), cascade = True

    @util.preload_module("sqlalchemy.orm.decl_api")
    def _do_configure_registries(
        registries: Set[_RegistryType], cascade: bool
    ) -> None:
        registry = util.preloaded.orm_decl_api.registry
    
        orig = set(registries)
    
        for reg in registry._recurse_with_dependencies(registries):
            has_skip = False
    
            for mapper in reg._mappers_to_configure():
                run_configure = None
    
                for fn in mapper.dispatch.before_mapper_configured:
                    run_configure = fn(mapper, mapper.class_)
                    if run_configure is EXT_SKIP:
                        has_skip = True
                        break
                if run_configure is EXT_SKIP:
                    continue
    
                if getattr(mapper, "_configure_failed", False):
                    e = sa_exc.InvalidRequestError(
                        "One or more mappers failed to initialize - "
                        "can't proceed with initialization of other "
                        "mappers. Triggering mapper: '%s'. "
                        "Original exception was: %s"
                        % (mapper, mapper._configure_failed)
                    )
                    e._configure_failed = mapper._configure_failed  # type: ignore
>                   raise e
E                   sqlalchemy.exc.InvalidRequestError: One or more mappers failed to initialize - can't proceed with initialization of other mappers. Triggering mapper: 'Mapper[Sprint(sprints)]'. Original exception was: Mapper 'Mapper[Project(projects)]' has no property 'sprints'.  If this property was indicated from other mappers or configure events, ensure registry.configure() has been called.

..\..\anaconda3\envs\scrumix\lib\site-packages\sqlalchemy\orm\mapper.py:4236: InvalidRequestError
_ ERROR at setup of TestAcceptanceCriteriaEndpoints.test_get_acceptance_criteria_by_id_not_found _

fixturedef = <FixtureDef argname='test_user' scope='function' baseid='backend/tests'>
request = <SubRequest 'test_user' for <Function test_get_acceptance_criteria_by_id_not_found>>

    @pytest.hookimpl(wrapper=True)
    def pytest_fixture_setup(fixturedef: FixtureDef, request) -> object | None:
        asyncio_mode = _get_asyncio_mode(request.config)
        if not _is_asyncio_fixture_function(fixturedef.func):
            if asyncio_mode == Mode.STRICT:
                # Ignore async fixtures without explicit asyncio mark in strict mode
                # This applies to pytest_trio fixtures, for example
>               return (yield)

..\..\anaconda3\envs\scrumix\lib\site-packages\pytest_asyncio\plugin.py:681: 
_ _ _ _ _ _ _ _ _ _ _ _ _ _ _ _ _ _ _ _ _ _ _ _ _ _ _ _ _ _ _ _ _ _ _ _ _ _ _ _
backend\tests\conftest.py:104: in test_user
    user = User(
..\..\anaconda3\envs\scrumix\lib\site-packages\sqlalchemy\orm\state.py:561: in _initialize_instance
    manager.dispatch.init(self, args, kwargs)
..\..\anaconda3\envs\scrumix\lib\site-packages\sqlalchemy\event\attr.py:487: in __call__
    fn(*args, **kw)
..\..\anaconda3\envs\scrumix\lib\site-packages\sqlalchemy\orm\mapper.py:4391: in _event_on_init
    instrumenting_mapper._check_configure()
..\..\anaconda3\envs\scrumix\lib\site-packages\sqlalchemy\orm\mapper.py:2386: in _check_configure
    _configure_registries({self.registry}, cascade=True)
..\..\anaconda3\envs\scrumix\lib\site-packages\sqlalchemy\orm\mapper.py:4199: in _configure_registries
    _do_configure_registries(registries, cascade)
_ _ _ _ _ _ _ _ _ _ _ _ _ _ _ _ _ _ _ _ _ _ _ _ _ _ _ _ _ _ _ _ _ _ _ _ _ _ _ _

registries = set(), cascade = True

    @util.preload_module("sqlalchemy.orm.decl_api")
    def _do_configure_registries(
        registries: Set[_RegistryType], cascade: bool
    ) -> None:
        registry = util.preloaded.orm_decl_api.registry
    
        orig = set(registries)
    
        for reg in registry._recurse_with_dependencies(registries):
            has_skip = False
    
            for mapper in reg._mappers_to_configure():
                run_configure = None
    
                for fn in mapper.dispatch.before_mapper_configured:
                    run_configure = fn(mapper, mapper.class_)
                    if run_configure is EXT_SKIP:
                        has_skip = True
                        break
                if run_configure is EXT_SKIP:
                    continue
    
                if getattr(mapper, "_configure_failed", False):
                    e = sa_exc.InvalidRequestError(
                        "One or more mappers failed to initialize - "
                        "can't proceed with initialization of other "
                        "mappers. Triggering mapper: '%s'. "
                        "Original exception was: %s"
                        % (mapper, mapper._configure_failed)
                    )
                    e._configure_failed = mapper._configure_failed  # type: ignore
>                   raise e
E                   sqlalchemy.exc.InvalidRequestError: One or more mappers failed to initialize - can't proceed with initialization of other mappers. Triggering mapper: 'Mapper[Sprint(sprints)]'. Original exception was: Mapper 'Mapper[Project(projects)]' has no property 'sprints'.  If this property was indicated from other mappers or configure events, ensure registry.configure() has been called.

..\..\anaconda3\envs\scrumix\lib\site-packages\sqlalchemy\orm\mapper.py:4236: InvalidRequestError
_ ERROR at setup of TestAcceptanceCriteriaEndpoints.test_update_acceptance_criteria_success _

fixturedef = <FixtureDef argname='test_user' scope='function' baseid='backend/tests'>
request = <SubRequest 'test_user' for <Function test_update_acceptance_criteria_success>>

    @pytest.hookimpl(wrapper=True)
    def pytest_fixture_setup(fixturedef: FixtureDef, request) -> object | None:
        asyncio_mode = _get_asyncio_mode(request.config)
        if not _is_asyncio_fixture_function(fixturedef.func):
            if asyncio_mode == Mode.STRICT:
                # Ignore async fixtures without explicit asyncio mark in strict mode
                # This applies to pytest_trio fixtures, for example
>               return (yield)

..\..\anaconda3\envs\scrumix\lib\site-packages\pytest_asyncio\plugin.py:681: 
_ _ _ _ _ _ _ _ _ _ _ _ _ _ _ _ _ _ _ _ _ _ _ _ _ _ _ _ _ _ _ _ _ _ _ _ _ _ _ _
backend\tests\conftest.py:104: in test_user
    user = User(
..\..\anaconda3\envs\scrumix\lib\site-packages\sqlalchemy\orm\state.py:561: in _initialize_instance
    manager.dispatch.init(self, args, kwargs)
..\..\anaconda3\envs\scrumix\lib\site-packages\sqlalchemy\event\attr.py:487: in __call__
    fn(*args, **kw)
..\..\anaconda3\envs\scrumix\lib\site-packages\sqlalchemy\orm\mapper.py:4391: in _event_on_init
    instrumenting_mapper._check_configure()
..\..\anaconda3\envs\scrumix\lib\site-packages\sqlalchemy\orm\mapper.py:2386: in _check_configure
    _configure_registries({self.registry}, cascade=True)
..\..\anaconda3\envs\scrumix\lib\site-packages\sqlalchemy\orm\mapper.py:4199: in _configure_registries
    _do_configure_registries(registries, cascade)
_ _ _ _ _ _ _ _ _ _ _ _ _ _ _ _ _ _ _ _ _ _ _ _ _ _ _ _ _ _ _ _ _ _ _ _ _ _ _ _

registries = set(), cascade = True

    @util.preload_module("sqlalchemy.orm.decl_api")
    def _do_configure_registries(
        registries: Set[_RegistryType], cascade: bool
    ) -> None:
        registry = util.preloaded.orm_decl_api.registry
    
        orig = set(registries)
    
        for reg in registry._recurse_with_dependencies(registries):
            has_skip = False
    
            for mapper in reg._mappers_to_configure():
                run_configure = None
    
                for fn in mapper.dispatch.before_mapper_configured:
                    run_configure = fn(mapper, mapper.class_)
                    if run_configure is EXT_SKIP:
                        has_skip = True
                        break
                if run_configure is EXT_SKIP:
                    continue
    
                if getattr(mapper, "_configure_failed", False):
                    e = sa_exc.InvalidRequestError(
                        "One or more mappers failed to initialize - "
                        "can't proceed with initialization of other "
                        "mappers. Triggering mapper: '%s'. "
                        "Original exception was: %s"
                        % (mapper, mapper._configure_failed)
                    )
                    e._configure_failed = mapper._configure_failed  # type: ignore
>                   raise e
E                   sqlalchemy.exc.InvalidRequestError: One or more mappers failed to initialize - can't proceed with initialization of other mappers. Triggering mapper: 'Mapper[Sprint(sprints)]'. Original exception was: Mapper 'Mapper[Project(projects)]' has no property 'sprints'.  If this property was indicated from other mappers or configure events, ensure registry.configure() has been called.

..\..\anaconda3\envs\scrumix\lib\site-packages\sqlalchemy\orm\mapper.py:4236: InvalidRequestError
_ ERROR at setup of TestAcceptanceCriteriaEndpoints.test_update_acceptance_criteria_not_found _

fixturedef = <FixtureDef argname='test_user' scope='function' baseid='backend/tests'>
request = <SubRequest 'test_user' for <Function test_update_acceptance_criteria_not_found>>

    @pytest.hookimpl(wrapper=True)
    def pytest_fixture_setup(fixturedef: FixtureDef, request) -> object | None:
        asyncio_mode = _get_asyncio_mode(request.config)
        if not _is_asyncio_fixture_function(fixturedef.func):
            if asyncio_mode == Mode.STRICT:
                # Ignore async fixtures without explicit asyncio mark in strict mode
                # This applies to pytest_trio fixtures, for example
>               return (yield)

..\..\anaconda3\envs\scrumix\lib\site-packages\pytest_asyncio\plugin.py:681: 
_ _ _ _ _ _ _ _ _ _ _ _ _ _ _ _ _ _ _ _ _ _ _ _ _ _ _ _ _ _ _ _ _ _ _ _ _ _ _ _
backend\tests\conftest.py:104: in test_user
    user = User(
..\..\anaconda3\envs\scrumix\lib\site-packages\sqlalchemy\orm\state.py:561: in _initialize_instance
    manager.dispatch.init(self, args, kwargs)
..\..\anaconda3\envs\scrumix\lib\site-packages\sqlalchemy\event\attr.py:487: in __call__
    fn(*args, **kw)
..\..\anaconda3\envs\scrumix\lib\site-packages\sqlalchemy\orm\mapper.py:4391: in _event_on_init
    instrumenting_mapper._check_configure()
..\..\anaconda3\envs\scrumix\lib\site-packages\sqlalchemy\orm\mapper.py:2386: in _check_configure
    _configure_registries({self.registry}, cascade=True)
..\..\anaconda3\envs\scrumix\lib\site-packages\sqlalchemy\orm\mapper.py:4199: in _configure_registries
    _do_configure_registries(registries, cascade)
_ _ _ _ _ _ _ _ _ _ _ _ _ _ _ _ _ _ _ _ _ _ _ _ _ _ _ _ _ _ _ _ _ _ _ _ _ _ _ _

registries = set(), cascade = True

    @util.preload_module("sqlalchemy.orm.decl_api")
    def _do_configure_registries(
        registries: Set[_RegistryType], cascade: bool
    ) -> None:
        registry = util.preloaded.orm_decl_api.registry
    
        orig = set(registries)
    
        for reg in registry._recurse_with_dependencies(registries):
            has_skip = False
    
            for mapper in reg._mappers_to_configure():
                run_configure = None
    
                for fn in mapper.dispatch.before_mapper_configured:
                    run_configure = fn(mapper, mapper.class_)
                    if run_configure is EXT_SKIP:
                        has_skip = True
                        break
                if run_configure is EXT_SKIP:
                    continue
    
                if getattr(mapper, "_configure_failed", False):
                    e = sa_exc.InvalidRequestError(
                        "One or more mappers failed to initialize - "
                        "can't proceed with initialization of other "
                        "mappers. Triggering mapper: '%s'. "
                        "Original exception was: %s"
                        % (mapper, mapper._configure_failed)
                    )
                    e._configure_failed = mapper._configure_failed  # type: ignore
>                   raise e
E                   sqlalchemy.exc.InvalidRequestError: One or more mappers failed to initialize - can't proceed with initialization of other mappers. Triggering mapper: 'Mapper[Sprint(sprints)]'. Original exception was: Mapper 'Mapper[Project(projects)]' has no property 'sprints'.  If this property was indicated from other mappers or configure events, ensure registry.configure() has been called.

..\..\anaconda3\envs\scrumix\lib\site-packages\sqlalchemy\orm\mapper.py:4236: InvalidRequestError
_ ERROR at setup of TestAcceptanceCriteriaEndpoints.test_delete_acceptance_criteria_success _

fixturedef = <FixtureDef argname='test_user' scope='function' baseid='backend/tests'>
request = <SubRequest 'test_user' for <Function test_delete_acceptance_criteria_success>>

    @pytest.hookimpl(wrapper=True)
    def pytest_fixture_setup(fixturedef: FixtureDef, request) -> object | None:
        asyncio_mode = _get_asyncio_mode(request.config)
        if not _is_asyncio_fixture_function(fixturedef.func):
            if asyncio_mode == Mode.STRICT:
                # Ignore async fixtures without explicit asyncio mark in strict mode
                # This applies to pytest_trio fixtures, for example
>               return (yield)

..\..\anaconda3\envs\scrumix\lib\site-packages\pytest_asyncio\plugin.py:681: 
_ _ _ _ _ _ _ _ _ _ _ _ _ _ _ _ _ _ _ _ _ _ _ _ _ _ _ _ _ _ _ _ _ _ _ _ _ _ _ _
backend\tests\conftest.py:104: in test_user
    user = User(
..\..\anaconda3\envs\scrumix\lib\site-packages\sqlalchemy\orm\state.py:561: in _initialize_instance
    manager.dispatch.init(self, args, kwargs)
..\..\anaconda3\envs\scrumix\lib\site-packages\sqlalchemy\event\attr.py:487: in __call__
    fn(*args, **kw)
..\..\anaconda3\envs\scrumix\lib\site-packages\sqlalchemy\orm\mapper.py:4391: in _event_on_init
    instrumenting_mapper._check_configure()
..\..\anaconda3\envs\scrumix\lib\site-packages\sqlalchemy\orm\mapper.py:2386: in _check_configure
    _configure_registries({self.registry}, cascade=True)
..\..\anaconda3\envs\scrumix\lib\site-packages\sqlalchemy\orm\mapper.py:4199: in _configure_registries
    _do_configure_registries(registries, cascade)
_ _ _ _ _ _ _ _ _ _ _ _ _ _ _ _ _ _ _ _ _ _ _ _ _ _ _ _ _ _ _ _ _ _ _ _ _ _ _ _

registries = set(), cascade = True

    @util.preload_module("sqlalchemy.orm.decl_api")
    def _do_configure_registries(
        registries: Set[_RegistryType], cascade: bool
    ) -> None:
        registry = util.preloaded.orm_decl_api.registry
    
        orig = set(registries)
    
        for reg in registry._recurse_with_dependencies(registries):
            has_skip = False
    
            for mapper in reg._mappers_to_configure():
                run_configure = None
    
                for fn in mapper.dispatch.before_mapper_configured:
                    run_configure = fn(mapper, mapper.class_)
                    if run_configure is EXT_SKIP:
                        has_skip = True
                        break
                if run_configure is EXT_SKIP:
                    continue
    
                if getattr(mapper, "_configure_failed", False):
                    e = sa_exc.InvalidRequestError(
                        "One or more mappers failed to initialize - "
                        "can't proceed with initialization of other "
                        "mappers. Triggering mapper: '%s'. "
                        "Original exception was: %s"
                        % (mapper, mapper._configure_failed)
                    )
                    e._configure_failed = mapper._configure_failed  # type: ignore
>                   raise e
E                   sqlalchemy.exc.InvalidRequestError: One or more mappers failed to initialize - can't proceed with initialization of other mappers. Triggering mapper: 'Mapper[Sprint(sprints)]'. Original exception was: Mapper 'Mapper[Project(projects)]' has no property 'sprints'.  If this property was indicated from other mappers or configure events, ensure registry.configure() has been called.

..\..\anaconda3\envs\scrumix\lib\site-packages\sqlalchemy\orm\mapper.py:4236: InvalidRequestError
_ ERROR at setup of TestAcceptanceCriteriaEndpoints.test_delete_acceptance_criteria_not_found _

fixturedef = <FixtureDef argname='test_user' scope='function' baseid='backend/tests'>
request = <SubRequest 'test_user' for <Function test_delete_acceptance_criteria_not_found>>

    @pytest.hookimpl(wrapper=True)
    def pytest_fixture_setup(fixturedef: FixtureDef, request) -> object | None:
        asyncio_mode = _get_asyncio_mode(request.config)
        if not _is_asyncio_fixture_function(fixturedef.func):
            if asyncio_mode == Mode.STRICT:
                # Ignore async fixtures without explicit asyncio mark in strict mode
                # This applies to pytest_trio fixtures, for example
>               return (yield)

..\..\anaconda3\envs\scrumix\lib\site-packages\pytest_asyncio\plugin.py:681: 
_ _ _ _ _ _ _ _ _ _ _ _ _ _ _ _ _ _ _ _ _ _ _ _ _ _ _ _ _ _ _ _ _ _ _ _ _ _ _ _
backend\tests\conftest.py:104: in test_user
    user = User(
..\..\anaconda3\envs\scrumix\lib\site-packages\sqlalchemy\orm\state.py:561: in _initialize_instance
    manager.dispatch.init(self, args, kwargs)
..\..\anaconda3\envs\scrumix\lib\site-packages\sqlalchemy\event\attr.py:487: in __call__
    fn(*args, **kw)
..\..\anaconda3\envs\scrumix\lib\site-packages\sqlalchemy\orm\mapper.py:4391: in _event_on_init
    instrumenting_mapper._check_configure()
..\..\anaconda3\envs\scrumix\lib\site-packages\sqlalchemy\orm\mapper.py:2386: in _check_configure
    _configure_registries({self.registry}, cascade=True)
..\..\anaconda3\envs\scrumix\lib\site-packages\sqlalchemy\orm\mapper.py:4199: in _configure_registries
    _do_configure_registries(registries, cascade)
_ _ _ _ _ _ _ _ _ _ _ _ _ _ _ _ _ _ _ _ _ _ _ _ _ _ _ _ _ _ _ _ _ _ _ _ _ _ _ _

registries = set(), cascade = True

    @util.preload_module("sqlalchemy.orm.decl_api")
    def _do_configure_registries(
        registries: Set[_RegistryType], cascade: bool
    ) -> None:
        registry = util.preloaded.orm_decl_api.registry
    
        orig = set(registries)
    
        for reg in registry._recurse_with_dependencies(registries):
            has_skip = False
    
            for mapper in reg._mappers_to_configure():
                run_configure = None
    
                for fn in mapper.dispatch.before_mapper_configured:
                    run_configure = fn(mapper, mapper.class_)
                    if run_configure is EXT_SKIP:
                        has_skip = True
                        break
                if run_configure is EXT_SKIP:
                    continue
    
                if getattr(mapper, "_configure_failed", False):
                    e = sa_exc.InvalidRequestError(
                        "One or more mappers failed to initialize - "
                        "can't proceed with initialization of other "
                        "mappers. Triggering mapper: '%s'. "
                        "Original exception was: %s"
                        % (mapper, mapper._configure_failed)
                    )
                    e._configure_failed = mapper._configure_failed  # type: ignore
>                   raise e
E                   sqlalchemy.exc.InvalidRequestError: One or more mappers failed to initialize - can't proceed with initialization of other mappers. Triggering mapper: 'Mapper[Sprint(sprints)]'. Original exception was: Mapper 'Mapper[Project(projects)]' has no property 'sprints'.  If this property was indicated from other mappers or configure events, ensure registry.configure() has been called.

..\..\anaconda3\envs\scrumix\lib\site-packages\sqlalchemy\orm\mapper.py:4236: InvalidRequestError
_ ERROR at setup of TestAcceptanceCriteriaEndpoints.test_get_criteria_by_backlog _

fixturedef = <FixtureDef argname='test_user' scope='function' baseid='backend/tests'>
request = <SubRequest 'test_user' for <Function test_get_criteria_by_backlog>>

    @pytest.hookimpl(wrapper=True)
    def pytest_fixture_setup(fixturedef: FixtureDef, request) -> object | None:
        asyncio_mode = _get_asyncio_mode(request.config)
        if not _is_asyncio_fixture_function(fixturedef.func):
            if asyncio_mode == Mode.STRICT:
                # Ignore async fixtures without explicit asyncio mark in strict mode
                # This applies to pytest_trio fixtures, for example
>               return (yield)

..\..\anaconda3\envs\scrumix\lib\site-packages\pytest_asyncio\plugin.py:681: 
_ _ _ _ _ _ _ _ _ _ _ _ _ _ _ _ _ _ _ _ _ _ _ _ _ _ _ _ _ _ _ _ _ _ _ _ _ _ _ _
backend\tests\conftest.py:104: in test_user
    user = User(
..\..\anaconda3\envs\scrumix\lib\site-packages\sqlalchemy\orm\state.py:561: in _initialize_instance
    manager.dispatch.init(self, args, kwargs)
..\..\anaconda3\envs\scrumix\lib\site-packages\sqlalchemy\event\attr.py:487: in __call__
    fn(*args, **kw)
..\..\anaconda3\envs\scrumix\lib\site-packages\sqlalchemy\orm\mapper.py:4391: in _event_on_init
    instrumenting_mapper._check_configure()
..\..\anaconda3\envs\scrumix\lib\site-packages\sqlalchemy\orm\mapper.py:2386: in _check_configure
    _configure_registries({self.registry}, cascade=True)
..\..\anaconda3\envs\scrumix\lib\site-packages\sqlalchemy\orm\mapper.py:4199: in _configure_registries
    _do_configure_registries(registries, cascade)
_ _ _ _ _ _ _ _ _ _ _ _ _ _ _ _ _ _ _ _ _ _ _ _ _ _ _ _ _ _ _ _ _ _ _ _ _ _ _ _

registries = set(), cascade = True

    @util.preload_module("sqlalchemy.orm.decl_api")
    def _do_configure_registries(
        registries: Set[_RegistryType], cascade: bool
    ) -> None:
        registry = util.preloaded.orm_decl_api.registry
    
        orig = set(registries)
    
        for reg in registry._recurse_with_dependencies(registries):
            has_skip = False
    
            for mapper in reg._mappers_to_configure():
                run_configure = None
    
                for fn in mapper.dispatch.before_mapper_configured:
                    run_configure = fn(mapper, mapper.class_)
                    if run_configure is EXT_SKIP:
                        has_skip = True
                        break
                if run_configure is EXT_SKIP:
                    continue
    
                if getattr(mapper, "_configure_failed", False):
                    e = sa_exc.InvalidRequestError(
                        "One or more mappers failed to initialize - "
                        "can't proceed with initialization of other "
                        "mappers. Triggering mapper: '%s'. "
                        "Original exception was: %s"
                        % (mapper, mapper._configure_failed)
                    )
                    e._configure_failed = mapper._configure_failed  # type: ignore
>                   raise e
E                   sqlalchemy.exc.InvalidRequestError: One or more mappers failed to initialize - can't proceed with initialization of other mappers. Triggering mapper: 'Mapper[Sprint(sprints)]'. Original exception was: Mapper 'Mapper[Project(projects)]' has no property 'sprints'.  If this property was indicated from other mappers or configure events, ensure registry.configure() has been called.

..\..\anaconda3\envs\scrumix\lib\site-packages\sqlalchemy\orm\mapper.py:4236: InvalidRequestError
_ ERROR at setup of TestAcceptanceCriteriaEndpoints.test_get_criteria_by_backlog_with_pagination _

fixturedef = <FixtureDef argname='test_user' scope='function' baseid='backend/tests'>
request = <SubRequest 'test_user' for <Function test_get_criteria_by_backlog_with_pagination>>

    @pytest.hookimpl(wrapper=True)
    def pytest_fixture_setup(fixturedef: FixtureDef, request) -> object | None:
        asyncio_mode = _get_asyncio_mode(request.config)
        if not _is_asyncio_fixture_function(fixturedef.func):
            if asyncio_mode == Mode.STRICT:
                # Ignore async fixtures without explicit asyncio mark in strict mode
                # This applies to pytest_trio fixtures, for example
>               return (yield)

..\..\anaconda3\envs\scrumix\lib\site-packages\pytest_asyncio\plugin.py:681: 
_ _ _ _ _ _ _ _ _ _ _ _ _ _ _ _ _ _ _ _ _ _ _ _ _ _ _ _ _ _ _ _ _ _ _ _ _ _ _ _
backend\tests\conftest.py:104: in test_user
    user = User(
..\..\anaconda3\envs\scrumix\lib\site-packages\sqlalchemy\orm\state.py:561: in _initialize_instance
    manager.dispatch.init(self, args, kwargs)
..\..\anaconda3\envs\scrumix\lib\site-packages\sqlalchemy\event\attr.py:487: in __call__
    fn(*args, **kw)
..\..\anaconda3\envs\scrumix\lib\site-packages\sqlalchemy\orm\mapper.py:4391: in _event_on_init
    instrumenting_mapper._check_configure()
..\..\anaconda3\envs\scrumix\lib\site-packages\sqlalchemy\orm\mapper.py:2386: in _check_configure
    _configure_registries({self.registry}, cascade=True)
..\..\anaconda3\envs\scrumix\lib\site-packages\sqlalchemy\orm\mapper.py:4199: in _configure_registries
    _do_configure_registries(registries, cascade)
_ _ _ _ _ _ _ _ _ _ _ _ _ _ _ _ _ _ _ _ _ _ _ _ _ _ _ _ _ _ _ _ _ _ _ _ _ _ _ _

registries = set(), cascade = True

    @util.preload_module("sqlalchemy.orm.decl_api")
    def _do_configure_registries(
        registries: Set[_RegistryType], cascade: bool
    ) -> None:
        registry = util.preloaded.orm_decl_api.registry
    
        orig = set(registries)
    
        for reg in registry._recurse_with_dependencies(registries):
            has_skip = False
    
            for mapper in reg._mappers_to_configure():
                run_configure = None
    
                for fn in mapper.dispatch.before_mapper_configured:
                    run_configure = fn(mapper, mapper.class_)
                    if run_configure is EXT_SKIP:
                        has_skip = True
                        break
                if run_configure is EXT_SKIP:
                    continue
    
                if getattr(mapper, "_configure_failed", False):
                    e = sa_exc.InvalidRequestError(
                        "One or more mappers failed to initialize - "
                        "can't proceed with initialization of other "
                        "mappers. Triggering mapper: '%s'. "
                        "Original exception was: %s"
                        % (mapper, mapper._configure_failed)
                    )
                    e._configure_failed = mapper._configure_failed  # type: ignore
>                   raise e
E                   sqlalchemy.exc.InvalidRequestError: One or more mappers failed to initialize - can't proceed with initialization of other mappers. Triggering mapper: 'Mapper[Sprint(sprints)]'. Original exception was: Mapper 'Mapper[Project(projects)]' has no property 'sprints'.  If this property was indicated from other mappers or configure events, ensure registry.configure() has been called.

..\..\anaconda3\envs\scrumix\lib\site-packages\sqlalchemy\orm\mapper.py:4236: InvalidRequestError
_ ERROR at setup of TestAcceptanceCriteriaEndpoints.test_get_criteria_by_nonexistent_backlog _

fixturedef = <FixtureDef argname='test_user' scope='function' baseid='backend/tests'>
request = <SubRequest 'test_user' for <Function test_get_criteria_by_nonexistent_backlog>>

    @pytest.hookimpl(wrapper=True)
    def pytest_fixture_setup(fixturedef: FixtureDef, request) -> object | None:
        asyncio_mode = _get_asyncio_mode(request.config)
        if not _is_asyncio_fixture_function(fixturedef.func):
            if asyncio_mode == Mode.STRICT:
                # Ignore async fixtures without explicit asyncio mark in strict mode
                # This applies to pytest_trio fixtures, for example
>               return (yield)

..\..\anaconda3\envs\scrumix\lib\site-packages\pytest_asyncio\plugin.py:681: 
_ _ _ _ _ _ _ _ _ _ _ _ _ _ _ _ _ _ _ _ _ _ _ _ _ _ _ _ _ _ _ _ _ _ _ _ _ _ _ _
backend\tests\conftest.py:104: in test_user
    user = User(
..\..\anaconda3\envs\scrumix\lib\site-packages\sqlalchemy\orm\state.py:561: in _initialize_instance
    manager.dispatch.init(self, args, kwargs)
..\..\anaconda3\envs\scrumix\lib\site-packages\sqlalchemy\event\attr.py:487: in __call__
    fn(*args, **kw)
..\..\anaconda3\envs\scrumix\lib\site-packages\sqlalchemy\orm\mapper.py:4391: in _event_on_init
    instrumenting_mapper._check_configure()
..\..\anaconda3\envs\scrumix\lib\site-packages\sqlalchemy\orm\mapper.py:2386: in _check_configure
    _configure_registries({self.registry}, cascade=True)
..\..\anaconda3\envs\scrumix\lib\site-packages\sqlalchemy\orm\mapper.py:4199: in _configure_registries
    _do_configure_registries(registries, cascade)
_ _ _ _ _ _ _ _ _ _ _ _ _ _ _ _ _ _ _ _ _ _ _ _ _ _ _ _ _ _ _ _ _ _ _ _ _ _ _ _

registries = set(), cascade = True

    @util.preload_module("sqlalchemy.orm.decl_api")
    def _do_configure_registries(
        registries: Set[_RegistryType], cascade: bool
    ) -> None:
        registry = util.preloaded.orm_decl_api.registry
    
        orig = set(registries)
    
        for reg in registry._recurse_with_dependencies(registries):
            has_skip = False
    
            for mapper in reg._mappers_to_configure():
                run_configure = None
    
                for fn in mapper.dispatch.before_mapper_configured:
                    run_configure = fn(mapper, mapper.class_)
                    if run_configure is EXT_SKIP:
                        has_skip = True
                        break
                if run_configure is EXT_SKIP:
                    continue
    
                if getattr(mapper, "_configure_failed", False):
                    e = sa_exc.InvalidRequestError(
                        "One or more mappers failed to initialize - "
                        "can't proceed with initialization of other "
                        "mappers. Triggering mapper: '%s'. "
                        "Original exception was: %s"
                        % (mapper, mapper._configure_failed)
                    )
                    e._configure_failed = mapper._configure_failed  # type: ignore
>                   raise e
E                   sqlalchemy.exc.InvalidRequestError: One or more mappers failed to initialize - can't proceed with initialization of other mappers. Triggering mapper: 'Mapper[Sprint(sprints)]'. Original exception was: Mapper 'Mapper[Project(projects)]' has no property 'sprints'.  If this property was indicated from other mappers or configure events, ensure registry.configure() has been called.

..\..\anaconda3\envs\scrumix\lib\site-packages\sqlalchemy\orm\mapper.py:4236: InvalidRequestError
_ ERROR at setup of TestAcceptanceCriteriaEndpoints.test_count_criteria_by_backlog _

fixturedef = <FixtureDef argname='test_user' scope='function' baseid='backend/tests'>
request = <SubRequest 'test_user' for <Function test_count_criteria_by_backlog>>

    @pytest.hookimpl(wrapper=True)
    def pytest_fixture_setup(fixturedef: FixtureDef, request) -> object | None:
        asyncio_mode = _get_asyncio_mode(request.config)
        if not _is_asyncio_fixture_function(fixturedef.func):
            if asyncio_mode == Mode.STRICT:
                # Ignore async fixtures without explicit asyncio mark in strict mode
                # This applies to pytest_trio fixtures, for example
>               return (yield)

..\..\anaconda3\envs\scrumix\lib\site-packages\pytest_asyncio\plugin.py:681: 
_ _ _ _ _ _ _ _ _ _ _ _ _ _ _ _ _ _ _ _ _ _ _ _ _ _ _ _ _ _ _ _ _ _ _ _ _ _ _ _
backend\tests\conftest.py:104: in test_user
    user = User(
..\..\anaconda3\envs\scrumix\lib\site-packages\sqlalchemy\orm\state.py:561: in _initialize_instance
    manager.dispatch.init(self, args, kwargs)
..\..\anaconda3\envs\scrumix\lib\site-packages\sqlalchemy\event\attr.py:487: in __call__
    fn(*args, **kw)
..\..\anaconda3\envs\scrumix\lib\site-packages\sqlalchemy\orm\mapper.py:4391: in _event_on_init
    instrumenting_mapper._check_configure()
..\..\anaconda3\envs\scrumix\lib\site-packages\sqlalchemy\orm\mapper.py:2386: in _check_configure
    _configure_registries({self.registry}, cascade=True)
..\..\anaconda3\envs\scrumix\lib\site-packages\sqlalchemy\orm\mapper.py:4199: in _configure_registries
    _do_configure_registries(registries, cascade)
_ _ _ _ _ _ _ _ _ _ _ _ _ _ _ _ _ _ _ _ _ _ _ _ _ _ _ _ _ _ _ _ _ _ _ _ _ _ _ _

registries = set(), cascade = True

    @util.preload_module("sqlalchemy.orm.decl_api")
    def _do_configure_registries(
        registries: Set[_RegistryType], cascade: bool
    ) -> None:
        registry = util.preloaded.orm_decl_api.registry
    
        orig = set(registries)
    
        for reg in registry._recurse_with_dependencies(registries):
            has_skip = False
    
            for mapper in reg._mappers_to_configure():
                run_configure = None
    
                for fn in mapper.dispatch.before_mapper_configured:
                    run_configure = fn(mapper, mapper.class_)
                    if run_configure is EXT_SKIP:
                        has_skip = True
                        break
                if run_configure is EXT_SKIP:
                    continue
    
                if getattr(mapper, "_configure_failed", False):
                    e = sa_exc.InvalidRequestError(
                        "One or more mappers failed to initialize - "
                        "can't proceed with initialization of other "
                        "mappers. Triggering mapper: '%s'. "
                        "Original exception was: %s"
                        % (mapper, mapper._configure_failed)
                    )
                    e._configure_failed = mapper._configure_failed  # type: ignore
>                   raise e
E                   sqlalchemy.exc.InvalidRequestError: One or more mappers failed to initialize - can't proceed with initialization of other mappers. Triggering mapper: 'Mapper[Sprint(sprints)]'. Original exception was: Mapper 'Mapper[Project(projects)]' has no property 'sprints'.  If this property was indicated from other mappers or configure events, ensure registry.configure() has been called.

..\..\anaconda3\envs\scrumix\lib\site-packages\sqlalchemy\orm\mapper.py:4236: InvalidRequestError
_ ERROR at setup of TestAcceptanceCriteriaEndpoints.test_count_criteria_by_nonexistent_backlog _

fixturedef = <FixtureDef argname='test_user' scope='function' baseid='backend/tests'>
request = <SubRequest 'test_user' for <Function test_count_criteria_by_nonexistent_backlog>>

    @pytest.hookimpl(wrapper=True)
    def pytest_fixture_setup(fixturedef: FixtureDef, request) -> object | None:
        asyncio_mode = _get_asyncio_mode(request.config)
        if not _is_asyncio_fixture_function(fixturedef.func):
            if asyncio_mode == Mode.STRICT:
                # Ignore async fixtures without explicit asyncio mark in strict mode
                # This applies to pytest_trio fixtures, for example
>               return (yield)

..\..\anaconda3\envs\scrumix\lib\site-packages\pytest_asyncio\plugin.py:681: 
_ _ _ _ _ _ _ _ _ _ _ _ _ _ _ _ _ _ _ _ _ _ _ _ _ _ _ _ _ _ _ _ _ _ _ _ _ _ _ _
backend\tests\conftest.py:104: in test_user
    user = User(
..\..\anaconda3\envs\scrumix\lib\site-packages\sqlalchemy\orm\state.py:561: in _initialize_instance
    manager.dispatch.init(self, args, kwargs)
..\..\anaconda3\envs\scrumix\lib\site-packages\sqlalchemy\event\attr.py:487: in __call__
    fn(*args, **kw)
..\..\anaconda3\envs\scrumix\lib\site-packages\sqlalchemy\orm\mapper.py:4391: in _event_on_init
    instrumenting_mapper._check_configure()
..\..\anaconda3\envs\scrumix\lib\site-packages\sqlalchemy\orm\mapper.py:2386: in _check_configure
    _configure_registries({self.registry}, cascade=True)
..\..\anaconda3\envs\scrumix\lib\site-packages\sqlalchemy\orm\mapper.py:4199: in _configure_registries
    _do_configure_registries(registries, cascade)
_ _ _ _ _ _ _ _ _ _ _ _ _ _ _ _ _ _ _ _ _ _ _ _ _ _ _ _ _ _ _ _ _ _ _ _ _ _ _ _

registries = set(), cascade = True

    @util.preload_module("sqlalchemy.orm.decl_api")
    def _do_configure_registries(
        registries: Set[_RegistryType], cascade: bool
    ) -> None:
        registry = util.preloaded.orm_decl_api.registry
    
        orig = set(registries)
    
        for reg in registry._recurse_with_dependencies(registries):
            has_skip = False
    
            for mapper in reg._mappers_to_configure():
                run_configure = None
    
                for fn in mapper.dispatch.before_mapper_configured:
                    run_configure = fn(mapper, mapper.class_)
                    if run_configure is EXT_SKIP:
                        has_skip = True
                        break
                if run_configure is EXT_SKIP:
                    continue
    
                if getattr(mapper, "_configure_failed", False):
                    e = sa_exc.InvalidRequestError(
                        "One or more mappers failed to initialize - "
                        "can't proceed with initialization of other "
                        "mappers. Triggering mapper: '%s'. "
                        "Original exception was: %s"
                        % (mapper, mapper._configure_failed)
                    )
                    e._configure_failed = mapper._configure_failed  # type: ignore
>                   raise e
E                   sqlalchemy.exc.InvalidRequestError: One or more mappers failed to initialize - can't proceed with initialization of other mappers. Triggering mapper: 'Mapper[Sprint(sprints)]'. Original exception was: Mapper 'Mapper[Project(projects)]' has no property 'sprints'.  If this property was indicated from other mappers or configure events, ensure registry.configure() has been called.

..\..\anaconda3\envs\scrumix\lib\site-packages\sqlalchemy\orm\mapper.py:4236: InvalidRequestError
_ ERROR at setup of TestAcceptanceCriteriaEndpoints.test_bulk_create_criteria_success _

fixturedef = <FixtureDef argname='test_user' scope='function' baseid='backend/tests'>
request = <SubRequest 'test_user' for <Function test_bulk_create_criteria_success>>

    @pytest.hookimpl(wrapper=True)
    def pytest_fixture_setup(fixturedef: FixtureDef, request) -> object | None:
        asyncio_mode = _get_asyncio_mode(request.config)
        if not _is_asyncio_fixture_function(fixturedef.func):
            if asyncio_mode == Mode.STRICT:
                # Ignore async fixtures without explicit asyncio mark in strict mode
                # This applies to pytest_trio fixtures, for example
>               return (yield)

..\..\anaconda3\envs\scrumix\lib\site-packages\pytest_asyncio\plugin.py:681: 
_ _ _ _ _ _ _ _ _ _ _ _ _ _ _ _ _ _ _ _ _ _ _ _ _ _ _ _ _ _ _ _ _ _ _ _ _ _ _ _
backend\tests\conftest.py:104: in test_user
    user = User(
..\..\anaconda3\envs\scrumix\lib\site-packages\sqlalchemy\orm\state.py:561: in _initialize_instance
    manager.dispatch.init(self, args, kwargs)
..\..\anaconda3\envs\scrumix\lib\site-packages\sqlalchemy\event\attr.py:487: in __call__
    fn(*args, **kw)
..\..\anaconda3\envs\scrumix\lib\site-packages\sqlalchemy\orm\mapper.py:4391: in _event_on_init
    instrumenting_mapper._check_configure()
..\..\anaconda3\envs\scrumix\lib\site-packages\sqlalchemy\orm\mapper.py:2386: in _check_configure
    _configure_registries({self.registry}, cascade=True)
..\..\anaconda3\envs\scrumix\lib\site-packages\sqlalchemy\orm\mapper.py:4199: in _configure_registries
    _do_configure_registries(registries, cascade)
_ _ _ _ _ _ _ _ _ _ _ _ _ _ _ _ _ _ _ _ _ _ _ _ _ _ _ _ _ _ _ _ _ _ _ _ _ _ _ _

registries = set(), cascade = True

    @util.preload_module("sqlalchemy.orm.decl_api")
    def _do_configure_registries(
        registries: Set[_RegistryType], cascade: bool
    ) -> None:
        registry = util.preloaded.orm_decl_api.registry
    
        orig = set(registries)
    
        for reg in registry._recurse_with_dependencies(registries):
            has_skip = False
    
            for mapper in reg._mappers_to_configure():
                run_configure = None
    
                for fn in mapper.dispatch.before_mapper_configured:
                    run_configure = fn(mapper, mapper.class_)
                    if run_configure is EXT_SKIP:
                        has_skip = True
                        break
                if run_configure is EXT_SKIP:
                    continue
    
                if getattr(mapper, "_configure_failed", False):
                    e = sa_exc.InvalidRequestError(
                        "One or more mappers failed to initialize - "
                        "can't proceed with initialization of other "
                        "mappers. Triggering mapper: '%s'. "
                        "Original exception was: %s"
                        % (mapper, mapper._configure_failed)
                    )
                    e._configure_failed = mapper._configure_failed  # type: ignore
>                   raise e
E                   sqlalchemy.exc.InvalidRequestError: One or more mappers failed to initialize - can't proceed with initialization of other mappers. Triggering mapper: 'Mapper[Sprint(sprints)]'. Original exception was: Mapper 'Mapper[Project(projects)]' has no property 'sprints'.  If this property was indicated from other mappers or configure events, ensure registry.configure() has been called.

..\..\anaconda3\envs\scrumix\lib\site-packages\sqlalchemy\orm\mapper.py:4236: InvalidRequestError
_ ERROR at setup of TestAcceptanceCriteriaEndpoints.test_bulk_create_criteria_empty_list _

fixturedef = <FixtureDef argname='test_user' scope='function' baseid='backend/tests'>
request = <SubRequest 'test_user' for <Function test_bulk_create_criteria_empty_list>>

    @pytest.hookimpl(wrapper=True)
    def pytest_fixture_setup(fixturedef: FixtureDef, request) -> object | None:
        asyncio_mode = _get_asyncio_mode(request.config)
        if not _is_asyncio_fixture_function(fixturedef.func):
            if asyncio_mode == Mode.STRICT:
                # Ignore async fixtures without explicit asyncio mark in strict mode
                # This applies to pytest_trio fixtures, for example
>               return (yield)

..\..\anaconda3\envs\scrumix\lib\site-packages\pytest_asyncio\plugin.py:681: 
_ _ _ _ _ _ _ _ _ _ _ _ _ _ _ _ _ _ _ _ _ _ _ _ _ _ _ _ _ _ _ _ _ _ _ _ _ _ _ _
backend\tests\conftest.py:104: in test_user
    user = User(
..\..\anaconda3\envs\scrumix\lib\site-packages\sqlalchemy\orm\state.py:561: in _initialize_instance
    manager.dispatch.init(self, args, kwargs)
..\..\anaconda3\envs\scrumix\lib\site-packages\sqlalchemy\event\attr.py:487: in __call__
    fn(*args, **kw)
..\..\anaconda3\envs\scrumix\lib\site-packages\sqlalchemy\orm\mapper.py:4391: in _event_on_init
    instrumenting_mapper._check_configure()
..\..\anaconda3\envs\scrumix\lib\site-packages\sqlalchemy\orm\mapper.py:2386: in _check_configure
    _configure_registries({self.registry}, cascade=True)
..\..\anaconda3\envs\scrumix\lib\site-packages\sqlalchemy\orm\mapper.py:4199: in _configure_registries
    _do_configure_registries(registries, cascade)
_ _ _ _ _ _ _ _ _ _ _ _ _ _ _ _ _ _ _ _ _ _ _ _ _ _ _ _ _ _ _ _ _ _ _ _ _ _ _ _

registries = set(), cascade = True

    @util.preload_module("sqlalchemy.orm.decl_api")
    def _do_configure_registries(
        registries: Set[_RegistryType], cascade: bool
    ) -> None:
        registry = util.preloaded.orm_decl_api.registry
    
        orig = set(registries)
    
        for reg in registry._recurse_with_dependencies(registries):
            has_skip = False
    
            for mapper in reg._mappers_to_configure():
                run_configure = None
    
                for fn in mapper.dispatch.before_mapper_configured:
                    run_configure = fn(mapper, mapper.class_)
                    if run_configure is EXT_SKIP:
                        has_skip = True
                        break
                if run_configure is EXT_SKIP:
                    continue
    
                if getattr(mapper, "_configure_failed", False):
                    e = sa_exc.InvalidRequestError(
                        "One or more mappers failed to initialize - "
                        "can't proceed with initialization of other "
                        "mappers. Triggering mapper: '%s'. "
                        "Original exception was: %s"
                        % (mapper, mapper._configure_failed)
                    )
                    e._configure_failed = mapper._configure_failed  # type: ignore
>                   raise e
E                   sqlalchemy.exc.InvalidRequestError: One or more mappers failed to initialize - can't proceed with initialization of other mappers. Triggering mapper: 'Mapper[Sprint(sprints)]'. Original exception was: Mapper 'Mapper[Project(projects)]' has no property 'sprints'.  If this property was indicated from other mappers or configure events, ensure registry.configure() has been called.

..\..\anaconda3\envs\scrumix\lib\site-packages\sqlalchemy\orm\mapper.py:4236: InvalidRequestError
_ ERROR at setup of TestAcceptanceCriteriaEndpoints.test_bulk_create_criteria_nonexistent_backlog _

fixturedef = <FixtureDef argname='test_user' scope='function' baseid='backend/tests'>
request = <SubRequest 'test_user' for <Function test_bulk_create_criteria_nonexistent_backlog>>

    @pytest.hookimpl(wrapper=True)
    def pytest_fixture_setup(fixturedef: FixtureDef, request) -> object | None:
        asyncio_mode = _get_asyncio_mode(request.config)
        if not _is_asyncio_fixture_function(fixturedef.func):
            if asyncio_mode == Mode.STRICT:
                # Ignore async fixtures without explicit asyncio mark in strict mode
                # This applies to pytest_trio fixtures, for example
>               return (yield)

..\..\anaconda3\envs\scrumix\lib\site-packages\pytest_asyncio\plugin.py:681: 
_ _ _ _ _ _ _ _ _ _ _ _ _ _ _ _ _ _ _ _ _ _ _ _ _ _ _ _ _ _ _ _ _ _ _ _ _ _ _ _
backend\tests\conftest.py:104: in test_user
    user = User(
..\..\anaconda3\envs\scrumix\lib\site-packages\sqlalchemy\orm\state.py:561: in _initialize_instance
    manager.dispatch.init(self, args, kwargs)
..\..\anaconda3\envs\scrumix\lib\site-packages\sqlalchemy\event\attr.py:487: in __call__
    fn(*args, **kw)
..\..\anaconda3\envs\scrumix\lib\site-packages\sqlalchemy\orm\mapper.py:4391: in _event_on_init
    instrumenting_mapper._check_configure()
..\..\anaconda3\envs\scrumix\lib\site-packages\sqlalchemy\orm\mapper.py:2386: in _check_configure
    _configure_registries({self.registry}, cascade=True)
..\..\anaconda3\envs\scrumix\lib\site-packages\sqlalchemy\orm\mapper.py:4199: in _configure_registries
    _do_configure_registries(registries, cascade)
_ _ _ _ _ _ _ _ _ _ _ _ _ _ _ _ _ _ _ _ _ _ _ _ _ _ _ _ _ _ _ _ _ _ _ _ _ _ _ _

registries = set(), cascade = True

    @util.preload_module("sqlalchemy.orm.decl_api")
    def _do_configure_registries(
        registries: Set[_RegistryType], cascade: bool
    ) -> None:
        registry = util.preloaded.orm_decl_api.registry
    
        orig = set(registries)
    
        for reg in registry._recurse_with_dependencies(registries):
            has_skip = False
    
            for mapper in reg._mappers_to_configure():
                run_configure = None
    
                for fn in mapper.dispatch.before_mapper_configured:
                    run_configure = fn(mapper, mapper.class_)
                    if run_configure is EXT_SKIP:
                        has_skip = True
                        break
                if run_configure is EXT_SKIP:
                    continue
    
                if getattr(mapper, "_configure_failed", False):
                    e = sa_exc.InvalidRequestError(
                        "One or more mappers failed to initialize - "
                        "can't proceed with initialization of other "
                        "mappers. Triggering mapper: '%s'. "
                        "Original exception was: %s"
                        % (mapper, mapper._configure_failed)
                    )
                    e._configure_failed = mapper._configure_failed  # type: ignore
>                   raise e
E                   sqlalchemy.exc.InvalidRequestError: One or more mappers failed to initialize - can't proceed with initialization of other mappers. Triggering mapper: 'Mapper[Sprint(sprints)]'. Original exception was: Mapper 'Mapper[Project(projects)]' has no property 'sprints'.  If this property was indicated from other mappers or configure events, ensure registry.configure() has been called.

..\..\anaconda3\envs\scrumix\lib\site-packages\sqlalchemy\orm\mapper.py:4236: InvalidRequestError
_ ERROR at setup of TestAcceptanceCriteriaEndpoints.test_delete_all_criteria_by_backlog _

fixturedef = <FixtureDef argname='test_user' scope='function' baseid='backend/tests'>
request = <SubRequest 'test_user' for <Function test_delete_all_criteria_by_backlog>>

    @pytest.hookimpl(wrapper=True)
    def pytest_fixture_setup(fixturedef: FixtureDef, request) -> object | None:
        asyncio_mode = _get_asyncio_mode(request.config)
        if not _is_asyncio_fixture_function(fixturedef.func):
            if asyncio_mode == Mode.STRICT:
                # Ignore async fixtures without explicit asyncio mark in strict mode
                # This applies to pytest_trio fixtures, for example
>               return (yield)

..\..\anaconda3\envs\scrumix\lib\site-packages\pytest_asyncio\plugin.py:681: 
_ _ _ _ _ _ _ _ _ _ _ _ _ _ _ _ _ _ _ _ _ _ _ _ _ _ _ _ _ _ _ _ _ _ _ _ _ _ _ _
backend\tests\conftest.py:104: in test_user
    user = User(
..\..\anaconda3\envs\scrumix\lib\site-packages\sqlalchemy\orm\state.py:561: in _initialize_instance
    manager.dispatch.init(self, args, kwargs)
..\..\anaconda3\envs\scrumix\lib\site-packages\sqlalchemy\event\attr.py:487: in __call__
    fn(*args, **kw)
..\..\anaconda3\envs\scrumix\lib\site-packages\sqlalchemy\orm\mapper.py:4391: in _event_on_init
    instrumenting_mapper._check_configure()
..\..\anaconda3\envs\scrumix\lib\site-packages\sqlalchemy\orm\mapper.py:2386: in _check_configure
    _configure_registries({self.registry}, cascade=True)
..\..\anaconda3\envs\scrumix\lib\site-packages\sqlalchemy\orm\mapper.py:4199: in _configure_registries
    _do_configure_registries(registries, cascade)
_ _ _ _ _ _ _ _ _ _ _ _ _ _ _ _ _ _ _ _ _ _ _ _ _ _ _ _ _ _ _ _ _ _ _ _ _ _ _ _

registries = set(), cascade = True

    @util.preload_module("sqlalchemy.orm.decl_api")
    def _do_configure_registries(
        registries: Set[_RegistryType], cascade: bool
    ) -> None:
        registry = util.preloaded.orm_decl_api.registry
    
        orig = set(registries)
    
        for reg in registry._recurse_with_dependencies(registries):
            has_skip = False
    
            for mapper in reg._mappers_to_configure():
                run_configure = None
    
                for fn in mapper.dispatch.before_mapper_configured:
                    run_configure = fn(mapper, mapper.class_)
                    if run_configure is EXT_SKIP:
                        has_skip = True
                        break
                if run_configure is EXT_SKIP:
                    continue
    
                if getattr(mapper, "_configure_failed", False):
                    e = sa_exc.InvalidRequestError(
                        "One or more mappers failed to initialize - "
                        "can't proceed with initialization of other "
                        "mappers. Triggering mapper: '%s'. "
                        "Original exception was: %s"
                        % (mapper, mapper._configure_failed)
                    )
                    e._configure_failed = mapper._configure_failed  # type: ignore
>                   raise e
E                   sqlalchemy.exc.InvalidRequestError: One or more mappers failed to initialize - can't proceed with initialization of other mappers. Triggering mapper: 'Mapper[Sprint(sprints)]'. Original exception was: Mapper 'Mapper[Project(projects)]' has no property 'sprints'.  If this property was indicated from other mappers or configure events, ensure registry.configure() has been called.

..\..\anaconda3\envs\scrumix\lib\site-packages\sqlalchemy\orm\mapper.py:4236: InvalidRequestError
_ ERROR at setup of TestAcceptanceCriteriaEndpoints.test_delete_all_criteria_by_nonexistent_backlog _

fixturedef = <FixtureDef argname='test_user' scope='function' baseid='backend/tests'>
request = <SubRequest 'test_user' for <Function test_delete_all_criteria_by_nonexistent_backlog>>

    @pytest.hookimpl(wrapper=True)
    def pytest_fixture_setup(fixturedef: FixtureDef, request) -> object | None:
        asyncio_mode = _get_asyncio_mode(request.config)
        if not _is_asyncio_fixture_function(fixturedef.func):
            if asyncio_mode == Mode.STRICT:
                # Ignore async fixtures without explicit asyncio mark in strict mode
                # This applies to pytest_trio fixtures, for example
>               return (yield)

..\..\anaconda3\envs\scrumix\lib\site-packages\pytest_asyncio\plugin.py:681: 
_ _ _ _ _ _ _ _ _ _ _ _ _ _ _ _ _ _ _ _ _ _ _ _ _ _ _ _ _ _ _ _ _ _ _ _ _ _ _ _
backend\tests\conftest.py:104: in test_user
    user = User(
..\..\anaconda3\envs\scrumix\lib\site-packages\sqlalchemy\orm\state.py:561: in _initialize_instance
    manager.dispatch.init(self, args, kwargs)
..\..\anaconda3\envs\scrumix\lib\site-packages\sqlalchemy\event\attr.py:487: in __call__
    fn(*args, **kw)
..\..\anaconda3\envs\scrumix\lib\site-packages\sqlalchemy\orm\mapper.py:4391: in _event_on_init
    instrumenting_mapper._check_configure()
..\..\anaconda3\envs\scrumix\lib\site-packages\sqlalchemy\orm\mapper.py:2386: in _check_configure
    _configure_registries({self.registry}, cascade=True)
..\..\anaconda3\envs\scrumix\lib\site-packages\sqlalchemy\orm\mapper.py:4199: in _configure_registries
    _do_configure_registries(registries, cascade)
_ _ _ _ _ _ _ _ _ _ _ _ _ _ _ _ _ _ _ _ _ _ _ _ _ _ _ _ _ _ _ _ _ _ _ _ _ _ _ _

registries = set(), cascade = True

    @util.preload_module("sqlalchemy.orm.decl_api")
    def _do_configure_registries(
        registries: Set[_RegistryType], cascade: bool
    ) -> None:
        registry = util.preloaded.orm_decl_api.registry
    
        orig = set(registries)
    
        for reg in registry._recurse_with_dependencies(registries):
            has_skip = False
    
            for mapper in reg._mappers_to_configure():
                run_configure = None
    
                for fn in mapper.dispatch.before_mapper_configured:
                    run_configure = fn(mapper, mapper.class_)
                    if run_configure is EXT_SKIP:
                        has_skip = True
                        break
                if run_configure is EXT_SKIP:
                    continue
    
                if getattr(mapper, "_configure_failed", False):
                    e = sa_exc.InvalidRequestError(
                        "One or more mappers failed to initialize - "
                        "can't proceed with initialization of other "
                        "mappers. Triggering mapper: '%s'. "
                        "Original exception was: %s"
                        % (mapper, mapper._configure_failed)
                    )
                    e._configure_failed = mapper._configure_failed  # type: ignore
>                   raise e
E                   sqlalchemy.exc.InvalidRequestError: One or more mappers failed to initialize - can't proceed with initialization of other mappers. Triggering mapper: 'Mapper[Sprint(sprints)]'. Original exception was: Mapper 'Mapper[Project(projects)]' has no property 'sprints'.  If this property was indicated from other mappers or configure events, ensure registry.configure() has been called.

..\..\anaconda3\envs\scrumix\lib\site-packages\sqlalchemy\orm\mapper.py:4236: InvalidRequestError
_ ERROR at setup of TestAcceptanceCriteriaEndpoints.test_search_acceptance_criteria _

fixturedef = <FixtureDef argname='test_user' scope='function' baseid='backend/tests'>
request = <SubRequest 'test_user' for <Function test_search_acceptance_criteria>>

    @pytest.hookimpl(wrapper=True)
    def pytest_fixture_setup(fixturedef: FixtureDef, request) -> object | None:
        asyncio_mode = _get_asyncio_mode(request.config)
        if not _is_asyncio_fixture_function(fixturedef.func):
            if asyncio_mode == Mode.STRICT:
                # Ignore async fixtures without explicit asyncio mark in strict mode
                # This applies to pytest_trio fixtures, for example
>               return (yield)

..\..\anaconda3\envs\scrumix\lib\site-packages\pytest_asyncio\plugin.py:681: 
_ _ _ _ _ _ _ _ _ _ _ _ _ _ _ _ _ _ _ _ _ _ _ _ _ _ _ _ _ _ _ _ _ _ _ _ _ _ _ _
backend\tests\conftest.py:104: in test_user
    user = User(
..\..\anaconda3\envs\scrumix\lib\site-packages\sqlalchemy\orm\state.py:561: in _initialize_instance
    manager.dispatch.init(self, args, kwargs)
..\..\anaconda3\envs\scrumix\lib\site-packages\sqlalchemy\event\attr.py:487: in __call__
    fn(*args, **kw)
..\..\anaconda3\envs\scrumix\lib\site-packages\sqlalchemy\orm\mapper.py:4391: in _event_on_init
    instrumenting_mapper._check_configure()
..\..\anaconda3\envs\scrumix\lib\site-packages\sqlalchemy\orm\mapper.py:2386: in _check_configure
    _configure_registries({self.registry}, cascade=True)
..\..\anaconda3\envs\scrumix\lib\site-packages\sqlalchemy\orm\mapper.py:4199: in _configure_registries
    _do_configure_registries(registries, cascade)
_ _ _ _ _ _ _ _ _ _ _ _ _ _ _ _ _ _ _ _ _ _ _ _ _ _ _ _ _ _ _ _ _ _ _ _ _ _ _ _

registries = set(), cascade = True

    @util.preload_module("sqlalchemy.orm.decl_api")
    def _do_configure_registries(
        registries: Set[_RegistryType], cascade: bool
    ) -> None:
        registry = util.preloaded.orm_decl_api.registry
    
        orig = set(registries)
    
        for reg in registry._recurse_with_dependencies(registries):
            has_skip = False
    
            for mapper in reg._mappers_to_configure():
                run_configure = None
    
                for fn in mapper.dispatch.before_mapper_configured:
                    run_configure = fn(mapper, mapper.class_)
                    if run_configure is EXT_SKIP:
                        has_skip = True
                        break
                if run_configure is EXT_SKIP:
                    continue
    
                if getattr(mapper, "_configure_failed", False):
                    e = sa_exc.InvalidRequestError(
                        "One or more mappers failed to initialize - "
                        "can't proceed with initialization of other "
                        "mappers. Triggering mapper: '%s'. "
                        "Original exception was: %s"
                        % (mapper, mapper._configure_failed)
                    )
                    e._configure_failed = mapper._configure_failed  # type: ignore
>                   raise e
E                   sqlalchemy.exc.InvalidRequestError: One or more mappers failed to initialize - can't proceed with initialization of other mappers. Triggering mapper: 'Mapper[Sprint(sprints)]'. Original exception was: Mapper 'Mapper[Project(projects)]' has no property 'sprints'.  If this property was indicated from other mappers or configure events, ensure registry.configure() has been called.

..\..\anaconda3\envs\scrumix\lib\site-packages\sqlalchemy\orm\mapper.py:4236: InvalidRequestError
_ ERROR at setup of TestAcceptanceCriteriaEndpoints.test_search_acceptance_criteria_with_backlog_filter _

fixturedef = <FixtureDef argname='test_user' scope='function' baseid='backend/tests'>
request = <SubRequest 'test_user' for <Function test_search_acceptance_criteria_with_backlog_filter>>

    @pytest.hookimpl(wrapper=True)
    def pytest_fixture_setup(fixturedef: FixtureDef, request) -> object | None:
        asyncio_mode = _get_asyncio_mode(request.config)
        if not _is_asyncio_fixture_function(fixturedef.func):
            if asyncio_mode == Mode.STRICT:
                # Ignore async fixtures without explicit asyncio mark in strict mode
                # This applies to pytest_trio fixtures, for example
>               return (yield)

..\..\anaconda3\envs\scrumix\lib\site-packages\pytest_asyncio\plugin.py:681: 
_ _ _ _ _ _ _ _ _ _ _ _ _ _ _ _ _ _ _ _ _ _ _ _ _ _ _ _ _ _ _ _ _ _ _ _ _ _ _ _
backend\tests\conftest.py:104: in test_user
    user = User(
..\..\anaconda3\envs\scrumix\lib\site-packages\sqlalchemy\orm\state.py:561: in _initialize_instance
    manager.dispatch.init(self, args, kwargs)
..\..\anaconda3\envs\scrumix\lib\site-packages\sqlalchemy\event\attr.py:487: in __call__
    fn(*args, **kw)
..\..\anaconda3\envs\scrumix\lib\site-packages\sqlalchemy\orm\mapper.py:4391: in _event_on_init
    instrumenting_mapper._check_configure()
..\..\anaconda3\envs\scrumix\lib\site-packages\sqlalchemy\orm\mapper.py:2386: in _check_configure
    _configure_registries({self.registry}, cascade=True)
..\..\anaconda3\envs\scrumix\lib\site-packages\sqlalchemy\orm\mapper.py:4199: in _configure_registries
    _do_configure_registries(registries, cascade)
_ _ _ _ _ _ _ _ _ _ _ _ _ _ _ _ _ _ _ _ _ _ _ _ _ _ _ _ _ _ _ _ _ _ _ _ _ _ _ _

registries = set(), cascade = True

    @util.preload_module("sqlalchemy.orm.decl_api")
    def _do_configure_registries(
        registries: Set[_RegistryType], cascade: bool
    ) -> None:
        registry = util.preloaded.orm_decl_api.registry
    
        orig = set(registries)
    
        for reg in registry._recurse_with_dependencies(registries):
            has_skip = False
    
            for mapper in reg._mappers_to_configure():
                run_configure = None
    
                for fn in mapper.dispatch.before_mapper_configured:
                    run_configure = fn(mapper, mapper.class_)
                    if run_configure is EXT_SKIP:
                        has_skip = True
                        break
                if run_configure is EXT_SKIP:
                    continue
    
                if getattr(mapper, "_configure_failed", False):
                    e = sa_exc.InvalidRequestError(
                        "One or more mappers failed to initialize - "
                        "can't proceed with initialization of other "
                        "mappers. Triggering mapper: '%s'. "
                        "Original exception was: %s"
                        % (mapper, mapper._configure_failed)
                    )
                    e._configure_failed = mapper._configure_failed  # type: ignore
>                   raise e
E                   sqlalchemy.exc.InvalidRequestError: One or more mappers failed to initialize - can't proceed with initialization of other mappers. Triggering mapper: 'Mapper[Sprint(sprints)]'. Original exception was: Mapper 'Mapper[Project(projects)]' has no property 'sprints'.  If this property was indicated from other mappers or configure events, ensure registry.configure() has been called.

..\..\anaconda3\envs\scrumix\lib\site-packages\sqlalchemy\orm\mapper.py:4236: InvalidRequestError
_ ERROR at setup of TestAcceptanceCriteriaEndpoints.test_search_acceptance_criteria_with_pagination _

fixturedef = <FixtureDef argname='test_user' scope='function' baseid='backend/tests'>
request = <SubRequest 'test_user' for <Function test_search_acceptance_criteria_with_pagination>>

    @pytest.hookimpl(wrapper=True)
    def pytest_fixture_setup(fixturedef: FixtureDef, request) -> object | None:
        asyncio_mode = _get_asyncio_mode(request.config)
        if not _is_asyncio_fixture_function(fixturedef.func):
            if asyncio_mode == Mode.STRICT:
                # Ignore async fixtures without explicit asyncio mark in strict mode
                # This applies to pytest_trio fixtures, for example
>               return (yield)

..\..\anaconda3\envs\scrumix\lib\site-packages\pytest_asyncio\plugin.py:681: 
_ _ _ _ _ _ _ _ _ _ _ _ _ _ _ _ _ _ _ _ _ _ _ _ _ _ _ _ _ _ _ _ _ _ _ _ _ _ _ _
backend\tests\conftest.py:104: in test_user
    user = User(
..\..\anaconda3\envs\scrumix\lib\site-packages\sqlalchemy\orm\state.py:561: in _initialize_instance
    manager.dispatch.init(self, args, kwargs)
..\..\anaconda3\envs\scrumix\lib\site-packages\sqlalchemy\event\attr.py:487: in __call__
    fn(*args, **kw)
..\..\anaconda3\envs\scrumix\lib\site-packages\sqlalchemy\orm\mapper.py:4391: in _event_on_init
    instrumenting_mapper._check_configure()
..\..\anaconda3\envs\scrumix\lib\site-packages\sqlalchemy\orm\mapper.py:2386: in _check_configure
    _configure_registries({self.registry}, cascade=True)
..\..\anaconda3\envs\scrumix\lib\site-packages\sqlalchemy\orm\mapper.py:4199: in _configure_registries
    _do_configure_registries(registries, cascade)
_ _ _ _ _ _ _ _ _ _ _ _ _ _ _ _ _ _ _ _ _ _ _ _ _ _ _ _ _ _ _ _ _ _ _ _ _ _ _ _

registries = set(), cascade = True

    @util.preload_module("sqlalchemy.orm.decl_api")
    def _do_configure_registries(
        registries: Set[_RegistryType], cascade: bool
    ) -> None:
        registry = util.preloaded.orm_decl_api.registry
    
        orig = set(registries)
    
        for reg in registry._recurse_with_dependencies(registries):
            has_skip = False
    
            for mapper in reg._mappers_to_configure():
                run_configure = None
    
                for fn in mapper.dispatch.before_mapper_configured:
                    run_configure = fn(mapper, mapper.class_)
                    if run_configure is EXT_SKIP:
                        has_skip = True
                        break
                if run_configure is EXT_SKIP:
                    continue
    
                if getattr(mapper, "_configure_failed", False):
                    e = sa_exc.InvalidRequestError(
                        "One or more mappers failed to initialize - "
                        "can't proceed with initialization of other "
                        "mappers. Triggering mapper: '%s'. "
                        "Original exception was: %s"
                        % (mapper, mapper._configure_failed)
                    )
                    e._configure_failed = mapper._configure_failed  # type: ignore
>                   raise e
E                   sqlalchemy.exc.InvalidRequestError: One or more mappers failed to initialize - can't proceed with initialization of other mappers. Triggering mapper: 'Mapper[Sprint(sprints)]'. Original exception was: Mapper 'Mapper[Project(projects)]' has no property 'sprints'.  If this property was indicated from other mappers or configure events, ensure registry.configure() has been called.

..\..\anaconda3\envs\scrumix\lib\site-packages\sqlalchemy\orm\mapper.py:4236: InvalidRequestError
______ ERROR at setup of TestAuthEndpoints.test_register_duplicate_email ______

fixturedef = <FixtureDef argname='test_user' scope='function' baseid='backend/tests'>
request = <SubRequest 'test_user' for <Function test_register_duplicate_email>>

    @pytest.hookimpl(wrapper=True)
    def pytest_fixture_setup(fixturedef: FixtureDef, request) -> object | None:
        asyncio_mode = _get_asyncio_mode(request.config)
        if not _is_asyncio_fixture_function(fixturedef.func):
            if asyncio_mode == Mode.STRICT:
                # Ignore async fixtures without explicit asyncio mark in strict mode
                # This applies to pytest_trio fixtures, for example
>               return (yield)

..\..\anaconda3\envs\scrumix\lib\site-packages\pytest_asyncio\plugin.py:681: 
_ _ _ _ _ _ _ _ _ _ _ _ _ _ _ _ _ _ _ _ _ _ _ _ _ _ _ _ _ _ _ _ _ _ _ _ _ _ _ _
backend\tests\conftest.py:104: in test_user
    user = User(
..\..\anaconda3\envs\scrumix\lib\site-packages\sqlalchemy\orm\state.py:561: in _initialize_instance
    manager.dispatch.init(self, args, kwargs)
..\..\anaconda3\envs\scrumix\lib\site-packages\sqlalchemy\event\attr.py:487: in __call__
    fn(*args, **kw)
..\..\anaconda3\envs\scrumix\lib\site-packages\sqlalchemy\orm\mapper.py:4391: in _event_on_init
    instrumenting_mapper._check_configure()
..\..\anaconda3\envs\scrumix\lib\site-packages\sqlalchemy\orm\mapper.py:2386: in _check_configure
    _configure_registries({self.registry}, cascade=True)
..\..\anaconda3\envs\scrumix\lib\site-packages\sqlalchemy\orm\mapper.py:4199: in _configure_registries
    _do_configure_registries(registries, cascade)
_ _ _ _ _ _ _ _ _ _ _ _ _ _ _ _ _ _ _ _ _ _ _ _ _ _ _ _ _ _ _ _ _ _ _ _ _ _ _ _

registries = set(), cascade = True

    @util.preload_module("sqlalchemy.orm.decl_api")
    def _do_configure_registries(
        registries: Set[_RegistryType], cascade: bool
    ) -> None:
        registry = util.preloaded.orm_decl_api.registry
    
        orig = set(registries)
    
        for reg in registry._recurse_with_dependencies(registries):
            has_skip = False
    
            for mapper in reg._mappers_to_configure():
                run_configure = None
    
                for fn in mapper.dispatch.before_mapper_configured:
                    run_configure = fn(mapper, mapper.class_)
                    if run_configure is EXT_SKIP:
                        has_skip = True
                        break
                if run_configure is EXT_SKIP:
                    continue
    
                if getattr(mapper, "_configure_failed", False):
                    e = sa_exc.InvalidRequestError(
                        "One or more mappers failed to initialize - "
                        "can't proceed with initialization of other "
                        "mappers. Triggering mapper: '%s'. "
                        "Original exception was: %s"
                        % (mapper, mapper._configure_failed)
                    )
                    e._configure_failed = mapper._configure_failed  # type: ignore
>                   raise e
E                   sqlalchemy.exc.InvalidRequestError: One or more mappers failed to initialize - can't proceed with initialization of other mappers. Triggering mapper: 'Mapper[Sprint(sprints)]'. Original exception was: Mapper 'Mapper[Project(projects)]' has no property 'sprints'.  If this property was indicated from other mappers or configure events, ensure registry.configure() has been called.

..\..\anaconda3\envs\scrumix\lib\site-packages\sqlalchemy\orm\mapper.py:4236: InvalidRequestError
____ ERROR at setup of TestAuthEndpoints.test_register_duplicate_username _____

fixturedef = <FixtureDef argname='test_user' scope='function' baseid='backend/tests'>
request = <SubRequest 'test_user' for <Function test_register_duplicate_username>>

    @pytest.hookimpl(wrapper=True)
    def pytest_fixture_setup(fixturedef: FixtureDef, request) -> object | None:
        asyncio_mode = _get_asyncio_mode(request.config)
        if not _is_asyncio_fixture_function(fixturedef.func):
            if asyncio_mode == Mode.STRICT:
                # Ignore async fixtures without explicit asyncio mark in strict mode
                # This applies to pytest_trio fixtures, for example
>               return (yield)

..\..\anaconda3\envs\scrumix\lib\site-packages\pytest_asyncio\plugin.py:681: 
_ _ _ _ _ _ _ _ _ _ _ _ _ _ _ _ _ _ _ _ _ _ _ _ _ _ _ _ _ _ _ _ _ _ _ _ _ _ _ _
backend\tests\conftest.py:104: in test_user
    user = User(
..\..\anaconda3\envs\scrumix\lib\site-packages\sqlalchemy\orm\state.py:561: in _initialize_instance
    manager.dispatch.init(self, args, kwargs)
..\..\anaconda3\envs\scrumix\lib\site-packages\sqlalchemy\event\attr.py:487: in __call__
    fn(*args, **kw)
..\..\anaconda3\envs\scrumix\lib\site-packages\sqlalchemy\orm\mapper.py:4391: in _event_on_init
    instrumenting_mapper._check_configure()
..\..\anaconda3\envs\scrumix\lib\site-packages\sqlalchemy\orm\mapper.py:2386: in _check_configure
    _configure_registries({self.registry}, cascade=True)
..\..\anaconda3\envs\scrumix\lib\site-packages\sqlalchemy\orm\mapper.py:4199: in _configure_registries
    _do_configure_registries(registries, cascade)
_ _ _ _ _ _ _ _ _ _ _ _ _ _ _ _ _ _ _ _ _ _ _ _ _ _ _ _ _ _ _ _ _ _ _ _ _ _ _ _

registries = set(), cascade = True

    @util.preload_module("sqlalchemy.orm.decl_api")
    def _do_configure_registries(
        registries: Set[_RegistryType], cascade: bool
    ) -> None:
        registry = util.preloaded.orm_decl_api.registry
    
        orig = set(registries)
    
        for reg in registry._recurse_with_dependencies(registries):
            has_skip = False
    
            for mapper in reg._mappers_to_configure():
                run_configure = None
    
                for fn in mapper.dispatch.before_mapper_configured:
                    run_configure = fn(mapper, mapper.class_)
                    if run_configure is EXT_SKIP:
                        has_skip = True
                        break
                if run_configure is EXT_SKIP:
                    continue
    
                if getattr(mapper, "_configure_failed", False):
                    e = sa_exc.InvalidRequestError(
                        "One or more mappers failed to initialize - "
                        "can't proceed with initialization of other "
                        "mappers. Triggering mapper: '%s'. "
                        "Original exception was: %s"
                        % (mapper, mapper._configure_failed)
                    )
                    e._configure_failed = mapper._configure_failed  # type: ignore
>                   raise e
E                   sqlalchemy.exc.InvalidRequestError: One or more mappers failed to initialize - can't proceed with initialization of other mappers. Triggering mapper: 'Mapper[Sprint(sprints)]'. Original exception was: Mapper 'Mapper[Project(projects)]' has no property 'sprints'.  If this property was indicated from other mappers or configure events, ensure registry.configure() has been called.

..\..\anaconda3\envs\scrumix\lib\site-packages\sqlalchemy\orm\mapper.py:4236: InvalidRequestError
___________ ERROR at setup of TestAuthEndpoints.test_login_success ____________

fixturedef = <FixtureDef argname='test_user' scope='function' baseid='backend/tests'>
request = <SubRequest 'test_user' for <Function test_login_success>>

    @pytest.hookimpl(wrapper=True)
    def pytest_fixture_setup(fixturedef: FixtureDef, request) -> object | None:
        asyncio_mode = _get_asyncio_mode(request.config)
        if not _is_asyncio_fixture_function(fixturedef.func):
            if asyncio_mode == Mode.STRICT:
                # Ignore async fixtures without explicit asyncio mark in strict mode
                # This applies to pytest_trio fixtures, for example
>               return (yield)

..\..\anaconda3\envs\scrumix\lib\site-packages\pytest_asyncio\plugin.py:681: 
_ _ _ _ _ _ _ _ _ _ _ _ _ _ _ _ _ _ _ _ _ _ _ _ _ _ _ _ _ _ _ _ _ _ _ _ _ _ _ _
backend\tests\conftest.py:104: in test_user
    user = User(
..\..\anaconda3\envs\scrumix\lib\site-packages\sqlalchemy\orm\state.py:561: in _initialize_instance
    manager.dispatch.init(self, args, kwargs)
..\..\anaconda3\envs\scrumix\lib\site-packages\sqlalchemy\event\attr.py:487: in __call__
    fn(*args, **kw)
..\..\anaconda3\envs\scrumix\lib\site-packages\sqlalchemy\orm\mapper.py:4391: in _event_on_init
    instrumenting_mapper._check_configure()
..\..\anaconda3\envs\scrumix\lib\site-packages\sqlalchemy\orm\mapper.py:2386: in _check_configure
    _configure_registries({self.registry}, cascade=True)
..\..\anaconda3\envs\scrumix\lib\site-packages\sqlalchemy\orm\mapper.py:4199: in _configure_registries
    _do_configure_registries(registries, cascade)
_ _ _ _ _ _ _ _ _ _ _ _ _ _ _ _ _ _ _ _ _ _ _ _ _ _ _ _ _ _ _ _ _ _ _ _ _ _ _ _

registries = set(), cascade = True

    @util.preload_module("sqlalchemy.orm.decl_api")
    def _do_configure_registries(
        registries: Set[_RegistryType], cascade: bool
    ) -> None:
        registry = util.preloaded.orm_decl_api.registry
    
        orig = set(registries)
    
        for reg in registry._recurse_with_dependencies(registries):
            has_skip = False
    
            for mapper in reg._mappers_to_configure():
                run_configure = None
    
                for fn in mapper.dispatch.before_mapper_configured:
                    run_configure = fn(mapper, mapper.class_)
                    if run_configure is EXT_SKIP:
                        has_skip = True
                        break
                if run_configure is EXT_SKIP:
                    continue
    
                if getattr(mapper, "_configure_failed", False):
                    e = sa_exc.InvalidRequestError(
                        "One or more mappers failed to initialize - "
                        "can't proceed with initialization of other "
                        "mappers. Triggering mapper: '%s'. "
                        "Original exception was: %s"
                        % (mapper, mapper._configure_failed)
                    )
                    e._configure_failed = mapper._configure_failed  # type: ignore
>                   raise e
E                   sqlalchemy.exc.InvalidRequestError: One or more mappers failed to initialize - can't proceed with initialization of other mappers. Triggering mapper: 'Mapper[Sprint(sprints)]'. Original exception was: Mapper 'Mapper[Project(projects)]' has no property 'sprints'.  If this property was indicated from other mappers or configure events, ensure registry.configure() has been called.

..\..\anaconda3\envs\scrumix\lib\site-packages\sqlalchemy\orm\mapper.py:4236: InvalidRequestError
_____ ERROR at setup of TestAuthEndpoints.test_login_invalid_credentials ______

fixturedef = <FixtureDef argname='test_user' scope='function' baseid='backend/tests'>
request = <SubRequest 'test_user' for <Function test_login_invalid_credentials>>

    @pytest.hookimpl(wrapper=True)
    def pytest_fixture_setup(fixturedef: FixtureDef, request) -> object | None:
        asyncio_mode = _get_asyncio_mode(request.config)
        if not _is_asyncio_fixture_function(fixturedef.func):
            if asyncio_mode == Mode.STRICT:
                # Ignore async fixtures without explicit asyncio mark in strict mode
                # This applies to pytest_trio fixtures, for example
>               return (yield)

..\..\anaconda3\envs\scrumix\lib\site-packages\pytest_asyncio\plugin.py:681: 
_ _ _ _ _ _ _ _ _ _ _ _ _ _ _ _ _ _ _ _ _ _ _ _ _ _ _ _ _ _ _ _ _ _ _ _ _ _ _ _
backend\tests\conftest.py:104: in test_user
    user = User(
..\..\anaconda3\envs\scrumix\lib\site-packages\sqlalchemy\orm\state.py:561: in _initialize_instance
    manager.dispatch.init(self, args, kwargs)
..\..\anaconda3\envs\scrumix\lib\site-packages\sqlalchemy\event\attr.py:487: in __call__
    fn(*args, **kw)
..\..\anaconda3\envs\scrumix\lib\site-packages\sqlalchemy\orm\mapper.py:4391: in _event_on_init
    instrumenting_mapper._check_configure()
..\..\anaconda3\envs\scrumix\lib\site-packages\sqlalchemy\orm\mapper.py:2386: in _check_configure
    _configure_registries({self.registry}, cascade=True)
..\..\anaconda3\envs\scrumix\lib\site-packages\sqlalchemy\orm\mapper.py:4199: in _configure_registries
    _do_configure_registries(registries, cascade)
_ _ _ _ _ _ _ _ _ _ _ _ _ _ _ _ _ _ _ _ _ _ _ _ _ _ _ _ _ _ _ _ _ _ _ _ _ _ _ _

registries = set(), cascade = True

    @util.preload_module("sqlalchemy.orm.decl_api")
    def _do_configure_registries(
        registries: Set[_RegistryType], cascade: bool
    ) -> None:
        registry = util.preloaded.orm_decl_api.registry
    
        orig = set(registries)
    
        for reg in registry._recurse_with_dependencies(registries):
            has_skip = False
    
            for mapper in reg._mappers_to_configure():
                run_configure = None
    
                for fn in mapper.dispatch.before_mapper_configured:
                    run_configure = fn(mapper, mapper.class_)
                    if run_configure is EXT_SKIP:
                        has_skip = True
                        break
                if run_configure is EXT_SKIP:
                    continue
    
                if getattr(mapper, "_configure_failed", False):
                    e = sa_exc.InvalidRequestError(
                        "One or more mappers failed to initialize - "
                        "can't proceed with initialization of other "
                        "mappers. Triggering mapper: '%s'. "
                        "Original exception was: %s"
                        % (mapper, mapper._configure_failed)
                    )
                    e._configure_failed = mapper._configure_failed  # type: ignore
>                   raise e
E                   sqlalchemy.exc.InvalidRequestError: One or more mappers failed to initialize - can't proceed with initialization of other mappers. Triggering mapper: 'Mapper[Sprint(sprints)]'. Original exception was: Mapper 'Mapper[Project(projects)]' has no property 'sprints'.  If this property was indicated from other mappers or configure events, ensure registry.configure() has been called.

..\..\anaconda3\envs\scrumix\lib\site-packages\sqlalchemy\orm\mapper.py:4236: InvalidRequestError
___________ ERROR at setup of TestAuthEndpoints.test_logout_success ___________

fixturedef = <FixtureDef argname='test_user' scope='function' baseid='backend/tests'>
request = <SubRequest 'test_user' for <Function test_logout_success>>

    @pytest.hookimpl(wrapper=True)
    def pytest_fixture_setup(fixturedef: FixtureDef, request) -> object | None:
        asyncio_mode = _get_asyncio_mode(request.config)
        if not _is_asyncio_fixture_function(fixturedef.func):
            if asyncio_mode == Mode.STRICT:
                # Ignore async fixtures without explicit asyncio mark in strict mode
                # This applies to pytest_trio fixtures, for example
>               return (yield)

..\..\anaconda3\envs\scrumix\lib\site-packages\pytest_asyncio\plugin.py:681: 
_ _ _ _ _ _ _ _ _ _ _ _ _ _ _ _ _ _ _ _ _ _ _ _ _ _ _ _ _ _ _ _ _ _ _ _ _ _ _ _
backend\tests\conftest.py:104: in test_user
    user = User(
..\..\anaconda3\envs\scrumix\lib\site-packages\sqlalchemy\orm\state.py:561: in _initialize_instance
    manager.dispatch.init(self, args, kwargs)
..\..\anaconda3\envs\scrumix\lib\site-packages\sqlalchemy\event\attr.py:487: in __call__
    fn(*args, **kw)
..\..\anaconda3\envs\scrumix\lib\site-packages\sqlalchemy\orm\mapper.py:4391: in _event_on_init
    instrumenting_mapper._check_configure()
..\..\anaconda3\envs\scrumix\lib\site-packages\sqlalchemy\orm\mapper.py:2386: in _check_configure
    _configure_registries({self.registry}, cascade=True)
..\..\anaconda3\envs\scrumix\lib\site-packages\sqlalchemy\orm\mapper.py:4199: in _configure_registries
    _do_configure_registries(registries, cascade)
_ _ _ _ _ _ _ _ _ _ _ _ _ _ _ _ _ _ _ _ _ _ _ _ _ _ _ _ _ _ _ _ _ _ _ _ _ _ _ _

registries = set(), cascade = True

    @util.preload_module("sqlalchemy.orm.decl_api")
    def _do_configure_registries(
        registries: Set[_RegistryType], cascade: bool
    ) -> None:
        registry = util.preloaded.orm_decl_api.registry
    
        orig = set(registries)
    
        for reg in registry._recurse_with_dependencies(registries):
            has_skip = False
    
            for mapper in reg._mappers_to_configure():
                run_configure = None
    
                for fn in mapper.dispatch.before_mapper_configured:
                    run_configure = fn(mapper, mapper.class_)
                    if run_configure is EXT_SKIP:
                        has_skip = True
                        break
                if run_configure is EXT_SKIP:
                    continue
    
                if getattr(mapper, "_configure_failed", False):
                    e = sa_exc.InvalidRequestError(
                        "One or more mappers failed to initialize - "
                        "can't proceed with initialization of other "
                        "mappers. Triggering mapper: '%s'. "
                        "Original exception was: %s"
                        % (mapper, mapper._configure_failed)
                    )
                    e._configure_failed = mapper._configure_failed  # type: ignore
>                   raise e
E                   sqlalchemy.exc.InvalidRequestError: One or more mappers failed to initialize - can't proceed with initialization of other mappers. Triggering mapper: 'Mapper[Sprint(sprints)]'. Original exception was: Mapper 'Mapper[Project(projects)]' has no property 'sprints'.  If this property was indicated from other mappers or configure events, ensure registry.configure() has been called.

..\..\anaconda3\envs\scrumix\lib\site-packages\sqlalchemy\orm\mapper.py:4236: InvalidRequestError
_______ ERROR at setup of TestAuthEndpoints.test_refresh_token_success ________

fixturedef = <FixtureDef argname='test_user' scope='function' baseid='backend/tests'>
request = <SubRequest 'test_user' for <Function test_refresh_token_success>>

    @pytest.hookimpl(wrapper=True)
    def pytest_fixture_setup(fixturedef: FixtureDef, request) -> object | None:
        asyncio_mode = _get_asyncio_mode(request.config)
        if not _is_asyncio_fixture_function(fixturedef.func):
            if asyncio_mode == Mode.STRICT:
                # Ignore async fixtures without explicit asyncio mark in strict mode
                # This applies to pytest_trio fixtures, for example
>               return (yield)

..\..\anaconda3\envs\scrumix\lib\site-packages\pytest_asyncio\plugin.py:681: 
_ _ _ _ _ _ _ _ _ _ _ _ _ _ _ _ _ _ _ _ _ _ _ _ _ _ _ _ _ _ _ _ _ _ _ _ _ _ _ _
backend\tests\conftest.py:104: in test_user
    user = User(
..\..\anaconda3\envs\scrumix\lib\site-packages\sqlalchemy\orm\state.py:561: in _initialize_instance
    manager.dispatch.init(self, args, kwargs)
..\..\anaconda3\envs\scrumix\lib\site-packages\sqlalchemy\event\attr.py:487: in __call__
    fn(*args, **kw)
..\..\anaconda3\envs\scrumix\lib\site-packages\sqlalchemy\orm\mapper.py:4391: in _event_on_init
    instrumenting_mapper._check_configure()
..\..\anaconda3\envs\scrumix\lib\site-packages\sqlalchemy\orm\mapper.py:2386: in _check_configure
    _configure_registries({self.registry}, cascade=True)
..\..\anaconda3\envs\scrumix\lib\site-packages\sqlalchemy\orm\mapper.py:4199: in _configure_registries
    _do_configure_registries(registries, cascade)
_ _ _ _ _ _ _ _ _ _ _ _ _ _ _ _ _ _ _ _ _ _ _ _ _ _ _ _ _ _ _ _ _ _ _ _ _ _ _ _

registries = set(), cascade = True

    @util.preload_module("sqlalchemy.orm.decl_api")
    def _do_configure_registries(
        registries: Set[_RegistryType], cascade: bool
    ) -> None:
        registry = util.preloaded.orm_decl_api.registry
    
        orig = set(registries)
    
        for reg in registry._recurse_with_dependencies(registries):
            has_skip = False
    
            for mapper in reg._mappers_to_configure():
                run_configure = None
    
                for fn in mapper.dispatch.before_mapper_configured:
                    run_configure = fn(mapper, mapper.class_)
                    if run_configure is EXT_SKIP:
                        has_skip = True
                        break
                if run_configure is EXT_SKIP:
                    continue
    
                if getattr(mapper, "_configure_failed", False):
                    e = sa_exc.InvalidRequestError(
                        "One or more mappers failed to initialize - "
                        "can't proceed with initialization of other "
                        "mappers. Triggering mapper: '%s'. "
                        "Original exception was: %s"
                        % (mapper, mapper._configure_failed)
                    )
                    e._configure_failed = mapper._configure_failed  # type: ignore
>                   raise e
E                   sqlalchemy.exc.InvalidRequestError: One or more mappers failed to initialize - can't proceed with initialization of other mappers. Triggering mapper: 'Mapper[Sprint(sprints)]'. Original exception was: Mapper 'Mapper[Project(projects)]' has no property 'sprints'.  If this property was indicated from other mappers or configure events, ensure registry.configure() has been called.

..\..\anaconda3\envs\scrumix\lib\site-packages\sqlalchemy\orm\mapper.py:4236: InvalidRequestError
______ ERROR at setup of TestAuthEndpoints.test_change_password_success _______

fixturedef = <FixtureDef argname='test_user' scope='function' baseid='backend/tests'>
request = <SubRequest 'test_user' for <Function test_change_password_success>>

    @pytest.hookimpl(wrapper=True)
    def pytest_fixture_setup(fixturedef: FixtureDef, request) -> object | None:
        asyncio_mode = _get_asyncio_mode(request.config)
        if not _is_asyncio_fixture_function(fixturedef.func):
            if asyncio_mode == Mode.STRICT:
                # Ignore async fixtures without explicit asyncio mark in strict mode
                # This applies to pytest_trio fixtures, for example
>               return (yield)

..\..\anaconda3\envs\scrumix\lib\site-packages\pytest_asyncio\plugin.py:681: 
_ _ _ _ _ _ _ _ _ _ _ _ _ _ _ _ _ _ _ _ _ _ _ _ _ _ _ _ _ _ _ _ _ _ _ _ _ _ _ _
backend\tests\conftest.py:104: in test_user
    user = User(
..\..\anaconda3\envs\scrumix\lib\site-packages\sqlalchemy\orm\state.py:561: in _initialize_instance
    manager.dispatch.init(self, args, kwargs)
..\..\anaconda3\envs\scrumix\lib\site-packages\sqlalchemy\event\attr.py:487: in __call__
    fn(*args, **kw)
..\..\anaconda3\envs\scrumix\lib\site-packages\sqlalchemy\orm\mapper.py:4391: in _event_on_init
    instrumenting_mapper._check_configure()
..\..\anaconda3\envs\scrumix\lib\site-packages\sqlalchemy\orm\mapper.py:2386: in _check_configure
    _configure_registries({self.registry}, cascade=True)
..\..\anaconda3\envs\scrumix\lib\site-packages\sqlalchemy\orm\mapper.py:4199: in _configure_registries
    _do_configure_registries(registries, cascade)
_ _ _ _ _ _ _ _ _ _ _ _ _ _ _ _ _ _ _ _ _ _ _ _ _ _ _ _ _ _ _ _ _ _ _ _ _ _ _ _

registries = set(), cascade = True

    @util.preload_module("sqlalchemy.orm.decl_api")
    def _do_configure_registries(
        registries: Set[_RegistryType], cascade: bool
    ) -> None:
        registry = util.preloaded.orm_decl_api.registry
    
        orig = set(registries)
    
        for reg in registry._recurse_with_dependencies(registries):
            has_skip = False
    
            for mapper in reg._mappers_to_configure():
                run_configure = None
    
                for fn in mapper.dispatch.before_mapper_configured:
                    run_configure = fn(mapper, mapper.class_)
                    if run_configure is EXT_SKIP:
                        has_skip = True
                        break
                if run_configure is EXT_SKIP:
                    continue
    
                if getattr(mapper, "_configure_failed", False):
                    e = sa_exc.InvalidRequestError(
                        "One or more mappers failed to initialize - "
                        "can't proceed with initialization of other "
                        "mappers. Triggering mapper: '%s'. "
                        "Original exception was: %s"
                        % (mapper, mapper._configure_failed)
                    )
                    e._configure_failed = mapper._configure_failed  # type: ignore
>                   raise e
E                   sqlalchemy.exc.InvalidRequestError: One or more mappers failed to initialize - can't proceed with initialization of other mappers. Triggering mapper: 'Mapper[Sprint(sprints)]'. Original exception was: Mapper 'Mapper[Project(projects)]' has no property 'sprints'.  If this property was indicated from other mappers or configure events, ensure registry.configure() has been called.

..\..\anaconda3\envs\scrumix\lib\site-packages\sqlalchemy\orm\mapper.py:4236: InvalidRequestError
___ ERROR at setup of TestAuthEndpoints.test_change_password_wrong_current ____

fixturedef = <FixtureDef argname='test_user' scope='function' baseid='backend/tests'>
request = <SubRequest 'test_user' for <Function test_change_password_wrong_current>>

    @pytest.hookimpl(wrapper=True)
    def pytest_fixture_setup(fixturedef: FixtureDef, request) -> object | None:
        asyncio_mode = _get_asyncio_mode(request.config)
        if not _is_asyncio_fixture_function(fixturedef.func):
            if asyncio_mode == Mode.STRICT:
                # Ignore async fixtures without explicit asyncio mark in strict mode
                # This applies to pytest_trio fixtures, for example
>               return (yield)

..\..\anaconda3\envs\scrumix\lib\site-packages\pytest_asyncio\plugin.py:681: 
_ _ _ _ _ _ _ _ _ _ _ _ _ _ _ _ _ _ _ _ _ _ _ _ _ _ _ _ _ _ _ _ _ _ _ _ _ _ _ _
backend\tests\conftest.py:104: in test_user
    user = User(
..\..\anaconda3\envs\scrumix\lib\site-packages\sqlalchemy\orm\state.py:561: in _initialize_instance
    manager.dispatch.init(self, args, kwargs)
..\..\anaconda3\envs\scrumix\lib\site-packages\sqlalchemy\event\attr.py:487: in __call__
    fn(*args, **kw)
..\..\anaconda3\envs\scrumix\lib\site-packages\sqlalchemy\orm\mapper.py:4391: in _event_on_init
    instrumenting_mapper._check_configure()
..\..\anaconda3\envs\scrumix\lib\site-packages\sqlalchemy\orm\mapper.py:2386: in _check_configure
    _configure_registries({self.registry}, cascade=True)
..\..\anaconda3\envs\scrumix\lib\site-packages\sqlalchemy\orm\mapper.py:4199: in _configure_registries
    _do_configure_registries(registries, cascade)
_ _ _ _ _ _ _ _ _ _ _ _ _ _ _ _ _ _ _ _ _ _ _ _ _ _ _ _ _ _ _ _ _ _ _ _ _ _ _ _

registries = set(), cascade = True

    @util.preload_module("sqlalchemy.orm.decl_api")
    def _do_configure_registries(
        registries: Set[_RegistryType], cascade: bool
    ) -> None:
        registry = util.preloaded.orm_decl_api.registry
    
        orig = set(registries)
    
        for reg in registry._recurse_with_dependencies(registries):
            has_skip = False
    
            for mapper in reg._mappers_to_configure():
                run_configure = None
    
                for fn in mapper.dispatch.before_mapper_configured:
                    run_configure = fn(mapper, mapper.class_)
                    if run_configure is EXT_SKIP:
                        has_skip = True
                        break
                if run_configure is EXT_SKIP:
                    continue
    
                if getattr(mapper, "_configure_failed", False):
                    e = sa_exc.InvalidRequestError(
                        "One or more mappers failed to initialize - "
                        "can't proceed with initialization of other "
                        "mappers. Triggering mapper: '%s'. "
                        "Original exception was: %s"
                        % (mapper, mapper._configure_failed)
                    )
                    e._configure_failed = mapper._configure_failed  # type: ignore
>                   raise e
E                   sqlalchemy.exc.InvalidRequestError: One or more mappers failed to initialize - can't proceed with initialization of other mappers. Triggering mapper: 'Mapper[Sprint(sprints)]'. Original exception was: Mapper 'Mapper[Project(projects)]' has no property 'sprints'.  If this property was indicated from other mappers or configure events, ensure registry.configure() has been called.

..\..\anaconda3\envs\scrumix\lib\site-packages\sqlalchemy\orm\mapper.py:4236: InvalidRequestError
______ ERROR at setup of TestAuthEndpoints.test_change_password_weak_new ______

fixturedef = <FixtureDef argname='test_user' scope='function' baseid='backend/tests'>
request = <SubRequest 'test_user' for <Function test_change_password_weak_new>>

    @pytest.hookimpl(wrapper=True)
    def pytest_fixture_setup(fixturedef: FixtureDef, request) -> object | None:
        asyncio_mode = _get_asyncio_mode(request.config)
        if not _is_asyncio_fixture_function(fixturedef.func):
            if asyncio_mode == Mode.STRICT:
                # Ignore async fixtures without explicit asyncio mark in strict mode
                # This applies to pytest_trio fixtures, for example
>               return (yield)

..\..\anaconda3\envs\scrumix\lib\site-packages\pytest_asyncio\plugin.py:681: 
_ _ _ _ _ _ _ _ _ _ _ _ _ _ _ _ _ _ _ _ _ _ _ _ _ _ _ _ _ _ _ _ _ _ _ _ _ _ _ _
backend\tests\conftest.py:104: in test_user
    user = User(
..\..\anaconda3\envs\scrumix\lib\site-packages\sqlalchemy\orm\state.py:561: in _initialize_instance
    manager.dispatch.init(self, args, kwargs)
..\..\anaconda3\envs\scrumix\lib\site-packages\sqlalchemy\event\attr.py:487: in __call__
    fn(*args, **kw)
..\..\anaconda3\envs\scrumix\lib\site-packages\sqlalchemy\orm\mapper.py:4391: in _event_on_init
    instrumenting_mapper._check_configure()
..\..\anaconda3\envs\scrumix\lib\site-packages\sqlalchemy\orm\mapper.py:2386: in _check_configure
    _configure_registries({self.registry}, cascade=True)
..\..\anaconda3\envs\scrumix\lib\site-packages\sqlalchemy\orm\mapper.py:4199: in _configure_registries
    _do_configure_registries(registries, cascade)
_ _ _ _ _ _ _ _ _ _ _ _ _ _ _ _ _ _ _ _ _ _ _ _ _ _ _ _ _ _ _ _ _ _ _ _ _ _ _ _

registries = set(), cascade = True

    @util.preload_module("sqlalchemy.orm.decl_api")
    def _do_configure_registries(
        registries: Set[_RegistryType], cascade: bool
    ) -> None:
        registry = util.preloaded.orm_decl_api.registry
    
        orig = set(registries)
    
        for reg in registry._recurse_with_dependencies(registries):
            has_skip = False
    
            for mapper in reg._mappers_to_configure():
                run_configure = None
    
                for fn in mapper.dispatch.before_mapper_configured:
                    run_configure = fn(mapper, mapper.class_)
                    if run_configure is EXT_SKIP:
                        has_skip = True
                        break
                if run_configure is EXT_SKIP:
                    continue
    
                if getattr(mapper, "_configure_failed", False):
                    e = sa_exc.InvalidRequestError(
                        "One or more mappers failed to initialize - "
                        "can't proceed with initialization of other "
                        "mappers. Triggering mapper: '%s'. "
                        "Original exception was: %s"
                        % (mapper, mapper._configure_failed)
                    )
                    e._configure_failed = mapper._configure_failed  # type: ignore
>                   raise e
E                   sqlalchemy.exc.InvalidRequestError: One or more mappers failed to initialize - can't proceed with initialization of other mappers. Triggering mapper: 'Mapper[Sprint(sprints)]'. Original exception was: Mapper 'Mapper[Project(projects)]' has no property 'sprints'.  If this property was indicated from other mappers or configure events, ensure registry.configure() has been called.

..\..\anaconda3\envs\scrumix\lib\site-packages\sqlalchemy\orm\mapper.py:4236: InvalidRequestError
______ ERROR at setup of TestAuthEndpoints.test_forgot_password_success _______

fixturedef = <FixtureDef argname='test_user' scope='function' baseid='backend/tests'>
request = <SubRequest 'test_user' for <Function test_forgot_password_success>>

    @pytest.hookimpl(wrapper=True)
    def pytest_fixture_setup(fixturedef: FixtureDef, request) -> object | None:
        asyncio_mode = _get_asyncio_mode(request.config)
        if not _is_asyncio_fixture_function(fixturedef.func):
            if asyncio_mode == Mode.STRICT:
                # Ignore async fixtures without explicit asyncio mark in strict mode
                # This applies to pytest_trio fixtures, for example
>               return (yield)

..\..\anaconda3\envs\scrumix\lib\site-packages\pytest_asyncio\plugin.py:681: 
_ _ _ _ _ _ _ _ _ _ _ _ _ _ _ _ _ _ _ _ _ _ _ _ _ _ _ _ _ _ _ _ _ _ _ _ _ _ _ _
backend\tests\conftest.py:104: in test_user
    user = User(
..\..\anaconda3\envs\scrumix\lib\site-packages\sqlalchemy\orm\state.py:561: in _initialize_instance
    manager.dispatch.init(self, args, kwargs)
..\..\anaconda3\envs\scrumix\lib\site-packages\sqlalchemy\event\attr.py:487: in __call__
    fn(*args, **kw)
..\..\anaconda3\envs\scrumix\lib\site-packages\sqlalchemy\orm\mapper.py:4391: in _event_on_init
    instrumenting_mapper._check_configure()
..\..\anaconda3\envs\scrumix\lib\site-packages\sqlalchemy\orm\mapper.py:2386: in _check_configure
    _configure_registries({self.registry}, cascade=True)
..\..\anaconda3\envs\scrumix\lib\site-packages\sqlalchemy\orm\mapper.py:4199: in _configure_registries
    _do_configure_registries(registries, cascade)
_ _ _ _ _ _ _ _ _ _ _ _ _ _ _ _ _ _ _ _ _ _ _ _ _ _ _ _ _ _ _ _ _ _ _ _ _ _ _ _

registries = set(), cascade = True

    @util.preload_module("sqlalchemy.orm.decl_api")
    def _do_configure_registries(
        registries: Set[_RegistryType], cascade: bool
    ) -> None:
        registry = util.preloaded.orm_decl_api.registry
    
        orig = set(registries)
    
        for reg in registry._recurse_with_dependencies(registries):
            has_skip = False
    
            for mapper in reg._mappers_to_configure():
                run_configure = None
    
                for fn in mapper.dispatch.before_mapper_configured:
                    run_configure = fn(mapper, mapper.class_)
                    if run_configure is EXT_SKIP:
                        has_skip = True
                        break
                if run_configure is EXT_SKIP:
                    continue
    
                if getattr(mapper, "_configure_failed", False):
                    e = sa_exc.InvalidRequestError(
                        "One or more mappers failed to initialize - "
                        "can't proceed with initialization of other "
                        "mappers. Triggering mapper: '%s'. "
                        "Original exception was: %s"
                        % (mapper, mapper._configure_failed)
                    )
                    e._configure_failed = mapper._configure_failed  # type: ignore
>                   raise e
E                   sqlalchemy.exc.InvalidRequestError: One or more mappers failed to initialize - can't proceed with initialization of other mappers. Triggering mapper: 'Mapper[Sprint(sprints)]'. Original exception was: Mapper 'Mapper[Project(projects)]' has no property 'sprints'.  If this property was indicated from other mappers or configure events, ensure registry.configure() has been called.

..\..\anaconda3\envs\scrumix\lib\site-packages\sqlalchemy\orm\mapper.py:4236: InvalidRequestError
_______ ERROR at setup of TestAuthEndpoints.test_reset_password_success _______

fixturedef = <FixtureDef argname='test_user' scope='function' baseid='backend/tests'>
request = <SubRequest 'test_user' for <Function test_reset_password_success>>

    @pytest.hookimpl(wrapper=True)
    def pytest_fixture_setup(fixturedef: FixtureDef, request) -> object | None:
        asyncio_mode = _get_asyncio_mode(request.config)
        if not _is_asyncio_fixture_function(fixturedef.func):
            if asyncio_mode == Mode.STRICT:
                # Ignore async fixtures without explicit asyncio mark in strict mode
                # This applies to pytest_trio fixtures, for example
>               return (yield)

..\..\anaconda3\envs\scrumix\lib\site-packages\pytest_asyncio\plugin.py:681: 
_ _ _ _ _ _ _ _ _ _ _ _ _ _ _ _ _ _ _ _ _ _ _ _ _ _ _ _ _ _ _ _ _ _ _ _ _ _ _ _
backend\tests\conftest.py:104: in test_user
    user = User(
..\..\anaconda3\envs\scrumix\lib\site-packages\sqlalchemy\orm\state.py:561: in _initialize_instance
    manager.dispatch.init(self, args, kwargs)
..\..\anaconda3\envs\scrumix\lib\site-packages\sqlalchemy\event\attr.py:487: in __call__
    fn(*args, **kw)
..\..\anaconda3\envs\scrumix\lib\site-packages\sqlalchemy\orm\mapper.py:4391: in _event_on_init
    instrumenting_mapper._check_configure()
..\..\anaconda3\envs\scrumix\lib\site-packages\sqlalchemy\orm\mapper.py:2386: in _check_configure
    _configure_registries({self.registry}, cascade=True)
..\..\anaconda3\envs\scrumix\lib\site-packages\sqlalchemy\orm\mapper.py:4199: in _configure_registries
    _do_configure_registries(registries, cascade)
_ _ _ _ _ _ _ _ _ _ _ _ _ _ _ _ _ _ _ _ _ _ _ _ _ _ _ _ _ _ _ _ _ _ _ _ _ _ _ _

registries = set(), cascade = True

    @util.preload_module("sqlalchemy.orm.decl_api")
    def _do_configure_registries(
        registries: Set[_RegistryType], cascade: bool
    ) -> None:
        registry = util.preloaded.orm_decl_api.registry
    
        orig = set(registries)
    
        for reg in registry._recurse_with_dependencies(registries):
            has_skip = False
    
            for mapper in reg._mappers_to_configure():
                run_configure = None
    
                for fn in mapper.dispatch.before_mapper_configured:
                    run_configure = fn(mapper, mapper.class_)
                    if run_configure is EXT_SKIP:
                        has_skip = True
                        break
                if run_configure is EXT_SKIP:
                    continue
    
                if getattr(mapper, "_configure_failed", False):
                    e = sa_exc.InvalidRequestError(
                        "One or more mappers failed to initialize - "
                        "can't proceed with initialization of other "
                        "mappers. Triggering mapper: '%s'. "
                        "Original exception was: %s"
                        % (mapper, mapper._configure_failed)
                    )
                    e._configure_failed = mapper._configure_failed  # type: ignore
>                   raise e
E                   sqlalchemy.exc.InvalidRequestError: One or more mappers failed to initialize - can't proceed with initialization of other mappers. Triggering mapper: 'Mapper[Sprint(sprints)]'. Original exception was: Mapper 'Mapper[Project(projects)]' has no property 'sprints'.  If this property was indicated from other mappers or configure events, ensure registry.configure() has been called.

..\..\anaconda3\envs\scrumix\lib\site-packages\sqlalchemy\orm\mapper.py:4236: InvalidRequestError
______ ERROR at setup of TestBacklogEndpoints.test_get_backlogs_success _______

fixturedef = <FixtureDef argname='test_user' scope='function' baseid='backend/tests'>
request = <SubRequest 'test_user' for <Function test_get_backlogs_success>>

    @pytest.hookimpl(wrapper=True)
    def pytest_fixture_setup(fixturedef: FixtureDef, request) -> object | None:
        asyncio_mode = _get_asyncio_mode(request.config)
        if not _is_asyncio_fixture_function(fixturedef.func):
            if asyncio_mode == Mode.STRICT:
                # Ignore async fixtures without explicit asyncio mark in strict mode
                # This applies to pytest_trio fixtures, for example
>               return (yield)

..\..\anaconda3\envs\scrumix\lib\site-packages\pytest_asyncio\plugin.py:681: 
_ _ _ _ _ _ _ _ _ _ _ _ _ _ _ _ _ _ _ _ _ _ _ _ _ _ _ _ _ _ _ _ _ _ _ _ _ _ _ _
backend\tests\conftest.py:104: in test_user
    user = User(
..\..\anaconda3\envs\scrumix\lib\site-packages\sqlalchemy\orm\state.py:561: in _initialize_instance
    manager.dispatch.init(self, args, kwargs)
..\..\anaconda3\envs\scrumix\lib\site-packages\sqlalchemy\event\attr.py:487: in __call__
    fn(*args, **kw)
..\..\anaconda3\envs\scrumix\lib\site-packages\sqlalchemy\orm\mapper.py:4391: in _event_on_init
    instrumenting_mapper._check_configure()
..\..\anaconda3\envs\scrumix\lib\site-packages\sqlalchemy\orm\mapper.py:2386: in _check_configure
    _configure_registries({self.registry}, cascade=True)
..\..\anaconda3\envs\scrumix\lib\site-packages\sqlalchemy\orm\mapper.py:4199: in _configure_registries
    _do_configure_registries(registries, cascade)
_ _ _ _ _ _ _ _ _ _ _ _ _ _ _ _ _ _ _ _ _ _ _ _ _ _ _ _ _ _ _ _ _ _ _ _ _ _ _ _

registries = set(), cascade = True

    @util.preload_module("sqlalchemy.orm.decl_api")
    def _do_configure_registries(
        registries: Set[_RegistryType], cascade: bool
    ) -> None:
        registry = util.preloaded.orm_decl_api.registry
    
        orig = set(registries)
    
        for reg in registry._recurse_with_dependencies(registries):
            has_skip = False
    
            for mapper in reg._mappers_to_configure():
                run_configure = None
    
                for fn in mapper.dispatch.before_mapper_configured:
                    run_configure = fn(mapper, mapper.class_)
                    if run_configure is EXT_SKIP:
                        has_skip = True
                        break
                if run_configure is EXT_SKIP:
                    continue
    
                if getattr(mapper, "_configure_failed", False):
                    e = sa_exc.InvalidRequestError(
                        "One or more mappers failed to initialize - "
                        "can't proceed with initialization of other "
                        "mappers. Triggering mapper: '%s'. "
                        "Original exception was: %s"
                        % (mapper, mapper._configure_failed)
                    )
                    e._configure_failed = mapper._configure_failed  # type: ignore
>                   raise e
E                   sqlalchemy.exc.InvalidRequestError: One or more mappers failed to initialize - can't proceed with initialization of other mappers. Triggering mapper: 'Mapper[Sprint(sprints)]'. Original exception was: Mapper 'Mapper[Project(projects)]' has no property 'sprints'.  If this property was indicated from other mappers or configure events, ensure registry.configure() has been called.

..\..\anaconda3\envs\scrumix\lib\site-packages\sqlalchemy\orm\mapper.py:4236: InvalidRequestError
__ ERROR at setup of TestBacklogEndpoints.test_get_backlogs_with_pagination ___

fixturedef = <FixtureDef argname='test_user' scope='function' baseid='backend/tests'>
request = <SubRequest 'test_user' for <Function test_get_backlogs_with_pagination>>

    @pytest.hookimpl(wrapper=True)
    def pytest_fixture_setup(fixturedef: FixtureDef, request) -> object | None:
        asyncio_mode = _get_asyncio_mode(request.config)
        if not _is_asyncio_fixture_function(fixturedef.func):
            if asyncio_mode == Mode.STRICT:
                # Ignore async fixtures without explicit asyncio mark in strict mode
                # This applies to pytest_trio fixtures, for example
>               return (yield)

..\..\anaconda3\envs\scrumix\lib\site-packages\pytest_asyncio\plugin.py:681: 
_ _ _ _ _ _ _ _ _ _ _ _ _ _ _ _ _ _ _ _ _ _ _ _ _ _ _ _ _ _ _ _ _ _ _ _ _ _ _ _
backend\tests\conftest.py:104: in test_user
    user = User(
..\..\anaconda3\envs\scrumix\lib\site-packages\sqlalchemy\orm\state.py:561: in _initialize_instance
    manager.dispatch.init(self, args, kwargs)
..\..\anaconda3\envs\scrumix\lib\site-packages\sqlalchemy\event\attr.py:487: in __call__
    fn(*args, **kw)
..\..\anaconda3\envs\scrumix\lib\site-packages\sqlalchemy\orm\mapper.py:4391: in _event_on_init
    instrumenting_mapper._check_configure()
..\..\anaconda3\envs\scrumix\lib\site-packages\sqlalchemy\orm\mapper.py:2386: in _check_configure
    _configure_registries({self.registry}, cascade=True)
..\..\anaconda3\envs\scrumix\lib\site-packages\sqlalchemy\orm\mapper.py:4199: in _configure_registries
    _do_configure_registries(registries, cascade)
_ _ _ _ _ _ _ _ _ _ _ _ _ _ _ _ _ _ _ _ _ _ _ _ _ _ _ _ _ _ _ _ _ _ _ _ _ _ _ _

registries = set(), cascade = True

    @util.preload_module("sqlalchemy.orm.decl_api")
    def _do_configure_registries(
        registries: Set[_RegistryType], cascade: bool
    ) -> None:
        registry = util.preloaded.orm_decl_api.registry
    
        orig = set(registries)
    
        for reg in registry._recurse_with_dependencies(registries):
            has_skip = False
    
            for mapper in reg._mappers_to_configure():
                run_configure = None
    
                for fn in mapper.dispatch.before_mapper_configured:
                    run_configure = fn(mapper, mapper.class_)
                    if run_configure is EXT_SKIP:
                        has_skip = True
                        break
                if run_configure is EXT_SKIP:
                    continue
    
                if getattr(mapper, "_configure_failed", False):
                    e = sa_exc.InvalidRequestError(
                        "One or more mappers failed to initialize - "
                        "can't proceed with initialization of other "
                        "mappers. Triggering mapper: '%s'. "
                        "Original exception was: %s"
                        % (mapper, mapper._configure_failed)
                    )
                    e._configure_failed = mapper._configure_failed  # type: ignore
>                   raise e
E                   sqlalchemy.exc.InvalidRequestError: One or more mappers failed to initialize - can't proceed with initialization of other mappers. Triggering mapper: 'Mapper[Sprint(sprints)]'. Original exception was: Mapper 'Mapper[Project(projects)]' has no property 'sprints'.  If this property was indicated from other mappers or configure events, ensure registry.configure() has been called.

..\..\anaconda3\envs\scrumix\lib\site-packages\sqlalchemy\orm\mapper.py:4236: InvalidRequestError
_ ERROR at setup of TestBacklogEndpoints.test_get_backlogs_with_status_filter _

fixturedef = <FixtureDef argname='test_user' scope='function' baseid='backend/tests'>
request = <SubRequest 'test_user' for <Function test_get_backlogs_with_status_filter>>

    @pytest.hookimpl(wrapper=True)
    def pytest_fixture_setup(fixturedef: FixtureDef, request) -> object | None:
        asyncio_mode = _get_asyncio_mode(request.config)
        if not _is_asyncio_fixture_function(fixturedef.func):
            if asyncio_mode == Mode.STRICT:
                # Ignore async fixtures without explicit asyncio mark in strict mode
                # This applies to pytest_trio fixtures, for example
>               return (yield)

..\..\anaconda3\envs\scrumix\lib\site-packages\pytest_asyncio\plugin.py:681: 
_ _ _ _ _ _ _ _ _ _ _ _ _ _ _ _ _ _ _ _ _ _ _ _ _ _ _ _ _ _ _ _ _ _ _ _ _ _ _ _
backend\tests\conftest.py:104: in test_user
    user = User(
..\..\anaconda3\envs\scrumix\lib\site-packages\sqlalchemy\orm\state.py:561: in _initialize_instance
    manager.dispatch.init(self, args, kwargs)
..\..\anaconda3\envs\scrumix\lib\site-packages\sqlalchemy\event\attr.py:487: in __call__
    fn(*args, **kw)
..\..\anaconda3\envs\scrumix\lib\site-packages\sqlalchemy\orm\mapper.py:4391: in _event_on_init
    instrumenting_mapper._check_configure()
..\..\anaconda3\envs\scrumix\lib\site-packages\sqlalchemy\orm\mapper.py:2386: in _check_configure
    _configure_registries({self.registry}, cascade=True)
..\..\anaconda3\envs\scrumix\lib\site-packages\sqlalchemy\orm\mapper.py:4199: in _configure_registries
    _do_configure_registries(registries, cascade)
_ _ _ _ _ _ _ _ _ _ _ _ _ _ _ _ _ _ _ _ _ _ _ _ _ _ _ _ _ _ _ _ _ _ _ _ _ _ _ _

registries = set(), cascade = True

    @util.preload_module("sqlalchemy.orm.decl_api")
    def _do_configure_registries(
        registries: Set[_RegistryType], cascade: bool
    ) -> None:
        registry = util.preloaded.orm_decl_api.registry
    
        orig = set(registries)
    
        for reg in registry._recurse_with_dependencies(registries):
            has_skip = False
    
            for mapper in reg._mappers_to_configure():
                run_configure = None
    
                for fn in mapper.dispatch.before_mapper_configured:
                    run_configure = fn(mapper, mapper.class_)
                    if run_configure is EXT_SKIP:
                        has_skip = True
                        break
                if run_configure is EXT_SKIP:
                    continue
    
                if getattr(mapper, "_configure_failed", False):
                    e = sa_exc.InvalidRequestError(
                        "One or more mappers failed to initialize - "
                        "can't proceed with initialization of other "
                        "mappers. Triggering mapper: '%s'. "
                        "Original exception was: %s"
                        % (mapper, mapper._configure_failed)
                    )
                    e._configure_failed = mapper._configure_failed  # type: ignore
>                   raise e
E                   sqlalchemy.exc.InvalidRequestError: One or more mappers failed to initialize - can't proceed with initialization of other mappers. Triggering mapper: 'Mapper[Sprint(sprints)]'. Original exception was: Mapper 'Mapper[Project(projects)]' has no property 'sprints'.  If this property was indicated from other mappers or configure events, ensure registry.configure() has been called.

..\..\anaconda3\envs\scrumix\lib\site-packages\sqlalchemy\orm\mapper.py:4236: InvalidRequestError
_ ERROR at setup of TestBacklogEndpoints.test_get_backlogs_with_invalid_status _

fixturedef = <FixtureDef argname='test_user' scope='function' baseid='backend/tests'>
request = <SubRequest 'test_user' for <Function test_get_backlogs_with_invalid_status>>

    @pytest.hookimpl(wrapper=True)
    def pytest_fixture_setup(fixturedef: FixtureDef, request) -> object | None:
        asyncio_mode = _get_asyncio_mode(request.config)
        if not _is_asyncio_fixture_function(fixturedef.func):
            if asyncio_mode == Mode.STRICT:
                # Ignore async fixtures without explicit asyncio mark in strict mode
                # This applies to pytest_trio fixtures, for example
>               return (yield)

..\..\anaconda3\envs\scrumix\lib\site-packages\pytest_asyncio\plugin.py:681: 
_ _ _ _ _ _ _ _ _ _ _ _ _ _ _ _ _ _ _ _ _ _ _ _ _ _ _ _ _ _ _ _ _ _ _ _ _ _ _ _
backend\tests\conftest.py:104: in test_user
    user = User(
..\..\anaconda3\envs\scrumix\lib\site-packages\sqlalchemy\orm\state.py:561: in _initialize_instance
    manager.dispatch.init(self, args, kwargs)
..\..\anaconda3\envs\scrumix\lib\site-packages\sqlalchemy\event\attr.py:487: in __call__
    fn(*args, **kw)
..\..\anaconda3\envs\scrumix\lib\site-packages\sqlalchemy\orm\mapper.py:4391: in _event_on_init
    instrumenting_mapper._check_configure()
..\..\anaconda3\envs\scrumix\lib\site-packages\sqlalchemy\orm\mapper.py:2386: in _check_configure
    _configure_registries({self.registry}, cascade=True)
..\..\anaconda3\envs\scrumix\lib\site-packages\sqlalchemy\orm\mapper.py:4199: in _configure_registries
    _do_configure_registries(registries, cascade)
_ _ _ _ _ _ _ _ _ _ _ _ _ _ _ _ _ _ _ _ _ _ _ _ _ _ _ _ _ _ _ _ _ _ _ _ _ _ _ _

registries = set(), cascade = True

    @util.preload_module("sqlalchemy.orm.decl_api")
    def _do_configure_registries(
        registries: Set[_RegistryType], cascade: bool
    ) -> None:
        registry = util.preloaded.orm_decl_api.registry
    
        orig = set(registries)
    
        for reg in registry._recurse_with_dependencies(registries):
            has_skip = False
    
            for mapper in reg._mappers_to_configure():
                run_configure = None
    
                for fn in mapper.dispatch.before_mapper_configured:
                    run_configure = fn(mapper, mapper.class_)
                    if run_configure is EXT_SKIP:
                        has_skip = True
                        break
                if run_configure is EXT_SKIP:
                    continue
    
                if getattr(mapper, "_configure_failed", False):
                    e = sa_exc.InvalidRequestError(
                        "One or more mappers failed to initialize - "
                        "can't proceed with initialization of other "
                        "mappers. Triggering mapper: '%s'. "
                        "Original exception was: %s"
                        % (mapper, mapper._configure_failed)
                    )
                    e._configure_failed = mapper._configure_failed  # type: ignore
>                   raise e
E                   sqlalchemy.exc.InvalidRequestError: One or more mappers failed to initialize - can't proceed with initialization of other mappers. Triggering mapper: 'Mapper[Sprint(sprints)]'. Original exception was: Mapper 'Mapper[Project(projects)]' has no property 'sprints'.  If this property was indicated from other mappers or configure events, ensure registry.configure() has been called.

..\..\anaconda3\envs\scrumix\lib\site-packages\sqlalchemy\orm\mapper.py:4236: InvalidRequestError
_ ERROR at setup of TestBacklogEndpoints.test_get_backlogs_with_priority_filter _

fixturedef = <FixtureDef argname='test_user' scope='function' baseid='backend/tests'>
request = <SubRequest 'test_user' for <Function test_get_backlogs_with_priority_filter>>

    @pytest.hookimpl(wrapper=True)
    def pytest_fixture_setup(fixturedef: FixtureDef, request) -> object | None:
        asyncio_mode = _get_asyncio_mode(request.config)
        if not _is_asyncio_fixture_function(fixturedef.func):
            if asyncio_mode == Mode.STRICT:
                # Ignore async fixtures without explicit asyncio mark in strict mode
                # This applies to pytest_trio fixtures, for example
>               return (yield)

..\..\anaconda3\envs\scrumix\lib\site-packages\pytest_asyncio\plugin.py:681: 
_ _ _ _ _ _ _ _ _ _ _ _ _ _ _ _ _ _ _ _ _ _ _ _ _ _ _ _ _ _ _ _ _ _ _ _ _ _ _ _
backend\tests\conftest.py:104: in test_user
    user = User(
..\..\anaconda3\envs\scrumix\lib\site-packages\sqlalchemy\orm\state.py:561: in _initialize_instance
    manager.dispatch.init(self, args, kwargs)
..\..\anaconda3\envs\scrumix\lib\site-packages\sqlalchemy\event\attr.py:487: in __call__
    fn(*args, **kw)
..\..\anaconda3\envs\scrumix\lib\site-packages\sqlalchemy\orm\mapper.py:4391: in _event_on_init
    instrumenting_mapper._check_configure()
..\..\anaconda3\envs\scrumix\lib\site-packages\sqlalchemy\orm\mapper.py:2386: in _check_configure
    _configure_registries({self.registry}, cascade=True)
..\..\anaconda3\envs\scrumix\lib\site-packages\sqlalchemy\orm\mapper.py:4199: in _configure_registries
    _do_configure_registries(registries, cascade)
_ _ _ _ _ _ _ _ _ _ _ _ _ _ _ _ _ _ _ _ _ _ _ _ _ _ _ _ _ _ _ _ _ _ _ _ _ _ _ _

registries = set(), cascade = True

    @util.preload_module("sqlalchemy.orm.decl_api")
    def _do_configure_registries(
        registries: Set[_RegistryType], cascade: bool
    ) -> None:
        registry = util.preloaded.orm_decl_api.registry
    
        orig = set(registries)
    
        for reg in registry._recurse_with_dependencies(registries):
            has_skip = False
    
            for mapper in reg._mappers_to_configure():
                run_configure = None
    
                for fn in mapper.dispatch.before_mapper_configured:
                    run_configure = fn(mapper, mapper.class_)
                    if run_configure is EXT_SKIP:
                        has_skip = True
                        break
                if run_configure is EXT_SKIP:
                    continue
    
                if getattr(mapper, "_configure_failed", False):
                    e = sa_exc.InvalidRequestError(
                        "One or more mappers failed to initialize - "
                        "can't proceed with initialization of other "
                        "mappers. Triggering mapper: '%s'. "
                        "Original exception was: %s"
                        % (mapper, mapper._configure_failed)
                    )
                    e._configure_failed = mapper._configure_failed  # type: ignore
>                   raise e
E                   sqlalchemy.exc.InvalidRequestError: One or more mappers failed to initialize - can't proceed with initialization of other mappers. Triggering mapper: 'Mapper[Sprint(sprints)]'. Original exception was: Mapper 'Mapper[Project(projects)]' has no property 'sprints'.  If this property was indicated from other mappers or configure events, ensure registry.configure() has been called.

..\..\anaconda3\envs\scrumix\lib\site-packages\sqlalchemy\orm\mapper.py:4236: InvalidRequestError
_ ERROR at setup of TestBacklogEndpoints.test_get_backlogs_with_invalid_priority _

fixturedef = <FixtureDef argname='test_user' scope='function' baseid='backend/tests'>
request = <SubRequest 'test_user' for <Function test_get_backlogs_with_invalid_priority>>

    @pytest.hookimpl(wrapper=True)
    def pytest_fixture_setup(fixturedef: FixtureDef, request) -> object | None:
        asyncio_mode = _get_asyncio_mode(request.config)
        if not _is_asyncio_fixture_function(fixturedef.func):
            if asyncio_mode == Mode.STRICT:
                # Ignore async fixtures without explicit asyncio mark in strict mode
                # This applies to pytest_trio fixtures, for example
>               return (yield)

..\..\anaconda3\envs\scrumix\lib\site-packages\pytest_asyncio\plugin.py:681: 
_ _ _ _ _ _ _ _ _ _ _ _ _ _ _ _ _ _ _ _ _ _ _ _ _ _ _ _ _ _ _ _ _ _ _ _ _ _ _ _
backend\tests\conftest.py:104: in test_user
    user = User(
..\..\anaconda3\envs\scrumix\lib\site-packages\sqlalchemy\orm\state.py:561: in _initialize_instance
    manager.dispatch.init(self, args, kwargs)
..\..\anaconda3\envs\scrumix\lib\site-packages\sqlalchemy\event\attr.py:487: in __call__
    fn(*args, **kw)
..\..\anaconda3\envs\scrumix\lib\site-packages\sqlalchemy\orm\mapper.py:4391: in _event_on_init
    instrumenting_mapper._check_configure()
..\..\anaconda3\envs\scrumix\lib\site-packages\sqlalchemy\orm\mapper.py:2386: in _check_configure
    _configure_registries({self.registry}, cascade=True)
..\..\anaconda3\envs\scrumix\lib\site-packages\sqlalchemy\orm\mapper.py:4199: in _configure_registries
    _do_configure_registries(registries, cascade)
_ _ _ _ _ _ _ _ _ _ _ _ _ _ _ _ _ _ _ _ _ _ _ _ _ _ _ _ _ _ _ _ _ _ _ _ _ _ _ _

registries = set(), cascade = True

    @util.preload_module("sqlalchemy.orm.decl_api")
    def _do_configure_registries(
        registries: Set[_RegistryType], cascade: bool
    ) -> None:
        registry = util.preloaded.orm_decl_api.registry
    
        orig = set(registries)
    
        for reg in registry._recurse_with_dependencies(registries):
            has_skip = False
    
            for mapper in reg._mappers_to_configure():
                run_configure = None
    
                for fn in mapper.dispatch.before_mapper_configured:
                    run_configure = fn(mapper, mapper.class_)
                    if run_configure is EXT_SKIP:
                        has_skip = True
                        break
                if run_configure is EXT_SKIP:
                    continue
    
                if getattr(mapper, "_configure_failed", False):
                    e = sa_exc.InvalidRequestError(
                        "One or more mappers failed to initialize - "
                        "can't proceed with initialization of other "
                        "mappers. Triggering mapper: '%s'. "
                        "Original exception was: %s"
                        % (mapper, mapper._configure_failed)
                    )
                    e._configure_failed = mapper._configure_failed  # type: ignore
>                   raise e
E                   sqlalchemy.exc.InvalidRequestError: One or more mappers failed to initialize - can't proceed with initialization of other mappers. Triggering mapper: 'Mapper[Sprint(sprints)]'. Original exception was: Mapper 'Mapper[Project(projects)]' has no property 'sprints'.  If this property was indicated from other mappers or configure events, ensure registry.configure() has been called.

..\..\anaconda3\envs\scrumix\lib\site-packages\sqlalchemy\orm\mapper.py:4236: InvalidRequestError
____ ERROR at setup of TestBacklogEndpoints.test_get_backlogs_with_search _____

fixturedef = <FixtureDef argname='test_user' scope='function' baseid='backend/tests'>
request = <SubRequest 'test_user' for <Function test_get_backlogs_with_search>>

    @pytest.hookimpl(wrapper=True)
    def pytest_fixture_setup(fixturedef: FixtureDef, request) -> object | None:
        asyncio_mode = _get_asyncio_mode(request.config)
        if not _is_asyncio_fixture_function(fixturedef.func):
            if asyncio_mode == Mode.STRICT:
                # Ignore async fixtures without explicit asyncio mark in strict mode
                # This applies to pytest_trio fixtures, for example
>               return (yield)

..\..\anaconda3\envs\scrumix\lib\site-packages\pytest_asyncio\plugin.py:681: 
_ _ _ _ _ _ _ _ _ _ _ _ _ _ _ _ _ _ _ _ _ _ _ _ _ _ _ _ _ _ _ _ _ _ _ _ _ _ _ _
backend\tests\conftest.py:104: in test_user
    user = User(
..\..\anaconda3\envs\scrumix\lib\site-packages\sqlalchemy\orm\state.py:561: in _initialize_instance
    manager.dispatch.init(self, args, kwargs)
..\..\anaconda3\envs\scrumix\lib\site-packages\sqlalchemy\event\attr.py:487: in __call__
    fn(*args, **kw)
..\..\anaconda3\envs\scrumix\lib\site-packages\sqlalchemy\orm\mapper.py:4391: in _event_on_init
    instrumenting_mapper._check_configure()
..\..\anaconda3\envs\scrumix\lib\site-packages\sqlalchemy\orm\mapper.py:2386: in _check_configure
    _configure_registries({self.registry}, cascade=True)
..\..\anaconda3\envs\scrumix\lib\site-packages\sqlalchemy\orm\mapper.py:4199: in _configure_registries
    _do_configure_registries(registries, cascade)
_ _ _ _ _ _ _ _ _ _ _ _ _ _ _ _ _ _ _ _ _ _ _ _ _ _ _ _ _ _ _ _ _ _ _ _ _ _ _ _

registries = set(), cascade = True

    @util.preload_module("sqlalchemy.orm.decl_api")
    def _do_configure_registries(
        registries: Set[_RegistryType], cascade: bool
    ) -> None:
        registry = util.preloaded.orm_decl_api.registry
    
        orig = set(registries)
    
        for reg in registry._recurse_with_dependencies(registries):
            has_skip = False
    
            for mapper in reg._mappers_to_configure():
                run_configure = None
    
                for fn in mapper.dispatch.before_mapper_configured:
                    run_configure = fn(mapper, mapper.class_)
                    if run_configure is EXT_SKIP:
                        has_skip = True
                        break
                if run_configure is EXT_SKIP:
                    continue
    
                if getattr(mapper, "_configure_failed", False):
                    e = sa_exc.InvalidRequestError(
                        "One or more mappers failed to initialize - "
                        "can't proceed with initialization of other "
                        "mappers. Triggering mapper: '%s'. "
                        "Original exception was: %s"
                        % (mapper, mapper._configure_failed)
                    )
                    e._configure_failed = mapper._configure_failed  # type: ignore
>                   raise e
E                   sqlalchemy.exc.InvalidRequestError: One or more mappers failed to initialize - can't proceed with initialization of other mappers. Triggering mapper: 'Mapper[Sprint(sprints)]'. Original exception was: Mapper 'Mapper[Project(projects)]' has no property 'sprints'.  If this property was indicated from other mappers or configure events, ensure registry.configure() has been called.

..\..\anaconda3\envs\scrumix\lib\site-packages\sqlalchemy\orm\mapper.py:4236: InvalidRequestError
_____ ERROR at setup of TestBacklogEndpoints.test_get_backlogs_root_only ______

fixturedef = <FixtureDef argname='test_user' scope='function' baseid='backend/tests'>
request = <SubRequest 'test_user' for <Function test_get_backlogs_root_only>>

    @pytest.hookimpl(wrapper=True)
    def pytest_fixture_setup(fixturedef: FixtureDef, request) -> object | None:
        asyncio_mode = _get_asyncio_mode(request.config)
        if not _is_asyncio_fixture_function(fixturedef.func):
            if asyncio_mode == Mode.STRICT:
                # Ignore async fixtures without explicit asyncio mark in strict mode
                # This applies to pytest_trio fixtures, for example
>               return (yield)

..\..\anaconda3\envs\scrumix\lib\site-packages\pytest_asyncio\plugin.py:681: 
_ _ _ _ _ _ _ _ _ _ _ _ _ _ _ _ _ _ _ _ _ _ _ _ _ _ _ _ _ _ _ _ _ _ _ _ _ _ _ _
backend\tests\conftest.py:104: in test_user
    user = User(
..\..\anaconda3\envs\scrumix\lib\site-packages\sqlalchemy\orm\state.py:561: in _initialize_instance
    manager.dispatch.init(self, args, kwargs)
..\..\anaconda3\envs\scrumix\lib\site-packages\sqlalchemy\event\attr.py:487: in __call__
    fn(*args, **kw)
..\..\anaconda3\envs\scrumix\lib\site-packages\sqlalchemy\orm\mapper.py:4391: in _event_on_init
    instrumenting_mapper._check_configure()
..\..\anaconda3\envs\scrumix\lib\site-packages\sqlalchemy\orm\mapper.py:2386: in _check_configure
    _configure_registries({self.registry}, cascade=True)
..\..\anaconda3\envs\scrumix\lib\site-packages\sqlalchemy\orm\mapper.py:4199: in _configure_registries
    _do_configure_registries(registries, cascade)
_ _ _ _ _ _ _ _ _ _ _ _ _ _ _ _ _ _ _ _ _ _ _ _ _ _ _ _ _ _ _ _ _ _ _ _ _ _ _ _

registries = set(), cascade = True

    @util.preload_module("sqlalchemy.orm.decl_api")
    def _do_configure_registries(
        registries: Set[_RegistryType], cascade: bool
    ) -> None:
        registry = util.preloaded.orm_decl_api.registry
    
        orig = set(registries)
    
        for reg in registry._recurse_with_dependencies(registries):
            has_skip = False
    
            for mapper in reg._mappers_to_configure():
                run_configure = None
    
                for fn in mapper.dispatch.before_mapper_configured:
                    run_configure = fn(mapper, mapper.class_)
                    if run_configure is EXT_SKIP:
                        has_skip = True
                        break
                if run_configure is EXT_SKIP:
                    continue
    
                if getattr(mapper, "_configure_failed", False):
                    e = sa_exc.InvalidRequestError(
                        "One or more mappers failed to initialize - "
                        "can't proceed with initialization of other "
                        "mappers. Triggering mapper: '%s'. "
                        "Original exception was: %s"
                        % (mapper, mapper._configure_failed)
                    )
                    e._configure_failed = mapper._configure_failed  # type: ignore
>                   raise e
E                   sqlalchemy.exc.InvalidRequestError: One or more mappers failed to initialize - can't proceed with initialization of other mappers. Triggering mapper: 'Mapper[Sprint(sprints)]'. Original exception was: Mapper 'Mapper[Project(projects)]' has no property 'sprints'.  If this property was indicated from other mappers or configure events, ensure registry.configure() has been called.

..\..\anaconda3\envs\scrumix\lib\site-packages\sqlalchemy\orm\mapper.py:4236: InvalidRequestError
_____ ERROR at setup of TestBacklogEndpoints.test_create_backlog_success ______

fixturedef = <FixtureDef argname='test_user' scope='function' baseid='backend/tests'>
request = <SubRequest 'test_user' for <Function test_create_backlog_success>>

    @pytest.hookimpl(wrapper=True)
    def pytest_fixture_setup(fixturedef: FixtureDef, request) -> object | None:
        asyncio_mode = _get_asyncio_mode(request.config)
        if not _is_asyncio_fixture_function(fixturedef.func):
            if asyncio_mode == Mode.STRICT:
                # Ignore async fixtures without explicit asyncio mark in strict mode
                # This applies to pytest_trio fixtures, for example
>               return (yield)

..\..\anaconda3\envs\scrumix\lib\site-packages\pytest_asyncio\plugin.py:681: 
_ _ _ _ _ _ _ _ _ _ _ _ _ _ _ _ _ _ _ _ _ _ _ _ _ _ _ _ _ _ _ _ _ _ _ _ _ _ _ _
backend\tests\conftest.py:104: in test_user
    user = User(
..\..\anaconda3\envs\scrumix\lib\site-packages\sqlalchemy\orm\state.py:561: in _initialize_instance
    manager.dispatch.init(self, args, kwargs)
..\..\anaconda3\envs\scrumix\lib\site-packages\sqlalchemy\event\attr.py:487: in __call__
    fn(*args, **kw)
..\..\anaconda3\envs\scrumix\lib\site-packages\sqlalchemy\orm\mapper.py:4391: in _event_on_init
    instrumenting_mapper._check_configure()
..\..\anaconda3\envs\scrumix\lib\site-packages\sqlalchemy\orm\mapper.py:2386: in _check_configure
    _configure_registries({self.registry}, cascade=True)
..\..\anaconda3\envs\scrumix\lib\site-packages\sqlalchemy\orm\mapper.py:4199: in _configure_registries
    _do_configure_registries(registries, cascade)
_ _ _ _ _ _ _ _ _ _ _ _ _ _ _ _ _ _ _ _ _ _ _ _ _ _ _ _ _ _ _ _ _ _ _ _ _ _ _ _

registries = set(), cascade = True

    @util.preload_module("sqlalchemy.orm.decl_api")
    def _do_configure_registries(
        registries: Set[_RegistryType], cascade: bool
    ) -> None:
        registry = util.preloaded.orm_decl_api.registry
    
        orig = set(registries)
    
        for reg in registry._recurse_with_dependencies(registries):
            has_skip = False
    
            for mapper in reg._mappers_to_configure():
                run_configure = None
    
                for fn in mapper.dispatch.before_mapper_configured:
                    run_configure = fn(mapper, mapper.class_)
                    if run_configure is EXT_SKIP:
                        has_skip = True
                        break
                if run_configure is EXT_SKIP:
                    continue
    
                if getattr(mapper, "_configure_failed", False):
                    e = sa_exc.InvalidRequestError(
                        "One or more mappers failed to initialize - "
                        "can't proceed with initialization of other "
                        "mappers. Triggering mapper: '%s'. "
                        "Original exception was: %s"
                        % (mapper, mapper._configure_failed)
                    )
                    e._configure_failed = mapper._configure_failed  # type: ignore
>                   raise e
E                   sqlalchemy.exc.InvalidRequestError: One or more mappers failed to initialize - can't proceed with initialization of other mappers. Triggering mapper: 'Mapper[Sprint(sprints)]'. Original exception was: Mapper 'Mapper[Project(projects)]' has no property 'sprints'.  If this property was indicated from other mappers or configure events, ensure registry.configure() has been called.

..\..\anaconda3\envs\scrumix\lib\site-packages\sqlalchemy\orm\mapper.py:4236: InvalidRequestError
___ ERROR at setup of TestBacklogEndpoints.test_create_backlog_invalid_data ___

fixturedef = <FixtureDef argname='test_user' scope='function' baseid='backend/tests'>
request = <SubRequest 'test_user' for <Function test_create_backlog_invalid_data>>

    @pytest.hookimpl(wrapper=True)
    def pytest_fixture_setup(fixturedef: FixtureDef, request) -> object | None:
        asyncio_mode = _get_asyncio_mode(request.config)
        if not _is_asyncio_fixture_function(fixturedef.func):
            if asyncio_mode == Mode.STRICT:
                # Ignore async fixtures without explicit asyncio mark in strict mode
                # This applies to pytest_trio fixtures, for example
>               return (yield)

..\..\anaconda3\envs\scrumix\lib\site-packages\pytest_asyncio\plugin.py:681: 
_ _ _ _ _ _ _ _ _ _ _ _ _ _ _ _ _ _ _ _ _ _ _ _ _ _ _ _ _ _ _ _ _ _ _ _ _ _ _ _
backend\tests\conftest.py:104: in test_user
    user = User(
..\..\anaconda3\envs\scrumix\lib\site-packages\sqlalchemy\orm\state.py:561: in _initialize_instance
    manager.dispatch.init(self, args, kwargs)
..\..\anaconda3\envs\scrumix\lib\site-packages\sqlalchemy\event\attr.py:487: in __call__
    fn(*args, **kw)
..\..\anaconda3\envs\scrumix\lib\site-packages\sqlalchemy\orm\mapper.py:4391: in _event_on_init
    instrumenting_mapper._check_configure()
..\..\anaconda3\envs\scrumix\lib\site-packages\sqlalchemy\orm\mapper.py:2386: in _check_configure
    _configure_registries({self.registry}, cascade=True)
..\..\anaconda3\envs\scrumix\lib\site-packages\sqlalchemy\orm\mapper.py:4199: in _configure_registries
    _do_configure_registries(registries, cascade)
_ _ _ _ _ _ _ _ _ _ _ _ _ _ _ _ _ _ _ _ _ _ _ _ _ _ _ _ _ _ _ _ _ _ _ _ _ _ _ _

registries = set(), cascade = True

    @util.preload_module("sqlalchemy.orm.decl_api")
    def _do_configure_registries(
        registries: Set[_RegistryType], cascade: bool
    ) -> None:
        registry = util.preloaded.orm_decl_api.registry
    
        orig = set(registries)
    
        for reg in registry._recurse_with_dependencies(registries):
            has_skip = False
    
            for mapper in reg._mappers_to_configure():
                run_configure = None
    
                for fn in mapper.dispatch.before_mapper_configured:
                    run_configure = fn(mapper, mapper.class_)
                    if run_configure is EXT_SKIP:
                        has_skip = True
                        break
                if run_configure is EXT_SKIP:
                    continue
    
                if getattr(mapper, "_configure_failed", False):
                    e = sa_exc.InvalidRequestError(
                        "One or more mappers failed to initialize - "
                        "can't proceed with initialization of other "
                        "mappers. Triggering mapper: '%s'. "
                        "Original exception was: %s"
                        % (mapper, mapper._configure_failed)
                    )
                    e._configure_failed = mapper._configure_failed  # type: ignore
>                   raise e
E                   sqlalchemy.exc.InvalidRequestError: One or more mappers failed to initialize - can't proceed with initialization of other mappers. Triggering mapper: 'Mapper[Sprint(sprints)]'. Original exception was: Mapper 'Mapper[Project(projects)]' has no property 'sprints'.  If this property was indicated from other mappers or configure events, ensure registry.configure() has been called.

..\..\anaconda3\envs\scrumix\lib\site-packages\sqlalchemy\orm\mapper.py:4236: InvalidRequestError
____ ERROR at setup of TestBacklogEndpoints.test_get_backlog_by_id_success ____

fixturedef = <FixtureDef argname='test_user' scope='function' baseid='backend/tests'>
request = <SubRequest 'test_user' for <Function test_get_backlog_by_id_success>>

    @pytest.hookimpl(wrapper=True)
    def pytest_fixture_setup(fixturedef: FixtureDef, request) -> object | None:
        asyncio_mode = _get_asyncio_mode(request.config)
        if not _is_asyncio_fixture_function(fixturedef.func):
            if asyncio_mode == Mode.STRICT:
                # Ignore async fixtures without explicit asyncio mark in strict mode
                # This applies to pytest_trio fixtures, for example
>               return (yield)

..\..\anaconda3\envs\scrumix\lib\site-packages\pytest_asyncio\plugin.py:681: 
_ _ _ _ _ _ _ _ _ _ _ _ _ _ _ _ _ _ _ _ _ _ _ _ _ _ _ _ _ _ _ _ _ _ _ _ _ _ _ _
backend\tests\conftest.py:104: in test_user
    user = User(
..\..\anaconda3\envs\scrumix\lib\site-packages\sqlalchemy\orm\state.py:561: in _initialize_instance
    manager.dispatch.init(self, args, kwargs)
..\..\anaconda3\envs\scrumix\lib\site-packages\sqlalchemy\event\attr.py:487: in __call__
    fn(*args, **kw)
..\..\anaconda3\envs\scrumix\lib\site-packages\sqlalchemy\orm\mapper.py:4391: in _event_on_init
    instrumenting_mapper._check_configure()
..\..\anaconda3\envs\scrumix\lib\site-packages\sqlalchemy\orm\mapper.py:2386: in _check_configure
    _configure_registries({self.registry}, cascade=True)
..\..\anaconda3\envs\scrumix\lib\site-packages\sqlalchemy\orm\mapper.py:4199: in _configure_registries
    _do_configure_registries(registries, cascade)
_ _ _ _ _ _ _ _ _ _ _ _ _ _ _ _ _ _ _ _ _ _ _ _ _ _ _ _ _ _ _ _ _ _ _ _ _ _ _ _

registries = set(), cascade = True

    @util.preload_module("sqlalchemy.orm.decl_api")
    def _do_configure_registries(
        registries: Set[_RegistryType], cascade: bool
    ) -> None:
        registry = util.preloaded.orm_decl_api.registry
    
        orig = set(registries)
    
        for reg in registry._recurse_with_dependencies(registries):
            has_skip = False
    
            for mapper in reg._mappers_to_configure():
                run_configure = None
    
                for fn in mapper.dispatch.before_mapper_configured:
                    run_configure = fn(mapper, mapper.class_)
                    if run_configure is EXT_SKIP:
                        has_skip = True
                        break
                if run_configure is EXT_SKIP:
                    continue
    
                if getattr(mapper, "_configure_failed", False):
                    e = sa_exc.InvalidRequestError(
                        "One or more mappers failed to initialize - "
                        "can't proceed with initialization of other "
                        "mappers. Triggering mapper: '%s'. "
                        "Original exception was: %s"
                        % (mapper, mapper._configure_failed)
                    )
                    e._configure_failed = mapper._configure_failed  # type: ignore
>                   raise e
E                   sqlalchemy.exc.InvalidRequestError: One or more mappers failed to initialize - can't proceed with initialization of other mappers. Triggering mapper: 'Mapper[Sprint(sprints)]'. Original exception was: Mapper 'Mapper[Project(projects)]' has no property 'sprints'.  If this property was indicated from other mappers or configure events, ensure registry.configure() has been called.

..\..\anaconda3\envs\scrumix\lib\site-packages\sqlalchemy\orm\mapper.py:4236: InvalidRequestError
___ ERROR at setup of TestBacklogEndpoints.test_get_backlog_by_id_not_found ___

fixturedef = <FixtureDef argname='test_user' scope='function' baseid='backend/tests'>
request = <SubRequest 'test_user' for <Function test_get_backlog_by_id_not_found>>

    @pytest.hookimpl(wrapper=True)
    def pytest_fixture_setup(fixturedef: FixtureDef, request) -> object | None:
        asyncio_mode = _get_asyncio_mode(request.config)
        if not _is_asyncio_fixture_function(fixturedef.func):
            if asyncio_mode == Mode.STRICT:
                # Ignore async fixtures without explicit asyncio mark in strict mode
                # This applies to pytest_trio fixtures, for example
>               return (yield)

..\..\anaconda3\envs\scrumix\lib\site-packages\pytest_asyncio\plugin.py:681: 
_ _ _ _ _ _ _ _ _ _ _ _ _ _ _ _ _ _ _ _ _ _ _ _ _ _ _ _ _ _ _ _ _ _ _ _ _ _ _ _
backend\tests\conftest.py:104: in test_user
    user = User(
..\..\anaconda3\envs\scrumix\lib\site-packages\sqlalchemy\orm\state.py:561: in _initialize_instance
    manager.dispatch.init(self, args, kwargs)
..\..\anaconda3\envs\scrumix\lib\site-packages\sqlalchemy\event\attr.py:487: in __call__
    fn(*args, **kw)
..\..\anaconda3\envs\scrumix\lib\site-packages\sqlalchemy\orm\mapper.py:4391: in _event_on_init
    instrumenting_mapper._check_configure()
..\..\anaconda3\envs\scrumix\lib\site-packages\sqlalchemy\orm\mapper.py:2386: in _check_configure
    _configure_registries({self.registry}, cascade=True)
..\..\anaconda3\envs\scrumix\lib\site-packages\sqlalchemy\orm\mapper.py:4199: in _configure_registries
    _do_configure_registries(registries, cascade)
_ _ _ _ _ _ _ _ _ _ _ _ _ _ _ _ _ _ _ _ _ _ _ _ _ _ _ _ _ _ _ _ _ _ _ _ _ _ _ _

registries = set(), cascade = True

    @util.preload_module("sqlalchemy.orm.decl_api")
    def _do_configure_registries(
        registries: Set[_RegistryType], cascade: bool
    ) -> None:
        registry = util.preloaded.orm_decl_api.registry
    
        orig = set(registries)
    
        for reg in registry._recurse_with_dependencies(registries):
            has_skip = False
    
            for mapper in reg._mappers_to_configure():
                run_configure = None
    
                for fn in mapper.dispatch.before_mapper_configured:
                    run_configure = fn(mapper, mapper.class_)
                    if run_configure is EXT_SKIP:
                        has_skip = True
                        break
                if run_configure is EXT_SKIP:
                    continue
    
                if getattr(mapper, "_configure_failed", False):
                    e = sa_exc.InvalidRequestError(
                        "One or more mappers failed to initialize - "
                        "can't proceed with initialization of other "
                        "mappers. Triggering mapper: '%s'. "
                        "Original exception was: %s"
                        % (mapper, mapper._configure_failed)
                    )
                    e._configure_failed = mapper._configure_failed  # type: ignore
>                   raise e
E                   sqlalchemy.exc.InvalidRequestError: One or more mappers failed to initialize - can't proceed with initialization of other mappers. Triggering mapper: 'Mapper[Sprint(sprints)]'. Original exception was: Mapper 'Mapper[Project(projects)]' has no property 'sprints'.  If this property was indicated from other mappers or configure events, ensure registry.configure() has been called.

..\..\anaconda3\envs\scrumix\lib\site-packages\sqlalchemy\orm\mapper.py:4236: InvalidRequestError
_____ ERROR at setup of TestBacklogEndpoints.test_update_backlog_success ______

fixturedef = <FixtureDef argname='test_user' scope='function' baseid='backend/tests'>
request = <SubRequest 'test_user' for <Function test_update_backlog_success>>

    @pytest.hookimpl(wrapper=True)
    def pytest_fixture_setup(fixturedef: FixtureDef, request) -> object | None:
        asyncio_mode = _get_asyncio_mode(request.config)
        if not _is_asyncio_fixture_function(fixturedef.func):
            if asyncio_mode == Mode.STRICT:
                # Ignore async fixtures without explicit asyncio mark in strict mode
                # This applies to pytest_trio fixtures, for example
>               return (yield)

..\..\anaconda3\envs\scrumix\lib\site-packages\pytest_asyncio\plugin.py:681: 
_ _ _ _ _ _ _ _ _ _ _ _ _ _ _ _ _ _ _ _ _ _ _ _ _ _ _ _ _ _ _ _ _ _ _ _ _ _ _ _
backend\tests\conftest.py:104: in test_user
    user = User(
..\..\anaconda3\envs\scrumix\lib\site-packages\sqlalchemy\orm\state.py:561: in _initialize_instance
    manager.dispatch.init(self, args, kwargs)
..\..\anaconda3\envs\scrumix\lib\site-packages\sqlalchemy\event\attr.py:487: in __call__
    fn(*args, **kw)
..\..\anaconda3\envs\scrumix\lib\site-packages\sqlalchemy\orm\mapper.py:4391: in _event_on_init
    instrumenting_mapper._check_configure()
..\..\anaconda3\envs\scrumix\lib\site-packages\sqlalchemy\orm\mapper.py:2386: in _check_configure
    _configure_registries({self.registry}, cascade=True)
..\..\anaconda3\envs\scrumix\lib\site-packages\sqlalchemy\orm\mapper.py:4199: in _configure_registries
    _do_configure_registries(registries, cascade)
_ _ _ _ _ _ _ _ _ _ _ _ _ _ _ _ _ _ _ _ _ _ _ _ _ _ _ _ _ _ _ _ _ _ _ _ _ _ _ _

registries = set(), cascade = True

    @util.preload_module("sqlalchemy.orm.decl_api")
    def _do_configure_registries(
        registries: Set[_RegistryType], cascade: bool
    ) -> None:
        registry = util.preloaded.orm_decl_api.registry
    
        orig = set(registries)
    
        for reg in registry._recurse_with_dependencies(registries):
            has_skip = False
    
            for mapper in reg._mappers_to_configure():
                run_configure = None
    
                for fn in mapper.dispatch.before_mapper_configured:
                    run_configure = fn(mapper, mapper.class_)
                    if run_configure is EXT_SKIP:
                        has_skip = True
                        break
                if run_configure is EXT_SKIP:
                    continue
    
                if getattr(mapper, "_configure_failed", False):
                    e = sa_exc.InvalidRequestError(
                        "One or more mappers failed to initialize - "
                        "can't proceed with initialization of other "
                        "mappers. Triggering mapper: '%s'. "
                        "Original exception was: %s"
                        % (mapper, mapper._configure_failed)
                    )
                    e._configure_failed = mapper._configure_failed  # type: ignore
>                   raise e
E                   sqlalchemy.exc.InvalidRequestError: One or more mappers failed to initialize - can't proceed with initialization of other mappers. Triggering mapper: 'Mapper[Sprint(sprints)]'. Original exception was: Mapper 'Mapper[Project(projects)]' has no property 'sprints'.  If this property was indicated from other mappers or configure events, ensure registry.configure() has been called.

..\..\anaconda3\envs\scrumix\lib\site-packages\sqlalchemy\orm\mapper.py:4236: InvalidRequestError
____ ERROR at setup of TestBacklogEndpoints.test_update_backlog_not_found _____

fixturedef = <FixtureDef argname='test_user' scope='function' baseid='backend/tests'>
request = <SubRequest 'test_user' for <Function test_update_backlog_not_found>>

    @pytest.hookimpl(wrapper=True)
    def pytest_fixture_setup(fixturedef: FixtureDef, request) -> object | None:
        asyncio_mode = _get_asyncio_mode(request.config)
        if not _is_asyncio_fixture_function(fixturedef.func):
            if asyncio_mode == Mode.STRICT:
                # Ignore async fixtures without explicit asyncio mark in strict mode
                # This applies to pytest_trio fixtures, for example
>               return (yield)

..\..\anaconda3\envs\scrumix\lib\site-packages\pytest_asyncio\plugin.py:681: 
_ _ _ _ _ _ _ _ _ _ _ _ _ _ _ _ _ _ _ _ _ _ _ _ _ _ _ _ _ _ _ _ _ _ _ _ _ _ _ _
backend\tests\conftest.py:104: in test_user
    user = User(
..\..\anaconda3\envs\scrumix\lib\site-packages\sqlalchemy\orm\state.py:561: in _initialize_instance
    manager.dispatch.init(self, args, kwargs)
..\..\anaconda3\envs\scrumix\lib\site-packages\sqlalchemy\event\attr.py:487: in __call__
    fn(*args, **kw)
..\..\anaconda3\envs\scrumix\lib\site-packages\sqlalchemy\orm\mapper.py:4391: in _event_on_init
    instrumenting_mapper._check_configure()
..\..\anaconda3\envs\scrumix\lib\site-packages\sqlalchemy\orm\mapper.py:2386: in _check_configure
    _configure_registries({self.registry}, cascade=True)
..\..\anaconda3\envs\scrumix\lib\site-packages\sqlalchemy\orm\mapper.py:4199: in _configure_registries
    _do_configure_registries(registries, cascade)
_ _ _ _ _ _ _ _ _ _ _ _ _ _ _ _ _ _ _ _ _ _ _ _ _ _ _ _ _ _ _ _ _ _ _ _ _ _ _ _

registries = set(), cascade = True

    @util.preload_module("sqlalchemy.orm.decl_api")
    def _do_configure_registries(
        registries: Set[_RegistryType], cascade: bool
    ) -> None:
        registry = util.preloaded.orm_decl_api.registry
    
        orig = set(registries)
    
        for reg in registry._recurse_with_dependencies(registries):
            has_skip = False
    
            for mapper in reg._mappers_to_configure():
                run_configure = None
    
                for fn in mapper.dispatch.before_mapper_configured:
                    run_configure = fn(mapper, mapper.class_)
                    if run_configure is EXT_SKIP:
                        has_skip = True
                        break
                if run_configure is EXT_SKIP:
                    continue
    
                if getattr(mapper, "_configure_failed", False):
                    e = sa_exc.InvalidRequestError(
                        "One or more mappers failed to initialize - "
                        "can't proceed with initialization of other "
                        "mappers. Triggering mapper: '%s'. "
                        "Original exception was: %s"
                        % (mapper, mapper._configure_failed)
                    )
                    e._configure_failed = mapper._configure_failed  # type: ignore
>                   raise e
E                   sqlalchemy.exc.InvalidRequestError: One or more mappers failed to initialize - can't proceed with initialization of other mappers. Triggering mapper: 'Mapper[Sprint(sprints)]'. Original exception was: Mapper 'Mapper[Project(projects)]' has no property 'sprints'.  If this property was indicated from other mappers or configure events, ensure registry.configure() has been called.

..\..\anaconda3\envs\scrumix\lib\site-packages\sqlalchemy\orm\mapper.py:4236: InvalidRequestError
_____ ERROR at setup of TestBacklogEndpoints.test_delete_backlog_success ______

fixturedef = <FixtureDef argname='test_user' scope='function' baseid='backend/tests'>
request = <SubRequest 'test_user' for <Function test_delete_backlog_success>>

    @pytest.hookimpl(wrapper=True)
    def pytest_fixture_setup(fixturedef: FixtureDef, request) -> object | None:
        asyncio_mode = _get_asyncio_mode(request.config)
        if not _is_asyncio_fixture_function(fixturedef.func):
            if asyncio_mode == Mode.STRICT:
                # Ignore async fixtures without explicit asyncio mark in strict mode
                # This applies to pytest_trio fixtures, for example
>               return (yield)

..\..\anaconda3\envs\scrumix\lib\site-packages\pytest_asyncio\plugin.py:681: 
_ _ _ _ _ _ _ _ _ _ _ _ _ _ _ _ _ _ _ _ _ _ _ _ _ _ _ _ _ _ _ _ _ _ _ _ _ _ _ _
backend\tests\conftest.py:104: in test_user
    user = User(
..\..\anaconda3\envs\scrumix\lib\site-packages\sqlalchemy\orm\state.py:561: in _initialize_instance
    manager.dispatch.init(self, args, kwargs)
..\..\anaconda3\envs\scrumix\lib\site-packages\sqlalchemy\event\attr.py:487: in __call__
    fn(*args, **kw)
..\..\anaconda3\envs\scrumix\lib\site-packages\sqlalchemy\orm\mapper.py:4391: in _event_on_init
    instrumenting_mapper._check_configure()
..\..\anaconda3\envs\scrumix\lib\site-packages\sqlalchemy\orm\mapper.py:2386: in _check_configure
    _configure_registries({self.registry}, cascade=True)
..\..\anaconda3\envs\scrumix\lib\site-packages\sqlalchemy\orm\mapper.py:4199: in _configure_registries
    _do_configure_registries(registries, cascade)
_ _ _ _ _ _ _ _ _ _ _ _ _ _ _ _ _ _ _ _ _ _ _ _ _ _ _ _ _ _ _ _ _ _ _ _ _ _ _ _

registries = set(), cascade = True

    @util.preload_module("sqlalchemy.orm.decl_api")
    def _do_configure_registries(
        registries: Set[_RegistryType], cascade: bool
    ) -> None:
        registry = util.preloaded.orm_decl_api.registry
    
        orig = set(registries)
    
        for reg in registry._recurse_with_dependencies(registries):
            has_skip = False
    
            for mapper in reg._mappers_to_configure():
                run_configure = None
    
                for fn in mapper.dispatch.before_mapper_configured:
                    run_configure = fn(mapper, mapper.class_)
                    if run_configure is EXT_SKIP:
                        has_skip = True
                        break
                if run_configure is EXT_SKIP:
                    continue
    
                if getattr(mapper, "_configure_failed", False):
                    e = sa_exc.InvalidRequestError(
                        "One or more mappers failed to initialize - "
                        "can't proceed with initialization of other "
                        "mappers. Triggering mapper: '%s'. "
                        "Original exception was: %s"
                        % (mapper, mapper._configure_failed)
                    )
                    e._configure_failed = mapper._configure_failed  # type: ignore
>                   raise e
E                   sqlalchemy.exc.InvalidRequestError: One or more mappers failed to initialize - can't proceed with initialization of other mappers. Triggering mapper: 'Mapper[Sprint(sprints)]'. Original exception was: Mapper 'Mapper[Project(projects)]' has no property 'sprints'.  If this property was indicated from other mappers or configure events, ensure registry.configure() has been called.

..\..\anaconda3\envs\scrumix\lib\site-packages\sqlalchemy\orm\mapper.py:4236: InvalidRequestError
____ ERROR at setup of TestBacklogEndpoints.test_delete_backlog_not_found _____

fixturedef = <FixtureDef argname='test_user' scope='function' baseid='backend/tests'>
request = <SubRequest 'test_user' for <Function test_delete_backlog_not_found>>

    @pytest.hookimpl(wrapper=True)
    def pytest_fixture_setup(fixturedef: FixtureDef, request) -> object | None:
        asyncio_mode = _get_asyncio_mode(request.config)
        if not _is_asyncio_fixture_function(fixturedef.func):
            if asyncio_mode == Mode.STRICT:
                # Ignore async fixtures without explicit asyncio mark in strict mode
                # This applies to pytest_trio fixtures, for example
>               return (yield)

..\..\anaconda3\envs\scrumix\lib\site-packages\pytest_asyncio\plugin.py:681: 
_ _ _ _ _ _ _ _ _ _ _ _ _ _ _ _ _ _ _ _ _ _ _ _ _ _ _ _ _ _ _ _ _ _ _ _ _ _ _ _
backend\tests\conftest.py:104: in test_user
    user = User(
..\..\anaconda3\envs\scrumix\lib\site-packages\sqlalchemy\orm\state.py:561: in _initialize_instance
    manager.dispatch.init(self, args, kwargs)
..\..\anaconda3\envs\scrumix\lib\site-packages\sqlalchemy\event\attr.py:487: in __call__
    fn(*args, **kw)
..\..\anaconda3\envs\scrumix\lib\site-packages\sqlalchemy\orm\mapper.py:4391: in _event_on_init
    instrumenting_mapper._check_configure()
..\..\anaconda3\envs\scrumix\lib\site-packages\sqlalchemy\orm\mapper.py:2386: in _check_configure
    _configure_registries({self.registry}, cascade=True)
..\..\anaconda3\envs\scrumix\lib\site-packages\sqlalchemy\orm\mapper.py:4199: in _configure_registries
    _do_configure_registries(registries, cascade)
_ _ _ _ _ _ _ _ _ _ _ _ _ _ _ _ _ _ _ _ _ _ _ _ _ _ _ _ _ _ _ _ _ _ _ _ _ _ _ _

registries = set(), cascade = True

    @util.preload_module("sqlalchemy.orm.decl_api")
    def _do_configure_registries(
        registries: Set[_RegistryType], cascade: bool
    ) -> None:
        registry = util.preloaded.orm_decl_api.registry
    
        orig = set(registries)
    
        for reg in registry._recurse_with_dependencies(registries):
            has_skip = False
    
            for mapper in reg._mappers_to_configure():
                run_configure = None
    
                for fn in mapper.dispatch.before_mapper_configured:
                    run_configure = fn(mapper, mapper.class_)
                    if run_configure is EXT_SKIP:
                        has_skip = True
                        break
                if run_configure is EXT_SKIP:
                    continue
    
                if getattr(mapper, "_configure_failed", False):
                    e = sa_exc.InvalidRequestError(
                        "One or more mappers failed to initialize - "
                        "can't proceed with initialization of other "
                        "mappers. Triggering mapper: '%s'. "
                        "Original exception was: %s"
                        % (mapper, mapper._configure_failed)
                    )
                    e._configure_failed = mapper._configure_failed  # type: ignore
>                   raise e
E                   sqlalchemy.exc.InvalidRequestError: One or more mappers failed to initialize - can't proceed with initialization of other mappers. Triggering mapper: 'Mapper[Sprint(sprints)]'. Original exception was: Mapper 'Mapper[Project(projects)]' has no property 'sprints'.  If this property was indicated from other mappers or configure events, ensure registry.configure() has been called.

..\..\anaconda3\envs\scrumix\lib\site-packages\sqlalchemy\orm\mapper.py:4236: InvalidRequestError
_ ERROR at setup of TestDocumentationEndpoints.test_get_documentations_success _

fixturedef = <FixtureDef argname='test_user' scope='function' baseid='backend/tests'>
request = <SubRequest 'test_user' for <Function test_get_documentations_success>>

    @pytest.hookimpl(wrapper=True)
    def pytest_fixture_setup(fixturedef: FixtureDef, request) -> object | None:
        asyncio_mode = _get_asyncio_mode(request.config)
        if not _is_asyncio_fixture_function(fixturedef.func):
            if asyncio_mode == Mode.STRICT:
                # Ignore async fixtures without explicit asyncio mark in strict mode
                # This applies to pytest_trio fixtures, for example
>               return (yield)

..\..\anaconda3\envs\scrumix\lib\site-packages\pytest_asyncio\plugin.py:681: 
_ _ _ _ _ _ _ _ _ _ _ _ _ _ _ _ _ _ _ _ _ _ _ _ _ _ _ _ _ _ _ _ _ _ _ _ _ _ _ _
backend\tests\conftest.py:104: in test_user
    user = User(
..\..\anaconda3\envs\scrumix\lib\site-packages\sqlalchemy\orm\state.py:561: in _initialize_instance
    manager.dispatch.init(self, args, kwargs)
..\..\anaconda3\envs\scrumix\lib\site-packages\sqlalchemy\event\attr.py:487: in __call__
    fn(*args, **kw)
..\..\anaconda3\envs\scrumix\lib\site-packages\sqlalchemy\orm\mapper.py:4391: in _event_on_init
    instrumenting_mapper._check_configure()
..\..\anaconda3\envs\scrumix\lib\site-packages\sqlalchemy\orm\mapper.py:2386: in _check_configure
    _configure_registries({self.registry}, cascade=True)
..\..\anaconda3\envs\scrumix\lib\site-packages\sqlalchemy\orm\mapper.py:4199: in _configure_registries
    _do_configure_registries(registries, cascade)
_ _ _ _ _ _ _ _ _ _ _ _ _ _ _ _ _ _ _ _ _ _ _ _ _ _ _ _ _ _ _ _ _ _ _ _ _ _ _ _

registries = set(), cascade = True

    @util.preload_module("sqlalchemy.orm.decl_api")
    def _do_configure_registries(
        registries: Set[_RegistryType], cascade: bool
    ) -> None:
        registry = util.preloaded.orm_decl_api.registry
    
        orig = set(registries)
    
        for reg in registry._recurse_with_dependencies(registries):
            has_skip = False
    
            for mapper in reg._mappers_to_configure():
                run_configure = None
    
                for fn in mapper.dispatch.before_mapper_configured:
                    run_configure = fn(mapper, mapper.class_)
                    if run_configure is EXT_SKIP:
                        has_skip = True
                        break
                if run_configure is EXT_SKIP:
                    continue
    
                if getattr(mapper, "_configure_failed", False):
                    e = sa_exc.InvalidRequestError(
                        "One or more mappers failed to initialize - "
                        "can't proceed with initialization of other "
                        "mappers. Triggering mapper: '%s'. "
                        "Original exception was: %s"
                        % (mapper, mapper._configure_failed)
                    )
                    e._configure_failed = mapper._configure_failed  # type: ignore
>                   raise e
E                   sqlalchemy.exc.InvalidRequestError: One or more mappers failed to initialize - can't proceed with initialization of other mappers. Triggering mapper: 'Mapper[Sprint(sprints)]'. Original exception was: Mapper 'Mapper[Project(projects)]' has no property 'sprints'.  If this property was indicated from other mappers or configure events, ensure registry.configure() has been called.

..\..\anaconda3\envs\scrumix\lib\site-packages\sqlalchemy\orm\mapper.py:4236: InvalidRequestError
_ ERROR at setup of TestDocumentationEndpoints.test_get_documentations_with_pagination _

fixturedef = <FixtureDef argname='test_user' scope='function' baseid='backend/tests'>
request = <SubRequest 'test_user' for <Function test_get_documentations_with_pagination>>

    @pytest.hookimpl(wrapper=True)
    def pytest_fixture_setup(fixturedef: FixtureDef, request) -> object | None:
        asyncio_mode = _get_asyncio_mode(request.config)
        if not _is_asyncio_fixture_function(fixturedef.func):
            if asyncio_mode == Mode.STRICT:
                # Ignore async fixtures without explicit asyncio mark in strict mode
                # This applies to pytest_trio fixtures, for example
>               return (yield)

..\..\anaconda3\envs\scrumix\lib\site-packages\pytest_asyncio\plugin.py:681: 
_ _ _ _ _ _ _ _ _ _ _ _ _ _ _ _ _ _ _ _ _ _ _ _ _ _ _ _ _ _ _ _ _ _ _ _ _ _ _ _
backend\tests\conftest.py:104: in test_user
    user = User(
..\..\anaconda3\envs\scrumix\lib\site-packages\sqlalchemy\orm\state.py:561: in _initialize_instance
    manager.dispatch.init(self, args, kwargs)
..\..\anaconda3\envs\scrumix\lib\site-packages\sqlalchemy\event\attr.py:487: in __call__
    fn(*args, **kw)
..\..\anaconda3\envs\scrumix\lib\site-packages\sqlalchemy\orm\mapper.py:4391: in _event_on_init
    instrumenting_mapper._check_configure()
..\..\anaconda3\envs\scrumix\lib\site-packages\sqlalchemy\orm\mapper.py:2386: in _check_configure
    _configure_registries({self.registry}, cascade=True)
..\..\anaconda3\envs\scrumix\lib\site-packages\sqlalchemy\orm\mapper.py:4199: in _configure_registries
    _do_configure_registries(registries, cascade)
_ _ _ _ _ _ _ _ _ _ _ _ _ _ _ _ _ _ _ _ _ _ _ _ _ _ _ _ _ _ _ _ _ _ _ _ _ _ _ _

registries = set(), cascade = True

    @util.preload_module("sqlalchemy.orm.decl_api")
    def _do_configure_registries(
        registries: Set[_RegistryType], cascade: bool
    ) -> None:
        registry = util.preloaded.orm_decl_api.registry
    
        orig = set(registries)
    
        for reg in registry._recurse_with_dependencies(registries):
            has_skip = False
    
            for mapper in reg._mappers_to_configure():
                run_configure = None
    
                for fn in mapper.dispatch.before_mapper_configured:
                    run_configure = fn(mapper, mapper.class_)
                    if run_configure is EXT_SKIP:
                        has_skip = True
                        break
                if run_configure is EXT_SKIP:
                    continue
    
                if getattr(mapper, "_configure_failed", False):
                    e = sa_exc.InvalidRequestError(
                        "One or more mappers failed to initialize - "
                        "can't proceed with initialization of other "
                        "mappers. Triggering mapper: '%s'. "
                        "Original exception was: %s"
                        % (mapper, mapper._configure_failed)
                    )
                    e._configure_failed = mapper._configure_failed  # type: ignore
>                   raise e
E                   sqlalchemy.exc.InvalidRequestError: One or more mappers failed to initialize - can't proceed with initialization of other mappers. Triggering mapper: 'Mapper[Sprint(sprints)]'. Original exception was: Mapper 'Mapper[Project(projects)]' has no property 'sprints'.  If this property was indicated from other mappers or configure events, ensure registry.configure() has been called.

..\..\anaconda3\envs\scrumix\lib\site-packages\sqlalchemy\orm\mapper.py:4236: InvalidRequestError
_ ERROR at setup of TestDocumentationEndpoints.test_get_documentations_with_type_filter _

fixturedef = <FixtureDef argname='test_user' scope='function' baseid='backend/tests'>
request = <SubRequest 'test_user' for <Function test_get_documentations_with_type_filter>>

    @pytest.hookimpl(wrapper=True)
    def pytest_fixture_setup(fixturedef: FixtureDef, request) -> object | None:
        asyncio_mode = _get_asyncio_mode(request.config)
        if not _is_asyncio_fixture_function(fixturedef.func):
            if asyncio_mode == Mode.STRICT:
                # Ignore async fixtures without explicit asyncio mark in strict mode
                # This applies to pytest_trio fixtures, for example
>               return (yield)

..\..\anaconda3\envs\scrumix\lib\site-packages\pytest_asyncio\plugin.py:681: 
_ _ _ _ _ _ _ _ _ _ _ _ _ _ _ _ _ _ _ _ _ _ _ _ _ _ _ _ _ _ _ _ _ _ _ _ _ _ _ _
backend\tests\conftest.py:104: in test_user
    user = User(
..\..\anaconda3\envs\scrumix\lib\site-packages\sqlalchemy\orm\state.py:561: in _initialize_instance
    manager.dispatch.init(self, args, kwargs)
..\..\anaconda3\envs\scrumix\lib\site-packages\sqlalchemy\event\attr.py:487: in __call__
    fn(*args, **kw)
..\..\anaconda3\envs\scrumix\lib\site-packages\sqlalchemy\orm\mapper.py:4391: in _event_on_init
    instrumenting_mapper._check_configure()
..\..\anaconda3\envs\scrumix\lib\site-packages\sqlalchemy\orm\mapper.py:2386: in _check_configure
    _configure_registries({self.registry}, cascade=True)
..\..\anaconda3\envs\scrumix\lib\site-packages\sqlalchemy\orm\mapper.py:4199: in _configure_registries
    _do_configure_registries(registries, cascade)
_ _ _ _ _ _ _ _ _ _ _ _ _ _ _ _ _ _ _ _ _ _ _ _ _ _ _ _ _ _ _ _ _ _ _ _ _ _ _ _

registries = set(), cascade = True

    @util.preload_module("sqlalchemy.orm.decl_api")
    def _do_configure_registries(
        registries: Set[_RegistryType], cascade: bool
    ) -> None:
        registry = util.preloaded.orm_decl_api.registry
    
        orig = set(registries)
    
        for reg in registry._recurse_with_dependencies(registries):
            has_skip = False
    
            for mapper in reg._mappers_to_configure():
                run_configure = None
    
                for fn in mapper.dispatch.before_mapper_configured:
                    run_configure = fn(mapper, mapper.class_)
                    if run_configure is EXT_SKIP:
                        has_skip = True
                        break
                if run_configure is EXT_SKIP:
                    continue
    
                if getattr(mapper, "_configure_failed", False):
                    e = sa_exc.InvalidRequestError(
                        "One or more mappers failed to initialize - "
                        "can't proceed with initialization of other "
                        "mappers. Triggering mapper: '%s'. "
                        "Original exception was: %s"
                        % (mapper, mapper._configure_failed)
                    )
                    e._configure_failed = mapper._configure_failed  # type: ignore
>                   raise e
E                   sqlalchemy.exc.InvalidRequestError: One or more mappers failed to initialize - can't proceed with initialization of other mappers. Triggering mapper: 'Mapper[Sprint(sprints)]'. Original exception was: Mapper 'Mapper[Project(projects)]' has no property 'sprints'.  If this property was indicated from other mappers or configure events, ensure registry.configure() has been called.

..\..\anaconda3\envs\scrumix\lib\site-packages\sqlalchemy\orm\mapper.py:4236: InvalidRequestError
_ ERROR at setup of TestDocumentationEndpoints.test_get_documentations_with_search _

fixturedef = <FixtureDef argname='test_user' scope='function' baseid='backend/tests'>
request = <SubRequest 'test_user' for <Function test_get_documentations_with_search>>

    @pytest.hookimpl(wrapper=True)
    def pytest_fixture_setup(fixturedef: FixtureDef, request) -> object | None:
        asyncio_mode = _get_asyncio_mode(request.config)
        if not _is_asyncio_fixture_function(fixturedef.func):
            if asyncio_mode == Mode.STRICT:
                # Ignore async fixtures without explicit asyncio mark in strict mode
                # This applies to pytest_trio fixtures, for example
>               return (yield)

..\..\anaconda3\envs\scrumix\lib\site-packages\pytest_asyncio\plugin.py:681: 
_ _ _ _ _ _ _ _ _ _ _ _ _ _ _ _ _ _ _ _ _ _ _ _ _ _ _ _ _ _ _ _ _ _ _ _ _ _ _ _
backend\tests\conftest.py:104: in test_user
    user = User(
..\..\anaconda3\envs\scrumix\lib\site-packages\sqlalchemy\orm\state.py:561: in _initialize_instance
    manager.dispatch.init(self, args, kwargs)
..\..\anaconda3\envs\scrumix\lib\site-packages\sqlalchemy\event\attr.py:487: in __call__
    fn(*args, **kw)
..\..\anaconda3\envs\scrumix\lib\site-packages\sqlalchemy\orm\mapper.py:4391: in _event_on_init
    instrumenting_mapper._check_configure()
..\..\anaconda3\envs\scrumix\lib\site-packages\sqlalchemy\orm\mapper.py:2386: in _check_configure
    _configure_registries({self.registry}, cascade=True)
..\..\anaconda3\envs\scrumix\lib\site-packages\sqlalchemy\orm\mapper.py:4199: in _configure_registries
    _do_configure_registries(registries, cascade)
_ _ _ _ _ _ _ _ _ _ _ _ _ _ _ _ _ _ _ _ _ _ _ _ _ _ _ _ _ _ _ _ _ _ _ _ _ _ _ _

registries = set(), cascade = True

    @util.preload_module("sqlalchemy.orm.decl_api")
    def _do_configure_registries(
        registries: Set[_RegistryType], cascade: bool
    ) -> None:
        registry = util.preloaded.orm_decl_api.registry
    
        orig = set(registries)
    
        for reg in registry._recurse_with_dependencies(registries):
            has_skip = False
    
            for mapper in reg._mappers_to_configure():
                run_configure = None
    
                for fn in mapper.dispatch.before_mapper_configured:
                    run_configure = fn(mapper, mapper.class_)
                    if run_configure is EXT_SKIP:
                        has_skip = True
                        break
                if run_configure is EXT_SKIP:
                    continue
    
                if getattr(mapper, "_configure_failed", False):
                    e = sa_exc.InvalidRequestError(
                        "One or more mappers failed to initialize - "
                        "can't proceed with initialization of other "
                        "mappers. Triggering mapper: '%s'. "
                        "Original exception was: %s"
                        % (mapper, mapper._configure_failed)
                    )
                    e._configure_failed = mapper._configure_failed  # type: ignore
>                   raise e
E                   sqlalchemy.exc.InvalidRequestError: One or more mappers failed to initialize - can't proceed with initialization of other mappers. Triggering mapper: 'Mapper[Sprint(sprints)]'. Original exception was: Mapper 'Mapper[Project(projects)]' has no property 'sprints'.  If this property was indicated from other mappers or configure events, ensure registry.configure() has been called.

..\..\anaconda3\envs\scrumix\lib\site-packages\sqlalchemy\orm\mapper.py:4236: InvalidRequestError
_ ERROR at setup of TestDocumentationEndpoints.test_create_documentation_success _

fixturedef = <FixtureDef argname='test_user' scope='function' baseid='backend/tests'>
request = <SubRequest 'test_user' for <Function test_create_documentation_success>>

    @pytest.hookimpl(wrapper=True)
    def pytest_fixture_setup(fixturedef: FixtureDef, request) -> object | None:
        asyncio_mode = _get_asyncio_mode(request.config)
        if not _is_asyncio_fixture_function(fixturedef.func):
            if asyncio_mode == Mode.STRICT:
                # Ignore async fixtures without explicit asyncio mark in strict mode
                # This applies to pytest_trio fixtures, for example
>               return (yield)

..\..\anaconda3\envs\scrumix\lib\site-packages\pytest_asyncio\plugin.py:681: 
_ _ _ _ _ _ _ _ _ _ _ _ _ _ _ _ _ _ _ _ _ _ _ _ _ _ _ _ _ _ _ _ _ _ _ _ _ _ _ _
backend\tests\conftest.py:104: in test_user
    user = User(
..\..\anaconda3\envs\scrumix\lib\site-packages\sqlalchemy\orm\state.py:561: in _initialize_instance
    manager.dispatch.init(self, args, kwargs)
..\..\anaconda3\envs\scrumix\lib\site-packages\sqlalchemy\event\attr.py:487: in __call__
    fn(*args, **kw)
..\..\anaconda3\envs\scrumix\lib\site-packages\sqlalchemy\orm\mapper.py:4391: in _event_on_init
    instrumenting_mapper._check_configure()
..\..\anaconda3\envs\scrumix\lib\site-packages\sqlalchemy\orm\mapper.py:2386: in _check_configure
    _configure_registries({self.registry}, cascade=True)
..\..\anaconda3\envs\scrumix\lib\site-packages\sqlalchemy\orm\mapper.py:4199: in _configure_registries
    _do_configure_registries(registries, cascade)
_ _ _ _ _ _ _ _ _ _ _ _ _ _ _ _ _ _ _ _ _ _ _ _ _ _ _ _ _ _ _ _ _ _ _ _ _ _ _ _

registries = set(), cascade = True

    @util.preload_module("sqlalchemy.orm.decl_api")
    def _do_configure_registries(
        registries: Set[_RegistryType], cascade: bool
    ) -> None:
        registry = util.preloaded.orm_decl_api.registry
    
        orig = set(registries)
    
        for reg in registry._recurse_with_dependencies(registries):
            has_skip = False
    
            for mapper in reg._mappers_to_configure():
                run_configure = None
    
                for fn in mapper.dispatch.before_mapper_configured:
                    run_configure = fn(mapper, mapper.class_)
                    if run_configure is EXT_SKIP:
                        has_skip = True
                        break
                if run_configure is EXT_SKIP:
                    continue
    
                if getattr(mapper, "_configure_failed", False):
                    e = sa_exc.InvalidRequestError(
                        "One or more mappers failed to initialize - "
                        "can't proceed with initialization of other "
                        "mappers. Triggering mapper: '%s'. "
                        "Original exception was: %s"
                        % (mapper, mapper._configure_failed)
                    )
                    e._configure_failed = mapper._configure_failed  # type: ignore
>                   raise e
E                   sqlalchemy.exc.InvalidRequestError: One or more mappers failed to initialize - can't proceed with initialization of other mappers. Triggering mapper: 'Mapper[Sprint(sprints)]'. Original exception was: Mapper 'Mapper[Project(projects)]' has no property 'sprints'.  If this property was indicated from other mappers or configure events, ensure registry.configure() has been called.

..\..\anaconda3\envs\scrumix\lib\site-packages\sqlalchemy\orm\mapper.py:4236: InvalidRequestError
_ ERROR at setup of TestDocumentationEndpoints.test_create_documentation_invalid_data _

fixturedef = <FixtureDef argname='test_user' scope='function' baseid='backend/tests'>
request = <SubRequest 'test_user' for <Function test_create_documentation_invalid_data>>

    @pytest.hookimpl(wrapper=True)
    def pytest_fixture_setup(fixturedef: FixtureDef, request) -> object | None:
        asyncio_mode = _get_asyncio_mode(request.config)
        if not _is_asyncio_fixture_function(fixturedef.func):
            if asyncio_mode == Mode.STRICT:
                # Ignore async fixtures without explicit asyncio mark in strict mode
                # This applies to pytest_trio fixtures, for example
>               return (yield)

..\..\anaconda3\envs\scrumix\lib\site-packages\pytest_asyncio\plugin.py:681: 
_ _ _ _ _ _ _ _ _ _ _ _ _ _ _ _ _ _ _ _ _ _ _ _ _ _ _ _ _ _ _ _ _ _ _ _ _ _ _ _
backend\tests\conftest.py:104: in test_user
    user = User(
..\..\anaconda3\envs\scrumix\lib\site-packages\sqlalchemy\orm\state.py:561: in _initialize_instance
    manager.dispatch.init(self, args, kwargs)
..\..\anaconda3\envs\scrumix\lib\site-packages\sqlalchemy\event\attr.py:487: in __call__
    fn(*args, **kw)
..\..\anaconda3\envs\scrumix\lib\site-packages\sqlalchemy\orm\mapper.py:4391: in _event_on_init
    instrumenting_mapper._check_configure()
..\..\anaconda3\envs\scrumix\lib\site-packages\sqlalchemy\orm\mapper.py:2386: in _check_configure
    _configure_registries({self.registry}, cascade=True)
..\..\anaconda3\envs\scrumix\lib\site-packages\sqlalchemy\orm\mapper.py:4199: in _configure_registries
    _do_configure_registries(registries, cascade)
_ _ _ _ _ _ _ _ _ _ _ _ _ _ _ _ _ _ _ _ _ _ _ _ _ _ _ _ _ _ _ _ _ _ _ _ _ _ _ _

registries = set(), cascade = True

    @util.preload_module("sqlalchemy.orm.decl_api")
    def _do_configure_registries(
        registries: Set[_RegistryType], cascade: bool
    ) -> None:
        registry = util.preloaded.orm_decl_api.registry
    
        orig = set(registries)
    
        for reg in registry._recurse_with_dependencies(registries):
            has_skip = False
    
            for mapper in reg._mappers_to_configure():
                run_configure = None
    
                for fn in mapper.dispatch.before_mapper_configured:
                    run_configure = fn(mapper, mapper.class_)
                    if run_configure is EXT_SKIP:
                        has_skip = True
                        break
                if run_configure is EXT_SKIP:
                    continue
    
                if getattr(mapper, "_configure_failed", False):
                    e = sa_exc.InvalidRequestError(
                        "One or more mappers failed to initialize - "
                        "can't proceed with initialization of other "
                        "mappers. Triggering mapper: '%s'. "
                        "Original exception was: %s"
                        % (mapper, mapper._configure_failed)
                    )
                    e._configure_failed = mapper._configure_failed  # type: ignore
>                   raise e
E                   sqlalchemy.exc.InvalidRequestError: One or more mappers failed to initialize - can't proceed with initialization of other mappers. Triggering mapper: 'Mapper[Sprint(sprints)]'. Original exception was: Mapper 'Mapper[Project(projects)]' has no property 'sprints'.  If this property was indicated from other mappers or configure events, ensure registry.configure() has been called.

..\..\anaconda3\envs\scrumix\lib\site-packages\sqlalchemy\orm\mapper.py:4236: InvalidRequestError
_ ERROR at setup of TestDocumentationEndpoints.test_create_documentation_invalid_type _

fixturedef = <FixtureDef argname='test_user' scope='function' baseid='backend/tests'>
request = <SubRequest 'test_user' for <Function test_create_documentation_invalid_type>>

    @pytest.hookimpl(wrapper=True)
    def pytest_fixture_setup(fixturedef: FixtureDef, request) -> object | None:
        asyncio_mode = _get_asyncio_mode(request.config)
        if not _is_asyncio_fixture_function(fixturedef.func):
            if asyncio_mode == Mode.STRICT:
                # Ignore async fixtures without explicit asyncio mark in strict mode
                # This applies to pytest_trio fixtures, for example
>               return (yield)

..\..\anaconda3\envs\scrumix\lib\site-packages\pytest_asyncio\plugin.py:681: 
_ _ _ _ _ _ _ _ _ _ _ _ _ _ _ _ _ _ _ _ _ _ _ _ _ _ _ _ _ _ _ _ _ _ _ _ _ _ _ _
backend\tests\conftest.py:104: in test_user
    user = User(
..\..\anaconda3\envs\scrumix\lib\site-packages\sqlalchemy\orm\state.py:561: in _initialize_instance
    manager.dispatch.init(self, args, kwargs)
..\..\anaconda3\envs\scrumix\lib\site-packages\sqlalchemy\event\attr.py:487: in __call__
    fn(*args, **kw)
..\..\anaconda3\envs\scrumix\lib\site-packages\sqlalchemy\orm\mapper.py:4391: in _event_on_init
    instrumenting_mapper._check_configure()
..\..\anaconda3\envs\scrumix\lib\site-packages\sqlalchemy\orm\mapper.py:2386: in _check_configure
    _configure_registries({self.registry}, cascade=True)
..\..\anaconda3\envs\scrumix\lib\site-packages\sqlalchemy\orm\mapper.py:4199: in _configure_registries
    _do_configure_registries(registries, cascade)
_ _ _ _ _ _ _ _ _ _ _ _ _ _ _ _ _ _ _ _ _ _ _ _ _ _ _ _ _ _ _ _ _ _ _ _ _ _ _ _

registries = set(), cascade = True

    @util.preload_module("sqlalchemy.orm.decl_api")
    def _do_configure_registries(
        registries: Set[_RegistryType], cascade: bool
    ) -> None:
        registry = util.preloaded.orm_decl_api.registry
    
        orig = set(registries)
    
        for reg in registry._recurse_with_dependencies(registries):
            has_skip = False
    
            for mapper in reg._mappers_to_configure():
                run_configure = None
    
                for fn in mapper.dispatch.before_mapper_configured:
                    run_configure = fn(mapper, mapper.class_)
                    if run_configure is EXT_SKIP:
                        has_skip = True
                        break
                if run_configure is EXT_SKIP:
                    continue
    
                if getattr(mapper, "_configure_failed", False):
                    e = sa_exc.InvalidRequestError(
                        "One or more mappers failed to initialize - "
                        "can't proceed with initialization of other "
                        "mappers. Triggering mapper: '%s'. "
                        "Original exception was: %s"
                        % (mapper, mapper._configure_failed)
                    )
                    e._configure_failed = mapper._configure_failed  # type: ignore
>                   raise e
E                   sqlalchemy.exc.InvalidRequestError: One or more mappers failed to initialize - can't proceed with initialization of other mappers. Triggering mapper: 'Mapper[Sprint(sprints)]'. Original exception was: Mapper 'Mapper[Project(projects)]' has no property 'sprints'.  If this property was indicated from other mappers or configure events, ensure registry.configure() has been called.

..\..\anaconda3\envs\scrumix\lib\site-packages\sqlalchemy\orm\mapper.py:4236: InvalidRequestError
_ ERROR at setup of TestDocumentationEndpoints.test_get_documentation_by_id_success _

fixturedef = <FixtureDef argname='test_user' scope='function' baseid='backend/tests'>
request = <SubRequest 'test_user' for <Function test_get_documentation_by_id_success>>

    @pytest.hookimpl(wrapper=True)
    def pytest_fixture_setup(fixturedef: FixtureDef, request) -> object | None:
        asyncio_mode = _get_asyncio_mode(request.config)
        if not _is_asyncio_fixture_function(fixturedef.func):
            if asyncio_mode == Mode.STRICT:
                # Ignore async fixtures without explicit asyncio mark in strict mode
                # This applies to pytest_trio fixtures, for example
>               return (yield)

..\..\anaconda3\envs\scrumix\lib\site-packages\pytest_asyncio\plugin.py:681: 
_ _ _ _ _ _ _ _ _ _ _ _ _ _ _ _ _ _ _ _ _ _ _ _ _ _ _ _ _ _ _ _ _ _ _ _ _ _ _ _
backend\tests\conftest.py:104: in test_user
    user = User(
..\..\anaconda3\envs\scrumix\lib\site-packages\sqlalchemy\orm\state.py:561: in _initialize_instance
    manager.dispatch.init(self, args, kwargs)
..\..\anaconda3\envs\scrumix\lib\site-packages\sqlalchemy\event\attr.py:487: in __call__
    fn(*args, **kw)
..\..\anaconda3\envs\scrumix\lib\site-packages\sqlalchemy\orm\mapper.py:4391: in _event_on_init
    instrumenting_mapper._check_configure()
..\..\anaconda3\envs\scrumix\lib\site-packages\sqlalchemy\orm\mapper.py:2386: in _check_configure
    _configure_registries({self.registry}, cascade=True)
..\..\anaconda3\envs\scrumix\lib\site-packages\sqlalchemy\orm\mapper.py:4199: in _configure_registries
    _do_configure_registries(registries, cascade)
_ _ _ _ _ _ _ _ _ _ _ _ _ _ _ _ _ _ _ _ _ _ _ _ _ _ _ _ _ _ _ _ _ _ _ _ _ _ _ _

registries = set(), cascade = True

    @util.preload_module("sqlalchemy.orm.decl_api")
    def _do_configure_registries(
        registries: Set[_RegistryType], cascade: bool
    ) -> None:
        registry = util.preloaded.orm_decl_api.registry
    
        orig = set(registries)
    
        for reg in registry._recurse_with_dependencies(registries):
            has_skip = False
    
            for mapper in reg._mappers_to_configure():
                run_configure = None
    
                for fn in mapper.dispatch.before_mapper_configured:
                    run_configure = fn(mapper, mapper.class_)
                    if run_configure is EXT_SKIP:
                        has_skip = True
                        break
                if run_configure is EXT_SKIP:
                    continue
    
                if getattr(mapper, "_configure_failed", False):
                    e = sa_exc.InvalidRequestError(
                        "One or more mappers failed to initialize - "
                        "can't proceed with initialization of other "
                        "mappers. Triggering mapper: '%s'. "
                        "Original exception was: %s"
                        % (mapper, mapper._configure_failed)
                    )
                    e._configure_failed = mapper._configure_failed  # type: ignore
>                   raise e
E                   sqlalchemy.exc.InvalidRequestError: One or more mappers failed to initialize - can't proceed with initialization of other mappers. Triggering mapper: 'Mapper[Sprint(sprints)]'. Original exception was: Mapper 'Mapper[Project(projects)]' has no property 'sprints'.  If this property was indicated from other mappers or configure events, ensure registry.configure() has been called.

..\..\anaconda3\envs\scrumix\lib\site-packages\sqlalchemy\orm\mapper.py:4236: InvalidRequestError
_ ERROR at setup of TestDocumentationEndpoints.test_get_documentation_by_id_not_found _

fixturedef = <FixtureDef argname='test_user' scope='function' baseid='backend/tests'>
request = <SubRequest 'test_user' for <Function test_get_documentation_by_id_not_found>>

    @pytest.hookimpl(wrapper=True)
    def pytest_fixture_setup(fixturedef: FixtureDef, request) -> object | None:
        asyncio_mode = _get_asyncio_mode(request.config)
        if not _is_asyncio_fixture_function(fixturedef.func):
            if asyncio_mode == Mode.STRICT:
                # Ignore async fixtures without explicit asyncio mark in strict mode
                # This applies to pytest_trio fixtures, for example
>               return (yield)

..\..\anaconda3\envs\scrumix\lib\site-packages\pytest_asyncio\plugin.py:681: 
_ _ _ _ _ _ _ _ _ _ _ _ _ _ _ _ _ _ _ _ _ _ _ _ _ _ _ _ _ _ _ _ _ _ _ _ _ _ _ _
backend\tests\conftest.py:104: in test_user
    user = User(
..\..\anaconda3\envs\scrumix\lib\site-packages\sqlalchemy\orm\state.py:561: in _initialize_instance
    manager.dispatch.init(self, args, kwargs)
..\..\anaconda3\envs\scrumix\lib\site-packages\sqlalchemy\event\attr.py:487: in __call__
    fn(*args, **kw)
..\..\anaconda3\envs\scrumix\lib\site-packages\sqlalchemy\orm\mapper.py:4391: in _event_on_init
    instrumenting_mapper._check_configure()
..\..\anaconda3\envs\scrumix\lib\site-packages\sqlalchemy\orm\mapper.py:2386: in _check_configure
    _configure_registries({self.registry}, cascade=True)
..\..\anaconda3\envs\scrumix\lib\site-packages\sqlalchemy\orm\mapper.py:4199: in _configure_registries
    _do_configure_registries(registries, cascade)
_ _ _ _ _ _ _ _ _ _ _ _ _ _ _ _ _ _ _ _ _ _ _ _ _ _ _ _ _ _ _ _ _ _ _ _ _ _ _ _

registries = set(), cascade = True

    @util.preload_module("sqlalchemy.orm.decl_api")
    def _do_configure_registries(
        registries: Set[_RegistryType], cascade: bool
    ) -> None:
        registry = util.preloaded.orm_decl_api.registry
    
        orig = set(registries)
    
        for reg in registry._recurse_with_dependencies(registries):
            has_skip = False
    
            for mapper in reg._mappers_to_configure():
                run_configure = None
    
                for fn in mapper.dispatch.before_mapper_configured:
                    run_configure = fn(mapper, mapper.class_)
                    if run_configure is EXT_SKIP:
                        has_skip = True
                        break
                if run_configure is EXT_SKIP:
                    continue
    
                if getattr(mapper, "_configure_failed", False):
                    e = sa_exc.InvalidRequestError(
                        "One or more mappers failed to initialize - "
                        "can't proceed with initialization of other "
                        "mappers. Triggering mapper: '%s'. "
                        "Original exception was: %s"
                        % (mapper, mapper._configure_failed)
                    )
                    e._configure_failed = mapper._configure_failed  # type: ignore
>                   raise e
E                   sqlalchemy.exc.InvalidRequestError: One or more mappers failed to initialize - can't proceed with initialization of other mappers. Triggering mapper: 'Mapper[Sprint(sprints)]'. Original exception was: Mapper 'Mapper[Project(projects)]' has no property 'sprints'.  If this property was indicated from other mappers or configure events, ensure registry.configure() has been called.

..\..\anaconda3\envs\scrumix\lib\site-packages\sqlalchemy\orm\mapper.py:4236: InvalidRequestError
_ ERROR at setup of TestDocumentationEndpoints.test_update_documentation_success _

fixturedef = <FixtureDef argname='test_user' scope='function' baseid='backend/tests'>
request = <SubRequest 'test_user' for <Function test_update_documentation_success>>

    @pytest.hookimpl(wrapper=True)
    def pytest_fixture_setup(fixturedef: FixtureDef, request) -> object | None:
        asyncio_mode = _get_asyncio_mode(request.config)
        if not _is_asyncio_fixture_function(fixturedef.func):
            if asyncio_mode == Mode.STRICT:
                # Ignore async fixtures without explicit asyncio mark in strict mode
                # This applies to pytest_trio fixtures, for example
>               return (yield)

..\..\anaconda3\envs\scrumix\lib\site-packages\pytest_asyncio\plugin.py:681: 
_ _ _ _ _ _ _ _ _ _ _ _ _ _ _ _ _ _ _ _ _ _ _ _ _ _ _ _ _ _ _ _ _ _ _ _ _ _ _ _
backend\tests\conftest.py:104: in test_user
    user = User(
..\..\anaconda3\envs\scrumix\lib\site-packages\sqlalchemy\orm\state.py:561: in _initialize_instance
    manager.dispatch.init(self, args, kwargs)
..\..\anaconda3\envs\scrumix\lib\site-packages\sqlalchemy\event\attr.py:487: in __call__
    fn(*args, **kw)
..\..\anaconda3\envs\scrumix\lib\site-packages\sqlalchemy\orm\mapper.py:4391: in _event_on_init
    instrumenting_mapper._check_configure()
..\..\anaconda3\envs\scrumix\lib\site-packages\sqlalchemy\orm\mapper.py:2386: in _check_configure
    _configure_registries({self.registry}, cascade=True)
..\..\anaconda3\envs\scrumix\lib\site-packages\sqlalchemy\orm\mapper.py:4199: in _configure_registries
    _do_configure_registries(registries, cascade)
_ _ _ _ _ _ _ _ _ _ _ _ _ _ _ _ _ _ _ _ _ _ _ _ _ _ _ _ _ _ _ _ _ _ _ _ _ _ _ _

registries = set(), cascade = True

    @util.preload_module("sqlalchemy.orm.decl_api")
    def _do_configure_registries(
        registries: Set[_RegistryType], cascade: bool
    ) -> None:
        registry = util.preloaded.orm_decl_api.registry
    
        orig = set(registries)
    
        for reg in registry._recurse_with_dependencies(registries):
            has_skip = False
    
            for mapper in reg._mappers_to_configure():
                run_configure = None
    
                for fn in mapper.dispatch.before_mapper_configured:
                    run_configure = fn(mapper, mapper.class_)
                    if run_configure is EXT_SKIP:
                        has_skip = True
                        break
                if run_configure is EXT_SKIP:
                    continue
    
                if getattr(mapper, "_configure_failed", False):
                    e = sa_exc.InvalidRequestError(
                        "One or more mappers failed to initialize - "
                        "can't proceed with initialization of other "
                        "mappers. Triggering mapper: '%s'. "
                        "Original exception was: %s"
                        % (mapper, mapper._configure_failed)
                    )
                    e._configure_failed = mapper._configure_failed  # type: ignore
>                   raise e
E                   sqlalchemy.exc.InvalidRequestError: One or more mappers failed to initialize - can't proceed with initialization of other mappers. Triggering mapper: 'Mapper[Sprint(sprints)]'. Original exception was: Mapper 'Mapper[Project(projects)]' has no property 'sprints'.  If this property was indicated from other mappers or configure events, ensure registry.configure() has been called.

..\..\anaconda3\envs\scrumix\lib\site-packages\sqlalchemy\orm\mapper.py:4236: InvalidRequestError
_ ERROR at setup of TestDocumentationEndpoints.test_update_documentation_not_found _

fixturedef = <FixtureDef argname='test_user' scope='function' baseid='backend/tests'>
request = <SubRequest 'test_user' for <Function test_update_documentation_not_found>>

    @pytest.hookimpl(wrapper=True)
    def pytest_fixture_setup(fixturedef: FixtureDef, request) -> object | None:
        asyncio_mode = _get_asyncio_mode(request.config)
        if not _is_asyncio_fixture_function(fixturedef.func):
            if asyncio_mode == Mode.STRICT:
                # Ignore async fixtures without explicit asyncio mark in strict mode
                # This applies to pytest_trio fixtures, for example
>               return (yield)

..\..\anaconda3\envs\scrumix\lib\site-packages\pytest_asyncio\plugin.py:681: 
_ _ _ _ _ _ _ _ _ _ _ _ _ _ _ _ _ _ _ _ _ _ _ _ _ _ _ _ _ _ _ _ _ _ _ _ _ _ _ _
backend\tests\conftest.py:104: in test_user
    user = User(
..\..\anaconda3\envs\scrumix\lib\site-packages\sqlalchemy\orm\state.py:561: in _initialize_instance
    manager.dispatch.init(self, args, kwargs)
..\..\anaconda3\envs\scrumix\lib\site-packages\sqlalchemy\event\attr.py:487: in __call__
    fn(*args, **kw)
..\..\anaconda3\envs\scrumix\lib\site-packages\sqlalchemy\orm\mapper.py:4391: in _event_on_init
    instrumenting_mapper._check_configure()
..\..\anaconda3\envs\scrumix\lib\site-packages\sqlalchemy\orm\mapper.py:2386: in _check_configure
    _configure_registries({self.registry}, cascade=True)
..\..\anaconda3\envs\scrumix\lib\site-packages\sqlalchemy\orm\mapper.py:4199: in _configure_registries
    _do_configure_registries(registries, cascade)
_ _ _ _ _ _ _ _ _ _ _ _ _ _ _ _ _ _ _ _ _ _ _ _ _ _ _ _ _ _ _ _ _ _ _ _ _ _ _ _

registries = set(), cascade = True

    @util.preload_module("sqlalchemy.orm.decl_api")
    def _do_configure_registries(
        registries: Set[_RegistryType], cascade: bool
    ) -> None:
        registry = util.preloaded.orm_decl_api.registry
    
        orig = set(registries)
    
        for reg in registry._recurse_with_dependencies(registries):
            has_skip = False
    
            for mapper in reg._mappers_to_configure():
                run_configure = None
    
                for fn in mapper.dispatch.before_mapper_configured:
                    run_configure = fn(mapper, mapper.class_)
                    if run_configure is EXT_SKIP:
                        has_skip = True
                        break
                if run_configure is EXT_SKIP:
                    continue
    
                if getattr(mapper, "_configure_failed", False):
                    e = sa_exc.InvalidRequestError(
                        "One or more mappers failed to initialize - "
                        "can't proceed with initialization of other "
                        "mappers. Triggering mapper: '%s'. "
                        "Original exception was: %s"
                        % (mapper, mapper._configure_failed)
                    )
                    e._configure_failed = mapper._configure_failed  # type: ignore
>                   raise e
E                   sqlalchemy.exc.InvalidRequestError: One or more mappers failed to initialize - can't proceed with initialization of other mappers. Triggering mapper: 'Mapper[Sprint(sprints)]'. Original exception was: Mapper 'Mapper[Project(projects)]' has no property 'sprints'.  If this property was indicated from other mappers or configure events, ensure registry.configure() has been called.

..\..\anaconda3\envs\scrumix\lib\site-packages\sqlalchemy\orm\mapper.py:4236: InvalidRequestError
_ ERROR at setup of TestDocumentationEndpoints.test_delete_documentation_success _

fixturedef = <FixtureDef argname='test_user' scope='function' baseid='backend/tests'>
request = <SubRequest 'test_user' for <Function test_delete_documentation_success>>

    @pytest.hookimpl(wrapper=True)
    def pytest_fixture_setup(fixturedef: FixtureDef, request) -> object | None:
        asyncio_mode = _get_asyncio_mode(request.config)
        if not _is_asyncio_fixture_function(fixturedef.func):
            if asyncio_mode == Mode.STRICT:
                # Ignore async fixtures without explicit asyncio mark in strict mode
                # This applies to pytest_trio fixtures, for example
>               return (yield)

..\..\anaconda3\envs\scrumix\lib\site-packages\pytest_asyncio\plugin.py:681: 
_ _ _ _ _ _ _ _ _ _ _ _ _ _ _ _ _ _ _ _ _ _ _ _ _ _ _ _ _ _ _ _ _ _ _ _ _ _ _ _
backend\tests\conftest.py:104: in test_user
    user = User(
..\..\anaconda3\envs\scrumix\lib\site-packages\sqlalchemy\orm\state.py:561: in _initialize_instance
    manager.dispatch.init(self, args, kwargs)
..\..\anaconda3\envs\scrumix\lib\site-packages\sqlalchemy\event\attr.py:487: in __call__
    fn(*args, **kw)
..\..\anaconda3\envs\scrumix\lib\site-packages\sqlalchemy\orm\mapper.py:4391: in _event_on_init
    instrumenting_mapper._check_configure()
..\..\anaconda3\envs\scrumix\lib\site-packages\sqlalchemy\orm\mapper.py:2386: in _check_configure
    _configure_registries({self.registry}, cascade=True)
..\..\anaconda3\envs\scrumix\lib\site-packages\sqlalchemy\orm\mapper.py:4199: in _configure_registries
    _do_configure_registries(registries, cascade)
_ _ _ _ _ _ _ _ _ _ _ _ _ _ _ _ _ _ _ _ _ _ _ _ _ _ _ _ _ _ _ _ _ _ _ _ _ _ _ _

registries = set(), cascade = True

    @util.preload_module("sqlalchemy.orm.decl_api")
    def _do_configure_registries(
        registries: Set[_RegistryType], cascade: bool
    ) -> None:
        registry = util.preloaded.orm_decl_api.registry
    
        orig = set(registries)
    
        for reg in registry._recurse_with_dependencies(registries):
            has_skip = False
    
            for mapper in reg._mappers_to_configure():
                run_configure = None
    
                for fn in mapper.dispatch.before_mapper_configured:
                    run_configure = fn(mapper, mapper.class_)
                    if run_configure is EXT_SKIP:
                        has_skip = True
                        break
                if run_configure is EXT_SKIP:
                    continue
    
                if getattr(mapper, "_configure_failed", False):
                    e = sa_exc.InvalidRequestError(
                        "One or more mappers failed to initialize - "
                        "can't proceed with initialization of other "
                        "mappers. Triggering mapper: '%s'. "
                        "Original exception was: %s"
                        % (mapper, mapper._configure_failed)
                    )
                    e._configure_failed = mapper._configure_failed  # type: ignore
>                   raise e
E                   sqlalchemy.exc.InvalidRequestError: One or more mappers failed to initialize - can't proceed with initialization of other mappers. Triggering mapper: 'Mapper[Sprint(sprints)]'. Original exception was: Mapper 'Mapper[Project(projects)]' has no property 'sprints'.  If this property was indicated from other mappers or configure events, ensure registry.configure() has been called.

..\..\anaconda3\envs\scrumix\lib\site-packages\sqlalchemy\orm\mapper.py:4236: InvalidRequestError
_ ERROR at setup of TestDocumentationEndpoints.test_delete_documentation_not_found _

fixturedef = <FixtureDef argname='test_user' scope='function' baseid='backend/tests'>
request = <SubRequest 'test_user' for <Function test_delete_documentation_not_found>>

    @pytest.hookimpl(wrapper=True)
    def pytest_fixture_setup(fixturedef: FixtureDef, request) -> object | None:
        asyncio_mode = _get_asyncio_mode(request.config)
        if not _is_asyncio_fixture_function(fixturedef.func):
            if asyncio_mode == Mode.STRICT:
                # Ignore async fixtures without explicit asyncio mark in strict mode
                # This applies to pytest_trio fixtures, for example
>               return (yield)

..\..\anaconda3\envs\scrumix\lib\site-packages\pytest_asyncio\plugin.py:681: 
_ _ _ _ _ _ _ _ _ _ _ _ _ _ _ _ _ _ _ _ _ _ _ _ _ _ _ _ _ _ _ _ _ _ _ _ _ _ _ _
backend\tests\conftest.py:104: in test_user
    user = User(
..\..\anaconda3\envs\scrumix\lib\site-packages\sqlalchemy\orm\state.py:561: in _initialize_instance
    manager.dispatch.init(self, args, kwargs)
..\..\anaconda3\envs\scrumix\lib\site-packages\sqlalchemy\event\attr.py:487: in __call__
    fn(*args, **kw)
..\..\anaconda3\envs\scrumix\lib\site-packages\sqlalchemy\orm\mapper.py:4391: in _event_on_init
    instrumenting_mapper._check_configure()
..\..\anaconda3\envs\scrumix\lib\site-packages\sqlalchemy\orm\mapper.py:2386: in _check_configure
    _configure_registries({self.registry}, cascade=True)
..\..\anaconda3\envs\scrumix\lib\site-packages\sqlalchemy\orm\mapper.py:4199: in _configure_registries
    _do_configure_registries(registries, cascade)
_ _ _ _ _ _ _ _ _ _ _ _ _ _ _ _ _ _ _ _ _ _ _ _ _ _ _ _ _ _ _ _ _ _ _ _ _ _ _ _

registries = set(), cascade = True

    @util.preload_module("sqlalchemy.orm.decl_api")
    def _do_configure_registries(
        registries: Set[_RegistryType], cascade: bool
    ) -> None:
        registry = util.preloaded.orm_decl_api.registry
    
        orig = set(registries)
    
        for reg in registry._recurse_with_dependencies(registries):
            has_skip = False
    
            for mapper in reg._mappers_to_configure():
                run_configure = None
    
                for fn in mapper.dispatch.before_mapper_configured:
                    run_configure = fn(mapper, mapper.class_)
                    if run_configure is EXT_SKIP:
                        has_skip = True
                        break
                if run_configure is EXT_SKIP:
                    continue
    
                if getattr(mapper, "_configure_failed", False):
                    e = sa_exc.InvalidRequestError(
                        "One or more mappers failed to initialize - "
                        "can't proceed with initialization of other "
                        "mappers. Triggering mapper: '%s'. "
                        "Original exception was: %s"
                        % (mapper, mapper._configure_failed)
                    )
                    e._configure_failed = mapper._configure_failed  # type: ignore
>                   raise e
E                   sqlalchemy.exc.InvalidRequestError: One or more mappers failed to initialize - can't proceed with initialization of other mappers. Triggering mapper: 'Mapper[Sprint(sprints)]'. Original exception was: Mapper 'Mapper[Project(projects)]' has no property 'sprints'.  If this property was indicated from other mappers or configure events, ensure registry.configure() has been called.

..\..\anaconda3\envs\scrumix\lib\site-packages\sqlalchemy\orm\mapper.py:4236: InvalidRequestError
_ ERROR at setup of TestDocumentationEndpoints.test_get_documentations_by_type _

fixturedef = <FixtureDef argname='test_user' scope='function' baseid='backend/tests'>
request = <SubRequest 'test_user' for <Function test_get_documentations_by_type>>

    @pytest.hookimpl(wrapper=True)
    def pytest_fixture_setup(fixturedef: FixtureDef, request) -> object | None:
        asyncio_mode = _get_asyncio_mode(request.config)
        if not _is_asyncio_fixture_function(fixturedef.func):
            if asyncio_mode == Mode.STRICT:
                # Ignore async fixtures without explicit asyncio mark in strict mode
                # This applies to pytest_trio fixtures, for example
>               return (yield)

..\..\anaconda3\envs\scrumix\lib\site-packages\pytest_asyncio\plugin.py:681: 
_ _ _ _ _ _ _ _ _ _ _ _ _ _ _ _ _ _ _ _ _ _ _ _ _ _ _ _ _ _ _ _ _ _ _ _ _ _ _ _
backend\tests\conftest.py:104: in test_user
    user = User(
..\..\anaconda3\envs\scrumix\lib\site-packages\sqlalchemy\orm\state.py:561: in _initialize_instance
    manager.dispatch.init(self, args, kwargs)
..\..\anaconda3\envs\scrumix\lib\site-packages\sqlalchemy\event\attr.py:487: in __call__
    fn(*args, **kw)
..\..\anaconda3\envs\scrumix\lib\site-packages\sqlalchemy\orm\mapper.py:4391: in _event_on_init
    instrumenting_mapper._check_configure()
..\..\anaconda3\envs\scrumix\lib\site-packages\sqlalchemy\orm\mapper.py:2386: in _check_configure
    _configure_registries({self.registry}, cascade=True)
..\..\anaconda3\envs\scrumix\lib\site-packages\sqlalchemy\orm\mapper.py:4199: in _configure_registries
    _do_configure_registries(registries, cascade)
_ _ _ _ _ _ _ _ _ _ _ _ _ _ _ _ _ _ _ _ _ _ _ _ _ _ _ _ _ _ _ _ _ _ _ _ _ _ _ _

registries = set(), cascade = True

    @util.preload_module("sqlalchemy.orm.decl_api")
    def _do_configure_registries(
        registries: Set[_RegistryType], cascade: bool
    ) -> None:
        registry = util.preloaded.orm_decl_api.registry
    
        orig = set(registries)
    
        for reg in registry._recurse_with_dependencies(registries):
            has_skip = False
    
            for mapper in reg._mappers_to_configure():
                run_configure = None
    
                for fn in mapper.dispatch.before_mapper_configured:
                    run_configure = fn(mapper, mapper.class_)
                    if run_configure is EXT_SKIP:
                        has_skip = True
                        break
                if run_configure is EXT_SKIP:
                    continue
    
                if getattr(mapper, "_configure_failed", False):
                    e = sa_exc.InvalidRequestError(
                        "One or more mappers failed to initialize - "
                        "can't proceed with initialization of other "
                        "mappers. Triggering mapper: '%s'. "
                        "Original exception was: %s"
                        % (mapper, mapper._configure_failed)
                    )
                    e._configure_failed = mapper._configure_failed  # type: ignore
>                   raise e
E                   sqlalchemy.exc.InvalidRequestError: One or more mappers failed to initialize - can't proceed with initialization of other mappers. Triggering mapper: 'Mapper[Sprint(sprints)]'. Original exception was: Mapper 'Mapper[Project(projects)]' has no property 'sprints'.  If this property was indicated from other mappers or configure events, ensure registry.configure() has been called.

..\..\anaconda3\envs\scrumix\lib\site-packages\sqlalchemy\orm\mapper.py:4236: InvalidRequestError
_ ERROR at setup of TestDocumentationEndpoints.test_get_documentations_by_type_with_pagination _

fixturedef = <FixtureDef argname='test_user' scope='function' baseid='backend/tests'>
request = <SubRequest 'test_user' for <Function test_get_documentations_by_type_with_pagination>>

    @pytest.hookimpl(wrapper=True)
    def pytest_fixture_setup(fixturedef: FixtureDef, request) -> object | None:
        asyncio_mode = _get_asyncio_mode(request.config)
        if not _is_asyncio_fixture_function(fixturedef.func):
            if asyncio_mode == Mode.STRICT:
                # Ignore async fixtures without explicit asyncio mark in strict mode
                # This applies to pytest_trio fixtures, for example
>               return (yield)

..\..\anaconda3\envs\scrumix\lib\site-packages\pytest_asyncio\plugin.py:681: 
_ _ _ _ _ _ _ _ _ _ _ _ _ _ _ _ _ _ _ _ _ _ _ _ _ _ _ _ _ _ _ _ _ _ _ _ _ _ _ _
backend\tests\conftest.py:104: in test_user
    user = User(
..\..\anaconda3\envs\scrumix\lib\site-packages\sqlalchemy\orm\state.py:561: in _initialize_instance
    manager.dispatch.init(self, args, kwargs)
..\..\anaconda3\envs\scrumix\lib\site-packages\sqlalchemy\event\attr.py:487: in __call__
    fn(*args, **kw)
..\..\anaconda3\envs\scrumix\lib\site-packages\sqlalchemy\orm\mapper.py:4391: in _event_on_init
    instrumenting_mapper._check_configure()
..\..\anaconda3\envs\scrumix\lib\site-packages\sqlalchemy\orm\mapper.py:2386: in _check_configure
    _configure_registries({self.registry}, cascade=True)
..\..\anaconda3\envs\scrumix\lib\site-packages\sqlalchemy\orm\mapper.py:4199: in _configure_registries
    _do_configure_registries(registries, cascade)
_ _ _ _ _ _ _ _ _ _ _ _ _ _ _ _ _ _ _ _ _ _ _ _ _ _ _ _ _ _ _ _ _ _ _ _ _ _ _ _

registries = set(), cascade = True

    @util.preload_module("sqlalchemy.orm.decl_api")
    def _do_configure_registries(
        registries: Set[_RegistryType], cascade: bool
    ) -> None:
        registry = util.preloaded.orm_decl_api.registry
    
        orig = set(registries)
    
        for reg in registry._recurse_with_dependencies(registries):
            has_skip = False
    
            for mapper in reg._mappers_to_configure():
                run_configure = None
    
                for fn in mapper.dispatch.before_mapper_configured:
                    run_configure = fn(mapper, mapper.class_)
                    if run_configure is EXT_SKIP:
                        has_skip = True
                        break
                if run_configure is EXT_SKIP:
                    continue
    
                if getattr(mapper, "_configure_failed", False):
                    e = sa_exc.InvalidRequestError(
                        "One or more mappers failed to initialize - "
                        "can't proceed with initialization of other "
                        "mappers. Triggering mapper: '%s'. "
                        "Original exception was: %s"
                        % (mapper, mapper._configure_failed)
                    )
                    e._configure_failed = mapper._configure_failed  # type: ignore
>                   raise e
E                   sqlalchemy.exc.InvalidRequestError: One or more mappers failed to initialize - can't proceed with initialization of other mappers. Triggering mapper: 'Mapper[Sprint(sprints)]'. Original exception was: Mapper 'Mapper[Project(projects)]' has no property 'sprints'.  If this property was indicated from other mappers or configure events, ensure registry.configure() has been called.

..\..\anaconda3\envs\scrumix\lib\site-packages\sqlalchemy\orm\mapper.py:4236: InvalidRequestError
_ ERROR at setup of TestDocumentationEndpoints.test_search_documentation_by_file_url _

fixturedef = <FixtureDef argname='test_user' scope='function' baseid='backend/tests'>
request = <SubRequest 'test_user' for <Function test_search_documentation_by_file_url>>

    @pytest.hookimpl(wrapper=True)
    def pytest_fixture_setup(fixturedef: FixtureDef, request) -> object | None:
        asyncio_mode = _get_asyncio_mode(request.config)
        if not _is_asyncio_fixture_function(fixturedef.func):
            if asyncio_mode == Mode.STRICT:
                # Ignore async fixtures without explicit asyncio mark in strict mode
                # This applies to pytest_trio fixtures, for example
>               return (yield)

..\..\anaconda3\envs\scrumix\lib\site-packages\pytest_asyncio\plugin.py:681: 
_ _ _ _ _ _ _ _ _ _ _ _ _ _ _ _ _ _ _ _ _ _ _ _ _ _ _ _ _ _ _ _ _ _ _ _ _ _ _ _
backend\tests\conftest.py:104: in test_user
    user = User(
..\..\anaconda3\envs\scrumix\lib\site-packages\sqlalchemy\orm\state.py:561: in _initialize_instance
    manager.dispatch.init(self, args, kwargs)
..\..\anaconda3\envs\scrumix\lib\site-packages\sqlalchemy\event\attr.py:487: in __call__
    fn(*args, **kw)
..\..\anaconda3\envs\scrumix\lib\site-packages\sqlalchemy\orm\mapper.py:4391: in _event_on_init
    instrumenting_mapper._check_configure()
..\..\anaconda3\envs\scrumix\lib\site-packages\sqlalchemy\orm\mapper.py:2386: in _check_configure
    _configure_registries({self.registry}, cascade=True)
..\..\anaconda3\envs\scrumix\lib\site-packages\sqlalchemy\orm\mapper.py:4199: in _configure_registries
    _do_configure_registries(registries, cascade)
_ _ _ _ _ _ _ _ _ _ _ _ _ _ _ _ _ _ _ _ _ _ _ _ _ _ _ _ _ _ _ _ _ _ _ _ _ _ _ _

registries = set(), cascade = True

    @util.preload_module("sqlalchemy.orm.decl_api")
    def _do_configure_registries(
        registries: Set[_RegistryType], cascade: bool
    ) -> None:
        registry = util.preloaded.orm_decl_api.registry
    
        orig = set(registries)
    
        for reg in registry._recurse_with_dependencies(registries):
            has_skip = False
    
            for mapper in reg._mappers_to_configure():
                run_configure = None
    
                for fn in mapper.dispatch.before_mapper_configured:
                    run_configure = fn(mapper, mapper.class_)
                    if run_configure is EXT_SKIP:
                        has_skip = True
                        break
                if run_configure is EXT_SKIP:
                    continue
    
                if getattr(mapper, "_configure_failed", False):
                    e = sa_exc.InvalidRequestError(
                        "One or more mappers failed to initialize - "
                        "can't proceed with initialization of other "
                        "mappers. Triggering mapper: '%s'. "
                        "Original exception was: %s"
                        % (mapper, mapper._configure_failed)
                    )
                    e._configure_failed = mapper._configure_failed  # type: ignore
>                   raise e
E                   sqlalchemy.exc.InvalidRequestError: One or more mappers failed to initialize - can't proceed with initialization of other mappers. Triggering mapper: 'Mapper[Sprint(sprints)]'. Original exception was: Mapper 'Mapper[Project(projects)]' has no property 'sprints'.  If this property was indicated from other mappers or configure events, ensure registry.configure() has been called.

..\..\anaconda3\envs\scrumix\lib\site-packages\sqlalchemy\orm\mapper.py:4236: InvalidRequestError
_ ERROR at setup of TestDocumentationEndpoints.test_search_documentation_by_file_url_with_pagination _

fixturedef = <FixtureDef argname='test_user' scope='function' baseid='backend/tests'>
request = <SubRequest 'test_user' for <Function test_search_documentation_by_file_url_with_pagination>>

    @pytest.hookimpl(wrapper=True)
    def pytest_fixture_setup(fixturedef: FixtureDef, request) -> object | None:
        asyncio_mode = _get_asyncio_mode(request.config)
        if not _is_asyncio_fixture_function(fixturedef.func):
            if asyncio_mode == Mode.STRICT:
                # Ignore async fixtures without explicit asyncio mark in strict mode
                # This applies to pytest_trio fixtures, for example
>               return (yield)

..\..\anaconda3\envs\scrumix\lib\site-packages\pytest_asyncio\plugin.py:681: 
_ _ _ _ _ _ _ _ _ _ _ _ _ _ _ _ _ _ _ _ _ _ _ _ _ _ _ _ _ _ _ _ _ _ _ _ _ _ _ _
backend\tests\conftest.py:104: in test_user
    user = User(
..\..\anaconda3\envs\scrumix\lib\site-packages\sqlalchemy\orm\state.py:561: in _initialize_instance
    manager.dispatch.init(self, args, kwargs)
..\..\anaconda3\envs\scrumix\lib\site-packages\sqlalchemy\event\attr.py:487: in __call__
    fn(*args, **kw)
..\..\anaconda3\envs\scrumix\lib\site-packages\sqlalchemy\orm\mapper.py:4391: in _event_on_init
    instrumenting_mapper._check_configure()
..\..\anaconda3\envs\scrumix\lib\site-packages\sqlalchemy\orm\mapper.py:2386: in _check_configure
    _configure_registries({self.registry}, cascade=True)
..\..\anaconda3\envs\scrumix\lib\site-packages\sqlalchemy\orm\mapper.py:4199: in _configure_registries
    _do_configure_registries(registries, cascade)
_ _ _ _ _ _ _ _ _ _ _ _ _ _ _ _ _ _ _ _ _ _ _ _ _ _ _ _ _ _ _ _ _ _ _ _ _ _ _ _

registries = set(), cascade = True

    @util.preload_module("sqlalchemy.orm.decl_api")
    def _do_configure_registries(
        registries: Set[_RegistryType], cascade: bool
    ) -> None:
        registry = util.preloaded.orm_decl_api.registry
    
        orig = set(registries)
    
        for reg in registry._recurse_with_dependencies(registries):
            has_skip = False
    
            for mapper in reg._mappers_to_configure():
                run_configure = None
    
                for fn in mapper.dispatch.before_mapper_configured:
                    run_configure = fn(mapper, mapper.class_)
                    if run_configure is EXT_SKIP:
                        has_skip = True
                        break
                if run_configure is EXT_SKIP:
                    continue
    
                if getattr(mapper, "_configure_failed", False):
                    e = sa_exc.InvalidRequestError(
                        "One or more mappers failed to initialize - "
                        "can't proceed with initialization of other "
                        "mappers. Triggering mapper: '%s'. "
                        "Original exception was: %s"
                        % (mapper, mapper._configure_failed)
                    )
                    e._configure_failed = mapper._configure_failed  # type: ignore
>                   raise e
E                   sqlalchemy.exc.InvalidRequestError: One or more mappers failed to initialize - can't proceed with initialization of other mappers. Triggering mapper: 'Mapper[Sprint(sprints)]'. Original exception was: Mapper 'Mapper[Project(projects)]' has no property 'sprints'.  If this property was indicated from other mappers or configure events, ensure registry.configure() has been called.

..\..\anaconda3\envs\scrumix\lib\site-packages\sqlalchemy\orm\mapper.py:4236: InvalidRequestError
_ ERROR at setup of TestDocumentationEndpoints.test_get_recent_documentations _

fixturedef = <FixtureDef argname='test_user' scope='function' baseid='backend/tests'>
request = <SubRequest 'test_user' for <Function test_get_recent_documentations>>

    @pytest.hookimpl(wrapper=True)
    def pytest_fixture_setup(fixturedef: FixtureDef, request) -> object | None:
        asyncio_mode = _get_asyncio_mode(request.config)
        if not _is_asyncio_fixture_function(fixturedef.func):
            if asyncio_mode == Mode.STRICT:
                # Ignore async fixtures without explicit asyncio mark in strict mode
                # This applies to pytest_trio fixtures, for example
>               return (yield)

..\..\anaconda3\envs\scrumix\lib\site-packages\pytest_asyncio\plugin.py:681: 
_ _ _ _ _ _ _ _ _ _ _ _ _ _ _ _ _ _ _ _ _ _ _ _ _ _ _ _ _ _ _ _ _ _ _ _ _ _ _ _
backend\tests\conftest.py:104: in test_user
    user = User(
..\..\anaconda3\envs\scrumix\lib\site-packages\sqlalchemy\orm\state.py:561: in _initialize_instance
    manager.dispatch.init(self, args, kwargs)
..\..\anaconda3\envs\scrumix\lib\site-packages\sqlalchemy\event\attr.py:487: in __call__
    fn(*args, **kw)
..\..\anaconda3\envs\scrumix\lib\site-packages\sqlalchemy\orm\mapper.py:4391: in _event_on_init
    instrumenting_mapper._check_configure()
..\..\anaconda3\envs\scrumix\lib\site-packages\sqlalchemy\orm\mapper.py:2386: in _check_configure
    _configure_registries({self.registry}, cascade=True)
..\..\anaconda3\envs\scrumix\lib\site-packages\sqlalchemy\orm\mapper.py:4199: in _configure_registries
    _do_configure_registries(registries, cascade)
_ _ _ _ _ _ _ _ _ _ _ _ _ _ _ _ _ _ _ _ _ _ _ _ _ _ _ _ _ _ _ _ _ _ _ _ _ _ _ _

registries = set(), cascade = True

    @util.preload_module("sqlalchemy.orm.decl_api")
    def _do_configure_registries(
        registries: Set[_RegistryType], cascade: bool
    ) -> None:
        registry = util.preloaded.orm_decl_api.registry
    
        orig = set(registries)
    
        for reg in registry._recurse_with_dependencies(registries):
            has_skip = False
    
            for mapper in reg._mappers_to_configure():
                run_configure = None
    
                for fn in mapper.dispatch.before_mapper_configured:
                    run_configure = fn(mapper, mapper.class_)
                    if run_configure is EXT_SKIP:
                        has_skip = True
                        break
                if run_configure is EXT_SKIP:
                    continue
    
                if getattr(mapper, "_configure_failed", False):
                    e = sa_exc.InvalidRequestError(
                        "One or more mappers failed to initialize - "
                        "can't proceed with initialization of other "
                        "mappers. Triggering mapper: '%s'. "
                        "Original exception was: %s"
                        % (mapper, mapper._configure_failed)
                    )
                    e._configure_failed = mapper._configure_failed  # type: ignore
>                   raise e
E                   sqlalchemy.exc.InvalidRequestError: One or more mappers failed to initialize - can't proceed with initialization of other mappers. Triggering mapper: 'Mapper[Sprint(sprints)]'. Original exception was: Mapper 'Mapper[Project(projects)]' has no property 'sprints'.  If this property was indicated from other mappers or configure events, ensure registry.configure() has been called.

..\..\anaconda3\envs\scrumix\lib\site-packages\sqlalchemy\orm\mapper.py:4236: InvalidRequestError
_ ERROR at setup of TestDocumentationEndpoints.test_get_recent_documentations_with_days _

fixturedef = <FixtureDef argname='test_user' scope='function' baseid='backend/tests'>
request = <SubRequest 'test_user' for <Function test_get_recent_documentations_with_days>>

    @pytest.hookimpl(wrapper=True)
    def pytest_fixture_setup(fixturedef: FixtureDef, request) -> object | None:
        asyncio_mode = _get_asyncio_mode(request.config)
        if not _is_asyncio_fixture_function(fixturedef.func):
            if asyncio_mode == Mode.STRICT:
                # Ignore async fixtures without explicit asyncio mark in strict mode
                # This applies to pytest_trio fixtures, for example
>               return (yield)

..\..\anaconda3\envs\scrumix\lib\site-packages\pytest_asyncio\plugin.py:681: 
_ _ _ _ _ _ _ _ _ _ _ _ _ _ _ _ _ _ _ _ _ _ _ _ _ _ _ _ _ _ _ _ _ _ _ _ _ _ _ _
backend\tests\conftest.py:104: in test_user
    user = User(
..\..\anaconda3\envs\scrumix\lib\site-packages\sqlalchemy\orm\state.py:561: in _initialize_instance
    manager.dispatch.init(self, args, kwargs)
..\..\anaconda3\envs\scrumix\lib\site-packages\sqlalchemy\event\attr.py:487: in __call__
    fn(*args, **kw)
..\..\anaconda3\envs\scrumix\lib\site-packages\sqlalchemy\orm\mapper.py:4391: in _event_on_init
    instrumenting_mapper._check_configure()
..\..\anaconda3\envs\scrumix\lib\site-packages\sqlalchemy\orm\mapper.py:2386: in _check_configure
    _configure_registries({self.registry}, cascade=True)
..\..\anaconda3\envs\scrumix\lib\site-packages\sqlalchemy\orm\mapper.py:4199: in _configure_registries
    _do_configure_registries(registries, cascade)
_ _ _ _ _ _ _ _ _ _ _ _ _ _ _ _ _ _ _ _ _ _ _ _ _ _ _ _ _ _ _ _ _ _ _ _ _ _ _ _

registries = set(), cascade = True

    @util.preload_module("sqlalchemy.orm.decl_api")
    def _do_configure_registries(
        registries: Set[_RegistryType], cascade: bool
    ) -> None:
        registry = util.preloaded.orm_decl_api.registry
    
        orig = set(registries)
    
        for reg in registry._recurse_with_dependencies(registries):
            has_skip = False
    
            for mapper in reg._mappers_to_configure():
                run_configure = None
    
                for fn in mapper.dispatch.before_mapper_configured:
                    run_configure = fn(mapper, mapper.class_)
                    if run_configure is EXT_SKIP:
                        has_skip = True
                        break
                if run_configure is EXT_SKIP:
                    continue
    
                if getattr(mapper, "_configure_failed", False):
                    e = sa_exc.InvalidRequestError(
                        "One or more mappers failed to initialize - "
                        "can't proceed with initialization of other "
                        "mappers. Triggering mapper: '%s'. "
                        "Original exception was: %s"
                        % (mapper, mapper._configure_failed)
                    )
                    e._configure_failed = mapper._configure_failed  # type: ignore
>                   raise e
E                   sqlalchemy.exc.InvalidRequestError: One or more mappers failed to initialize - can't proceed with initialization of other mappers. Triggering mapper: 'Mapper[Sprint(sprints)]'. Original exception was: Mapper 'Mapper[Project(projects)]' has no property 'sprints'.  If this property was indicated from other mappers or configure events, ensure registry.configure() has been called.

..\..\anaconda3\envs\scrumix\lib\site-packages\sqlalchemy\orm\mapper.py:4236: InvalidRequestError
_ ERROR at setup of TestDocumentationEndpoints.test_get_recent_documentations_with_limit _

fixturedef = <FixtureDef argname='test_user' scope='function' baseid='backend/tests'>
request = <SubRequest 'test_user' for <Function test_get_recent_documentations_with_limit>>

    @pytest.hookimpl(wrapper=True)
    def pytest_fixture_setup(fixturedef: FixtureDef, request) -> object | None:
        asyncio_mode = _get_asyncio_mode(request.config)
        if not _is_asyncio_fixture_function(fixturedef.func):
            if asyncio_mode == Mode.STRICT:
                # Ignore async fixtures without explicit asyncio mark in strict mode
                # This applies to pytest_trio fixtures, for example
>               return (yield)

..\..\anaconda3\envs\scrumix\lib\site-packages\pytest_asyncio\plugin.py:681: 
_ _ _ _ _ _ _ _ _ _ _ _ _ _ _ _ _ _ _ _ _ _ _ _ _ _ _ _ _ _ _ _ _ _ _ _ _ _ _ _
backend\tests\conftest.py:104: in test_user
    user = User(
..\..\anaconda3\envs\scrumix\lib\site-packages\sqlalchemy\orm\state.py:561: in _initialize_instance
    manager.dispatch.init(self, args, kwargs)
..\..\anaconda3\envs\scrumix\lib\site-packages\sqlalchemy\event\attr.py:487: in __call__
    fn(*args, **kw)
..\..\anaconda3\envs\scrumix\lib\site-packages\sqlalchemy\orm\mapper.py:4391: in _event_on_init
    instrumenting_mapper._check_configure()
..\..\anaconda3\envs\scrumix\lib\site-packages\sqlalchemy\orm\mapper.py:2386: in _check_configure
    _configure_registries({self.registry}, cascade=True)
..\..\anaconda3\envs\scrumix\lib\site-packages\sqlalchemy\orm\mapper.py:4199: in _configure_registries
    _do_configure_registries(registries, cascade)
_ _ _ _ _ _ _ _ _ _ _ _ _ _ _ _ _ _ _ _ _ _ _ _ _ _ _ _ _ _ _ _ _ _ _ _ _ _ _ _

registries = set(), cascade = True

    @util.preload_module("sqlalchemy.orm.decl_api")
    def _do_configure_registries(
        registries: Set[_RegistryType], cascade: bool
    ) -> None:
        registry = util.preloaded.orm_decl_api.registry
    
        orig = set(registries)
    
        for reg in registry._recurse_with_dependencies(registries):
            has_skip = False
    
            for mapper in reg._mappers_to_configure():
                run_configure = None
    
                for fn in mapper.dispatch.before_mapper_configured:
                    run_configure = fn(mapper, mapper.class_)
                    if run_configure is EXT_SKIP:
                        has_skip = True
                        break
                if run_configure is EXT_SKIP:
                    continue
    
                if getattr(mapper, "_configure_failed", False):
                    e = sa_exc.InvalidRequestError(
                        "One or more mappers failed to initialize - "
                        "can't proceed with initialization of other "
                        "mappers. Triggering mapper: '%s'. "
                        "Original exception was: %s"
                        % (mapper, mapper._configure_failed)
                    )
                    e._configure_failed = mapper._configure_failed  # type: ignore
>                   raise e
E                   sqlalchemy.exc.InvalidRequestError: One or more mappers failed to initialize - can't proceed with initialization of other mappers. Triggering mapper: 'Mapper[Sprint(sprints)]'. Original exception was: Mapper 'Mapper[Project(projects)]' has no property 'sprints'.  If this property was indicated from other mappers or configure events, ensure registry.configure() has been called.

..\..\anaconda3\envs\scrumix\lib\site-packages\sqlalchemy\orm\mapper.py:4236: InvalidRequestError
_ ERROR at setup of TestDocumentationEndpoints.test_get_documentation_statistics _

fixturedef = <FixtureDef argname='test_user' scope='function' baseid='backend/tests'>
request = <SubRequest 'test_user' for <Function test_get_documentation_statistics>>

    @pytest.hookimpl(wrapper=True)
    def pytest_fixture_setup(fixturedef: FixtureDef, request) -> object | None:
        asyncio_mode = _get_asyncio_mode(request.config)
        if not _is_asyncio_fixture_function(fixturedef.func):
            if asyncio_mode == Mode.STRICT:
                # Ignore async fixtures without explicit asyncio mark in strict mode
                # This applies to pytest_trio fixtures, for example
>               return (yield)

..\..\anaconda3\envs\scrumix\lib\site-packages\pytest_asyncio\plugin.py:681: 
_ _ _ _ _ _ _ _ _ _ _ _ _ _ _ _ _ _ _ _ _ _ _ _ _ _ _ _ _ _ _ _ _ _ _ _ _ _ _ _
backend\tests\conftest.py:104: in test_user
    user = User(
..\..\anaconda3\envs\scrumix\lib\site-packages\sqlalchemy\orm\state.py:561: in _initialize_instance
    manager.dispatch.init(self, args, kwargs)
..\..\anaconda3\envs\scrumix\lib\site-packages\sqlalchemy\event\attr.py:487: in __call__
    fn(*args, **kw)
..\..\anaconda3\envs\scrumix\lib\site-packages\sqlalchemy\orm\mapper.py:4391: in _event_on_init
    instrumenting_mapper._check_configure()
..\..\anaconda3\envs\scrumix\lib\site-packages\sqlalchemy\orm\mapper.py:2386: in _check_configure
    _configure_registries({self.registry}, cascade=True)
..\..\anaconda3\envs\scrumix\lib\site-packages\sqlalchemy\orm\mapper.py:4199: in _configure_registries
    _do_configure_registries(registries, cascade)
_ _ _ _ _ _ _ _ _ _ _ _ _ _ _ _ _ _ _ _ _ _ _ _ _ _ _ _ _ _ _ _ _ _ _ _ _ _ _ _

registries = set(), cascade = True

    @util.preload_module("sqlalchemy.orm.decl_api")
    def _do_configure_registries(
        registries: Set[_RegistryType], cascade: bool
    ) -> None:
        registry = util.preloaded.orm_decl_api.registry
    
        orig = set(registries)
    
        for reg in registry._recurse_with_dependencies(registries):
            has_skip = False
    
            for mapper in reg._mappers_to_configure():
                run_configure = None
    
                for fn in mapper.dispatch.before_mapper_configured:
                    run_configure = fn(mapper, mapper.class_)
                    if run_configure is EXT_SKIP:
                        has_skip = True
                        break
                if run_configure is EXT_SKIP:
                    continue
    
                if getattr(mapper, "_configure_failed", False):
                    e = sa_exc.InvalidRequestError(
                        "One or more mappers failed to initialize - "
                        "can't proceed with initialization of other "
                        "mappers. Triggering mapper: '%s'. "
                        "Original exception was: %s"
                        % (mapper, mapper._configure_failed)
                    )
                    e._configure_failed = mapper._configure_failed  # type: ignore
>                   raise e
E                   sqlalchemy.exc.InvalidRequestError: One or more mappers failed to initialize - can't proceed with initialization of other mappers. Triggering mapper: 'Mapper[Sprint(sprints)]'. Original exception was: Mapper 'Mapper[Project(projects)]' has no property 'sprints'.  If this property was indicated from other mappers or configure events, ensure registry.configure() has been called.

..\..\anaconda3\envs\scrumix\lib\site-packages\sqlalchemy\orm\mapper.py:4236: InvalidRequestError
_ ERROR at setup of TestMeetingActionItemEndpoints.test_get_meeting_action_items_success _

fixturedef = <FixtureDef argname='test_user' scope='function' baseid='backend/tests'>
request = <SubRequest 'test_user' for <Function test_get_meeting_action_items_success>>

    @pytest.hookimpl(wrapper=True)
    def pytest_fixture_setup(fixturedef: FixtureDef, request) -> object | None:
        asyncio_mode = _get_asyncio_mode(request.config)
        if not _is_asyncio_fixture_function(fixturedef.func):
            if asyncio_mode == Mode.STRICT:
                # Ignore async fixtures without explicit asyncio mark in strict mode
                # This applies to pytest_trio fixtures, for example
>               return (yield)

..\..\anaconda3\envs\scrumix\lib\site-packages\pytest_asyncio\plugin.py:681: 
_ _ _ _ _ _ _ _ _ _ _ _ _ _ _ _ _ _ _ _ _ _ _ _ _ _ _ _ _ _ _ _ _ _ _ _ _ _ _ _
backend\tests\conftest.py:104: in test_user
    user = User(
..\..\anaconda3\envs\scrumix\lib\site-packages\sqlalchemy\orm\state.py:561: in _initialize_instance
    manager.dispatch.init(self, args, kwargs)
..\..\anaconda3\envs\scrumix\lib\site-packages\sqlalchemy\event\attr.py:487: in __call__
    fn(*args, **kw)
..\..\anaconda3\envs\scrumix\lib\site-packages\sqlalchemy\orm\mapper.py:4391: in _event_on_init
    instrumenting_mapper._check_configure()
..\..\anaconda3\envs\scrumix\lib\site-packages\sqlalchemy\orm\mapper.py:2386: in _check_configure
    _configure_registries({self.registry}, cascade=True)
..\..\anaconda3\envs\scrumix\lib\site-packages\sqlalchemy\orm\mapper.py:4199: in _configure_registries
    _do_configure_registries(registries, cascade)
_ _ _ _ _ _ _ _ _ _ _ _ _ _ _ _ _ _ _ _ _ _ _ _ _ _ _ _ _ _ _ _ _ _ _ _ _ _ _ _

registries = set(), cascade = True

    @util.preload_module("sqlalchemy.orm.decl_api")
    def _do_configure_registries(
        registries: Set[_RegistryType], cascade: bool
    ) -> None:
        registry = util.preloaded.orm_decl_api.registry
    
        orig = set(registries)
    
        for reg in registry._recurse_with_dependencies(registries):
            has_skip = False
    
            for mapper in reg._mappers_to_configure():
                run_configure = None
    
                for fn in mapper.dispatch.before_mapper_configured:
                    run_configure = fn(mapper, mapper.class_)
                    if run_configure is EXT_SKIP:
                        has_skip = True
                        break
                if run_configure is EXT_SKIP:
                    continue
    
                if getattr(mapper, "_configure_failed", False):
                    e = sa_exc.InvalidRequestError(
                        "One or more mappers failed to initialize - "
                        "can't proceed with initialization of other "
                        "mappers. Triggering mapper: '%s'. "
                        "Original exception was: %s"
                        % (mapper, mapper._configure_failed)
                    )
                    e._configure_failed = mapper._configure_failed  # type: ignore
>                   raise e
E                   sqlalchemy.exc.InvalidRequestError: One or more mappers failed to initialize - can't proceed with initialization of other mappers. Triggering mapper: 'Mapper[Sprint(sprints)]'. Original exception was: Mapper 'Mapper[Project(projects)]' has no property 'sprints'.  If this property was indicated from other mappers or configure events, ensure registry.configure() has been called.

..\..\anaconda3\envs\scrumix\lib\site-packages\sqlalchemy\orm\mapper.py:4236: InvalidRequestError
_ ERROR at setup of TestMeetingActionItemEndpoints.test_get_meeting_action_items_with_pagination _

fixturedef = <FixtureDef argname='test_user' scope='function' baseid='backend/tests'>
request = <SubRequest 'test_user' for <Function test_get_meeting_action_items_with_pagination>>

    @pytest.hookimpl(wrapper=True)
    def pytest_fixture_setup(fixturedef: FixtureDef, request) -> object | None:
        asyncio_mode = _get_asyncio_mode(request.config)
        if not _is_asyncio_fixture_function(fixturedef.func):
            if asyncio_mode == Mode.STRICT:
                # Ignore async fixtures without explicit asyncio mark in strict mode
                # This applies to pytest_trio fixtures, for example
>               return (yield)

..\..\anaconda3\envs\scrumix\lib\site-packages\pytest_asyncio\plugin.py:681: 
_ _ _ _ _ _ _ _ _ _ _ _ _ _ _ _ _ _ _ _ _ _ _ _ _ _ _ _ _ _ _ _ _ _ _ _ _ _ _ _
backend\tests\conftest.py:104: in test_user
    user = User(
..\..\anaconda3\envs\scrumix\lib\site-packages\sqlalchemy\orm\state.py:561: in _initialize_instance
    manager.dispatch.init(self, args, kwargs)
..\..\anaconda3\envs\scrumix\lib\site-packages\sqlalchemy\event\attr.py:487: in __call__
    fn(*args, **kw)
..\..\anaconda3\envs\scrumix\lib\site-packages\sqlalchemy\orm\mapper.py:4391: in _event_on_init
    instrumenting_mapper._check_configure()
..\..\anaconda3\envs\scrumix\lib\site-packages\sqlalchemy\orm\mapper.py:2386: in _check_configure
    _configure_registries({self.registry}, cascade=True)
..\..\anaconda3\envs\scrumix\lib\site-packages\sqlalchemy\orm\mapper.py:4199: in _configure_registries
    _do_configure_registries(registries, cascade)
_ _ _ _ _ _ _ _ _ _ _ _ _ _ _ _ _ _ _ _ _ _ _ _ _ _ _ _ _ _ _ _ _ _ _ _ _ _ _ _

registries = set(), cascade = True

    @util.preload_module("sqlalchemy.orm.decl_api")
    def _do_configure_registries(
        registries: Set[_RegistryType], cascade: bool
    ) -> None:
        registry = util.preloaded.orm_decl_api.registry
    
        orig = set(registries)
    
        for reg in registry._recurse_with_dependencies(registries):
            has_skip = False
    
            for mapper in reg._mappers_to_configure():
                run_configure = None
    
                for fn in mapper.dispatch.before_mapper_configured:
                    run_configure = fn(mapper, mapper.class_)
                    if run_configure is EXT_SKIP:
                        has_skip = True
                        break
                if run_configure is EXT_SKIP:
                    continue
    
                if getattr(mapper, "_configure_failed", False):
                    e = sa_exc.InvalidRequestError(
                        "One or more mappers failed to initialize - "
                        "can't proceed with initialization of other "
                        "mappers. Triggering mapper: '%s'. "
                        "Original exception was: %s"
                        % (mapper, mapper._configure_failed)
                    )
                    e._configure_failed = mapper._configure_failed  # type: ignore
>                   raise e
E                   sqlalchemy.exc.InvalidRequestError: One or more mappers failed to initialize - can't proceed with initialization of other mappers. Triggering mapper: 'Mapper[Sprint(sprints)]'. Original exception was: Mapper 'Mapper[Project(projects)]' has no property 'sprints'.  If this property was indicated from other mappers or configure events, ensure registry.configure() has been called.

..\..\anaconda3\envs\scrumix\lib\site-packages\sqlalchemy\orm\mapper.py:4236: InvalidRequestError
_ ERROR at setup of TestMeetingActionItemEndpoints.test_get_meeting_action_items_with_meeting_filter _

fixturedef = <FixtureDef argname='test_user' scope='function' baseid='backend/tests'>
request = <SubRequest 'test_user' for <Function test_get_meeting_action_items_with_meeting_filter>>

    @pytest.hookimpl(wrapper=True)
    def pytest_fixture_setup(fixturedef: FixtureDef, request) -> object | None:
        asyncio_mode = _get_asyncio_mode(request.config)
        if not _is_asyncio_fixture_function(fixturedef.func):
            if asyncio_mode == Mode.STRICT:
                # Ignore async fixtures without explicit asyncio mark in strict mode
                # This applies to pytest_trio fixtures, for example
>               return (yield)

..\..\anaconda3\envs\scrumix\lib\site-packages\pytest_asyncio\plugin.py:681: 
_ _ _ _ _ _ _ _ _ _ _ _ _ _ _ _ _ _ _ _ _ _ _ _ _ _ _ _ _ _ _ _ _ _ _ _ _ _ _ _
backend\tests\conftest.py:104: in test_user
    user = User(
..\..\anaconda3\envs\scrumix\lib\site-packages\sqlalchemy\orm\state.py:561: in _initialize_instance
    manager.dispatch.init(self, args, kwargs)
..\..\anaconda3\envs\scrumix\lib\site-packages\sqlalchemy\event\attr.py:487: in __call__
    fn(*args, **kw)
..\..\anaconda3\envs\scrumix\lib\site-packages\sqlalchemy\orm\mapper.py:4391: in _event_on_init
    instrumenting_mapper._check_configure()
..\..\anaconda3\envs\scrumix\lib\site-packages\sqlalchemy\orm\mapper.py:2386: in _check_configure
    _configure_registries({self.registry}, cascade=True)
..\..\anaconda3\envs\scrumix\lib\site-packages\sqlalchemy\orm\mapper.py:4199: in _configure_registries
    _do_configure_registries(registries, cascade)
_ _ _ _ _ _ _ _ _ _ _ _ _ _ _ _ _ _ _ _ _ _ _ _ _ _ _ _ _ _ _ _ _ _ _ _ _ _ _ _

registries = set(), cascade = True

    @util.preload_module("sqlalchemy.orm.decl_api")
    def _do_configure_registries(
        registries: Set[_RegistryType], cascade: bool
    ) -> None:
        registry = util.preloaded.orm_decl_api.registry
    
        orig = set(registries)
    
        for reg in registry._recurse_with_dependencies(registries):
            has_skip = False
    
            for mapper in reg._mappers_to_configure():
                run_configure = None
    
                for fn in mapper.dispatch.before_mapper_configured:
                    run_configure = fn(mapper, mapper.class_)
                    if run_configure is EXT_SKIP:
                        has_skip = True
                        break
                if run_configure is EXT_SKIP:
                    continue
    
                if getattr(mapper, "_configure_failed", False):
                    e = sa_exc.InvalidRequestError(
                        "One or more mappers failed to initialize - "
                        "can't proceed with initialization of other "
                        "mappers. Triggering mapper: '%s'. "
                        "Original exception was: %s"
                        % (mapper, mapper._configure_failed)
                    )
                    e._configure_failed = mapper._configure_failed  # type: ignore
>                   raise e
E                   sqlalchemy.exc.InvalidRequestError: One or more mappers failed to initialize - can't proceed with initialization of other mappers. Triggering mapper: 'Mapper[Sprint(sprints)]'. Original exception was: Mapper 'Mapper[Project(projects)]' has no property 'sprints'.  If this property was indicated from other mappers or configure events, ensure registry.configure() has been called.

..\..\anaconda3\envs\scrumix\lib\site-packages\sqlalchemy\orm\mapper.py:4236: InvalidRequestError
_ ERROR at setup of TestMeetingActionItemEndpoints.test_get_meeting_action_items_with_search _

fixturedef = <FixtureDef argname='test_user' scope='function' baseid='backend/tests'>
request = <SubRequest 'test_user' for <Function test_get_meeting_action_items_with_search>>

    @pytest.hookimpl(wrapper=True)
    def pytest_fixture_setup(fixturedef: FixtureDef, request) -> object | None:
        asyncio_mode = _get_asyncio_mode(request.config)
        if not _is_asyncio_fixture_function(fixturedef.func):
            if asyncio_mode == Mode.STRICT:
                # Ignore async fixtures without explicit asyncio mark in strict mode
                # This applies to pytest_trio fixtures, for example
>               return (yield)

..\..\anaconda3\envs\scrumix\lib\site-packages\pytest_asyncio\plugin.py:681: 
_ _ _ _ _ _ _ _ _ _ _ _ _ _ _ _ _ _ _ _ _ _ _ _ _ _ _ _ _ _ _ _ _ _ _ _ _ _ _ _
backend\tests\conftest.py:104: in test_user
    user = User(
..\..\anaconda3\envs\scrumix\lib\site-packages\sqlalchemy\orm\state.py:561: in _initialize_instance
    manager.dispatch.init(self, args, kwargs)
..\..\anaconda3\envs\scrumix\lib\site-packages\sqlalchemy\event\attr.py:487: in __call__
    fn(*args, **kw)
..\..\anaconda3\envs\scrumix\lib\site-packages\sqlalchemy\orm\mapper.py:4391: in _event_on_init
    instrumenting_mapper._check_configure()
..\..\anaconda3\envs\scrumix\lib\site-packages\sqlalchemy\orm\mapper.py:2386: in _check_configure
    _configure_registries({self.registry}, cascade=True)
..\..\anaconda3\envs\scrumix\lib\site-packages\sqlalchemy\orm\mapper.py:4199: in _configure_registries
    _do_configure_registries(registries, cascade)
_ _ _ _ _ _ _ _ _ _ _ _ _ _ _ _ _ _ _ _ _ _ _ _ _ _ _ _ _ _ _ _ _ _ _ _ _ _ _ _

registries = set(), cascade = True

    @util.preload_module("sqlalchemy.orm.decl_api")
    def _do_configure_registries(
        registries: Set[_RegistryType], cascade: bool
    ) -> None:
        registry = util.preloaded.orm_decl_api.registry
    
        orig = set(registries)
    
        for reg in registry._recurse_with_dependencies(registries):
            has_skip = False
    
            for mapper in reg._mappers_to_configure():
                run_configure = None
    
                for fn in mapper.dispatch.before_mapper_configured:
                    run_configure = fn(mapper, mapper.class_)
                    if run_configure is EXT_SKIP:
                        has_skip = True
                        break
                if run_configure is EXT_SKIP:
                    continue
    
                if getattr(mapper, "_configure_failed", False):
                    e = sa_exc.InvalidRequestError(
                        "One or more mappers failed to initialize - "
                        "can't proceed with initialization of other "
                        "mappers. Triggering mapper: '%s'. "
                        "Original exception was: %s"
                        % (mapper, mapper._configure_failed)
                    )
                    e._configure_failed = mapper._configure_failed  # type: ignore
>                   raise e
E                   sqlalchemy.exc.InvalidRequestError: One or more mappers failed to initialize - can't proceed with initialization of other mappers. Triggering mapper: 'Mapper[Sprint(sprints)]'. Original exception was: Mapper 'Mapper[Project(projects)]' has no property 'sprints'.  If this property was indicated from other mappers or configure events, ensure registry.configure() has been called.

..\..\anaconda3\envs\scrumix\lib\site-packages\sqlalchemy\orm\mapper.py:4236: InvalidRequestError
_ ERROR at setup of TestMeetingActionItemEndpoints.test_get_meeting_action_items_with_due_date_filters _

fixturedef = <FixtureDef argname='test_user' scope='function' baseid='backend/tests'>
request = <SubRequest 'test_user' for <Function test_get_meeting_action_items_with_due_date_filters>>

    @pytest.hookimpl(wrapper=True)
    def pytest_fixture_setup(fixturedef: FixtureDef, request) -> object | None:
        asyncio_mode = _get_asyncio_mode(request.config)
        if not _is_asyncio_fixture_function(fixturedef.func):
            if asyncio_mode == Mode.STRICT:
                # Ignore async fixtures without explicit asyncio mark in strict mode
                # This applies to pytest_trio fixtures, for example
>               return (yield)

..\..\anaconda3\envs\scrumix\lib\site-packages\pytest_asyncio\plugin.py:681: 
_ _ _ _ _ _ _ _ _ _ _ _ _ _ _ _ _ _ _ _ _ _ _ _ _ _ _ _ _ _ _ _ _ _ _ _ _ _ _ _
backend\tests\conftest.py:104: in test_user
    user = User(
..\..\anaconda3\envs\scrumix\lib\site-packages\sqlalchemy\orm\state.py:561: in _initialize_instance
    manager.dispatch.init(self, args, kwargs)
..\..\anaconda3\envs\scrumix\lib\site-packages\sqlalchemy\event\attr.py:487: in __call__
    fn(*args, **kw)
..\..\anaconda3\envs\scrumix\lib\site-packages\sqlalchemy\orm\mapper.py:4391: in _event_on_init
    instrumenting_mapper._check_configure()
..\..\anaconda3\envs\scrumix\lib\site-packages\sqlalchemy\orm\mapper.py:2386: in _check_configure
    _configure_registries({self.registry}, cascade=True)
..\..\anaconda3\envs\scrumix\lib\site-packages\sqlalchemy\orm\mapper.py:4199: in _configure_registries
    _do_configure_registries(registries, cascade)
_ _ _ _ _ _ _ _ _ _ _ _ _ _ _ _ _ _ _ _ _ _ _ _ _ _ _ _ _ _ _ _ _ _ _ _ _ _ _ _

registries = set(), cascade = True

    @util.preload_module("sqlalchemy.orm.decl_api")
    def _do_configure_registries(
        registries: Set[_RegistryType], cascade: bool
    ) -> None:
        registry = util.preloaded.orm_decl_api.registry
    
        orig = set(registries)
    
        for reg in registry._recurse_with_dependencies(registries):
            has_skip = False
    
            for mapper in reg._mappers_to_configure():
                run_configure = None
    
                for fn in mapper.dispatch.before_mapper_configured:
                    run_configure = fn(mapper, mapper.class_)
                    if run_configure is EXT_SKIP:
                        has_skip = True
                        break
                if run_configure is EXT_SKIP:
                    continue
    
                if getattr(mapper, "_configure_failed", False):
                    e = sa_exc.InvalidRequestError(
                        "One or more mappers failed to initialize - "
                        "can't proceed with initialization of other "
                        "mappers. Triggering mapper: '%s'. "
                        "Original exception was: %s"
                        % (mapper, mapper._configure_failed)
                    )
                    e._configure_failed = mapper._configure_failed  # type: ignore
>                   raise e
E                   sqlalchemy.exc.InvalidRequestError: One or more mappers failed to initialize - can't proceed with initialization of other mappers. Triggering mapper: 'Mapper[Sprint(sprints)]'. Original exception was: Mapper 'Mapper[Project(projects)]' has no property 'sprints'.  If this property was indicated from other mappers or configure events, ensure registry.configure() has been called.

..\..\anaconda3\envs\scrumix\lib\site-packages\sqlalchemy\orm\mapper.py:4236: InvalidRequestError
_ ERROR at setup of TestMeetingActionItemEndpoints.test_create_meeting_action_item_success _

fixturedef = <FixtureDef argname='test_user' scope='function' baseid='backend/tests'>
request = <SubRequest 'test_user' for <Function test_create_meeting_action_item_success>>

    @pytest.hookimpl(wrapper=True)
    def pytest_fixture_setup(fixturedef: FixtureDef, request) -> object | None:
        asyncio_mode = _get_asyncio_mode(request.config)
        if not _is_asyncio_fixture_function(fixturedef.func):
            if asyncio_mode == Mode.STRICT:
                # Ignore async fixtures without explicit asyncio mark in strict mode
                # This applies to pytest_trio fixtures, for example
>               return (yield)

..\..\anaconda3\envs\scrumix\lib\site-packages\pytest_asyncio\plugin.py:681: 
_ _ _ _ _ _ _ _ _ _ _ _ _ _ _ _ _ _ _ _ _ _ _ _ _ _ _ _ _ _ _ _ _ _ _ _ _ _ _ _
backend\tests\conftest.py:104: in test_user
    user = User(
..\..\anaconda3\envs\scrumix\lib\site-packages\sqlalchemy\orm\state.py:561: in _initialize_instance
    manager.dispatch.init(self, args, kwargs)
..\..\anaconda3\envs\scrumix\lib\site-packages\sqlalchemy\event\attr.py:487: in __call__
    fn(*args, **kw)
..\..\anaconda3\envs\scrumix\lib\site-packages\sqlalchemy\orm\mapper.py:4391: in _event_on_init
    instrumenting_mapper._check_configure()
..\..\anaconda3\envs\scrumix\lib\site-packages\sqlalchemy\orm\mapper.py:2386: in _check_configure
    _configure_registries({self.registry}, cascade=True)
..\..\anaconda3\envs\scrumix\lib\site-packages\sqlalchemy\orm\mapper.py:4199: in _configure_registries
    _do_configure_registries(registries, cascade)
_ _ _ _ _ _ _ _ _ _ _ _ _ _ _ _ _ _ _ _ _ _ _ _ _ _ _ _ _ _ _ _ _ _ _ _ _ _ _ _

registries = set(), cascade = True

    @util.preload_module("sqlalchemy.orm.decl_api")
    def _do_configure_registries(
        registries: Set[_RegistryType], cascade: bool
    ) -> None:
        registry = util.preloaded.orm_decl_api.registry
    
        orig = set(registries)
    
        for reg in registry._recurse_with_dependencies(registries):
            has_skip = False
    
            for mapper in reg._mappers_to_configure():
                run_configure = None
    
                for fn in mapper.dispatch.before_mapper_configured:
                    run_configure = fn(mapper, mapper.class_)
                    if run_configure is EXT_SKIP:
                        has_skip = True
                        break
                if run_configure is EXT_SKIP:
                    continue
    
                if getattr(mapper, "_configure_failed", False):
                    e = sa_exc.InvalidRequestError(
                        "One or more mappers failed to initialize - "
                        "can't proceed with initialization of other "
                        "mappers. Triggering mapper: '%s'. "
                        "Original exception was: %s"
                        % (mapper, mapper._configure_failed)
                    )
                    e._configure_failed = mapper._configure_failed  # type: ignore
>                   raise e
E                   sqlalchemy.exc.InvalidRequestError: One or more mappers failed to initialize - can't proceed with initialization of other mappers. Triggering mapper: 'Mapper[Sprint(sprints)]'. Original exception was: Mapper 'Mapper[Project(projects)]' has no property 'sprints'.  If this property was indicated from other mappers or configure events, ensure registry.configure() has been called.

..\..\anaconda3\envs\scrumix\lib\site-packages\sqlalchemy\orm\mapper.py:4236: InvalidRequestError
_ ERROR at setup of TestMeetingActionItemEndpoints.test_create_meeting_action_item_invalid_data _

fixturedef = <FixtureDef argname='test_user' scope='function' baseid='backend/tests'>
request = <SubRequest 'test_user' for <Function test_create_meeting_action_item_invalid_data>>

    @pytest.hookimpl(wrapper=True)
    def pytest_fixture_setup(fixturedef: FixtureDef, request) -> object | None:
        asyncio_mode = _get_asyncio_mode(request.config)
        if not _is_asyncio_fixture_function(fixturedef.func):
            if asyncio_mode == Mode.STRICT:
                # Ignore async fixtures without explicit asyncio mark in strict mode
                # This applies to pytest_trio fixtures, for example
>               return (yield)

..\..\anaconda3\envs\scrumix\lib\site-packages\pytest_asyncio\plugin.py:681: 
_ _ _ _ _ _ _ _ _ _ _ _ _ _ _ _ _ _ _ _ _ _ _ _ _ _ _ _ _ _ _ _ _ _ _ _ _ _ _ _
backend\tests\conftest.py:104: in test_user
    user = User(
..\..\anaconda3\envs\scrumix\lib\site-packages\sqlalchemy\orm\state.py:561: in _initialize_instance
    manager.dispatch.init(self, args, kwargs)
..\..\anaconda3\envs\scrumix\lib\site-packages\sqlalchemy\event\attr.py:487: in __call__
    fn(*args, **kw)
..\..\anaconda3\envs\scrumix\lib\site-packages\sqlalchemy\orm\mapper.py:4391: in _event_on_init
    instrumenting_mapper._check_configure()
..\..\anaconda3\envs\scrumix\lib\site-packages\sqlalchemy\orm\mapper.py:2386: in _check_configure
    _configure_registries({self.registry}, cascade=True)
..\..\anaconda3\envs\scrumix\lib\site-packages\sqlalchemy\orm\mapper.py:4199: in _configure_registries
    _do_configure_registries(registries, cascade)
_ _ _ _ _ _ _ _ _ _ _ _ _ _ _ _ _ _ _ _ _ _ _ _ _ _ _ _ _ _ _ _ _ _ _ _ _ _ _ _

registries = set(), cascade = True

    @util.preload_module("sqlalchemy.orm.decl_api")
    def _do_configure_registries(
        registries: Set[_RegistryType], cascade: bool
    ) -> None:
        registry = util.preloaded.orm_decl_api.registry
    
        orig = set(registries)
    
        for reg in registry._recurse_with_dependencies(registries):
            has_skip = False
    
            for mapper in reg._mappers_to_configure():
                run_configure = None
    
                for fn in mapper.dispatch.before_mapper_configured:
                    run_configure = fn(mapper, mapper.class_)
                    if run_configure is EXT_SKIP:
                        has_skip = True
                        break
                if run_configure is EXT_SKIP:
                    continue
    
                if getattr(mapper, "_configure_failed", False):
                    e = sa_exc.InvalidRequestError(
                        "One or more mappers failed to initialize - "
                        "can't proceed with initialization of other "
                        "mappers. Triggering mapper: '%s'. "
                        "Original exception was: %s"
                        % (mapper, mapper._configure_failed)
                    )
                    e._configure_failed = mapper._configure_failed  # type: ignore
>                   raise e
E                   sqlalchemy.exc.InvalidRequestError: One or more mappers failed to initialize - can't proceed with initialization of other mappers. Triggering mapper: 'Mapper[Sprint(sprints)]'. Original exception was: Mapper 'Mapper[Project(projects)]' has no property 'sprints'.  If this property was indicated from other mappers or configure events, ensure registry.configure() has been called.

..\..\anaconda3\envs\scrumix\lib\site-packages\sqlalchemy\orm\mapper.py:4236: InvalidRequestError
_ ERROR at setup of TestMeetingActionItemEndpoints.test_create_meeting_action_item_nonexistent_meeting _

fixturedef = <FixtureDef argname='test_user' scope='function' baseid='backend/tests'>
request = <SubRequest 'test_user' for <Function test_create_meeting_action_item_nonexistent_meeting>>

    @pytest.hookimpl(wrapper=True)
    def pytest_fixture_setup(fixturedef: FixtureDef, request) -> object | None:
        asyncio_mode = _get_asyncio_mode(request.config)
        if not _is_asyncio_fixture_function(fixturedef.func):
            if asyncio_mode == Mode.STRICT:
                # Ignore async fixtures without explicit asyncio mark in strict mode
                # This applies to pytest_trio fixtures, for example
>               return (yield)

..\..\anaconda3\envs\scrumix\lib\site-packages\pytest_asyncio\plugin.py:681: 
_ _ _ _ _ _ _ _ _ _ _ _ _ _ _ _ _ _ _ _ _ _ _ _ _ _ _ _ _ _ _ _ _ _ _ _ _ _ _ _
backend\tests\conftest.py:104: in test_user
    user = User(
..\..\anaconda3\envs\scrumix\lib\site-packages\sqlalchemy\orm\state.py:561: in _initialize_instance
    manager.dispatch.init(self, args, kwargs)
..\..\anaconda3\envs\scrumix\lib\site-packages\sqlalchemy\event\attr.py:487: in __call__
    fn(*args, **kw)
..\..\anaconda3\envs\scrumix\lib\site-packages\sqlalchemy\orm\mapper.py:4391: in _event_on_init
    instrumenting_mapper._check_configure()
..\..\anaconda3\envs\scrumix\lib\site-packages\sqlalchemy\orm\mapper.py:2386: in _check_configure
    _configure_registries({self.registry}, cascade=True)
..\..\anaconda3\envs\scrumix\lib\site-packages\sqlalchemy\orm\mapper.py:4199: in _configure_registries
    _do_configure_registries(registries, cascade)
_ _ _ _ _ _ _ _ _ _ _ _ _ _ _ _ _ _ _ _ _ _ _ _ _ _ _ _ _ _ _ _ _ _ _ _ _ _ _ _

registries = set(), cascade = True

    @util.preload_module("sqlalchemy.orm.decl_api")
    def _do_configure_registries(
        registries: Set[_RegistryType], cascade: bool
    ) -> None:
        registry = util.preloaded.orm_decl_api.registry
    
        orig = set(registries)
    
        for reg in registry._recurse_with_dependencies(registries):
            has_skip = False
    
            for mapper in reg._mappers_to_configure():
                run_configure = None
    
                for fn in mapper.dispatch.before_mapper_configured:
                    run_configure = fn(mapper, mapper.class_)
                    if run_configure is EXT_SKIP:
                        has_skip = True
                        break
                if run_configure is EXT_SKIP:
                    continue
    
                if getattr(mapper, "_configure_failed", False):
                    e = sa_exc.InvalidRequestError(
                        "One or more mappers failed to initialize - "
                        "can't proceed with initialization of other "
                        "mappers. Triggering mapper: '%s'. "
                        "Original exception was: %s"
                        % (mapper, mapper._configure_failed)
                    )
                    e._configure_failed = mapper._configure_failed  # type: ignore
>                   raise e
E                   sqlalchemy.exc.InvalidRequestError: One or more mappers failed to initialize - can't proceed with initialization of other mappers. Triggering mapper: 'Mapper[Sprint(sprints)]'. Original exception was: Mapper 'Mapper[Project(projects)]' has no property 'sprints'.  If this property was indicated from other mappers or configure events, ensure registry.configure() has been called.

..\..\anaconda3\envs\scrumix\lib\site-packages\sqlalchemy\orm\mapper.py:4236: InvalidRequestError
_ ERROR at setup of TestMeetingActionItemEndpoints.test_get_meeting_action_item_by_id_success _

fixturedef = <FixtureDef argname='test_user' scope='function' baseid='backend/tests'>
request = <SubRequest 'test_user' for <Function test_get_meeting_action_item_by_id_success>>

    @pytest.hookimpl(wrapper=True)
    def pytest_fixture_setup(fixturedef: FixtureDef, request) -> object | None:
        asyncio_mode = _get_asyncio_mode(request.config)
        if not _is_asyncio_fixture_function(fixturedef.func):
            if asyncio_mode == Mode.STRICT:
                # Ignore async fixtures without explicit asyncio mark in strict mode
                # This applies to pytest_trio fixtures, for example
>               return (yield)

..\..\anaconda3\envs\scrumix\lib\site-packages\pytest_asyncio\plugin.py:681: 
_ _ _ _ _ _ _ _ _ _ _ _ _ _ _ _ _ _ _ _ _ _ _ _ _ _ _ _ _ _ _ _ _ _ _ _ _ _ _ _
backend\tests\conftest.py:104: in test_user
    user = User(
..\..\anaconda3\envs\scrumix\lib\site-packages\sqlalchemy\orm\state.py:561: in _initialize_instance
    manager.dispatch.init(self, args, kwargs)
..\..\anaconda3\envs\scrumix\lib\site-packages\sqlalchemy\event\attr.py:487: in __call__
    fn(*args, **kw)
..\..\anaconda3\envs\scrumix\lib\site-packages\sqlalchemy\orm\mapper.py:4391: in _event_on_init
    instrumenting_mapper._check_configure()
..\..\anaconda3\envs\scrumix\lib\site-packages\sqlalchemy\orm\mapper.py:2386: in _check_configure
    _configure_registries({self.registry}, cascade=True)
..\..\anaconda3\envs\scrumix\lib\site-packages\sqlalchemy\orm\mapper.py:4199: in _configure_registries
    _do_configure_registries(registries, cascade)
_ _ _ _ _ _ _ _ _ _ _ _ _ _ _ _ _ _ _ _ _ _ _ _ _ _ _ _ _ _ _ _ _ _ _ _ _ _ _ _

registries = set(), cascade = True

    @util.preload_module("sqlalchemy.orm.decl_api")
    def _do_configure_registries(
        registries: Set[_RegistryType], cascade: bool
    ) -> None:
        registry = util.preloaded.orm_decl_api.registry
    
        orig = set(registries)
    
        for reg in registry._recurse_with_dependencies(registries):
            has_skip = False
    
            for mapper in reg._mappers_to_configure():
                run_configure = None
    
                for fn in mapper.dispatch.before_mapper_configured:
                    run_configure = fn(mapper, mapper.class_)
                    if run_configure is EXT_SKIP:
                        has_skip = True
                        break
                if run_configure is EXT_SKIP:
                    continue
    
                if getattr(mapper, "_configure_failed", False):
                    e = sa_exc.InvalidRequestError(
                        "One or more mappers failed to initialize - "
                        "can't proceed with initialization of other "
                        "mappers. Triggering mapper: '%s'. "
                        "Original exception was: %s"
                        % (mapper, mapper._configure_failed)
                    )
                    e._configure_failed = mapper._configure_failed  # type: ignore
>                   raise e
E                   sqlalchemy.exc.InvalidRequestError: One or more mappers failed to initialize - can't proceed with initialization of other mappers. Triggering mapper: 'Mapper[Sprint(sprints)]'. Original exception was: Mapper 'Mapper[Project(projects)]' has no property 'sprints'.  If this property was indicated from other mappers or configure events, ensure registry.configure() has been called.

..\..\anaconda3\envs\scrumix\lib\site-packages\sqlalchemy\orm\mapper.py:4236: InvalidRequestError
_ ERROR at setup of TestMeetingActionItemEndpoints.test_get_meeting_action_item_by_id_not_found _

fixturedef = <FixtureDef argname='test_user' scope='function' baseid='backend/tests'>
request = <SubRequest 'test_user' for <Function test_get_meeting_action_item_by_id_not_found>>

    @pytest.hookimpl(wrapper=True)
    def pytest_fixture_setup(fixturedef: FixtureDef, request) -> object | None:
        asyncio_mode = _get_asyncio_mode(request.config)
        if not _is_asyncio_fixture_function(fixturedef.func):
            if asyncio_mode == Mode.STRICT:
                # Ignore async fixtures without explicit asyncio mark in strict mode
                # This applies to pytest_trio fixtures, for example
>               return (yield)

..\..\anaconda3\envs\scrumix\lib\site-packages\pytest_asyncio\plugin.py:681: 
_ _ _ _ _ _ _ _ _ _ _ _ _ _ _ _ _ _ _ _ _ _ _ _ _ _ _ _ _ _ _ _ _ _ _ _ _ _ _ _
backend\tests\conftest.py:104: in test_user
    user = User(
..\..\anaconda3\envs\scrumix\lib\site-packages\sqlalchemy\orm\state.py:561: in _initialize_instance
    manager.dispatch.init(self, args, kwargs)
..\..\anaconda3\envs\scrumix\lib\site-packages\sqlalchemy\event\attr.py:487: in __call__
    fn(*args, **kw)
..\..\anaconda3\envs\scrumix\lib\site-packages\sqlalchemy\orm\mapper.py:4391: in _event_on_init
    instrumenting_mapper._check_configure()
..\..\anaconda3\envs\scrumix\lib\site-packages\sqlalchemy\orm\mapper.py:2386: in _check_configure
    _configure_registries({self.registry}, cascade=True)
..\..\anaconda3\envs\scrumix\lib\site-packages\sqlalchemy\orm\mapper.py:4199: in _configure_registries
    _do_configure_registries(registries, cascade)
_ _ _ _ _ _ _ _ _ _ _ _ _ _ _ _ _ _ _ _ _ _ _ _ _ _ _ _ _ _ _ _ _ _ _ _ _ _ _ _

registries = set(), cascade = True

    @util.preload_module("sqlalchemy.orm.decl_api")
    def _do_configure_registries(
        registries: Set[_RegistryType], cascade: bool
    ) -> None:
        registry = util.preloaded.orm_decl_api.registry
    
        orig = set(registries)
    
        for reg in registry._recurse_with_dependencies(registries):
            has_skip = False
    
            for mapper in reg._mappers_to_configure():
                run_configure = None
    
                for fn in mapper.dispatch.before_mapper_configured:
                    run_configure = fn(mapper, mapper.class_)
                    if run_configure is EXT_SKIP:
                        has_skip = True
                        break
                if run_configure is EXT_SKIP:
                    continue
    
                if getattr(mapper, "_configure_failed", False):
                    e = sa_exc.InvalidRequestError(
                        "One or more mappers failed to initialize - "
                        "can't proceed with initialization of other "
                        "mappers. Triggering mapper: '%s'. "
                        "Original exception was: %s"
                        % (mapper, mapper._configure_failed)
                    )
                    e._configure_failed = mapper._configure_failed  # type: ignore
>                   raise e
E                   sqlalchemy.exc.InvalidRequestError: One or more mappers failed to initialize - can't proceed with initialization of other mappers. Triggering mapper: 'Mapper[Sprint(sprints)]'. Original exception was: Mapper 'Mapper[Project(projects)]' has no property 'sprints'.  If this property was indicated from other mappers or configure events, ensure registry.configure() has been called.

..\..\anaconda3\envs\scrumix\lib\site-packages\sqlalchemy\orm\mapper.py:4236: InvalidRequestError
_ ERROR at setup of TestMeetingActionItemEndpoints.test_update_meeting_action_item_success _

fixturedef = <FixtureDef argname='test_user' scope='function' baseid='backend/tests'>
request = <SubRequest 'test_user' for <Function test_update_meeting_action_item_success>>

    @pytest.hookimpl(wrapper=True)
    def pytest_fixture_setup(fixturedef: FixtureDef, request) -> object | None:
        asyncio_mode = _get_asyncio_mode(request.config)
        if not _is_asyncio_fixture_function(fixturedef.func):
            if asyncio_mode == Mode.STRICT:
                # Ignore async fixtures without explicit asyncio mark in strict mode
                # This applies to pytest_trio fixtures, for example
>               return (yield)

..\..\anaconda3\envs\scrumix\lib\site-packages\pytest_asyncio\plugin.py:681: 
_ _ _ _ _ _ _ _ _ _ _ _ _ _ _ _ _ _ _ _ _ _ _ _ _ _ _ _ _ _ _ _ _ _ _ _ _ _ _ _
backend\tests\conftest.py:104: in test_user
    user = User(
..\..\anaconda3\envs\scrumix\lib\site-packages\sqlalchemy\orm\state.py:561: in _initialize_instance
    manager.dispatch.init(self, args, kwargs)
..\..\anaconda3\envs\scrumix\lib\site-packages\sqlalchemy\event\attr.py:487: in __call__
    fn(*args, **kw)
..\..\anaconda3\envs\scrumix\lib\site-packages\sqlalchemy\orm\mapper.py:4391: in _event_on_init
    instrumenting_mapper._check_configure()
..\..\anaconda3\envs\scrumix\lib\site-packages\sqlalchemy\orm\mapper.py:2386: in _check_configure
    _configure_registries({self.registry}, cascade=True)
..\..\anaconda3\envs\scrumix\lib\site-packages\sqlalchemy\orm\mapper.py:4199: in _configure_registries
    _do_configure_registries(registries, cascade)
_ _ _ _ _ _ _ _ _ _ _ _ _ _ _ _ _ _ _ _ _ _ _ _ _ _ _ _ _ _ _ _ _ _ _ _ _ _ _ _

registries = set(), cascade = True

    @util.preload_module("sqlalchemy.orm.decl_api")
    def _do_configure_registries(
        registries: Set[_RegistryType], cascade: bool
    ) -> None:
        registry = util.preloaded.orm_decl_api.registry
    
        orig = set(registries)
    
        for reg in registry._recurse_with_dependencies(registries):
            has_skip = False
    
            for mapper in reg._mappers_to_configure():
                run_configure = None
    
                for fn in mapper.dispatch.before_mapper_configured:
                    run_configure = fn(mapper, mapper.class_)
                    if run_configure is EXT_SKIP:
                        has_skip = True
                        break
                if run_configure is EXT_SKIP:
                    continue
    
                if getattr(mapper, "_configure_failed", False):
                    e = sa_exc.InvalidRequestError(
                        "One or more mappers failed to initialize - "
                        "can't proceed with initialization of other "
                        "mappers. Triggering mapper: '%s'. "
                        "Original exception was: %s"
                        % (mapper, mapper._configure_failed)
                    )
                    e._configure_failed = mapper._configure_failed  # type: ignore
>                   raise e
E                   sqlalchemy.exc.InvalidRequestError: One or more mappers failed to initialize - can't proceed with initialization of other mappers. Triggering mapper: 'Mapper[Sprint(sprints)]'. Original exception was: Mapper 'Mapper[Project(projects)]' has no property 'sprints'.  If this property was indicated from other mappers or configure events, ensure registry.configure() has been called.

..\..\anaconda3\envs\scrumix\lib\site-packages\sqlalchemy\orm\mapper.py:4236: InvalidRequestError
_ ERROR at setup of TestMeetingActionItemEndpoints.test_update_meeting_action_item_not_found _

fixturedef = <FixtureDef argname='test_user' scope='function' baseid='backend/tests'>
request = <SubRequest 'test_user' for <Function test_update_meeting_action_item_not_found>>

    @pytest.hookimpl(wrapper=True)
    def pytest_fixture_setup(fixturedef: FixtureDef, request) -> object | None:
        asyncio_mode = _get_asyncio_mode(request.config)
        if not _is_asyncio_fixture_function(fixturedef.func):
            if asyncio_mode == Mode.STRICT:
                # Ignore async fixtures without explicit asyncio mark in strict mode
                # This applies to pytest_trio fixtures, for example
>               return (yield)

..\..\anaconda3\envs\scrumix\lib\site-packages\pytest_asyncio\plugin.py:681: 
_ _ _ _ _ _ _ _ _ _ _ _ _ _ _ _ _ _ _ _ _ _ _ _ _ _ _ _ _ _ _ _ _ _ _ _ _ _ _ _
backend\tests\conftest.py:104: in test_user
    user = User(
..\..\anaconda3\envs\scrumix\lib\site-packages\sqlalchemy\orm\state.py:561: in _initialize_instance
    manager.dispatch.init(self, args, kwargs)
..\..\anaconda3\envs\scrumix\lib\site-packages\sqlalchemy\event\attr.py:487: in __call__
    fn(*args, **kw)
..\..\anaconda3\envs\scrumix\lib\site-packages\sqlalchemy\orm\mapper.py:4391: in _event_on_init
    instrumenting_mapper._check_configure()
..\..\anaconda3\envs\scrumix\lib\site-packages\sqlalchemy\orm\mapper.py:2386: in _check_configure
    _configure_registries({self.registry}, cascade=True)
..\..\anaconda3\envs\scrumix\lib\site-packages\sqlalchemy\orm\mapper.py:4199: in _configure_registries
    _do_configure_registries(registries, cascade)
_ _ _ _ _ _ _ _ _ _ _ _ _ _ _ _ _ _ _ _ _ _ _ _ _ _ _ _ _ _ _ _ _ _ _ _ _ _ _ _

registries = set(), cascade = True

    @util.preload_module("sqlalchemy.orm.decl_api")
    def _do_configure_registries(
        registries: Set[_RegistryType], cascade: bool
    ) -> None:
        registry = util.preloaded.orm_decl_api.registry
    
        orig = set(registries)
    
        for reg in registry._recurse_with_dependencies(registries):
            has_skip = False
    
            for mapper in reg._mappers_to_configure():
                run_configure = None
    
                for fn in mapper.dispatch.before_mapper_configured:
                    run_configure = fn(mapper, mapper.class_)
                    if run_configure is EXT_SKIP:
                        has_skip = True
                        break
                if run_configure is EXT_SKIP:
                    continue
    
                if getattr(mapper, "_configure_failed", False):
                    e = sa_exc.InvalidRequestError(
                        "One or more mappers failed to initialize - "
                        "can't proceed with initialization of other "
                        "mappers. Triggering mapper: '%s'. "
                        "Original exception was: %s"
                        % (mapper, mapper._configure_failed)
                    )
                    e._configure_failed = mapper._configure_failed  # type: ignore
>                   raise e
E                   sqlalchemy.exc.InvalidRequestError: One or more mappers failed to initialize - can't proceed with initialization of other mappers. Triggering mapper: 'Mapper[Sprint(sprints)]'. Original exception was: Mapper 'Mapper[Project(projects)]' has no property 'sprints'.  If this property was indicated from other mappers or configure events, ensure registry.configure() has been called.

..\..\anaconda3\envs\scrumix\lib\site-packages\sqlalchemy\orm\mapper.py:4236: InvalidRequestError
_ ERROR at setup of TestMeetingActionItemEndpoints.test_delete_meeting_action_item_success _

fixturedef = <FixtureDef argname='test_user' scope='function' baseid='backend/tests'>
request = <SubRequest 'test_user' for <Function test_delete_meeting_action_item_success>>

    @pytest.hookimpl(wrapper=True)
    def pytest_fixture_setup(fixturedef: FixtureDef, request) -> object | None:
        asyncio_mode = _get_asyncio_mode(request.config)
        if not _is_asyncio_fixture_function(fixturedef.func):
            if asyncio_mode == Mode.STRICT:
                # Ignore async fixtures without explicit asyncio mark in strict mode
                # This applies to pytest_trio fixtures, for example
>               return (yield)

..\..\anaconda3\envs\scrumix\lib\site-packages\pytest_asyncio\plugin.py:681: 
_ _ _ _ _ _ _ _ _ _ _ _ _ _ _ _ _ _ _ _ _ _ _ _ _ _ _ _ _ _ _ _ _ _ _ _ _ _ _ _
backend\tests\conftest.py:104: in test_user
    user = User(
..\..\anaconda3\envs\scrumix\lib\site-packages\sqlalchemy\orm\state.py:561: in _initialize_instance
    manager.dispatch.init(self, args, kwargs)
..\..\anaconda3\envs\scrumix\lib\site-packages\sqlalchemy\event\attr.py:487: in __call__
    fn(*args, **kw)
..\..\anaconda3\envs\scrumix\lib\site-packages\sqlalchemy\orm\mapper.py:4391: in _event_on_init
    instrumenting_mapper._check_configure()
..\..\anaconda3\envs\scrumix\lib\site-packages\sqlalchemy\orm\mapper.py:2386: in _check_configure
    _configure_registries({self.registry}, cascade=True)
..\..\anaconda3\envs\scrumix\lib\site-packages\sqlalchemy\orm\mapper.py:4199: in _configure_registries
    _do_configure_registries(registries, cascade)
_ _ _ _ _ _ _ _ _ _ _ _ _ _ _ _ _ _ _ _ _ _ _ _ _ _ _ _ _ _ _ _ _ _ _ _ _ _ _ _

registries = set(), cascade = True

    @util.preload_module("sqlalchemy.orm.decl_api")
    def _do_configure_registries(
        registries: Set[_RegistryType], cascade: bool
    ) -> None:
        registry = util.preloaded.orm_decl_api.registry
    
        orig = set(registries)
    
        for reg in registry._recurse_with_dependencies(registries):
            has_skip = False
    
            for mapper in reg._mappers_to_configure():
                run_configure = None
    
                for fn in mapper.dispatch.before_mapper_configured:
                    run_configure = fn(mapper, mapper.class_)
                    if run_configure is EXT_SKIP:
                        has_skip = True
                        break
                if run_configure is EXT_SKIP:
                    continue
    
                if getattr(mapper, "_configure_failed", False):
                    e = sa_exc.InvalidRequestError(
                        "One or more mappers failed to initialize - "
                        "can't proceed with initialization of other "
                        "mappers. Triggering mapper: '%s'. "
                        "Original exception was: %s"
                        % (mapper, mapper._configure_failed)
                    )
                    e._configure_failed = mapper._configure_failed  # type: ignore
>                   raise e
E                   sqlalchemy.exc.InvalidRequestError: One or more mappers failed to initialize - can't proceed with initialization of other mappers. Triggering mapper: 'Mapper[Sprint(sprints)]'. Original exception was: Mapper 'Mapper[Project(projects)]' has no property 'sprints'.  If this property was indicated from other mappers or configure events, ensure registry.configure() has been called.

..\..\anaconda3\envs\scrumix\lib\site-packages\sqlalchemy\orm\mapper.py:4236: InvalidRequestError
_ ERROR at setup of TestMeetingActionItemEndpoints.test_delete_meeting_action_item_not_found _

fixturedef = <FixtureDef argname='test_user' scope='function' baseid='backend/tests'>
request = <SubRequest 'test_user' for <Function test_delete_meeting_action_item_not_found>>

    @pytest.hookimpl(wrapper=True)
    def pytest_fixture_setup(fixturedef: FixtureDef, request) -> object | None:
        asyncio_mode = _get_asyncio_mode(request.config)
        if not _is_asyncio_fixture_function(fixturedef.func):
            if asyncio_mode == Mode.STRICT:
                # Ignore async fixtures without explicit asyncio mark in strict mode
                # This applies to pytest_trio fixtures, for example
>               return (yield)

..\..\anaconda3\envs\scrumix\lib\site-packages\pytest_asyncio\plugin.py:681: 
_ _ _ _ _ _ _ _ _ _ _ _ _ _ _ _ _ _ _ _ _ _ _ _ _ _ _ _ _ _ _ _ _ _ _ _ _ _ _ _
backend\tests\conftest.py:104: in test_user
    user = User(
..\..\anaconda3\envs\scrumix\lib\site-packages\sqlalchemy\orm\state.py:561: in _initialize_instance
    manager.dispatch.init(self, args, kwargs)
..\..\anaconda3\envs\scrumix\lib\site-packages\sqlalchemy\event\attr.py:487: in __call__
    fn(*args, **kw)
..\..\anaconda3\envs\scrumix\lib\site-packages\sqlalchemy\orm\mapper.py:4391: in _event_on_init
    instrumenting_mapper._check_configure()
..\..\anaconda3\envs\scrumix\lib\site-packages\sqlalchemy\orm\mapper.py:2386: in _check_configure
    _configure_registries({self.registry}, cascade=True)
..\..\anaconda3\envs\scrumix\lib\site-packages\sqlalchemy\orm\mapper.py:4199: in _configure_registries
    _do_configure_registries(registries, cascade)
_ _ _ _ _ _ _ _ _ _ _ _ _ _ _ _ _ _ _ _ _ _ _ _ _ _ _ _ _ _ _ _ _ _ _ _ _ _ _ _

registries = set(), cascade = True

    @util.preload_module("sqlalchemy.orm.decl_api")
    def _do_configure_registries(
        registries: Set[_RegistryType], cascade: bool
    ) -> None:
        registry = util.preloaded.orm_decl_api.registry
    
        orig = set(registries)
    
        for reg in registry._recurse_with_dependencies(registries):
            has_skip = False
    
            for mapper in reg._mappers_to_configure():
                run_configure = None
    
                for fn in mapper.dispatch.before_mapper_configured:
                    run_configure = fn(mapper, mapper.class_)
                    if run_configure is EXT_SKIP:
                        has_skip = True
                        break
                if run_configure is EXT_SKIP:
                    continue
    
                if getattr(mapper, "_configure_failed", False):
                    e = sa_exc.InvalidRequestError(
                        "One or more mappers failed to initialize - "
                        "can't proceed with initialization of other "
                        "mappers. Triggering mapper: '%s'. "
                        "Original exception was: %s"
                        % (mapper, mapper._configure_failed)
                    )
                    e._configure_failed = mapper._configure_failed  # type: ignore
>                   raise e
E                   sqlalchemy.exc.InvalidRequestError: One or more mappers failed to initialize - can't proceed with initialization of other mappers. Triggering mapper: 'Mapper[Sprint(sprints)]'. Original exception was: Mapper 'Mapper[Project(projects)]' has no property 'sprints'.  If this property was indicated from other mappers or configure events, ensure registry.configure() has been called.

..\..\anaconda3\envs\scrumix\lib\site-packages\sqlalchemy\orm\mapper.py:4236: InvalidRequestError
_ ERROR at setup of TestMeetingActionItemEndpoints.test_get_action_items_by_meeting _

fixturedef = <FixtureDef argname='test_user' scope='function' baseid='backend/tests'>
request = <SubRequest 'test_user' for <Function test_get_action_items_by_meeting>>

    @pytest.hookimpl(wrapper=True)
    def pytest_fixture_setup(fixturedef: FixtureDef, request) -> object | None:
        asyncio_mode = _get_asyncio_mode(request.config)
        if not _is_asyncio_fixture_function(fixturedef.func):
            if asyncio_mode == Mode.STRICT:
                # Ignore async fixtures without explicit asyncio mark in strict mode
                # This applies to pytest_trio fixtures, for example
>               return (yield)

..\..\anaconda3\envs\scrumix\lib\site-packages\pytest_asyncio\plugin.py:681: 
_ _ _ _ _ _ _ _ _ _ _ _ _ _ _ _ _ _ _ _ _ _ _ _ _ _ _ _ _ _ _ _ _ _ _ _ _ _ _ _
backend\tests\conftest.py:104: in test_user
    user = User(
..\..\anaconda3\envs\scrumix\lib\site-packages\sqlalchemy\orm\state.py:561: in _initialize_instance
    manager.dispatch.init(self, args, kwargs)
..\..\anaconda3\envs\scrumix\lib\site-packages\sqlalchemy\event\attr.py:487: in __call__
    fn(*args, **kw)
..\..\anaconda3\envs\scrumix\lib\site-packages\sqlalchemy\orm\mapper.py:4391: in _event_on_init
    instrumenting_mapper._check_configure()
..\..\anaconda3\envs\scrumix\lib\site-packages\sqlalchemy\orm\mapper.py:2386: in _check_configure
    _configure_registries({self.registry}, cascade=True)
..\..\anaconda3\envs\scrumix\lib\site-packages\sqlalchemy\orm\mapper.py:4199: in _configure_registries
    _do_configure_registries(registries, cascade)
_ _ _ _ _ _ _ _ _ _ _ _ _ _ _ _ _ _ _ _ _ _ _ _ _ _ _ _ _ _ _ _ _ _ _ _ _ _ _ _

registries = set(), cascade = True

    @util.preload_module("sqlalchemy.orm.decl_api")
    def _do_configure_registries(
        registries: Set[_RegistryType], cascade: bool
    ) -> None:
        registry = util.preloaded.orm_decl_api.registry
    
        orig = set(registries)
    
        for reg in registry._recurse_with_dependencies(registries):
            has_skip = False
    
            for mapper in reg._mappers_to_configure():
                run_configure = None
    
                for fn in mapper.dispatch.before_mapper_configured:
                    run_configure = fn(mapper, mapper.class_)
                    if run_configure is EXT_SKIP:
                        has_skip = True
                        break
                if run_configure is EXT_SKIP:
                    continue
    
                if getattr(mapper, "_configure_failed", False):
                    e = sa_exc.InvalidRequestError(
                        "One or more mappers failed to initialize - "
                        "can't proceed with initialization of other "
                        "mappers. Triggering mapper: '%s'. "
                        "Original exception was: %s"
                        % (mapper, mapper._configure_failed)
                    )
                    e._configure_failed = mapper._configure_failed  # type: ignore
>                   raise e
E                   sqlalchemy.exc.InvalidRequestError: One or more mappers failed to initialize - can't proceed with initialization of other mappers. Triggering mapper: 'Mapper[Sprint(sprints)]'. Original exception was: Mapper 'Mapper[Project(projects)]' has no property 'sprints'.  If this property was indicated from other mappers or configure events, ensure registry.configure() has been called.

..\..\anaconda3\envs\scrumix\lib\site-packages\sqlalchemy\orm\mapper.py:4236: InvalidRequestError
_ ERROR at setup of TestMeetingActionItemEndpoints.test_get_action_items_by_meeting_with_pagination _

fixturedef = <FixtureDef argname='test_user' scope='function' baseid='backend/tests'>
request = <SubRequest 'test_user' for <Function test_get_action_items_by_meeting_with_pagination>>

    @pytest.hookimpl(wrapper=True)
    def pytest_fixture_setup(fixturedef: FixtureDef, request) -> object | None:
        asyncio_mode = _get_asyncio_mode(request.config)
        if not _is_asyncio_fixture_function(fixturedef.func):
            if asyncio_mode == Mode.STRICT:
                # Ignore async fixtures without explicit asyncio mark in strict mode
                # This applies to pytest_trio fixtures, for example
>               return (yield)

..\..\anaconda3\envs\scrumix\lib\site-packages\pytest_asyncio\plugin.py:681: 
_ _ _ _ _ _ _ _ _ _ _ _ _ _ _ _ _ _ _ _ _ _ _ _ _ _ _ _ _ _ _ _ _ _ _ _ _ _ _ _
backend\tests\conftest.py:104: in test_user
    user = User(
..\..\anaconda3\envs\scrumix\lib\site-packages\sqlalchemy\orm\state.py:561: in _initialize_instance
    manager.dispatch.init(self, args, kwargs)
..\..\anaconda3\envs\scrumix\lib\site-packages\sqlalchemy\event\attr.py:487: in __call__
    fn(*args, **kw)
..\..\anaconda3\envs\scrumix\lib\site-packages\sqlalchemy\orm\mapper.py:4391: in _event_on_init
    instrumenting_mapper._check_configure()
..\..\anaconda3\envs\scrumix\lib\site-packages\sqlalchemy\orm\mapper.py:2386: in _check_configure
    _configure_registries({self.registry}, cascade=True)
..\..\anaconda3\envs\scrumix\lib\site-packages\sqlalchemy\orm\mapper.py:4199: in _configure_registries
    _do_configure_registries(registries, cascade)
_ _ _ _ _ _ _ _ _ _ _ _ _ _ _ _ _ _ _ _ _ _ _ _ _ _ _ _ _ _ _ _ _ _ _ _ _ _ _ _

registries = set(), cascade = True

    @util.preload_module("sqlalchemy.orm.decl_api")
    def _do_configure_registries(
        registries: Set[_RegistryType], cascade: bool
    ) -> None:
        registry = util.preloaded.orm_decl_api.registry
    
        orig = set(registries)
    
        for reg in registry._recurse_with_dependencies(registries):
            has_skip = False
    
            for mapper in reg._mappers_to_configure():
                run_configure = None
    
                for fn in mapper.dispatch.before_mapper_configured:
                    run_configure = fn(mapper, mapper.class_)
                    if run_configure is EXT_SKIP:
                        has_skip = True
                        break
                if run_configure is EXT_SKIP:
                    continue
    
                if getattr(mapper, "_configure_failed", False):
                    e = sa_exc.InvalidRequestError(
                        "One or more mappers failed to initialize - "
                        "can't proceed with initialization of other "
                        "mappers. Triggering mapper: '%s'. "
                        "Original exception was: %s"
                        % (mapper, mapper._configure_failed)
                    )
                    e._configure_failed = mapper._configure_failed  # type: ignore
>                   raise e
E                   sqlalchemy.exc.InvalidRequestError: One or more mappers failed to initialize - can't proceed with initialization of other mappers. Triggering mapper: 'Mapper[Sprint(sprints)]'. Original exception was: Mapper 'Mapper[Project(projects)]' has no property 'sprints'.  If this property was indicated from other mappers or configure events, ensure registry.configure() has been called.

..\..\anaconda3\envs\scrumix\lib\site-packages\sqlalchemy\orm\mapper.py:4236: InvalidRequestError
_ ERROR at setup of TestMeetingActionItemEndpoints.test_get_action_items_by_nonexistent_meeting _

fixturedef = <FixtureDef argname='test_user' scope='function' baseid='backend/tests'>
request = <SubRequest 'test_user' for <Function test_get_action_items_by_nonexistent_meeting>>

    @pytest.hookimpl(wrapper=True)
    def pytest_fixture_setup(fixturedef: FixtureDef, request) -> object | None:
        asyncio_mode = _get_asyncio_mode(request.config)
        if not _is_asyncio_fixture_function(fixturedef.func):
            if asyncio_mode == Mode.STRICT:
                # Ignore async fixtures without explicit asyncio mark in strict mode
                # This applies to pytest_trio fixtures, for example
>               return (yield)

..\..\anaconda3\envs\scrumix\lib\site-packages\pytest_asyncio\plugin.py:681: 
_ _ _ _ _ _ _ _ _ _ _ _ _ _ _ _ _ _ _ _ _ _ _ _ _ _ _ _ _ _ _ _ _ _ _ _ _ _ _ _
backend\tests\conftest.py:104: in test_user
    user = User(
..\..\anaconda3\envs\scrumix\lib\site-packages\sqlalchemy\orm\state.py:561: in _initialize_instance
    manager.dispatch.init(self, args, kwargs)
..\..\anaconda3\envs\scrumix\lib\site-packages\sqlalchemy\event\attr.py:487: in __call__
    fn(*args, **kw)
..\..\anaconda3\envs\scrumix\lib\site-packages\sqlalchemy\orm\mapper.py:4391: in _event_on_init
    instrumenting_mapper._check_configure()
..\..\anaconda3\envs\scrumix\lib\site-packages\sqlalchemy\orm\mapper.py:2386: in _check_configure
    _configure_registries({self.registry}, cascade=True)
..\..\anaconda3\envs\scrumix\lib\site-packages\sqlalchemy\orm\mapper.py:4199: in _configure_registries
    _do_configure_registries(registries, cascade)
_ _ _ _ _ _ _ _ _ _ _ _ _ _ _ _ _ _ _ _ _ _ _ _ _ _ _ _ _ _ _ _ _ _ _ _ _ _ _ _

registries = set(), cascade = True

    @util.preload_module("sqlalchemy.orm.decl_api")
    def _do_configure_registries(
        registries: Set[_RegistryType], cascade: bool
    ) -> None:
        registry = util.preloaded.orm_decl_api.registry
    
        orig = set(registries)
    
        for reg in registry._recurse_with_dependencies(registries):
            has_skip = False
    
            for mapper in reg._mappers_to_configure():
                run_configure = None
    
                for fn in mapper.dispatch.before_mapper_configured:
                    run_configure = fn(mapper, mapper.class_)
                    if run_configure is EXT_SKIP:
                        has_skip = True
                        break
                if run_configure is EXT_SKIP:
                    continue
    
                if getattr(mapper, "_configure_failed", False):
                    e = sa_exc.InvalidRequestError(
                        "One or more mappers failed to initialize - "
                        "can't proceed with initialization of other "
                        "mappers. Triggering mapper: '%s'. "
                        "Original exception was: %s"
                        % (mapper, mapper._configure_failed)
                    )
                    e._configure_failed = mapper._configure_failed  # type: ignore
>                   raise e
E                   sqlalchemy.exc.InvalidRequestError: One or more mappers failed to initialize - can't proceed with initialization of other mappers. Triggering mapper: 'Mapper[Sprint(sprints)]'. Original exception was: Mapper 'Mapper[Project(projects)]' has no property 'sprints'.  If this property was indicated from other mappers or configure events, ensure registry.configure() has been called.

..\..\anaconda3\envs\scrumix\lib\site-packages\sqlalchemy\orm\mapper.py:4236: InvalidRequestError
_ ERROR at setup of TestMeetingActionItemEndpoints.test_count_action_items_by_meeting _

fixturedef = <FixtureDef argname='test_user' scope='function' baseid='backend/tests'>
request = <SubRequest 'test_user' for <Function test_count_action_items_by_meeting>>

    @pytest.hookimpl(wrapper=True)
    def pytest_fixture_setup(fixturedef: FixtureDef, request) -> object | None:
        asyncio_mode = _get_asyncio_mode(request.config)
        if not _is_asyncio_fixture_function(fixturedef.func):
            if asyncio_mode == Mode.STRICT:
                # Ignore async fixtures without explicit asyncio mark in strict mode
                # This applies to pytest_trio fixtures, for example
>               return (yield)

..\..\anaconda3\envs\scrumix\lib\site-packages\pytest_asyncio\plugin.py:681: 
_ _ _ _ _ _ _ _ _ _ _ _ _ _ _ _ _ _ _ _ _ _ _ _ _ _ _ _ _ _ _ _ _ _ _ _ _ _ _ _
backend\tests\conftest.py:104: in test_user
    user = User(
..\..\anaconda3\envs\scrumix\lib\site-packages\sqlalchemy\orm\state.py:561: in _initialize_instance
    manager.dispatch.init(self, args, kwargs)
..\..\anaconda3\envs\scrumix\lib\site-packages\sqlalchemy\event\attr.py:487: in __call__
    fn(*args, **kw)
..\..\anaconda3\envs\scrumix\lib\site-packages\sqlalchemy\orm\mapper.py:4391: in _event_on_init
    instrumenting_mapper._check_configure()
..\..\anaconda3\envs\scrumix\lib\site-packages\sqlalchemy\orm\mapper.py:2386: in _check_configure
    _configure_registries({self.registry}, cascade=True)
..\..\anaconda3\envs\scrumix\lib\site-packages\sqlalchemy\orm\mapper.py:4199: in _configure_registries
    _do_configure_registries(registries, cascade)
_ _ _ _ _ _ _ _ _ _ _ _ _ _ _ _ _ _ _ _ _ _ _ _ _ _ _ _ _ _ _ _ _ _ _ _ _ _ _ _

registries = set(), cascade = True

    @util.preload_module("sqlalchemy.orm.decl_api")
    def _do_configure_registries(
        registries: Set[_RegistryType], cascade: bool
    ) -> None:
        registry = util.preloaded.orm_decl_api.registry
    
        orig = set(registries)
    
        for reg in registry._recurse_with_dependencies(registries):
            has_skip = False
    
            for mapper in reg._mappers_to_configure():
                run_configure = None
    
                for fn in mapper.dispatch.before_mapper_configured:
                    run_configure = fn(mapper, mapper.class_)
                    if run_configure is EXT_SKIP:
                        has_skip = True
                        break
                if run_configure is EXT_SKIP:
                    continue
    
                if getattr(mapper, "_configure_failed", False):
                    e = sa_exc.InvalidRequestError(
                        "One or more mappers failed to initialize - "
                        "can't proceed with initialization of other "
                        "mappers. Triggering mapper: '%s'. "
                        "Original exception was: %s"
                        % (mapper, mapper._configure_failed)
                    )
                    e._configure_failed = mapper._configure_failed  # type: ignore
>                   raise e
E                   sqlalchemy.exc.InvalidRequestError: One or more mappers failed to initialize - can't proceed with initialization of other mappers. Triggering mapper: 'Mapper[Sprint(sprints)]'. Original exception was: Mapper 'Mapper[Project(projects)]' has no property 'sprints'.  If this property was indicated from other mappers or configure events, ensure registry.configure() has been called.

..\..\anaconda3\envs\scrumix\lib\site-packages\sqlalchemy\orm\mapper.py:4236: InvalidRequestError
_ ERROR at setup of TestMeetingActionItemEndpoints.test_count_action_items_by_nonexistent_meeting _

fixturedef = <FixtureDef argname='test_user' scope='function' baseid='backend/tests'>
request = <SubRequest 'test_user' for <Function test_count_action_items_by_nonexistent_meeting>>

    @pytest.hookimpl(wrapper=True)
    def pytest_fixture_setup(fixturedef: FixtureDef, request) -> object | None:
        asyncio_mode = _get_asyncio_mode(request.config)
        if not _is_asyncio_fixture_function(fixturedef.func):
            if asyncio_mode == Mode.STRICT:
                # Ignore async fixtures without explicit asyncio mark in strict mode
                # This applies to pytest_trio fixtures, for example
>               return (yield)

..\..\anaconda3\envs\scrumix\lib\site-packages\pytest_asyncio\plugin.py:681: 
_ _ _ _ _ _ _ _ _ _ _ _ _ _ _ _ _ _ _ _ _ _ _ _ _ _ _ _ _ _ _ _ _ _ _ _ _ _ _ _
backend\tests\conftest.py:104: in test_user
    user = User(
..\..\anaconda3\envs\scrumix\lib\site-packages\sqlalchemy\orm\state.py:561: in _initialize_instance
    manager.dispatch.init(self, args, kwargs)
..\..\anaconda3\envs\scrumix\lib\site-packages\sqlalchemy\event\attr.py:487: in __call__
    fn(*args, **kw)
..\..\anaconda3\envs\scrumix\lib\site-packages\sqlalchemy\orm\mapper.py:4391: in _event_on_init
    instrumenting_mapper._check_configure()
..\..\anaconda3\envs\scrumix\lib\site-packages\sqlalchemy\orm\mapper.py:2386: in _check_configure
    _configure_registries({self.registry}, cascade=True)
..\..\anaconda3\envs\scrumix\lib\site-packages\sqlalchemy\orm\mapper.py:4199: in _configure_registries
    _do_configure_registries(registries, cascade)
_ _ _ _ _ _ _ _ _ _ _ _ _ _ _ _ _ _ _ _ _ _ _ _ _ _ _ _ _ _ _ _ _ _ _ _ _ _ _ _

registries = set(), cascade = True

    @util.preload_module("sqlalchemy.orm.decl_api")
    def _do_configure_registries(
        registries: Set[_RegistryType], cascade: bool
    ) -> None:
        registry = util.preloaded.orm_decl_api.registry
    
        orig = set(registries)
    
        for reg in registry._recurse_with_dependencies(registries):
            has_skip = False
    
            for mapper in reg._mappers_to_configure():
                run_configure = None
    
                for fn in mapper.dispatch.before_mapper_configured:
                    run_configure = fn(mapper, mapper.class_)
                    if run_configure is EXT_SKIP:
                        has_skip = True
                        break
                if run_configure is EXT_SKIP:
                    continue
    
                if getattr(mapper, "_configure_failed", False):
                    e = sa_exc.InvalidRequestError(
                        "One or more mappers failed to initialize - "
                        "can't proceed with initialization of other "
                        "mappers. Triggering mapper: '%s'. "
                        "Original exception was: %s"
                        % (mapper, mapper._configure_failed)
                    )
                    e._configure_failed = mapper._configure_failed  # type: ignore
>                   raise e
E                   sqlalchemy.exc.InvalidRequestError: One or more mappers failed to initialize - can't proceed with initialization of other mappers. Triggering mapper: 'Mapper[Sprint(sprints)]'. Original exception was: Mapper 'Mapper[Project(projects)]' has no property 'sprints'.  If this property was indicated from other mappers or configure events, ensure registry.configure() has been called.

..\..\anaconda3\envs\scrumix\lib\site-packages\sqlalchemy\orm\mapper.py:4236: InvalidRequestError
_ ERROR at setup of TestMeetingActionItemEndpoints.test_delete_all_action_items_by_meeting _

fixturedef = <FixtureDef argname='test_user' scope='function' baseid='backend/tests'>
request = <SubRequest 'test_user' for <Function test_delete_all_action_items_by_meeting>>

    @pytest.hookimpl(wrapper=True)
    def pytest_fixture_setup(fixturedef: FixtureDef, request) -> object | None:
        asyncio_mode = _get_asyncio_mode(request.config)
        if not _is_asyncio_fixture_function(fixturedef.func):
            if asyncio_mode == Mode.STRICT:
                # Ignore async fixtures without explicit asyncio mark in strict mode
                # This applies to pytest_trio fixtures, for example
>               return (yield)

..\..\anaconda3\envs\scrumix\lib\site-packages\pytest_asyncio\plugin.py:681: 
_ _ _ _ _ _ _ _ _ _ _ _ _ _ _ _ _ _ _ _ _ _ _ _ _ _ _ _ _ _ _ _ _ _ _ _ _ _ _ _
backend\tests\conftest.py:104: in test_user
    user = User(
..\..\anaconda3\envs\scrumix\lib\site-packages\sqlalchemy\orm\state.py:561: in _initialize_instance
    manager.dispatch.init(self, args, kwargs)
..\..\anaconda3\envs\scrumix\lib\site-packages\sqlalchemy\event\attr.py:487: in __call__
    fn(*args, **kw)
..\..\anaconda3\envs\scrumix\lib\site-packages\sqlalchemy\orm\mapper.py:4391: in _event_on_init
    instrumenting_mapper._check_configure()
..\..\anaconda3\envs\scrumix\lib\site-packages\sqlalchemy\orm\mapper.py:2386: in _check_configure
    _configure_registries({self.registry}, cascade=True)
..\..\anaconda3\envs\scrumix\lib\site-packages\sqlalchemy\orm\mapper.py:4199: in _configure_registries
    _do_configure_registries(registries, cascade)
_ _ _ _ _ _ _ _ _ _ _ _ _ _ _ _ _ _ _ _ _ _ _ _ _ _ _ _ _ _ _ _ _ _ _ _ _ _ _ _

registries = set(), cascade = True

    @util.preload_module("sqlalchemy.orm.decl_api")
    def _do_configure_registries(
        registries: Set[_RegistryType], cascade: bool
    ) -> None:
        registry = util.preloaded.orm_decl_api.registry
    
        orig = set(registries)
    
        for reg in registry._recurse_with_dependencies(registries):
            has_skip = False
    
            for mapper in reg._mappers_to_configure():
                run_configure = None
    
                for fn in mapper.dispatch.before_mapper_configured:
                    run_configure = fn(mapper, mapper.class_)
                    if run_configure is EXT_SKIP:
                        has_skip = True
                        break
                if run_configure is EXT_SKIP:
                    continue
    
                if getattr(mapper, "_configure_failed", False):
                    e = sa_exc.InvalidRequestError(
                        "One or more mappers failed to initialize - "
                        "can't proceed with initialization of other "
                        "mappers. Triggering mapper: '%s'. "
                        "Original exception was: %s"
                        % (mapper, mapper._configure_failed)
                    )
                    e._configure_failed = mapper._configure_failed  # type: ignore
>                   raise e
E                   sqlalchemy.exc.InvalidRequestError: One or more mappers failed to initialize - can't proceed with initialization of other mappers. Triggering mapper: 'Mapper[Sprint(sprints)]'. Original exception was: Mapper 'Mapper[Project(projects)]' has no property 'sprints'.  If this property was indicated from other mappers or configure events, ensure registry.configure() has been called.

..\..\anaconda3\envs\scrumix\lib\site-packages\sqlalchemy\orm\mapper.py:4236: InvalidRequestError
_ ERROR at setup of TestMeetingActionItemEndpoints.test_delete_all_action_items_by_nonexistent_meeting _

fixturedef = <FixtureDef argname='test_user' scope='function' baseid='backend/tests'>
request = <SubRequest 'test_user' for <Function test_delete_all_action_items_by_nonexistent_meeting>>

    @pytest.hookimpl(wrapper=True)
    def pytest_fixture_setup(fixturedef: FixtureDef, request) -> object | None:
        asyncio_mode = _get_asyncio_mode(request.config)
        if not _is_asyncio_fixture_function(fixturedef.func):
            if asyncio_mode == Mode.STRICT:
                # Ignore async fixtures without explicit asyncio mark in strict mode
                # This applies to pytest_trio fixtures, for example
>               return (yield)

..\..\anaconda3\envs\scrumix\lib\site-packages\pytest_asyncio\plugin.py:681: 
_ _ _ _ _ _ _ _ _ _ _ _ _ _ _ _ _ _ _ _ _ _ _ _ _ _ _ _ _ _ _ _ _ _ _ _ _ _ _ _
backend\tests\conftest.py:104: in test_user
    user = User(
..\..\anaconda3\envs\scrumix\lib\site-packages\sqlalchemy\orm\state.py:561: in _initialize_instance
    manager.dispatch.init(self, args, kwargs)
..\..\anaconda3\envs\scrumix\lib\site-packages\sqlalchemy\event\attr.py:487: in __call__
    fn(*args, **kw)
..\..\anaconda3\envs\scrumix\lib\site-packages\sqlalchemy\orm\mapper.py:4391: in _event_on_init
    instrumenting_mapper._check_configure()
..\..\anaconda3\envs\scrumix\lib\site-packages\sqlalchemy\orm\mapper.py:2386: in _check_configure
    _configure_registries({self.registry}, cascade=True)
..\..\anaconda3\envs\scrumix\lib\site-packages\sqlalchemy\orm\mapper.py:4199: in _configure_registries
    _do_configure_registries(registries, cascade)
_ _ _ _ _ _ _ _ _ _ _ _ _ _ _ _ _ _ _ _ _ _ _ _ _ _ _ _ _ _ _ _ _ _ _ _ _ _ _ _

registries = set(), cascade = True

    @util.preload_module("sqlalchemy.orm.decl_api")
    def _do_configure_registries(
        registries: Set[_RegistryType], cascade: bool
    ) -> None:
        registry = util.preloaded.orm_decl_api.registry
    
        orig = set(registries)
    
        for reg in registry._recurse_with_dependencies(registries):
            has_skip = False
    
            for mapper in reg._mappers_to_configure():
                run_configure = None
    
                for fn in mapper.dispatch.before_mapper_configured:
                    run_configure = fn(mapper, mapper.class_)
                    if run_configure is EXT_SKIP:
                        has_skip = True
                        break
                if run_configure is EXT_SKIP:
                    continue
    
                if getattr(mapper, "_configure_failed", False):
                    e = sa_exc.InvalidRequestError(
                        "One or more mappers failed to initialize - "
                        "can't proceed with initialization of other "
                        "mappers. Triggering mapper: '%s'. "
                        "Original exception was: %s"
                        % (mapper, mapper._configure_failed)
                    )
                    e._configure_failed = mapper._configure_failed  # type: ignore
>                   raise e
E                   sqlalchemy.exc.InvalidRequestError: One or more mappers failed to initialize - can't proceed with initialization of other mappers. Triggering mapper: 'Mapper[Sprint(sprints)]'. Original exception was: Mapper 'Mapper[Project(projects)]' has no property 'sprints'.  If this property was indicated from other mappers or configure events, ensure registry.configure() has been called.

..\..\anaconda3\envs\scrumix\lib\site-packages\sqlalchemy\orm\mapper.py:4236: InvalidRequestError
_ ERROR at setup of TestMeetingActionItemEndpoints.test_search_meeting_action_items _

fixturedef = <FixtureDef argname='test_user' scope='function' baseid='backend/tests'>
request = <SubRequest 'test_user' for <Function test_search_meeting_action_items>>

    @pytest.hookimpl(wrapper=True)
    def pytest_fixture_setup(fixturedef: FixtureDef, request) -> object | None:
        asyncio_mode = _get_asyncio_mode(request.config)
        if not _is_asyncio_fixture_function(fixturedef.func):
            if asyncio_mode == Mode.STRICT:
                # Ignore async fixtures without explicit asyncio mark in strict mode
                # This applies to pytest_trio fixtures, for example
>               return (yield)

..\..\anaconda3\envs\scrumix\lib\site-packages\pytest_asyncio\plugin.py:681: 
_ _ _ _ _ _ _ _ _ _ _ _ _ _ _ _ _ _ _ _ _ _ _ _ _ _ _ _ _ _ _ _ _ _ _ _ _ _ _ _
backend\tests\conftest.py:104: in test_user
    user = User(
..\..\anaconda3\envs\scrumix\lib\site-packages\sqlalchemy\orm\state.py:561: in _initialize_instance
    manager.dispatch.init(self, args, kwargs)
..\..\anaconda3\envs\scrumix\lib\site-packages\sqlalchemy\event\attr.py:487: in __call__
    fn(*args, **kw)
..\..\anaconda3\envs\scrumix\lib\site-packages\sqlalchemy\orm\mapper.py:4391: in _event_on_init
    instrumenting_mapper._check_configure()
..\..\anaconda3\envs\scrumix\lib\site-packages\sqlalchemy\orm\mapper.py:2386: in _check_configure
    _configure_registries({self.registry}, cascade=True)
..\..\anaconda3\envs\scrumix\lib\site-packages\sqlalchemy\orm\mapper.py:4199: in _configure_registries
    _do_configure_registries(registries, cascade)
_ _ _ _ _ _ _ _ _ _ _ _ _ _ _ _ _ _ _ _ _ _ _ _ _ _ _ _ _ _ _ _ _ _ _ _ _ _ _ _

registries = set(), cascade = True

    @util.preload_module("sqlalchemy.orm.decl_api")
    def _do_configure_registries(
        registries: Set[_RegistryType], cascade: bool
    ) -> None:
        registry = util.preloaded.orm_decl_api.registry
    
        orig = set(registries)
    
        for reg in registry._recurse_with_dependencies(registries):
            has_skip = False
    
            for mapper in reg._mappers_to_configure():
                run_configure = None
    
                for fn in mapper.dispatch.before_mapper_configured:
                    run_configure = fn(mapper, mapper.class_)
                    if run_configure is EXT_SKIP:
                        has_skip = True
                        break
                if run_configure is EXT_SKIP:
                    continue
    
                if getattr(mapper, "_configure_failed", False):
                    e = sa_exc.InvalidRequestError(
                        "One or more mappers failed to initialize - "
                        "can't proceed with initialization of other "
                        "mappers. Triggering mapper: '%s'. "
                        "Original exception was: %s"
                        % (mapper, mapper._configure_failed)
                    )
                    e._configure_failed = mapper._configure_failed  # type: ignore
>                   raise e
E                   sqlalchemy.exc.InvalidRequestError: One or more mappers failed to initialize - can't proceed with initialization of other mappers. Triggering mapper: 'Mapper[Sprint(sprints)]'. Original exception was: Mapper 'Mapper[Project(projects)]' has no property 'sprints'.  If this property was indicated from other mappers or configure events, ensure registry.configure() has been called.

..\..\anaconda3\envs\scrumix\lib\site-packages\sqlalchemy\orm\mapper.py:4236: InvalidRequestError
_ ERROR at setup of TestMeetingActionItemEndpoints.test_search_meeting_action_items_with_meeting_filter _

fixturedef = <FixtureDef argname='test_user' scope='function' baseid='backend/tests'>
request = <SubRequest 'test_user' for <Function test_search_meeting_action_items_with_meeting_filter>>

    @pytest.hookimpl(wrapper=True)
    def pytest_fixture_setup(fixturedef: FixtureDef, request) -> object | None:
        asyncio_mode = _get_asyncio_mode(request.config)
        if not _is_asyncio_fixture_function(fixturedef.func):
            if asyncio_mode == Mode.STRICT:
                # Ignore async fixtures without explicit asyncio mark in strict mode
                # This applies to pytest_trio fixtures, for example
>               return (yield)

..\..\anaconda3\envs\scrumix\lib\site-packages\pytest_asyncio\plugin.py:681: 
_ _ _ _ _ _ _ _ _ _ _ _ _ _ _ _ _ _ _ _ _ _ _ _ _ _ _ _ _ _ _ _ _ _ _ _ _ _ _ _
backend\tests\conftest.py:104: in test_user
    user = User(
..\..\anaconda3\envs\scrumix\lib\site-packages\sqlalchemy\orm\state.py:561: in _initialize_instance
    manager.dispatch.init(self, args, kwargs)
..\..\anaconda3\envs\scrumix\lib\site-packages\sqlalchemy\event\attr.py:487: in __call__
    fn(*args, **kw)
..\..\anaconda3\envs\scrumix\lib\site-packages\sqlalchemy\orm\mapper.py:4391: in _event_on_init
    instrumenting_mapper._check_configure()
..\..\anaconda3\envs\scrumix\lib\site-packages\sqlalchemy\orm\mapper.py:2386: in _check_configure
    _configure_registries({self.registry}, cascade=True)
..\..\anaconda3\envs\scrumix\lib\site-packages\sqlalchemy\orm\mapper.py:4199: in _configure_registries
    _do_configure_registries(registries, cascade)
_ _ _ _ _ _ _ _ _ _ _ _ _ _ _ _ _ _ _ _ _ _ _ _ _ _ _ _ _ _ _ _ _ _ _ _ _ _ _ _

registries = set(), cascade = True

    @util.preload_module("sqlalchemy.orm.decl_api")
    def _do_configure_registries(
        registries: Set[_RegistryType], cascade: bool
    ) -> None:
        registry = util.preloaded.orm_decl_api.registry
    
        orig = set(registries)
    
        for reg in registry._recurse_with_dependencies(registries):
            has_skip = False
    
            for mapper in reg._mappers_to_configure():
                run_configure = None
    
                for fn in mapper.dispatch.before_mapper_configured:
                    run_configure = fn(mapper, mapper.class_)
                    if run_configure is EXT_SKIP:
                        has_skip = True
                        break
                if run_configure is EXT_SKIP:
                    continue
    
                if getattr(mapper, "_configure_failed", False):
                    e = sa_exc.InvalidRequestError(
                        "One or more mappers failed to initialize - "
                        "can't proceed with initialization of other "
                        "mappers. Triggering mapper: '%s'. "
                        "Original exception was: %s"
                        % (mapper, mapper._configure_failed)
                    )
                    e._configure_failed = mapper._configure_failed  # type: ignore
>                   raise e
E                   sqlalchemy.exc.InvalidRequestError: One or more mappers failed to initialize - can't proceed with initialization of other mappers. Triggering mapper: 'Mapper[Sprint(sprints)]'. Original exception was: Mapper 'Mapper[Project(projects)]' has no property 'sprints'.  If this property was indicated from other mappers or configure events, ensure registry.configure() has been called.

..\..\anaconda3\envs\scrumix\lib\site-packages\sqlalchemy\orm\mapper.py:4236: InvalidRequestError
_ ERROR at setup of TestMeetingActionItemEndpoints.test_search_meeting_action_items_with_pagination _

fixturedef = <FixtureDef argname='test_user' scope='function' baseid='backend/tests'>
request = <SubRequest 'test_user' for <Function test_search_meeting_action_items_with_pagination>>

    @pytest.hookimpl(wrapper=True)
    def pytest_fixture_setup(fixturedef: FixtureDef, request) -> object | None:
        asyncio_mode = _get_asyncio_mode(request.config)
        if not _is_asyncio_fixture_function(fixturedef.func):
            if asyncio_mode == Mode.STRICT:
                # Ignore async fixtures without explicit asyncio mark in strict mode
                # This applies to pytest_trio fixtures, for example
>               return (yield)

..\..\anaconda3\envs\scrumix\lib\site-packages\pytest_asyncio\plugin.py:681: 
_ _ _ _ _ _ _ _ _ _ _ _ _ _ _ _ _ _ _ _ _ _ _ _ _ _ _ _ _ _ _ _ _ _ _ _ _ _ _ _
backend\tests\conftest.py:104: in test_user
    user = User(
..\..\anaconda3\envs\scrumix\lib\site-packages\sqlalchemy\orm\state.py:561: in _initialize_instance
    manager.dispatch.init(self, args, kwargs)
..\..\anaconda3\envs\scrumix\lib\site-packages\sqlalchemy\event\attr.py:487: in __call__
    fn(*args, **kw)
..\..\anaconda3\envs\scrumix\lib\site-packages\sqlalchemy\orm\mapper.py:4391: in _event_on_init
    instrumenting_mapper._check_configure()
..\..\anaconda3\envs\scrumix\lib\site-packages\sqlalchemy\orm\mapper.py:2386: in _check_configure
    _configure_registries({self.registry}, cascade=True)
..\..\anaconda3\envs\scrumix\lib\site-packages\sqlalchemy\orm\mapper.py:4199: in _configure_registries
    _do_configure_registries(registries, cascade)
_ _ _ _ _ _ _ _ _ _ _ _ _ _ _ _ _ _ _ _ _ _ _ _ _ _ _ _ _ _ _ _ _ _ _ _ _ _ _ _

registries = set(), cascade = True

    @util.preload_module("sqlalchemy.orm.decl_api")
    def _do_configure_registries(
        registries: Set[_RegistryType], cascade: bool
    ) -> None:
        registry = util.preloaded.orm_decl_api.registry
    
        orig = set(registries)
    
        for reg in registry._recurse_with_dependencies(registries):
            has_skip = False
    
            for mapper in reg._mappers_to_configure():
                run_configure = None
    
                for fn in mapper.dispatch.before_mapper_configured:
                    run_configure = fn(mapper, mapper.class_)
                    if run_configure is EXT_SKIP:
                        has_skip = True
                        break
                if run_configure is EXT_SKIP:
                    continue
    
                if getattr(mapper, "_configure_failed", False):
                    e = sa_exc.InvalidRequestError(
                        "One or more mappers failed to initialize - "
                        "can't proceed with initialization of other "
                        "mappers. Triggering mapper: '%s'. "
                        "Original exception was: %s"
                        % (mapper, mapper._configure_failed)
                    )
                    e._configure_failed = mapper._configure_failed  # type: ignore
>                   raise e
E                   sqlalchemy.exc.InvalidRequestError: One or more mappers failed to initialize - can't proceed with initialization of other mappers. Triggering mapper: 'Mapper[Sprint(sprints)]'. Original exception was: Mapper 'Mapper[Project(projects)]' has no property 'sprints'.  If this property was indicated from other mappers or configure events, ensure registry.configure() has been called.

..\..\anaconda3\envs\scrumix\lib\site-packages\sqlalchemy\orm\mapper.py:4236: InvalidRequestError
_ ERROR at setup of TestMeetingAgendaEndpoints.test_get_meeting_agendas_success _

fixturedef = <FixtureDef argname='test_user' scope='function' baseid='backend/tests'>
request = <SubRequest 'test_user' for <Function test_get_meeting_agendas_success>>

    @pytest.hookimpl(wrapper=True)
    def pytest_fixture_setup(fixturedef: FixtureDef, request) -> object | None:
        asyncio_mode = _get_asyncio_mode(request.config)
        if not _is_asyncio_fixture_function(fixturedef.func):
            if asyncio_mode == Mode.STRICT:
                # Ignore async fixtures without explicit asyncio mark in strict mode
                # This applies to pytest_trio fixtures, for example
>               return (yield)

..\..\anaconda3\envs\scrumix\lib\site-packages\pytest_asyncio\plugin.py:681: 
_ _ _ _ _ _ _ _ _ _ _ _ _ _ _ _ _ _ _ _ _ _ _ _ _ _ _ _ _ _ _ _ _ _ _ _ _ _ _ _
backend\tests\conftest.py:104: in test_user
    user = User(
..\..\anaconda3\envs\scrumix\lib\site-packages\sqlalchemy\orm\state.py:561: in _initialize_instance
    manager.dispatch.init(self, args, kwargs)
..\..\anaconda3\envs\scrumix\lib\site-packages\sqlalchemy\event\attr.py:487: in __call__
    fn(*args, **kw)
..\..\anaconda3\envs\scrumix\lib\site-packages\sqlalchemy\orm\mapper.py:4391: in _event_on_init
    instrumenting_mapper._check_configure()
..\..\anaconda3\envs\scrumix\lib\site-packages\sqlalchemy\orm\mapper.py:2386: in _check_configure
    _configure_registries({self.registry}, cascade=True)
..\..\anaconda3\envs\scrumix\lib\site-packages\sqlalchemy\orm\mapper.py:4199: in _configure_registries
    _do_configure_registries(registries, cascade)
_ _ _ _ _ _ _ _ _ _ _ _ _ _ _ _ _ _ _ _ _ _ _ _ _ _ _ _ _ _ _ _ _ _ _ _ _ _ _ _

registries = set(), cascade = True

    @util.preload_module("sqlalchemy.orm.decl_api")
    def _do_configure_registries(
        registries: Set[_RegistryType], cascade: bool
    ) -> None:
        registry = util.preloaded.orm_decl_api.registry
    
        orig = set(registries)
    
        for reg in registry._recurse_with_dependencies(registries):
            has_skip = False
    
            for mapper in reg._mappers_to_configure():
                run_configure = None
    
                for fn in mapper.dispatch.before_mapper_configured:
                    run_configure = fn(mapper, mapper.class_)
                    if run_configure is EXT_SKIP:
                        has_skip = True
                        break
                if run_configure is EXT_SKIP:
                    continue
    
                if getattr(mapper, "_configure_failed", False):
                    e = sa_exc.InvalidRequestError(
                        "One or more mappers failed to initialize - "
                        "can't proceed with initialization of other "
                        "mappers. Triggering mapper: '%s'. "
                        "Original exception was: %s"
                        % (mapper, mapper._configure_failed)
                    )
                    e._configure_failed = mapper._configure_failed  # type: ignore
>                   raise e
E                   sqlalchemy.exc.InvalidRequestError: One or more mappers failed to initialize - can't proceed with initialization of other mappers. Triggering mapper: 'Mapper[Sprint(sprints)]'. Original exception was: Mapper 'Mapper[Project(projects)]' has no property 'sprints'.  If this property was indicated from other mappers or configure events, ensure registry.configure() has been called.

..\..\anaconda3\envs\scrumix\lib\site-packages\sqlalchemy\orm\mapper.py:4236: InvalidRequestError
_ ERROR at setup of TestMeetingAgendaEndpoints.test_get_meeting_agendas_with_pagination _

fixturedef = <FixtureDef argname='test_user' scope='function' baseid='backend/tests'>
request = <SubRequest 'test_user' for <Function test_get_meeting_agendas_with_pagination>>

    @pytest.hookimpl(wrapper=True)
    def pytest_fixture_setup(fixturedef: FixtureDef, request) -> object | None:
        asyncio_mode = _get_asyncio_mode(request.config)
        if not _is_asyncio_fixture_function(fixturedef.func):
            if asyncio_mode == Mode.STRICT:
                # Ignore async fixtures without explicit asyncio mark in strict mode
                # This applies to pytest_trio fixtures, for example
>               return (yield)

..\..\anaconda3\envs\scrumix\lib\site-packages\pytest_asyncio\plugin.py:681: 
_ _ _ _ _ _ _ _ _ _ _ _ _ _ _ _ _ _ _ _ _ _ _ _ _ _ _ _ _ _ _ _ _ _ _ _ _ _ _ _
backend\tests\conftest.py:104: in test_user
    user = User(
..\..\anaconda3\envs\scrumix\lib\site-packages\sqlalchemy\orm\state.py:561: in _initialize_instance
    manager.dispatch.init(self, args, kwargs)
..\..\anaconda3\envs\scrumix\lib\site-packages\sqlalchemy\event\attr.py:487: in __call__
    fn(*args, **kw)
..\..\anaconda3\envs\scrumix\lib\site-packages\sqlalchemy\orm\mapper.py:4391: in _event_on_init
    instrumenting_mapper._check_configure()
..\..\anaconda3\envs\scrumix\lib\site-packages\sqlalchemy\orm\mapper.py:2386: in _check_configure
    _configure_registries({self.registry}, cascade=True)
..\..\anaconda3\envs\scrumix\lib\site-packages\sqlalchemy\orm\mapper.py:4199: in _configure_registries
    _do_configure_registries(registries, cascade)
_ _ _ _ _ _ _ _ _ _ _ _ _ _ _ _ _ _ _ _ _ _ _ _ _ _ _ _ _ _ _ _ _ _ _ _ _ _ _ _

registries = set(), cascade = True

    @util.preload_module("sqlalchemy.orm.decl_api")
    def _do_configure_registries(
        registries: Set[_RegistryType], cascade: bool
    ) -> None:
        registry = util.preloaded.orm_decl_api.registry
    
        orig = set(registries)
    
        for reg in registry._recurse_with_dependencies(registries):
            has_skip = False
    
            for mapper in reg._mappers_to_configure():
                run_configure = None
    
                for fn in mapper.dispatch.before_mapper_configured:
                    run_configure = fn(mapper, mapper.class_)
                    if run_configure is EXT_SKIP:
                        has_skip = True
                        break
                if run_configure is EXT_SKIP:
                    continue
    
                if getattr(mapper, "_configure_failed", False):
                    e = sa_exc.InvalidRequestError(
                        "One or more mappers failed to initialize - "
                        "can't proceed with initialization of other "
                        "mappers. Triggering mapper: '%s'. "
                        "Original exception was: %s"
                        % (mapper, mapper._configure_failed)
                    )
                    e._configure_failed = mapper._configure_failed  # type: ignore
>                   raise e
E                   sqlalchemy.exc.InvalidRequestError: One or more mappers failed to initialize - can't proceed with initialization of other mappers. Triggering mapper: 'Mapper[Sprint(sprints)]'. Original exception was: Mapper 'Mapper[Project(projects)]' has no property 'sprints'.  If this property was indicated from other mappers or configure events, ensure registry.configure() has been called.

..\..\anaconda3\envs\scrumix\lib\site-packages\sqlalchemy\orm\mapper.py:4236: InvalidRequestError
_ ERROR at setup of TestMeetingAgendaEndpoints.test_get_meeting_agendas_with_meeting_filter _

fixturedef = <FixtureDef argname='test_user' scope='function' baseid='backend/tests'>
request = <SubRequest 'test_user' for <Function test_get_meeting_agendas_with_meeting_filter>>

    @pytest.hookimpl(wrapper=True)
    def pytest_fixture_setup(fixturedef: FixtureDef, request) -> object | None:
        asyncio_mode = _get_asyncio_mode(request.config)
        if not _is_asyncio_fixture_function(fixturedef.func):
            if asyncio_mode == Mode.STRICT:
                # Ignore async fixtures without explicit asyncio mark in strict mode
                # This applies to pytest_trio fixtures, for example
>               return (yield)

..\..\anaconda3\envs\scrumix\lib\site-packages\pytest_asyncio\plugin.py:681: 
_ _ _ _ _ _ _ _ _ _ _ _ _ _ _ _ _ _ _ _ _ _ _ _ _ _ _ _ _ _ _ _ _ _ _ _ _ _ _ _
backend\tests\conftest.py:104: in test_user
    user = User(
..\..\anaconda3\envs\scrumix\lib\site-packages\sqlalchemy\orm\state.py:561: in _initialize_instance
    manager.dispatch.init(self, args, kwargs)
..\..\anaconda3\envs\scrumix\lib\site-packages\sqlalchemy\event\attr.py:487: in __call__
    fn(*args, **kw)
..\..\anaconda3\envs\scrumix\lib\site-packages\sqlalchemy\orm\mapper.py:4391: in _event_on_init
    instrumenting_mapper._check_configure()
..\..\anaconda3\envs\scrumix\lib\site-packages\sqlalchemy\orm\mapper.py:2386: in _check_configure
    _configure_registries({self.registry}, cascade=True)
..\..\anaconda3\envs\scrumix\lib\site-packages\sqlalchemy\orm\mapper.py:4199: in _configure_registries
    _do_configure_registries(registries, cascade)
_ _ _ _ _ _ _ _ _ _ _ _ _ _ _ _ _ _ _ _ _ _ _ _ _ _ _ _ _ _ _ _ _ _ _ _ _ _ _ _

registries = set(), cascade = True

    @util.preload_module("sqlalchemy.orm.decl_api")
    def _do_configure_registries(
        registries: Set[_RegistryType], cascade: bool
    ) -> None:
        registry = util.preloaded.orm_decl_api.registry
    
        orig = set(registries)
    
        for reg in registry._recurse_with_dependencies(registries):
            has_skip = False
    
            for mapper in reg._mappers_to_configure():
                run_configure = None
    
                for fn in mapper.dispatch.before_mapper_configured:
                    run_configure = fn(mapper, mapper.class_)
                    if run_configure is EXT_SKIP:
                        has_skip = True
                        break
                if run_configure is EXT_SKIP:
                    continue
    
                if getattr(mapper, "_configure_failed", False):
                    e = sa_exc.InvalidRequestError(
                        "One or more mappers failed to initialize - "
                        "can't proceed with initialization of other "
                        "mappers. Triggering mapper: '%s'. "
                        "Original exception was: %s"
                        % (mapper, mapper._configure_failed)
                    )
                    e._configure_failed = mapper._configure_failed  # type: ignore
>                   raise e
E                   sqlalchemy.exc.InvalidRequestError: One or more mappers failed to initialize - can't proceed with initialization of other mappers. Triggering mapper: 'Mapper[Sprint(sprints)]'. Original exception was: Mapper 'Mapper[Project(projects)]' has no property 'sprints'.  If this property was indicated from other mappers or configure events, ensure registry.configure() has been called.

..\..\anaconda3\envs\scrumix\lib\site-packages\sqlalchemy\orm\mapper.py:4236: InvalidRequestError
_ ERROR at setup of TestMeetingAgendaEndpoints.test_get_meeting_agendas_with_search _

fixturedef = <FixtureDef argname='test_user' scope='function' baseid='backend/tests'>
request = <SubRequest 'test_user' for <Function test_get_meeting_agendas_with_search>>

    @pytest.hookimpl(wrapper=True)
    def pytest_fixture_setup(fixturedef: FixtureDef, request) -> object | None:
        asyncio_mode = _get_asyncio_mode(request.config)
        if not _is_asyncio_fixture_function(fixturedef.func):
            if asyncio_mode == Mode.STRICT:
                # Ignore async fixtures without explicit asyncio mark in strict mode
                # This applies to pytest_trio fixtures, for example
>               return (yield)

..\..\anaconda3\envs\scrumix\lib\site-packages\pytest_asyncio\plugin.py:681: 
_ _ _ _ _ _ _ _ _ _ _ _ _ _ _ _ _ _ _ _ _ _ _ _ _ _ _ _ _ _ _ _ _ _ _ _ _ _ _ _
backend\tests\conftest.py:104: in test_user
    user = User(
..\..\anaconda3\envs\scrumix\lib\site-packages\sqlalchemy\orm\state.py:561: in _initialize_instance
    manager.dispatch.init(self, args, kwargs)
..\..\anaconda3\envs\scrumix\lib\site-packages\sqlalchemy\event\attr.py:487: in __call__
    fn(*args, **kw)
..\..\anaconda3\envs\scrumix\lib\site-packages\sqlalchemy\orm\mapper.py:4391: in _event_on_init
    instrumenting_mapper._check_configure()
..\..\anaconda3\envs\scrumix\lib\site-packages\sqlalchemy\orm\mapper.py:2386: in _check_configure
    _configure_registries({self.registry}, cascade=True)
..\..\anaconda3\envs\scrumix\lib\site-packages\sqlalchemy\orm\mapper.py:4199: in _configure_registries
    _do_configure_registries(registries, cascade)
_ _ _ _ _ _ _ _ _ _ _ _ _ _ _ _ _ _ _ _ _ _ _ _ _ _ _ _ _ _ _ _ _ _ _ _ _ _ _ _

registries = set(), cascade = True

    @util.preload_module("sqlalchemy.orm.decl_api")
    def _do_configure_registries(
        registries: Set[_RegistryType], cascade: bool
    ) -> None:
        registry = util.preloaded.orm_decl_api.registry
    
        orig = set(registries)
    
        for reg in registry._recurse_with_dependencies(registries):
            has_skip = False
    
            for mapper in reg._mappers_to_configure():
                run_configure = None
    
                for fn in mapper.dispatch.before_mapper_configured:
                    run_configure = fn(mapper, mapper.class_)
                    if run_configure is EXT_SKIP:
                        has_skip = True
                        break
                if run_configure is EXT_SKIP:
                    continue
    
                if getattr(mapper, "_configure_failed", False):
                    e = sa_exc.InvalidRequestError(
                        "One or more mappers failed to initialize - "
                        "can't proceed with initialization of other "
                        "mappers. Triggering mapper: '%s'. "
                        "Original exception was: %s"
                        % (mapper, mapper._configure_failed)
                    )
                    e._configure_failed = mapper._configure_failed  # type: ignore
>                   raise e
E                   sqlalchemy.exc.InvalidRequestError: One or more mappers failed to initialize - can't proceed with initialization of other mappers. Triggering mapper: 'Mapper[Sprint(sprints)]'. Original exception was: Mapper 'Mapper[Project(projects)]' has no property 'sprints'.  If this property was indicated from other mappers or configure events, ensure registry.configure() has been called.

..\..\anaconda3\envs\scrumix\lib\site-packages\sqlalchemy\orm\mapper.py:4236: InvalidRequestError
_ ERROR at setup of TestMeetingAgendaEndpoints.test_create_meeting_agenda_success _

fixturedef = <FixtureDef argname='test_user' scope='function' baseid='backend/tests'>
request = <SubRequest 'test_user' for <Function test_create_meeting_agenda_success>>

    @pytest.hookimpl(wrapper=True)
    def pytest_fixture_setup(fixturedef: FixtureDef, request) -> object | None:
        asyncio_mode = _get_asyncio_mode(request.config)
        if not _is_asyncio_fixture_function(fixturedef.func):
            if asyncio_mode == Mode.STRICT:
                # Ignore async fixtures without explicit asyncio mark in strict mode
                # This applies to pytest_trio fixtures, for example
>               return (yield)

..\..\anaconda3\envs\scrumix\lib\site-packages\pytest_asyncio\plugin.py:681: 
_ _ _ _ _ _ _ _ _ _ _ _ _ _ _ _ _ _ _ _ _ _ _ _ _ _ _ _ _ _ _ _ _ _ _ _ _ _ _ _
backend\tests\conftest.py:104: in test_user
    user = User(
..\..\anaconda3\envs\scrumix\lib\site-packages\sqlalchemy\orm\state.py:561: in _initialize_instance
    manager.dispatch.init(self, args, kwargs)
..\..\anaconda3\envs\scrumix\lib\site-packages\sqlalchemy\event\attr.py:487: in __call__
    fn(*args, **kw)
..\..\anaconda3\envs\scrumix\lib\site-packages\sqlalchemy\orm\mapper.py:4391: in _event_on_init
    instrumenting_mapper._check_configure()
..\..\anaconda3\envs\scrumix\lib\site-packages\sqlalchemy\orm\mapper.py:2386: in _check_configure
    _configure_registries({self.registry}, cascade=True)
..\..\anaconda3\envs\scrumix\lib\site-packages\sqlalchemy\orm\mapper.py:4199: in _configure_registries
    _do_configure_registries(registries, cascade)
_ _ _ _ _ _ _ _ _ _ _ _ _ _ _ _ _ _ _ _ _ _ _ _ _ _ _ _ _ _ _ _ _ _ _ _ _ _ _ _

registries = set(), cascade = True

    @util.preload_module("sqlalchemy.orm.decl_api")
    def _do_configure_registries(
        registries: Set[_RegistryType], cascade: bool
    ) -> None:
        registry = util.preloaded.orm_decl_api.registry
    
        orig = set(registries)
    
        for reg in registry._recurse_with_dependencies(registries):
            has_skip = False
    
            for mapper in reg._mappers_to_configure():
                run_configure = None
    
                for fn in mapper.dispatch.before_mapper_configured:
                    run_configure = fn(mapper, mapper.class_)
                    if run_configure is EXT_SKIP:
                        has_skip = True
                        break
                if run_configure is EXT_SKIP:
                    continue
    
                if getattr(mapper, "_configure_failed", False):
                    e = sa_exc.InvalidRequestError(
                        "One or more mappers failed to initialize - "
                        "can't proceed with initialization of other "
                        "mappers. Triggering mapper: '%s'. "
                        "Original exception was: %s"
                        % (mapper, mapper._configure_failed)
                    )
                    e._configure_failed = mapper._configure_failed  # type: ignore
>                   raise e
E                   sqlalchemy.exc.InvalidRequestError: One or more mappers failed to initialize - can't proceed with initialization of other mappers. Triggering mapper: 'Mapper[Sprint(sprints)]'. Original exception was: Mapper 'Mapper[Project(projects)]' has no property 'sprints'.  If this property was indicated from other mappers or configure events, ensure registry.configure() has been called.

..\..\anaconda3\envs\scrumix\lib\site-packages\sqlalchemy\orm\mapper.py:4236: InvalidRequestError
_ ERROR at setup of TestMeetingAgendaEndpoints.test_create_meeting_agenda_invalid_data _

fixturedef = <FixtureDef argname='test_user' scope='function' baseid='backend/tests'>
request = <SubRequest 'test_user' for <Function test_create_meeting_agenda_invalid_data>>

    @pytest.hookimpl(wrapper=True)
    def pytest_fixture_setup(fixturedef: FixtureDef, request) -> object | None:
        asyncio_mode = _get_asyncio_mode(request.config)
        if not _is_asyncio_fixture_function(fixturedef.func):
            if asyncio_mode == Mode.STRICT:
                # Ignore async fixtures without explicit asyncio mark in strict mode
                # This applies to pytest_trio fixtures, for example
>               return (yield)

..\..\anaconda3\envs\scrumix\lib\site-packages\pytest_asyncio\plugin.py:681: 
_ _ _ _ _ _ _ _ _ _ _ _ _ _ _ _ _ _ _ _ _ _ _ _ _ _ _ _ _ _ _ _ _ _ _ _ _ _ _ _
backend\tests\conftest.py:104: in test_user
    user = User(
..\..\anaconda3\envs\scrumix\lib\site-packages\sqlalchemy\orm\state.py:561: in _initialize_instance
    manager.dispatch.init(self, args, kwargs)
..\..\anaconda3\envs\scrumix\lib\site-packages\sqlalchemy\event\attr.py:487: in __call__
    fn(*args, **kw)
..\..\anaconda3\envs\scrumix\lib\site-packages\sqlalchemy\orm\mapper.py:4391: in _event_on_init
    instrumenting_mapper._check_configure()
..\..\anaconda3\envs\scrumix\lib\site-packages\sqlalchemy\orm\mapper.py:2386: in _check_configure
    _configure_registries({self.registry}, cascade=True)
..\..\anaconda3\envs\scrumix\lib\site-packages\sqlalchemy\orm\mapper.py:4199: in _configure_registries
    _do_configure_registries(registries, cascade)
_ _ _ _ _ _ _ _ _ _ _ _ _ _ _ _ _ _ _ _ _ _ _ _ _ _ _ _ _ _ _ _ _ _ _ _ _ _ _ _

registries = set(), cascade = True

    @util.preload_module("sqlalchemy.orm.decl_api")
    def _do_configure_registries(
        registries: Set[_RegistryType], cascade: bool
    ) -> None:
        registry = util.preloaded.orm_decl_api.registry
    
        orig = set(registries)
    
        for reg in registry._recurse_with_dependencies(registries):
            has_skip = False
    
            for mapper in reg._mappers_to_configure():
                run_configure = None
    
                for fn in mapper.dispatch.before_mapper_configured:
                    run_configure = fn(mapper, mapper.class_)
                    if run_configure is EXT_SKIP:
                        has_skip = True
                        break
                if run_configure is EXT_SKIP:
                    continue
    
                if getattr(mapper, "_configure_failed", False):
                    e = sa_exc.InvalidRequestError(
                        "One or more mappers failed to initialize - "
                        "can't proceed with initialization of other "
                        "mappers. Triggering mapper: '%s'. "
                        "Original exception was: %s"
                        % (mapper, mapper._configure_failed)
                    )
                    e._configure_failed = mapper._configure_failed  # type: ignore
>                   raise e
E                   sqlalchemy.exc.InvalidRequestError: One or more mappers failed to initialize - can't proceed with initialization of other mappers. Triggering mapper: 'Mapper[Sprint(sprints)]'. Original exception was: Mapper 'Mapper[Project(projects)]' has no property 'sprints'.  If this property was indicated from other mappers or configure events, ensure registry.configure() has been called.

..\..\anaconda3\envs\scrumix\lib\site-packages\sqlalchemy\orm\mapper.py:4236: InvalidRequestError
_ ERROR at setup of TestMeetingAgendaEndpoints.test_create_meeting_agenda_nonexistent_meeting _

fixturedef = <FixtureDef argname='test_user' scope='function' baseid='backend/tests'>
request = <SubRequest 'test_user' for <Function test_create_meeting_agenda_nonexistent_meeting>>

    @pytest.hookimpl(wrapper=True)
    def pytest_fixture_setup(fixturedef: FixtureDef, request) -> object | None:
        asyncio_mode = _get_asyncio_mode(request.config)
        if not _is_asyncio_fixture_function(fixturedef.func):
            if asyncio_mode == Mode.STRICT:
                # Ignore async fixtures without explicit asyncio mark in strict mode
                # This applies to pytest_trio fixtures, for example
>               return (yield)

..\..\anaconda3\envs\scrumix\lib\site-packages\pytest_asyncio\plugin.py:681: 
_ _ _ _ _ _ _ _ _ _ _ _ _ _ _ _ _ _ _ _ _ _ _ _ _ _ _ _ _ _ _ _ _ _ _ _ _ _ _ _
backend\tests\conftest.py:104: in test_user
    user = User(
..\..\anaconda3\envs\scrumix\lib\site-packages\sqlalchemy\orm\state.py:561: in _initialize_instance
    manager.dispatch.init(self, args, kwargs)
..\..\anaconda3\envs\scrumix\lib\site-packages\sqlalchemy\event\attr.py:487: in __call__
    fn(*args, **kw)
..\..\anaconda3\envs\scrumix\lib\site-packages\sqlalchemy\orm\mapper.py:4391: in _event_on_init
    instrumenting_mapper._check_configure()
..\..\anaconda3\envs\scrumix\lib\site-packages\sqlalchemy\orm\mapper.py:2386: in _check_configure
    _configure_registries({self.registry}, cascade=True)
..\..\anaconda3\envs\scrumix\lib\site-packages\sqlalchemy\orm\mapper.py:4199: in _configure_registries
    _do_configure_registries(registries, cascade)
_ _ _ _ _ _ _ _ _ _ _ _ _ _ _ _ _ _ _ _ _ _ _ _ _ _ _ _ _ _ _ _ _ _ _ _ _ _ _ _

registries = set(), cascade = True

    @util.preload_module("sqlalchemy.orm.decl_api")
    def _do_configure_registries(
        registries: Set[_RegistryType], cascade: bool
    ) -> None:
        registry = util.preloaded.orm_decl_api.registry
    
        orig = set(registries)
    
        for reg in registry._recurse_with_dependencies(registries):
            has_skip = False
    
            for mapper in reg._mappers_to_configure():
                run_configure = None
    
                for fn in mapper.dispatch.before_mapper_configured:
                    run_configure = fn(mapper, mapper.class_)
                    if run_configure is EXT_SKIP:
                        has_skip = True
                        break
                if run_configure is EXT_SKIP:
                    continue
    
                if getattr(mapper, "_configure_failed", False):
                    e = sa_exc.InvalidRequestError(
                        "One or more mappers failed to initialize - "
                        "can't proceed with initialization of other "
                        "mappers. Triggering mapper: '%s'. "
                        "Original exception was: %s"
                        % (mapper, mapper._configure_failed)
                    )
                    e._configure_failed = mapper._configure_failed  # type: ignore
>                   raise e
E                   sqlalchemy.exc.InvalidRequestError: One or more mappers failed to initialize - can't proceed with initialization of other mappers. Triggering mapper: 'Mapper[Sprint(sprints)]'. Original exception was: Mapper 'Mapper[Project(projects)]' has no property 'sprints'.  If this property was indicated from other mappers or configure events, ensure registry.configure() has been called.

..\..\anaconda3\envs\scrumix\lib\site-packages\sqlalchemy\orm\mapper.py:4236: InvalidRequestError
_ ERROR at setup of TestMeetingAgendaEndpoints.test_get_meeting_agenda_by_id_success _

fixturedef = <FixtureDef argname='test_user' scope='function' baseid='backend/tests'>
request = <SubRequest 'test_user' for <Function test_get_meeting_agenda_by_id_success>>

    @pytest.hookimpl(wrapper=True)
    def pytest_fixture_setup(fixturedef: FixtureDef, request) -> object | None:
        asyncio_mode = _get_asyncio_mode(request.config)
        if not _is_asyncio_fixture_function(fixturedef.func):
            if asyncio_mode == Mode.STRICT:
                # Ignore async fixtures without explicit asyncio mark in strict mode
                # This applies to pytest_trio fixtures, for example
>               return (yield)

..\..\anaconda3\envs\scrumix\lib\site-packages\pytest_asyncio\plugin.py:681: 
_ _ _ _ _ _ _ _ _ _ _ _ _ _ _ _ _ _ _ _ _ _ _ _ _ _ _ _ _ _ _ _ _ _ _ _ _ _ _ _
backend\tests\conftest.py:104: in test_user
    user = User(
..\..\anaconda3\envs\scrumix\lib\site-packages\sqlalchemy\orm\state.py:561: in _initialize_instance
    manager.dispatch.init(self, args, kwargs)
..\..\anaconda3\envs\scrumix\lib\site-packages\sqlalchemy\event\attr.py:487: in __call__
    fn(*args, **kw)
..\..\anaconda3\envs\scrumix\lib\site-packages\sqlalchemy\orm\mapper.py:4391: in _event_on_init
    instrumenting_mapper._check_configure()
..\..\anaconda3\envs\scrumix\lib\site-packages\sqlalchemy\orm\mapper.py:2386: in _check_configure
    _configure_registries({self.registry}, cascade=True)
..\..\anaconda3\envs\scrumix\lib\site-packages\sqlalchemy\orm\mapper.py:4199: in _configure_registries
    _do_configure_registries(registries, cascade)
_ _ _ _ _ _ _ _ _ _ _ _ _ _ _ _ _ _ _ _ _ _ _ _ _ _ _ _ _ _ _ _ _ _ _ _ _ _ _ _

registries = set(), cascade = True

    @util.preload_module("sqlalchemy.orm.decl_api")
    def _do_configure_registries(
        registries: Set[_RegistryType], cascade: bool
    ) -> None:
        registry = util.preloaded.orm_decl_api.registry
    
        orig = set(registries)
    
        for reg in registry._recurse_with_dependencies(registries):
            has_skip = False
    
            for mapper in reg._mappers_to_configure():
                run_configure = None
    
                for fn in mapper.dispatch.before_mapper_configured:
                    run_configure = fn(mapper, mapper.class_)
                    if run_configure is EXT_SKIP:
                        has_skip = True
                        break
                if run_configure is EXT_SKIP:
                    continue
    
                if getattr(mapper, "_configure_failed", False):
                    e = sa_exc.InvalidRequestError(
                        "One or more mappers failed to initialize - "
                        "can't proceed with initialization of other "
                        "mappers. Triggering mapper: '%s'. "
                        "Original exception was: %s"
                        % (mapper, mapper._configure_failed)
                    )
                    e._configure_failed = mapper._configure_failed  # type: ignore
>                   raise e
E                   sqlalchemy.exc.InvalidRequestError: One or more mappers failed to initialize - can't proceed with initialization of other mappers. Triggering mapper: 'Mapper[Sprint(sprints)]'. Original exception was: Mapper 'Mapper[Project(projects)]' has no property 'sprints'.  If this property was indicated from other mappers or configure events, ensure registry.configure() has been called.

..\..\anaconda3\envs\scrumix\lib\site-packages\sqlalchemy\orm\mapper.py:4236: InvalidRequestError
_ ERROR at setup of TestMeetingAgendaEndpoints.test_get_meeting_agenda_by_id_not_found _

fixturedef = <FixtureDef argname='test_user' scope='function' baseid='backend/tests'>
request = <SubRequest 'test_user' for <Function test_get_meeting_agenda_by_id_not_found>>

    @pytest.hookimpl(wrapper=True)
    def pytest_fixture_setup(fixturedef: FixtureDef, request) -> object | None:
        asyncio_mode = _get_asyncio_mode(request.config)
        if not _is_asyncio_fixture_function(fixturedef.func):
            if asyncio_mode == Mode.STRICT:
                # Ignore async fixtures without explicit asyncio mark in strict mode
                # This applies to pytest_trio fixtures, for example
>               return (yield)

..\..\anaconda3\envs\scrumix\lib\site-packages\pytest_asyncio\plugin.py:681: 
_ _ _ _ _ _ _ _ _ _ _ _ _ _ _ _ _ _ _ _ _ _ _ _ _ _ _ _ _ _ _ _ _ _ _ _ _ _ _ _
backend\tests\conftest.py:104: in test_user
    user = User(
..\..\anaconda3\envs\scrumix\lib\site-packages\sqlalchemy\orm\state.py:561: in _initialize_instance
    manager.dispatch.init(self, args, kwargs)
..\..\anaconda3\envs\scrumix\lib\site-packages\sqlalchemy\event\attr.py:487: in __call__
    fn(*args, **kw)
..\..\anaconda3\envs\scrumix\lib\site-packages\sqlalchemy\orm\mapper.py:4391: in _event_on_init
    instrumenting_mapper._check_configure()
..\..\anaconda3\envs\scrumix\lib\site-packages\sqlalchemy\orm\mapper.py:2386: in _check_configure
    _configure_registries({self.registry}, cascade=True)
..\..\anaconda3\envs\scrumix\lib\site-packages\sqlalchemy\orm\mapper.py:4199: in _configure_registries
    _do_configure_registries(registries, cascade)
_ _ _ _ _ _ _ _ _ _ _ _ _ _ _ _ _ _ _ _ _ _ _ _ _ _ _ _ _ _ _ _ _ _ _ _ _ _ _ _

registries = set(), cascade = True

    @util.preload_module("sqlalchemy.orm.decl_api")
    def _do_configure_registries(
        registries: Set[_RegistryType], cascade: bool
    ) -> None:
        registry = util.preloaded.orm_decl_api.registry
    
        orig = set(registries)
    
        for reg in registry._recurse_with_dependencies(registries):
            has_skip = False
    
            for mapper in reg._mappers_to_configure():
                run_configure = None
    
                for fn in mapper.dispatch.before_mapper_configured:
                    run_configure = fn(mapper, mapper.class_)
                    if run_configure is EXT_SKIP:
                        has_skip = True
                        break
                if run_configure is EXT_SKIP:
                    continue
    
                if getattr(mapper, "_configure_failed", False):
                    e = sa_exc.InvalidRequestError(
                        "One or more mappers failed to initialize - "
                        "can't proceed with initialization of other "
                        "mappers. Triggering mapper: '%s'. "
                        "Original exception was: %s"
                        % (mapper, mapper._configure_failed)
                    )
                    e._configure_failed = mapper._configure_failed  # type: ignore
>                   raise e
E                   sqlalchemy.exc.InvalidRequestError: One or more mappers failed to initialize - can't proceed with initialization of other mappers. Triggering mapper: 'Mapper[Sprint(sprints)]'. Original exception was: Mapper 'Mapper[Project(projects)]' has no property 'sprints'.  If this property was indicated from other mappers or configure events, ensure registry.configure() has been called.

..\..\anaconda3\envs\scrumix\lib\site-packages\sqlalchemy\orm\mapper.py:4236: InvalidRequestError
_ ERROR at setup of TestMeetingAgendaEndpoints.test_update_meeting_agenda_success _

fixturedef = <FixtureDef argname='test_user' scope='function' baseid='backend/tests'>
request = <SubRequest 'test_user' for <Function test_update_meeting_agenda_success>>

    @pytest.hookimpl(wrapper=True)
    def pytest_fixture_setup(fixturedef: FixtureDef, request) -> object | None:
        asyncio_mode = _get_asyncio_mode(request.config)
        if not _is_asyncio_fixture_function(fixturedef.func):
            if asyncio_mode == Mode.STRICT:
                # Ignore async fixtures without explicit asyncio mark in strict mode
                # This applies to pytest_trio fixtures, for example
>               return (yield)

..\..\anaconda3\envs\scrumix\lib\site-packages\pytest_asyncio\plugin.py:681: 
_ _ _ _ _ _ _ _ _ _ _ _ _ _ _ _ _ _ _ _ _ _ _ _ _ _ _ _ _ _ _ _ _ _ _ _ _ _ _ _
backend\tests\conftest.py:104: in test_user
    user = User(
..\..\anaconda3\envs\scrumix\lib\site-packages\sqlalchemy\orm\state.py:561: in _initialize_instance
    manager.dispatch.init(self, args, kwargs)
..\..\anaconda3\envs\scrumix\lib\site-packages\sqlalchemy\event\attr.py:487: in __call__
    fn(*args, **kw)
..\..\anaconda3\envs\scrumix\lib\site-packages\sqlalchemy\orm\mapper.py:4391: in _event_on_init
    instrumenting_mapper._check_configure()
..\..\anaconda3\envs\scrumix\lib\site-packages\sqlalchemy\orm\mapper.py:2386: in _check_configure
    _configure_registries({self.registry}, cascade=True)
..\..\anaconda3\envs\scrumix\lib\site-packages\sqlalchemy\orm\mapper.py:4199: in _configure_registries
    _do_configure_registries(registries, cascade)
_ _ _ _ _ _ _ _ _ _ _ _ _ _ _ _ _ _ _ _ _ _ _ _ _ _ _ _ _ _ _ _ _ _ _ _ _ _ _ _

registries = set(), cascade = True

    @util.preload_module("sqlalchemy.orm.decl_api")
    def _do_configure_registries(
        registries: Set[_RegistryType], cascade: bool
    ) -> None:
        registry = util.preloaded.orm_decl_api.registry
    
        orig = set(registries)
    
        for reg in registry._recurse_with_dependencies(registries):
            has_skip = False
    
            for mapper in reg._mappers_to_configure():
                run_configure = None
    
                for fn in mapper.dispatch.before_mapper_configured:
                    run_configure = fn(mapper, mapper.class_)
                    if run_configure is EXT_SKIP:
                        has_skip = True
                        break
                if run_configure is EXT_SKIP:
                    continue
    
                if getattr(mapper, "_configure_failed", False):
                    e = sa_exc.InvalidRequestError(
                        "One or more mappers failed to initialize - "
                        "can't proceed with initialization of other "
                        "mappers. Triggering mapper: '%s'. "
                        "Original exception was: %s"
                        % (mapper, mapper._configure_failed)
                    )
                    e._configure_failed = mapper._configure_failed  # type: ignore
>                   raise e
E                   sqlalchemy.exc.InvalidRequestError: One or more mappers failed to initialize - can't proceed with initialization of other mappers. Triggering mapper: 'Mapper[Sprint(sprints)]'. Original exception was: Mapper 'Mapper[Project(projects)]' has no property 'sprints'.  If this property was indicated from other mappers or configure events, ensure registry.configure() has been called.

..\..\anaconda3\envs\scrumix\lib\site-packages\sqlalchemy\orm\mapper.py:4236: InvalidRequestError
_ ERROR at setup of TestMeetingAgendaEndpoints.test_update_meeting_agenda_not_found _

fixturedef = <FixtureDef argname='test_user' scope='function' baseid='backend/tests'>
request = <SubRequest 'test_user' for <Function test_update_meeting_agenda_not_found>>

    @pytest.hookimpl(wrapper=True)
    def pytest_fixture_setup(fixturedef: FixtureDef, request) -> object | None:
        asyncio_mode = _get_asyncio_mode(request.config)
        if not _is_asyncio_fixture_function(fixturedef.func):
            if asyncio_mode == Mode.STRICT:
                # Ignore async fixtures without explicit asyncio mark in strict mode
                # This applies to pytest_trio fixtures, for example
>               return (yield)

..\..\anaconda3\envs\scrumix\lib\site-packages\pytest_asyncio\plugin.py:681: 
_ _ _ _ _ _ _ _ _ _ _ _ _ _ _ _ _ _ _ _ _ _ _ _ _ _ _ _ _ _ _ _ _ _ _ _ _ _ _ _
backend\tests\conftest.py:104: in test_user
    user = User(
..\..\anaconda3\envs\scrumix\lib\site-packages\sqlalchemy\orm\state.py:561: in _initialize_instance
    manager.dispatch.init(self, args, kwargs)
..\..\anaconda3\envs\scrumix\lib\site-packages\sqlalchemy\event\attr.py:487: in __call__
    fn(*args, **kw)
..\..\anaconda3\envs\scrumix\lib\site-packages\sqlalchemy\orm\mapper.py:4391: in _event_on_init
    instrumenting_mapper._check_configure()
..\..\anaconda3\envs\scrumix\lib\site-packages\sqlalchemy\orm\mapper.py:2386: in _check_configure
    _configure_registries({self.registry}, cascade=True)
..\..\anaconda3\envs\scrumix\lib\site-packages\sqlalchemy\orm\mapper.py:4199: in _configure_registries
    _do_configure_registries(registries, cascade)
_ _ _ _ _ _ _ _ _ _ _ _ _ _ _ _ _ _ _ _ _ _ _ _ _ _ _ _ _ _ _ _ _ _ _ _ _ _ _ _

registries = set(), cascade = True

    @util.preload_module("sqlalchemy.orm.decl_api")
    def _do_configure_registries(
        registries: Set[_RegistryType], cascade: bool
    ) -> None:
        registry = util.preloaded.orm_decl_api.registry
    
        orig = set(registries)
    
        for reg in registry._recurse_with_dependencies(registries):
            has_skip = False
    
            for mapper in reg._mappers_to_configure():
                run_configure = None
    
                for fn in mapper.dispatch.before_mapper_configured:
                    run_configure = fn(mapper, mapper.class_)
                    if run_configure is EXT_SKIP:
                        has_skip = True
                        break
                if run_configure is EXT_SKIP:
                    continue
    
                if getattr(mapper, "_configure_failed", False):
                    e = sa_exc.InvalidRequestError(
                        "One or more mappers failed to initialize - "
                        "can't proceed with initialization of other "
                        "mappers. Triggering mapper: '%s'. "
                        "Original exception was: %s"
                        % (mapper, mapper._configure_failed)
                    )
                    e._configure_failed = mapper._configure_failed  # type: ignore
>                   raise e
E                   sqlalchemy.exc.InvalidRequestError: One or more mappers failed to initialize - can't proceed with initialization of other mappers. Triggering mapper: 'Mapper[Sprint(sprints)]'. Original exception was: Mapper 'Mapper[Project(projects)]' has no property 'sprints'.  If this property was indicated from other mappers or configure events, ensure registry.configure() has been called.

..\..\anaconda3\envs\scrumix\lib\site-packages\sqlalchemy\orm\mapper.py:4236: InvalidRequestError
_ ERROR at setup of TestMeetingAgendaEndpoints.test_delete_meeting_agenda_success _

fixturedef = <FixtureDef argname='test_user' scope='function' baseid='backend/tests'>
request = <SubRequest 'test_user' for <Function test_delete_meeting_agenda_success>>

    @pytest.hookimpl(wrapper=True)
    def pytest_fixture_setup(fixturedef: FixtureDef, request) -> object | None:
        asyncio_mode = _get_asyncio_mode(request.config)
        if not _is_asyncio_fixture_function(fixturedef.func):
            if asyncio_mode == Mode.STRICT:
                # Ignore async fixtures without explicit asyncio mark in strict mode
                # This applies to pytest_trio fixtures, for example
>               return (yield)

..\..\anaconda3\envs\scrumix\lib\site-packages\pytest_asyncio\plugin.py:681: 
_ _ _ _ _ _ _ _ _ _ _ _ _ _ _ _ _ _ _ _ _ _ _ _ _ _ _ _ _ _ _ _ _ _ _ _ _ _ _ _
backend\tests\conftest.py:104: in test_user
    user = User(
..\..\anaconda3\envs\scrumix\lib\site-packages\sqlalchemy\orm\state.py:561: in _initialize_instance
    manager.dispatch.init(self, args, kwargs)
..\..\anaconda3\envs\scrumix\lib\site-packages\sqlalchemy\event\attr.py:487: in __call__
    fn(*args, **kw)
..\..\anaconda3\envs\scrumix\lib\site-packages\sqlalchemy\orm\mapper.py:4391: in _event_on_init
    instrumenting_mapper._check_configure()
..\..\anaconda3\envs\scrumix\lib\site-packages\sqlalchemy\orm\mapper.py:2386: in _check_configure
    _configure_registries({self.registry}, cascade=True)
..\..\anaconda3\envs\scrumix\lib\site-packages\sqlalchemy\orm\mapper.py:4199: in _configure_registries
    _do_configure_registries(registries, cascade)
_ _ _ _ _ _ _ _ _ _ _ _ _ _ _ _ _ _ _ _ _ _ _ _ _ _ _ _ _ _ _ _ _ _ _ _ _ _ _ _

registries = set(), cascade = True

    @util.preload_module("sqlalchemy.orm.decl_api")
    def _do_configure_registries(
        registries: Set[_RegistryType], cascade: bool
    ) -> None:
        registry = util.preloaded.orm_decl_api.registry
    
        orig = set(registries)
    
        for reg in registry._recurse_with_dependencies(registries):
            has_skip = False
    
            for mapper in reg._mappers_to_configure():
                run_configure = None
    
                for fn in mapper.dispatch.before_mapper_configured:
                    run_configure = fn(mapper, mapper.class_)
                    if run_configure is EXT_SKIP:
                        has_skip = True
                        break
                if run_configure is EXT_SKIP:
                    continue
    
                if getattr(mapper, "_configure_failed", False):
                    e = sa_exc.InvalidRequestError(
                        "One or more mappers failed to initialize - "
                        "can't proceed with initialization of other "
                        "mappers. Triggering mapper: '%s'. "
                        "Original exception was: %s"
                        % (mapper, mapper._configure_failed)
                    )
                    e._configure_failed = mapper._configure_failed  # type: ignore
>                   raise e
E                   sqlalchemy.exc.InvalidRequestError: One or more mappers failed to initialize - can't proceed with initialization of other mappers. Triggering mapper: 'Mapper[Sprint(sprints)]'. Original exception was: Mapper 'Mapper[Project(projects)]' has no property 'sprints'.  If this property was indicated from other mappers or configure events, ensure registry.configure() has been called.

..\..\anaconda3\envs\scrumix\lib\site-packages\sqlalchemy\orm\mapper.py:4236: InvalidRequestError
_ ERROR at setup of TestMeetingAgendaEndpoints.test_delete_meeting_agenda_not_found _

fixturedef = <FixtureDef argname='test_user' scope='function' baseid='backend/tests'>
request = <SubRequest 'test_user' for <Function test_delete_meeting_agenda_not_found>>

    @pytest.hookimpl(wrapper=True)
    def pytest_fixture_setup(fixturedef: FixtureDef, request) -> object | None:
        asyncio_mode = _get_asyncio_mode(request.config)
        if not _is_asyncio_fixture_function(fixturedef.func):
            if asyncio_mode == Mode.STRICT:
                # Ignore async fixtures without explicit asyncio mark in strict mode
                # This applies to pytest_trio fixtures, for example
>               return (yield)

..\..\anaconda3\envs\scrumix\lib\site-packages\pytest_asyncio\plugin.py:681: 
_ _ _ _ _ _ _ _ _ _ _ _ _ _ _ _ _ _ _ _ _ _ _ _ _ _ _ _ _ _ _ _ _ _ _ _ _ _ _ _
backend\tests\conftest.py:104: in test_user
    user = User(
..\..\anaconda3\envs\scrumix\lib\site-packages\sqlalchemy\orm\state.py:561: in _initialize_instance
    manager.dispatch.init(self, args, kwargs)
..\..\anaconda3\envs\scrumix\lib\site-packages\sqlalchemy\event\attr.py:487: in __call__
    fn(*args, **kw)
..\..\anaconda3\envs\scrumix\lib\site-packages\sqlalchemy\orm\mapper.py:4391: in _event_on_init
    instrumenting_mapper._check_configure()
..\..\anaconda3\envs\scrumix\lib\site-packages\sqlalchemy\orm\mapper.py:2386: in _check_configure
    _configure_registries({self.registry}, cascade=True)
..\..\anaconda3\envs\scrumix\lib\site-packages\sqlalchemy\orm\mapper.py:4199: in _configure_registries
    _do_configure_registries(registries, cascade)
_ _ _ _ _ _ _ _ _ _ _ _ _ _ _ _ _ _ _ _ _ _ _ _ _ _ _ _ _ _ _ _ _ _ _ _ _ _ _ _

registries = set(), cascade = True

    @util.preload_module("sqlalchemy.orm.decl_api")
    def _do_configure_registries(
        registries: Set[_RegistryType], cascade: bool
    ) -> None:
        registry = util.preloaded.orm_decl_api.registry
    
        orig = set(registries)
    
        for reg in registry._recurse_with_dependencies(registries):
            has_skip = False
    
            for mapper in reg._mappers_to_configure():
                run_configure = None
    
                for fn in mapper.dispatch.before_mapper_configured:
                    run_configure = fn(mapper, mapper.class_)
                    if run_configure is EXT_SKIP:
                        has_skip = True
                        break
                if run_configure is EXT_SKIP:
                    continue
    
                if getattr(mapper, "_configure_failed", False):
                    e = sa_exc.InvalidRequestError(
                        "One or more mappers failed to initialize - "
                        "can't proceed with initialization of other "
                        "mappers. Triggering mapper: '%s'. "
                        "Original exception was: %s"
                        % (mapper, mapper._configure_failed)
                    )
                    e._configure_failed = mapper._configure_failed  # type: ignore
>                   raise e
E                   sqlalchemy.exc.InvalidRequestError: One or more mappers failed to initialize - can't proceed with initialization of other mappers. Triggering mapper: 'Mapper[Sprint(sprints)]'. Original exception was: Mapper 'Mapper[Project(projects)]' has no property 'sprints'.  If this property was indicated from other mappers or configure events, ensure registry.configure() has been called.

..\..\anaconda3\envs\scrumix\lib\site-packages\sqlalchemy\orm\mapper.py:4236: InvalidRequestError
___ ERROR at setup of TestMeetingAgendaEndpoints.test_get_agenda_by_meeting ___

fixturedef = <FixtureDef argname='test_user' scope='function' baseid='backend/tests'>
request = <SubRequest 'test_user' for <Function test_get_agenda_by_meeting>>

    @pytest.hookimpl(wrapper=True)
    def pytest_fixture_setup(fixturedef: FixtureDef, request) -> object | None:
        asyncio_mode = _get_asyncio_mode(request.config)
        if not _is_asyncio_fixture_function(fixturedef.func):
            if asyncio_mode == Mode.STRICT:
                # Ignore async fixtures without explicit asyncio mark in strict mode
                # This applies to pytest_trio fixtures, for example
>               return (yield)

..\..\anaconda3\envs\scrumix\lib\site-packages\pytest_asyncio\plugin.py:681: 
_ _ _ _ _ _ _ _ _ _ _ _ _ _ _ _ _ _ _ _ _ _ _ _ _ _ _ _ _ _ _ _ _ _ _ _ _ _ _ _
backend\tests\conftest.py:104: in test_user
    user = User(
..\..\anaconda3\envs\scrumix\lib\site-packages\sqlalchemy\orm\state.py:561: in _initialize_instance
    manager.dispatch.init(self, args, kwargs)
..\..\anaconda3\envs\scrumix\lib\site-packages\sqlalchemy\event\attr.py:487: in __call__
    fn(*args, **kw)
..\..\anaconda3\envs\scrumix\lib\site-packages\sqlalchemy\orm\mapper.py:4391: in _event_on_init
    instrumenting_mapper._check_configure()
..\..\anaconda3\envs\scrumix\lib\site-packages\sqlalchemy\orm\mapper.py:2386: in _check_configure
    _configure_registries({self.registry}, cascade=True)
..\..\anaconda3\envs\scrumix\lib\site-packages\sqlalchemy\orm\mapper.py:4199: in _configure_registries
    _do_configure_registries(registries, cascade)
_ _ _ _ _ _ _ _ _ _ _ _ _ _ _ _ _ _ _ _ _ _ _ _ _ _ _ _ _ _ _ _ _ _ _ _ _ _ _ _

registries = set(), cascade = True

    @util.preload_module("sqlalchemy.orm.decl_api")
    def _do_configure_registries(
        registries: Set[_RegistryType], cascade: bool
    ) -> None:
        registry = util.preloaded.orm_decl_api.registry
    
        orig = set(registries)
    
        for reg in registry._recurse_with_dependencies(registries):
            has_skip = False
    
            for mapper in reg._mappers_to_configure():
                run_configure = None
    
                for fn in mapper.dispatch.before_mapper_configured:
                    run_configure = fn(mapper, mapper.class_)
                    if run_configure is EXT_SKIP:
                        has_skip = True
                        break
                if run_configure is EXT_SKIP:
                    continue
    
                if getattr(mapper, "_configure_failed", False):
                    e = sa_exc.InvalidRequestError(
                        "One or more mappers failed to initialize - "
                        "can't proceed with initialization of other "
                        "mappers. Triggering mapper: '%s'. "
                        "Original exception was: %s"
                        % (mapper, mapper._configure_failed)
                    )
                    e._configure_failed = mapper._configure_failed  # type: ignore
>                   raise e
E                   sqlalchemy.exc.InvalidRequestError: One or more mappers failed to initialize - can't proceed with initialization of other mappers. Triggering mapper: 'Mapper[Sprint(sprints)]'. Original exception was: Mapper 'Mapper[Project(projects)]' has no property 'sprints'.  If this property was indicated from other mappers or configure events, ensure registry.configure() has been called.

..\..\anaconda3\envs\scrumix\lib\site-packages\sqlalchemy\orm\mapper.py:4236: InvalidRequestError
_ ERROR at setup of TestMeetingAgendaEndpoints.test_get_agenda_by_meeting_with_pagination _

fixturedef = <FixtureDef argname='test_user' scope='function' baseid='backend/tests'>
request = <SubRequest 'test_user' for <Function test_get_agenda_by_meeting_with_pagination>>

    @pytest.hookimpl(wrapper=True)
    def pytest_fixture_setup(fixturedef: FixtureDef, request) -> object | None:
        asyncio_mode = _get_asyncio_mode(request.config)
        if not _is_asyncio_fixture_function(fixturedef.func):
            if asyncio_mode == Mode.STRICT:
                # Ignore async fixtures without explicit asyncio mark in strict mode
                # This applies to pytest_trio fixtures, for example
>               return (yield)

..\..\anaconda3\envs\scrumix\lib\site-packages\pytest_asyncio\plugin.py:681: 
_ _ _ _ _ _ _ _ _ _ _ _ _ _ _ _ _ _ _ _ _ _ _ _ _ _ _ _ _ _ _ _ _ _ _ _ _ _ _ _
backend\tests\conftest.py:104: in test_user
    user = User(
..\..\anaconda3\envs\scrumix\lib\site-packages\sqlalchemy\orm\state.py:561: in _initialize_instance
    manager.dispatch.init(self, args, kwargs)
..\..\anaconda3\envs\scrumix\lib\site-packages\sqlalchemy\event\attr.py:487: in __call__
    fn(*args, **kw)
..\..\anaconda3\envs\scrumix\lib\site-packages\sqlalchemy\orm\mapper.py:4391: in _event_on_init
    instrumenting_mapper._check_configure()
..\..\anaconda3\envs\scrumix\lib\site-packages\sqlalchemy\orm\mapper.py:2386: in _check_configure
    _configure_registries({self.registry}, cascade=True)
..\..\anaconda3\envs\scrumix\lib\site-packages\sqlalchemy\orm\mapper.py:4199: in _configure_registries
    _do_configure_registries(registries, cascade)
_ _ _ _ _ _ _ _ _ _ _ _ _ _ _ _ _ _ _ _ _ _ _ _ _ _ _ _ _ _ _ _ _ _ _ _ _ _ _ _

registries = set(), cascade = True

    @util.preload_module("sqlalchemy.orm.decl_api")
    def _do_configure_registries(
        registries: Set[_RegistryType], cascade: bool
    ) -> None:
        registry = util.preloaded.orm_decl_api.registry
    
        orig = set(registries)
    
        for reg in registry._recurse_with_dependencies(registries):
            has_skip = False
    
            for mapper in reg._mappers_to_configure():
                run_configure = None
    
                for fn in mapper.dispatch.before_mapper_configured:
                    run_configure = fn(mapper, mapper.class_)
                    if run_configure is EXT_SKIP:
                        has_skip = True
                        break
                if run_configure is EXT_SKIP:
                    continue
    
                if getattr(mapper, "_configure_failed", False):
                    e = sa_exc.InvalidRequestError(
                        "One or more mappers failed to initialize - "
                        "can't proceed with initialization of other "
                        "mappers. Triggering mapper: '%s'. "
                        "Original exception was: %s"
                        % (mapper, mapper._configure_failed)
                    )
                    e._configure_failed = mapper._configure_failed  # type: ignore
>                   raise e
E                   sqlalchemy.exc.InvalidRequestError: One or more mappers failed to initialize - can't proceed with initialization of other mappers. Triggering mapper: 'Mapper[Sprint(sprints)]'. Original exception was: Mapper 'Mapper[Project(projects)]' has no property 'sprints'.  If this property was indicated from other mappers or configure events, ensure registry.configure() has been called.

..\..\anaconda3\envs\scrumix\lib\site-packages\sqlalchemy\orm\mapper.py:4236: InvalidRequestError
_ ERROR at setup of TestMeetingAgendaEndpoints.test_get_agenda_by_nonexistent_meeting _

fixturedef = <FixtureDef argname='test_user' scope='function' baseid='backend/tests'>
request = <SubRequest 'test_user' for <Function test_get_agenda_by_nonexistent_meeting>>

    @pytest.hookimpl(wrapper=True)
    def pytest_fixture_setup(fixturedef: FixtureDef, request) -> object | None:
        asyncio_mode = _get_asyncio_mode(request.config)
        if not _is_asyncio_fixture_function(fixturedef.func):
            if asyncio_mode == Mode.STRICT:
                # Ignore async fixtures without explicit asyncio mark in strict mode
                # This applies to pytest_trio fixtures, for example
>               return (yield)

..\..\anaconda3\envs\scrumix\lib\site-packages\pytest_asyncio\plugin.py:681: 
_ _ _ _ _ _ _ _ _ _ _ _ _ _ _ _ _ _ _ _ _ _ _ _ _ _ _ _ _ _ _ _ _ _ _ _ _ _ _ _
backend\tests\conftest.py:104: in test_user
    user = User(
..\..\anaconda3\envs\scrumix\lib\site-packages\sqlalchemy\orm\state.py:561: in _initialize_instance
    manager.dispatch.init(self, args, kwargs)
..\..\anaconda3\envs\scrumix\lib\site-packages\sqlalchemy\event\attr.py:487: in __call__
    fn(*args, **kw)
..\..\anaconda3\envs\scrumix\lib\site-packages\sqlalchemy\orm\mapper.py:4391: in _event_on_init
    instrumenting_mapper._check_configure()
..\..\anaconda3\envs\scrumix\lib\site-packages\sqlalchemy\orm\mapper.py:2386: in _check_configure
    _configure_registries({self.registry}, cascade=True)
..\..\anaconda3\envs\scrumix\lib\site-packages\sqlalchemy\orm\mapper.py:4199: in _configure_registries
    _do_configure_registries(registries, cascade)
_ _ _ _ _ _ _ _ _ _ _ _ _ _ _ _ _ _ _ _ _ _ _ _ _ _ _ _ _ _ _ _ _ _ _ _ _ _ _ _

registries = set(), cascade = True

    @util.preload_module("sqlalchemy.orm.decl_api")
    def _do_configure_registries(
        registries: Set[_RegistryType], cascade: bool
    ) -> None:
        registry = util.preloaded.orm_decl_api.registry
    
        orig = set(registries)
    
        for reg in registry._recurse_with_dependencies(registries):
            has_skip = False
    
            for mapper in reg._mappers_to_configure():
                run_configure = None
    
                for fn in mapper.dispatch.before_mapper_configured:
                    run_configure = fn(mapper, mapper.class_)
                    if run_configure is EXT_SKIP:
                        has_skip = True
                        break
                if run_configure is EXT_SKIP:
                    continue
    
                if getattr(mapper, "_configure_failed", False):
                    e = sa_exc.InvalidRequestError(
                        "One or more mappers failed to initialize - "
                        "can't proceed with initialization of other "
                        "mappers. Triggering mapper: '%s'. "
                        "Original exception was: %s"
                        % (mapper, mapper._configure_failed)
                    )
                    e._configure_failed = mapper._configure_failed  # type: ignore
>                   raise e
E                   sqlalchemy.exc.InvalidRequestError: One or more mappers failed to initialize - can't proceed with initialization of other mappers. Triggering mapper: 'Mapper[Sprint(sprints)]'. Original exception was: Mapper 'Mapper[Project(projects)]' has no property 'sprints'.  If this property was indicated from other mappers or configure events, ensure registry.configure() has been called.

..\..\anaconda3\envs\scrumix\lib\site-packages\sqlalchemy\orm\mapper.py:4236: InvalidRequestError
__ ERROR at setup of TestMeetingAgendaEndpoints.test_count_agenda_by_meeting __

fixturedef = <FixtureDef argname='test_user' scope='function' baseid='backend/tests'>
request = <SubRequest 'test_user' for <Function test_count_agenda_by_meeting>>

    @pytest.hookimpl(wrapper=True)
    def pytest_fixture_setup(fixturedef: FixtureDef, request) -> object | None:
        asyncio_mode = _get_asyncio_mode(request.config)
        if not _is_asyncio_fixture_function(fixturedef.func):
            if asyncio_mode == Mode.STRICT:
                # Ignore async fixtures without explicit asyncio mark in strict mode
                # This applies to pytest_trio fixtures, for example
>               return (yield)

..\..\anaconda3\envs\scrumix\lib\site-packages\pytest_asyncio\plugin.py:681: 
_ _ _ _ _ _ _ _ _ _ _ _ _ _ _ _ _ _ _ _ _ _ _ _ _ _ _ _ _ _ _ _ _ _ _ _ _ _ _ _
backend\tests\conftest.py:104: in test_user
    user = User(
..\..\anaconda3\envs\scrumix\lib\site-packages\sqlalchemy\orm\state.py:561: in _initialize_instance
    manager.dispatch.init(self, args, kwargs)
..\..\anaconda3\envs\scrumix\lib\site-packages\sqlalchemy\event\attr.py:487: in __call__
    fn(*args, **kw)
..\..\anaconda3\envs\scrumix\lib\site-packages\sqlalchemy\orm\mapper.py:4391: in _event_on_init
    instrumenting_mapper._check_configure()
..\..\anaconda3\envs\scrumix\lib\site-packages\sqlalchemy\orm\mapper.py:2386: in _check_configure
    _configure_registries({self.registry}, cascade=True)
..\..\anaconda3\envs\scrumix\lib\site-packages\sqlalchemy\orm\mapper.py:4199: in _configure_registries
    _do_configure_registries(registries, cascade)
_ _ _ _ _ _ _ _ _ _ _ _ _ _ _ _ _ _ _ _ _ _ _ _ _ _ _ _ _ _ _ _ _ _ _ _ _ _ _ _

registries = set(), cascade = True

    @util.preload_module("sqlalchemy.orm.decl_api")
    def _do_configure_registries(
        registries: Set[_RegistryType], cascade: bool
    ) -> None:
        registry = util.preloaded.orm_decl_api.registry
    
        orig = set(registries)
    
        for reg in registry._recurse_with_dependencies(registries):
            has_skip = False
    
            for mapper in reg._mappers_to_configure():
                run_configure = None
    
                for fn in mapper.dispatch.before_mapper_configured:
                    run_configure = fn(mapper, mapper.class_)
                    if run_configure is EXT_SKIP:
                        has_skip = True
                        break
                if run_configure is EXT_SKIP:
                    continue
    
                if getattr(mapper, "_configure_failed", False):
                    e = sa_exc.InvalidRequestError(
                        "One or more mappers failed to initialize - "
                        "can't proceed with initialization of other "
                        "mappers. Triggering mapper: '%s'. "
                        "Original exception was: %s"
                        % (mapper, mapper._configure_failed)
                    )
                    e._configure_failed = mapper._configure_failed  # type: ignore
>                   raise e
E                   sqlalchemy.exc.InvalidRequestError: One or more mappers failed to initialize - can't proceed with initialization of other mappers. Triggering mapper: 'Mapper[Sprint(sprints)]'. Original exception was: Mapper 'Mapper[Project(projects)]' has no property 'sprints'.  If this property was indicated from other mappers or configure events, ensure registry.configure() has been called.

..\..\anaconda3\envs\scrumix\lib\site-packages\sqlalchemy\orm\mapper.py:4236: InvalidRequestError
_ ERROR at setup of TestMeetingAgendaEndpoints.test_count_agenda_by_nonexistent_meeting _

fixturedef = <FixtureDef argname='test_user' scope='function' baseid='backend/tests'>
request = <SubRequest 'test_user' for <Function test_count_agenda_by_nonexistent_meeting>>

    @pytest.hookimpl(wrapper=True)
    def pytest_fixture_setup(fixturedef: FixtureDef, request) -> object | None:
        asyncio_mode = _get_asyncio_mode(request.config)
        if not _is_asyncio_fixture_function(fixturedef.func):
            if asyncio_mode == Mode.STRICT:
                # Ignore async fixtures without explicit asyncio mark in strict mode
                # This applies to pytest_trio fixtures, for example
>               return (yield)

..\..\anaconda3\envs\scrumix\lib\site-packages\pytest_asyncio\plugin.py:681: 
_ _ _ _ _ _ _ _ _ _ _ _ _ _ _ _ _ _ _ _ _ _ _ _ _ _ _ _ _ _ _ _ _ _ _ _ _ _ _ _
backend\tests\conftest.py:104: in test_user
    user = User(
..\..\anaconda3\envs\scrumix\lib\site-packages\sqlalchemy\orm\state.py:561: in _initialize_instance
    manager.dispatch.init(self, args, kwargs)
..\..\anaconda3\envs\scrumix\lib\site-packages\sqlalchemy\event\attr.py:487: in __call__
    fn(*args, **kw)
..\..\anaconda3\envs\scrumix\lib\site-packages\sqlalchemy\orm\mapper.py:4391: in _event_on_init
    instrumenting_mapper._check_configure()
..\..\anaconda3\envs\scrumix\lib\site-packages\sqlalchemy\orm\mapper.py:2386: in _check_configure
    _configure_registries({self.registry}, cascade=True)
..\..\anaconda3\envs\scrumix\lib\site-packages\sqlalchemy\orm\mapper.py:4199: in _configure_registries
    _do_configure_registries(registries, cascade)
_ _ _ _ _ _ _ _ _ _ _ _ _ _ _ _ _ _ _ _ _ _ _ _ _ _ _ _ _ _ _ _ _ _ _ _ _ _ _ _

registries = set(), cascade = True

    @util.preload_module("sqlalchemy.orm.decl_api")
    def _do_configure_registries(
        registries: Set[_RegistryType], cascade: bool
    ) -> None:
        registry = util.preloaded.orm_decl_api.registry
    
        orig = set(registries)
    
        for reg in registry._recurse_with_dependencies(registries):
            has_skip = False
    
            for mapper in reg._mappers_to_configure():
                run_configure = None
    
                for fn in mapper.dispatch.before_mapper_configured:
                    run_configure = fn(mapper, mapper.class_)
                    if run_configure is EXT_SKIP:
                        has_skip = True
                        break
                if run_configure is EXT_SKIP:
                    continue
    
                if getattr(mapper, "_configure_failed", False):
                    e = sa_exc.InvalidRequestError(
                        "One or more mappers failed to initialize - "
                        "can't proceed with initialization of other "
                        "mappers. Triggering mapper: '%s'. "
                        "Original exception was: %s"
                        % (mapper, mapper._configure_failed)
                    )
                    e._configure_failed = mapper._configure_failed  # type: ignore
>                   raise e
E                   sqlalchemy.exc.InvalidRequestError: One or more mappers failed to initialize - can't proceed with initialization of other mappers. Triggering mapper: 'Mapper[Sprint(sprints)]'. Original exception was: Mapper 'Mapper[Project(projects)]' has no property 'sprints'.  If this property was indicated from other mappers or configure events, ensure registry.configure() has been called.

..\..\anaconda3\envs\scrumix\lib\site-packages\sqlalchemy\orm\mapper.py:4236: InvalidRequestError
_ ERROR at setup of TestMeetingAgendaEndpoints.test_bulk_create_agenda_items_success _

fixturedef = <FixtureDef argname='test_user' scope='function' baseid='backend/tests'>
request = <SubRequest 'test_user' for <Function test_bulk_create_agenda_items_success>>

    @pytest.hookimpl(wrapper=True)
    def pytest_fixture_setup(fixturedef: FixtureDef, request) -> object | None:
        asyncio_mode = _get_asyncio_mode(request.config)
        if not _is_asyncio_fixture_function(fixturedef.func):
            if asyncio_mode == Mode.STRICT:
                # Ignore async fixtures without explicit asyncio mark in strict mode
                # This applies to pytest_trio fixtures, for example
>               return (yield)

..\..\anaconda3\envs\scrumix\lib\site-packages\pytest_asyncio\plugin.py:681: 
_ _ _ _ _ _ _ _ _ _ _ _ _ _ _ _ _ _ _ _ _ _ _ _ _ _ _ _ _ _ _ _ _ _ _ _ _ _ _ _
backend\tests\conftest.py:104: in test_user
    user = User(
..\..\anaconda3\envs\scrumix\lib\site-packages\sqlalchemy\orm\state.py:561: in _initialize_instance
    manager.dispatch.init(self, args, kwargs)
..\..\anaconda3\envs\scrumix\lib\site-packages\sqlalchemy\event\attr.py:487: in __call__
    fn(*args, **kw)
..\..\anaconda3\envs\scrumix\lib\site-packages\sqlalchemy\orm\mapper.py:4391: in _event_on_init
    instrumenting_mapper._check_configure()
..\..\anaconda3\envs\scrumix\lib\site-packages\sqlalchemy\orm\mapper.py:2386: in _check_configure
    _configure_registries({self.registry}, cascade=True)
..\..\anaconda3\envs\scrumix\lib\site-packages\sqlalchemy\orm\mapper.py:4199: in _configure_registries
    _do_configure_registries(registries, cascade)
_ _ _ _ _ _ _ _ _ _ _ _ _ _ _ _ _ _ _ _ _ _ _ _ _ _ _ _ _ _ _ _ _ _ _ _ _ _ _ _

registries = set(), cascade = True

    @util.preload_module("sqlalchemy.orm.decl_api")
    def _do_configure_registries(
        registries: Set[_RegistryType], cascade: bool
    ) -> None:
        registry = util.preloaded.orm_decl_api.registry
    
        orig = set(registries)
    
        for reg in registry._recurse_with_dependencies(registries):
            has_skip = False
    
            for mapper in reg._mappers_to_configure():
                run_configure = None
    
                for fn in mapper.dispatch.before_mapper_configured:
                    run_configure = fn(mapper, mapper.class_)
                    if run_configure is EXT_SKIP:
                        has_skip = True
                        break
                if run_configure is EXT_SKIP:
                    continue
    
                if getattr(mapper, "_configure_failed", False):
                    e = sa_exc.InvalidRequestError(
                        "One or more mappers failed to initialize - "
                        "can't proceed with initialization of other "
                        "mappers. Triggering mapper: '%s'. "
                        "Original exception was: %s"
                        % (mapper, mapper._configure_failed)
                    )
                    e._configure_failed = mapper._configure_failed  # type: ignore
>                   raise e
E                   sqlalchemy.exc.InvalidRequestError: One or more mappers failed to initialize - can't proceed with initialization of other mappers. Triggering mapper: 'Mapper[Sprint(sprints)]'. Original exception was: Mapper 'Mapper[Project(projects)]' has no property 'sprints'.  If this property was indicated from other mappers or configure events, ensure registry.configure() has been called.

..\..\anaconda3\envs\scrumix\lib\site-packages\sqlalchemy\orm\mapper.py:4236: InvalidRequestError
_ ERROR at setup of TestMeetingAgendaEndpoints.test_bulk_create_agenda_items_empty_list _

fixturedef = <FixtureDef argname='test_user' scope='function' baseid='backend/tests'>
request = <SubRequest 'test_user' for <Function test_bulk_create_agenda_items_empty_list>>

    @pytest.hookimpl(wrapper=True)
    def pytest_fixture_setup(fixturedef: FixtureDef, request) -> object | None:
        asyncio_mode = _get_asyncio_mode(request.config)
        if not _is_asyncio_fixture_function(fixturedef.func):
            if asyncio_mode == Mode.STRICT:
                # Ignore async fixtures without explicit asyncio mark in strict mode
                # This applies to pytest_trio fixtures, for example
>               return (yield)

..\..\anaconda3\envs\scrumix\lib\site-packages\pytest_asyncio\plugin.py:681: 
_ _ _ _ _ _ _ _ _ _ _ _ _ _ _ _ _ _ _ _ _ _ _ _ _ _ _ _ _ _ _ _ _ _ _ _ _ _ _ _
backend\tests\conftest.py:104: in test_user
    user = User(
..\..\anaconda3\envs\scrumix\lib\site-packages\sqlalchemy\orm\state.py:561: in _initialize_instance
    manager.dispatch.init(self, args, kwargs)
..\..\anaconda3\envs\scrumix\lib\site-packages\sqlalchemy\event\attr.py:487: in __call__
    fn(*args, **kw)
..\..\anaconda3\envs\scrumix\lib\site-packages\sqlalchemy\orm\mapper.py:4391: in _event_on_init
    instrumenting_mapper._check_configure()
..\..\anaconda3\envs\scrumix\lib\site-packages\sqlalchemy\orm\mapper.py:2386: in _check_configure
    _configure_registries({self.registry}, cascade=True)
..\..\anaconda3\envs\scrumix\lib\site-packages\sqlalchemy\orm\mapper.py:4199: in _configure_registries
    _do_configure_registries(registries, cascade)
_ _ _ _ _ _ _ _ _ _ _ _ _ _ _ _ _ _ _ _ _ _ _ _ _ _ _ _ _ _ _ _ _ _ _ _ _ _ _ _

registries = set(), cascade = True

    @util.preload_module("sqlalchemy.orm.decl_api")
    def _do_configure_registries(
        registries: Set[_RegistryType], cascade: bool
    ) -> None:
        registry = util.preloaded.orm_decl_api.registry
    
        orig = set(registries)
    
        for reg in registry._recurse_with_dependencies(registries):
            has_skip = False
    
            for mapper in reg._mappers_to_configure():
                run_configure = None
    
                for fn in mapper.dispatch.before_mapper_configured:
                    run_configure = fn(mapper, mapper.class_)
                    if run_configure is EXT_SKIP:
                        has_skip = True
                        break
                if run_configure is EXT_SKIP:
                    continue
    
                if getattr(mapper, "_configure_failed", False):
                    e = sa_exc.InvalidRequestError(
                        "One or more mappers failed to initialize - "
                        "can't proceed with initialization of other "
                        "mappers. Triggering mapper: '%s'. "
                        "Original exception was: %s"
                        % (mapper, mapper._configure_failed)
                    )
                    e._configure_failed = mapper._configure_failed  # type: ignore
>                   raise e
E                   sqlalchemy.exc.InvalidRequestError: One or more mappers failed to initialize - can't proceed with initialization of other mappers. Triggering mapper: 'Mapper[Sprint(sprints)]'. Original exception was: Mapper 'Mapper[Project(projects)]' has no property 'sprints'.  If this property was indicated from other mappers or configure events, ensure registry.configure() has been called.

..\..\anaconda3\envs\scrumix\lib\site-packages\sqlalchemy\orm\mapper.py:4236: InvalidRequestError
_ ERROR at setup of TestMeetingAgendaEndpoints.test_bulk_create_agenda_items_nonexistent_meeting _

fixturedef = <FixtureDef argname='test_user' scope='function' baseid='backend/tests'>
request = <SubRequest 'test_user' for <Function test_bulk_create_agenda_items_nonexistent_meeting>>

    @pytest.hookimpl(wrapper=True)
    def pytest_fixture_setup(fixturedef: FixtureDef, request) -> object | None:
        asyncio_mode = _get_asyncio_mode(request.config)
        if not _is_asyncio_fixture_function(fixturedef.func):
            if asyncio_mode == Mode.STRICT:
                # Ignore async fixtures without explicit asyncio mark in strict mode
                # This applies to pytest_trio fixtures, for example
>               return (yield)

..\..\anaconda3\envs\scrumix\lib\site-packages\pytest_asyncio\plugin.py:681: 
_ _ _ _ _ _ _ _ _ _ _ _ _ _ _ _ _ _ _ _ _ _ _ _ _ _ _ _ _ _ _ _ _ _ _ _ _ _ _ _
backend\tests\conftest.py:104: in test_user
    user = User(
..\..\anaconda3\envs\scrumix\lib\site-packages\sqlalchemy\orm\state.py:561: in _initialize_instance
    manager.dispatch.init(self, args, kwargs)
..\..\anaconda3\envs\scrumix\lib\site-packages\sqlalchemy\event\attr.py:487: in __call__
    fn(*args, **kw)
..\..\anaconda3\envs\scrumix\lib\site-packages\sqlalchemy\orm\mapper.py:4391: in _event_on_init
    instrumenting_mapper._check_configure()
..\..\anaconda3\envs\scrumix\lib\site-packages\sqlalchemy\orm\mapper.py:2386: in _check_configure
    _configure_registries({self.registry}, cascade=True)
..\..\anaconda3\envs\scrumix\lib\site-packages\sqlalchemy\orm\mapper.py:4199: in _configure_registries
    _do_configure_registries(registries, cascade)
_ _ _ _ _ _ _ _ _ _ _ _ _ _ _ _ _ _ _ _ _ _ _ _ _ _ _ _ _ _ _ _ _ _ _ _ _ _ _ _

registries = set(), cascade = True

    @util.preload_module("sqlalchemy.orm.decl_api")
    def _do_configure_registries(
        registries: Set[_RegistryType], cascade: bool
    ) -> None:
        registry = util.preloaded.orm_decl_api.registry
    
        orig = set(registries)
    
        for reg in registry._recurse_with_dependencies(registries):
            has_skip = False
    
            for mapper in reg._mappers_to_configure():
                run_configure = None
    
                for fn in mapper.dispatch.before_mapper_configured:
                    run_configure = fn(mapper, mapper.class_)
                    if run_configure is EXT_SKIP:
                        has_skip = True
                        break
                if run_configure is EXT_SKIP:
                    continue
    
                if getattr(mapper, "_configure_failed", False):
                    e = sa_exc.InvalidRequestError(
                        "One or more mappers failed to initialize - "
                        "can't proceed with initialization of other "
                        "mappers. Triggering mapper: '%s'. "
                        "Original exception was: %s"
                        % (mapper, mapper._configure_failed)
                    )
                    e._configure_failed = mapper._configure_failed  # type: ignore
>                   raise e
E                   sqlalchemy.exc.InvalidRequestError: One or more mappers failed to initialize - can't proceed with initialization of other mappers. Triggering mapper: 'Mapper[Sprint(sprints)]'. Original exception was: Mapper 'Mapper[Project(projects)]' has no property 'sprints'.  If this property was indicated from other mappers or configure events, ensure registry.configure() has been called.

..\..\anaconda3\envs\scrumix\lib\site-packages\sqlalchemy\orm\mapper.py:4236: InvalidRequestError
_ ERROR at setup of TestMeetingAgendaEndpoints.test_delete_all_agenda_by_meeting _

fixturedef = <FixtureDef argname='test_user' scope='function' baseid='backend/tests'>
request = <SubRequest 'test_user' for <Function test_delete_all_agenda_by_meeting>>

    @pytest.hookimpl(wrapper=True)
    def pytest_fixture_setup(fixturedef: FixtureDef, request) -> object | None:
        asyncio_mode = _get_asyncio_mode(request.config)
        if not _is_asyncio_fixture_function(fixturedef.func):
            if asyncio_mode == Mode.STRICT:
                # Ignore async fixtures without explicit asyncio mark in strict mode
                # This applies to pytest_trio fixtures, for example
>               return (yield)

..\..\anaconda3\envs\scrumix\lib\site-packages\pytest_asyncio\plugin.py:681: 
_ _ _ _ _ _ _ _ _ _ _ _ _ _ _ _ _ _ _ _ _ _ _ _ _ _ _ _ _ _ _ _ _ _ _ _ _ _ _ _
backend\tests\conftest.py:104: in test_user
    user = User(
..\..\anaconda3\envs\scrumix\lib\site-packages\sqlalchemy\orm\state.py:561: in _initialize_instance
    manager.dispatch.init(self, args, kwargs)
..\..\anaconda3\envs\scrumix\lib\site-packages\sqlalchemy\event\attr.py:487: in __call__
    fn(*args, **kw)
..\..\anaconda3\envs\scrumix\lib\site-packages\sqlalchemy\orm\mapper.py:4391: in _event_on_init
    instrumenting_mapper._check_configure()
..\..\anaconda3\envs\scrumix\lib\site-packages\sqlalchemy\orm\mapper.py:2386: in _check_configure
    _configure_registries({self.registry}, cascade=True)
..\..\anaconda3\envs\scrumix\lib\site-packages\sqlalchemy\orm\mapper.py:4199: in _configure_registries
    _do_configure_registries(registries, cascade)
_ _ _ _ _ _ _ _ _ _ _ _ _ _ _ _ _ _ _ _ _ _ _ _ _ _ _ _ _ _ _ _ _ _ _ _ _ _ _ _

registries = set(), cascade = True

    @util.preload_module("sqlalchemy.orm.decl_api")
    def _do_configure_registries(
        registries: Set[_RegistryType], cascade: bool
    ) -> None:
        registry = util.preloaded.orm_decl_api.registry
    
        orig = set(registries)
    
        for reg in registry._recurse_with_dependencies(registries):
            has_skip = False
    
            for mapper in reg._mappers_to_configure():
                run_configure = None
    
                for fn in mapper.dispatch.before_mapper_configured:
                    run_configure = fn(mapper, mapper.class_)
                    if run_configure is EXT_SKIP:
                        has_skip = True
                        break
                if run_configure is EXT_SKIP:
                    continue
    
                if getattr(mapper, "_configure_failed", False):
                    e = sa_exc.InvalidRequestError(
                        "One or more mappers failed to initialize - "
                        "can't proceed with initialization of other "
                        "mappers. Triggering mapper: '%s'. "
                        "Original exception was: %s"
                        % (mapper, mapper._configure_failed)
                    )
                    e._configure_failed = mapper._configure_failed  # type: ignore
>                   raise e
E                   sqlalchemy.exc.InvalidRequestError: One or more mappers failed to initialize - can't proceed with initialization of other mappers. Triggering mapper: 'Mapper[Sprint(sprints)]'. Original exception was: Mapper 'Mapper[Project(projects)]' has no property 'sprints'.  If this property was indicated from other mappers or configure events, ensure registry.configure() has been called.

..\..\anaconda3\envs\scrumix\lib\site-packages\sqlalchemy\orm\mapper.py:4236: InvalidRequestError
_ ERROR at setup of TestMeetingAgendaEndpoints.test_delete_all_agenda_by_nonexistent_meeting _

fixturedef = <FixtureDef argname='test_user' scope='function' baseid='backend/tests'>
request = <SubRequest 'test_user' for <Function test_delete_all_agenda_by_nonexistent_meeting>>

    @pytest.hookimpl(wrapper=True)
    def pytest_fixture_setup(fixturedef: FixtureDef, request) -> object | None:
        asyncio_mode = _get_asyncio_mode(request.config)
        if not _is_asyncio_fixture_function(fixturedef.func):
            if asyncio_mode == Mode.STRICT:
                # Ignore async fixtures without explicit asyncio mark in strict mode
                # This applies to pytest_trio fixtures, for example
>               return (yield)

..\..\anaconda3\envs\scrumix\lib\site-packages\pytest_asyncio\plugin.py:681: 
_ _ _ _ _ _ _ _ _ _ _ _ _ _ _ _ _ _ _ _ _ _ _ _ _ _ _ _ _ _ _ _ _ _ _ _ _ _ _ _
backend\tests\conftest.py:104: in test_user
    user = User(
..\..\anaconda3\envs\scrumix\lib\site-packages\sqlalchemy\orm\state.py:561: in _initialize_instance
    manager.dispatch.init(self, args, kwargs)
..\..\anaconda3\envs\scrumix\lib\site-packages\sqlalchemy\event\attr.py:487: in __call__
    fn(*args, **kw)
..\..\anaconda3\envs\scrumix\lib\site-packages\sqlalchemy\orm\mapper.py:4391: in _event_on_init
    instrumenting_mapper._check_configure()
..\..\anaconda3\envs\scrumix\lib\site-packages\sqlalchemy\orm\mapper.py:2386: in _check_configure
    _configure_registries({self.registry}, cascade=True)
..\..\anaconda3\envs\scrumix\lib\site-packages\sqlalchemy\orm\mapper.py:4199: in _configure_registries
    _do_configure_registries(registries, cascade)
_ _ _ _ _ _ _ _ _ _ _ _ _ _ _ _ _ _ _ _ _ _ _ _ _ _ _ _ _ _ _ _ _ _ _ _ _ _ _ _

registries = set(), cascade = True

    @util.preload_module("sqlalchemy.orm.decl_api")
    def _do_configure_registries(
        registries: Set[_RegistryType], cascade: bool
    ) -> None:
        registry = util.preloaded.orm_decl_api.registry
    
        orig = set(registries)
    
        for reg in registry._recurse_with_dependencies(registries):
            has_skip = False
    
            for mapper in reg._mappers_to_configure():
                run_configure = None
    
                for fn in mapper.dispatch.before_mapper_configured:
                    run_configure = fn(mapper, mapper.class_)
                    if run_configure is EXT_SKIP:
                        has_skip = True
                        break
                if run_configure is EXT_SKIP:
                    continue
    
                if getattr(mapper, "_configure_failed", False):
                    e = sa_exc.InvalidRequestError(
                        "One or more mappers failed to initialize - "
                        "can't proceed with initialization of other "
                        "mappers. Triggering mapper: '%s'. "
                        "Original exception was: %s"
                        % (mapper, mapper._configure_failed)
                    )
                    e._configure_failed = mapper._configure_failed  # type: ignore
>                   raise e
E                   sqlalchemy.exc.InvalidRequestError: One or more mappers failed to initialize - can't proceed with initialization of other mappers. Triggering mapper: 'Mapper[Sprint(sprints)]'. Original exception was: Mapper 'Mapper[Project(projects)]' has no property 'sprints'.  If this property was indicated from other mappers or configure events, ensure registry.configure() has been called.

..\..\anaconda3\envs\scrumix\lib\site-packages\sqlalchemy\orm\mapper.py:4236: InvalidRequestError
__ ERROR at setup of TestMeetingAgendaEndpoints.test_search_meeting_agendas ___

fixturedef = <FixtureDef argname='test_user' scope='function' baseid='backend/tests'>
request = <SubRequest 'test_user' for <Function test_search_meeting_agendas>>

    @pytest.hookimpl(wrapper=True)
    def pytest_fixture_setup(fixturedef: FixtureDef, request) -> object | None:
        asyncio_mode = _get_asyncio_mode(request.config)
        if not _is_asyncio_fixture_function(fixturedef.func):
            if asyncio_mode == Mode.STRICT:
                # Ignore async fixtures without explicit asyncio mark in strict mode
                # This applies to pytest_trio fixtures, for example
>               return (yield)

..\..\anaconda3\envs\scrumix\lib\site-packages\pytest_asyncio\plugin.py:681: 
_ _ _ _ _ _ _ _ _ _ _ _ _ _ _ _ _ _ _ _ _ _ _ _ _ _ _ _ _ _ _ _ _ _ _ _ _ _ _ _
backend\tests\conftest.py:104: in test_user
    user = User(
..\..\anaconda3\envs\scrumix\lib\site-packages\sqlalchemy\orm\state.py:561: in _initialize_instance
    manager.dispatch.init(self, args, kwargs)
..\..\anaconda3\envs\scrumix\lib\site-packages\sqlalchemy\event\attr.py:487: in __call__
    fn(*args, **kw)
..\..\anaconda3\envs\scrumix\lib\site-packages\sqlalchemy\orm\mapper.py:4391: in _event_on_init
    instrumenting_mapper._check_configure()
..\..\anaconda3\envs\scrumix\lib\site-packages\sqlalchemy\orm\mapper.py:2386: in _check_configure
    _configure_registries({self.registry}, cascade=True)
..\..\anaconda3\envs\scrumix\lib\site-packages\sqlalchemy\orm\mapper.py:4199: in _configure_registries
    _do_configure_registries(registries, cascade)
_ _ _ _ _ _ _ _ _ _ _ _ _ _ _ _ _ _ _ _ _ _ _ _ _ _ _ _ _ _ _ _ _ _ _ _ _ _ _ _

registries = set(), cascade = True

    @util.preload_module("sqlalchemy.orm.decl_api")
    def _do_configure_registries(
        registries: Set[_RegistryType], cascade: bool
    ) -> None:
        registry = util.preloaded.orm_decl_api.registry
    
        orig = set(registries)
    
        for reg in registry._recurse_with_dependencies(registries):
            has_skip = False
    
            for mapper in reg._mappers_to_configure():
                run_configure = None
    
                for fn in mapper.dispatch.before_mapper_configured:
                    run_configure = fn(mapper, mapper.class_)
                    if run_configure is EXT_SKIP:
                        has_skip = True
                        break
                if run_configure is EXT_SKIP:
                    continue
    
                if getattr(mapper, "_configure_failed", False):
                    e = sa_exc.InvalidRequestError(
                        "One or more mappers failed to initialize - "
                        "can't proceed with initialization of other "
                        "mappers. Triggering mapper: '%s'. "
                        "Original exception was: %s"
                        % (mapper, mapper._configure_failed)
                    )
                    e._configure_failed = mapper._configure_failed  # type: ignore
>                   raise e
E                   sqlalchemy.exc.InvalidRequestError: One or more mappers failed to initialize - can't proceed with initialization of other mappers. Triggering mapper: 'Mapper[Sprint(sprints)]'. Original exception was: Mapper 'Mapper[Project(projects)]' has no property 'sprints'.  If this property was indicated from other mappers or configure events, ensure registry.configure() has been called.

..\..\anaconda3\envs\scrumix\lib\site-packages\sqlalchemy\orm\mapper.py:4236: InvalidRequestError
_ ERROR at setup of TestMeetingAgendaEndpoints.test_search_meeting_agendas_with_meeting_filter _

fixturedef = <FixtureDef argname='test_user' scope='function' baseid='backend/tests'>
request = <SubRequest 'test_user' for <Function test_search_meeting_agendas_with_meeting_filter>>

    @pytest.hookimpl(wrapper=True)
    def pytest_fixture_setup(fixturedef: FixtureDef, request) -> object | None:
        asyncio_mode = _get_asyncio_mode(request.config)
        if not _is_asyncio_fixture_function(fixturedef.func):
            if asyncio_mode == Mode.STRICT:
                # Ignore async fixtures without explicit asyncio mark in strict mode
                # This applies to pytest_trio fixtures, for example
>               return (yield)

..\..\anaconda3\envs\scrumix\lib\site-packages\pytest_asyncio\plugin.py:681: 
_ _ _ _ _ _ _ _ _ _ _ _ _ _ _ _ _ _ _ _ _ _ _ _ _ _ _ _ _ _ _ _ _ _ _ _ _ _ _ _
backend\tests\conftest.py:104: in test_user
    user = User(
..\..\anaconda3\envs\scrumix\lib\site-packages\sqlalchemy\orm\state.py:561: in _initialize_instance
    manager.dispatch.init(self, args, kwargs)
..\..\anaconda3\envs\scrumix\lib\site-packages\sqlalchemy\event\attr.py:487: in __call__
    fn(*args, **kw)
..\..\anaconda3\envs\scrumix\lib\site-packages\sqlalchemy\orm\mapper.py:4391: in _event_on_init
    instrumenting_mapper._check_configure()
..\..\anaconda3\envs\scrumix\lib\site-packages\sqlalchemy\orm\mapper.py:2386: in _check_configure
    _configure_registries({self.registry}, cascade=True)
..\..\anaconda3\envs\scrumix\lib\site-packages\sqlalchemy\orm\mapper.py:4199: in _configure_registries
    _do_configure_registries(registries, cascade)
_ _ _ _ _ _ _ _ _ _ _ _ _ _ _ _ _ _ _ _ _ _ _ _ _ _ _ _ _ _ _ _ _ _ _ _ _ _ _ _

registries = set(), cascade = True

    @util.preload_module("sqlalchemy.orm.decl_api")
    def _do_configure_registries(
        registries: Set[_RegistryType], cascade: bool
    ) -> None:
        registry = util.preloaded.orm_decl_api.registry
    
        orig = set(registries)
    
        for reg in registry._recurse_with_dependencies(registries):
            has_skip = False
    
            for mapper in reg._mappers_to_configure():
                run_configure = None
    
                for fn in mapper.dispatch.before_mapper_configured:
                    run_configure = fn(mapper, mapper.class_)
                    if run_configure is EXT_SKIP:
                        has_skip = True
                        break
                if run_configure is EXT_SKIP:
                    continue
    
                if getattr(mapper, "_configure_failed", False):
                    e = sa_exc.InvalidRequestError(
                        "One or more mappers failed to initialize - "
                        "can't proceed with initialization of other "
                        "mappers. Triggering mapper: '%s'. "
                        "Original exception was: %s"
                        % (mapper, mapper._configure_failed)
                    )
                    e._configure_failed = mapper._configure_failed  # type: ignore
>                   raise e
E                   sqlalchemy.exc.InvalidRequestError: One or more mappers failed to initialize - can't proceed with initialization of other mappers. Triggering mapper: 'Mapper[Sprint(sprints)]'. Original exception was: Mapper 'Mapper[Project(projects)]' has no property 'sprints'.  If this property was indicated from other mappers or configure events, ensure registry.configure() has been called.

..\..\anaconda3\envs\scrumix\lib\site-packages\sqlalchemy\orm\mapper.py:4236: InvalidRequestError
_ ERROR at setup of TestMeetingAgendaEndpoints.test_search_meeting_agendas_with_pagination _

fixturedef = <FixtureDef argname='test_user' scope='function' baseid='backend/tests'>
request = <SubRequest 'test_user' for <Function test_search_meeting_agendas_with_pagination>>

    @pytest.hookimpl(wrapper=True)
    def pytest_fixture_setup(fixturedef: FixtureDef, request) -> object | None:
        asyncio_mode = _get_asyncio_mode(request.config)
        if not _is_asyncio_fixture_function(fixturedef.func):
            if asyncio_mode == Mode.STRICT:
                # Ignore async fixtures without explicit asyncio mark in strict mode
                # This applies to pytest_trio fixtures, for example
>               return (yield)

..\..\anaconda3\envs\scrumix\lib\site-packages\pytest_asyncio\plugin.py:681: 
_ _ _ _ _ _ _ _ _ _ _ _ _ _ _ _ _ _ _ _ _ _ _ _ _ _ _ _ _ _ _ _ _ _ _ _ _ _ _ _
backend\tests\conftest.py:104: in test_user
    user = User(
..\..\anaconda3\envs\scrumix\lib\site-packages\sqlalchemy\orm\state.py:561: in _initialize_instance
    manager.dispatch.init(self, args, kwargs)
..\..\anaconda3\envs\scrumix\lib\site-packages\sqlalchemy\event\attr.py:487: in __call__
    fn(*args, **kw)
..\..\anaconda3\envs\scrumix\lib\site-packages\sqlalchemy\orm\mapper.py:4391: in _event_on_init
    instrumenting_mapper._check_configure()
..\..\anaconda3\envs\scrumix\lib\site-packages\sqlalchemy\orm\mapper.py:2386: in _check_configure
    _configure_registries({self.registry}, cascade=True)
..\..\anaconda3\envs\scrumix\lib\site-packages\sqlalchemy\orm\mapper.py:4199: in _configure_registries
    _do_configure_registries(registries, cascade)
_ _ _ _ _ _ _ _ _ _ _ _ _ _ _ _ _ _ _ _ _ _ _ _ _ _ _ _ _ _ _ _ _ _ _ _ _ _ _ _

registries = set(), cascade = True

    @util.preload_module("sqlalchemy.orm.decl_api")
    def _do_configure_registries(
        registries: Set[_RegistryType], cascade: bool
    ) -> None:
        registry = util.preloaded.orm_decl_api.registry
    
        orig = set(registries)
    
        for reg in registry._recurse_with_dependencies(registries):
            has_skip = False
    
            for mapper in reg._mappers_to_configure():
                run_configure = None
    
                for fn in mapper.dispatch.before_mapper_configured:
                    run_configure = fn(mapper, mapper.class_)
                    if run_configure is EXT_SKIP:
                        has_skip = True
                        break
                if run_configure is EXT_SKIP:
                    continue
    
                if getattr(mapper, "_configure_failed", False):
                    e = sa_exc.InvalidRequestError(
                        "One or more mappers failed to initialize - "
                        "can't proceed with initialization of other "
                        "mappers. Triggering mapper: '%s'. "
                        "Original exception was: %s"
                        % (mapper, mapper._configure_failed)
                    )
                    e._configure_failed = mapper._configure_failed  # type: ignore
>                   raise e
E                   sqlalchemy.exc.InvalidRequestError: One or more mappers failed to initialize - can't proceed with initialization of other mappers. Triggering mapper: 'Mapper[Sprint(sprints)]'. Original exception was: Mapper 'Mapper[Project(projects)]' has no property 'sprints'.  If this property was indicated from other mappers or configure events, ensure registry.configure() has been called.

..\..\anaconda3\envs\scrumix\lib\site-packages\sqlalchemy\orm\mapper.py:4236: InvalidRequestError
__ ERROR at setup of TestMeetingNoteEndpoints.test_get_meeting_notes_success __

fixturedef = <FixtureDef argname='test_user' scope='function' baseid='backend/tests'>
request = <SubRequest 'test_user' for <Function test_get_meeting_notes_success>>

    @pytest.hookimpl(wrapper=True)
    def pytest_fixture_setup(fixturedef: FixtureDef, request) -> object | None:
        asyncio_mode = _get_asyncio_mode(request.config)
        if not _is_asyncio_fixture_function(fixturedef.func):
            if asyncio_mode == Mode.STRICT:
                # Ignore async fixtures without explicit asyncio mark in strict mode
                # This applies to pytest_trio fixtures, for example
>               return (yield)

..\..\anaconda3\envs\scrumix\lib\site-packages\pytest_asyncio\plugin.py:681: 
_ _ _ _ _ _ _ _ _ _ _ _ _ _ _ _ _ _ _ _ _ _ _ _ _ _ _ _ _ _ _ _ _ _ _ _ _ _ _ _
backend\tests\conftest.py:104: in test_user
    user = User(
..\..\anaconda3\envs\scrumix\lib\site-packages\sqlalchemy\orm\state.py:561: in _initialize_instance
    manager.dispatch.init(self, args, kwargs)
..\..\anaconda3\envs\scrumix\lib\site-packages\sqlalchemy\event\attr.py:487: in __call__
    fn(*args, **kw)
..\..\anaconda3\envs\scrumix\lib\site-packages\sqlalchemy\orm\mapper.py:4391: in _event_on_init
    instrumenting_mapper._check_configure()
..\..\anaconda3\envs\scrumix\lib\site-packages\sqlalchemy\orm\mapper.py:2386: in _check_configure
    _configure_registries({self.registry}, cascade=True)
..\..\anaconda3\envs\scrumix\lib\site-packages\sqlalchemy\orm\mapper.py:4199: in _configure_registries
    _do_configure_registries(registries, cascade)
_ _ _ _ _ _ _ _ _ _ _ _ _ _ _ _ _ _ _ _ _ _ _ _ _ _ _ _ _ _ _ _ _ _ _ _ _ _ _ _

registries = set(), cascade = True

    @util.preload_module("sqlalchemy.orm.decl_api")
    def _do_configure_registries(
        registries: Set[_RegistryType], cascade: bool
    ) -> None:
        registry = util.preloaded.orm_decl_api.registry
    
        orig = set(registries)
    
        for reg in registry._recurse_with_dependencies(registries):
            has_skip = False
    
            for mapper in reg._mappers_to_configure():
                run_configure = None
    
                for fn in mapper.dispatch.before_mapper_configured:
                    run_configure = fn(mapper, mapper.class_)
                    if run_configure is EXT_SKIP:
                        has_skip = True
                        break
                if run_configure is EXT_SKIP:
                    continue
    
                if getattr(mapper, "_configure_failed", False):
                    e = sa_exc.InvalidRequestError(
                        "One or more mappers failed to initialize - "
                        "can't proceed with initialization of other "
                        "mappers. Triggering mapper: '%s'. "
                        "Original exception was: %s"
                        % (mapper, mapper._configure_failed)
                    )
                    e._configure_failed = mapper._configure_failed  # type: ignore
>                   raise e
E                   sqlalchemy.exc.InvalidRequestError: One or more mappers failed to initialize - can't proceed with initialization of other mappers. Triggering mapper: 'Mapper[Sprint(sprints)]'. Original exception was: Mapper 'Mapper[Project(projects)]' has no property 'sprints'.  If this property was indicated from other mappers or configure events, ensure registry.configure() has been called.

..\..\anaconda3\envs\scrumix\lib\site-packages\sqlalchemy\orm\mapper.py:4236: InvalidRequestError
_ ERROR at setup of TestMeetingNoteEndpoints.test_get_meeting_notes_with_pagination _

fixturedef = <FixtureDef argname='test_user' scope='function' baseid='backend/tests'>
request = <SubRequest 'test_user' for <Function test_get_meeting_notes_with_pagination>>

    @pytest.hookimpl(wrapper=True)
    def pytest_fixture_setup(fixturedef: FixtureDef, request) -> object | None:
        asyncio_mode = _get_asyncio_mode(request.config)
        if not _is_asyncio_fixture_function(fixturedef.func):
            if asyncio_mode == Mode.STRICT:
                # Ignore async fixtures without explicit asyncio mark in strict mode
                # This applies to pytest_trio fixtures, for example
>               return (yield)

..\..\anaconda3\envs\scrumix\lib\site-packages\pytest_asyncio\plugin.py:681: 
_ _ _ _ _ _ _ _ _ _ _ _ _ _ _ _ _ _ _ _ _ _ _ _ _ _ _ _ _ _ _ _ _ _ _ _ _ _ _ _
backend\tests\conftest.py:104: in test_user
    user = User(
..\..\anaconda3\envs\scrumix\lib\site-packages\sqlalchemy\orm\state.py:561: in _initialize_instance
    manager.dispatch.init(self, args, kwargs)
..\..\anaconda3\envs\scrumix\lib\site-packages\sqlalchemy\event\attr.py:487: in __call__
    fn(*args, **kw)
..\..\anaconda3\envs\scrumix\lib\site-packages\sqlalchemy\orm\mapper.py:4391: in _event_on_init
    instrumenting_mapper._check_configure()
..\..\anaconda3\envs\scrumix\lib\site-packages\sqlalchemy\orm\mapper.py:2386: in _check_configure
    _configure_registries({self.registry}, cascade=True)
..\..\anaconda3\envs\scrumix\lib\site-packages\sqlalchemy\orm\mapper.py:4199: in _configure_registries
    _do_configure_registries(registries, cascade)
_ _ _ _ _ _ _ _ _ _ _ _ _ _ _ _ _ _ _ _ _ _ _ _ _ _ _ _ _ _ _ _ _ _ _ _ _ _ _ _

registries = set(), cascade = True

    @util.preload_module("sqlalchemy.orm.decl_api")
    def _do_configure_registries(
        registries: Set[_RegistryType], cascade: bool
    ) -> None:
        registry = util.preloaded.orm_decl_api.registry
    
        orig = set(registries)
    
        for reg in registry._recurse_with_dependencies(registries):
            has_skip = False
    
            for mapper in reg._mappers_to_configure():
                run_configure = None
    
                for fn in mapper.dispatch.before_mapper_configured:
                    run_configure = fn(mapper, mapper.class_)
                    if run_configure is EXT_SKIP:
                        has_skip = True
                        break
                if run_configure is EXT_SKIP:
                    continue
    
                if getattr(mapper, "_configure_failed", False):
                    e = sa_exc.InvalidRequestError(
                        "One or more mappers failed to initialize - "
                        "can't proceed with initialization of other "
                        "mappers. Triggering mapper: '%s'. "
                        "Original exception was: %s"
                        % (mapper, mapper._configure_failed)
                    )
                    e._configure_failed = mapper._configure_failed  # type: ignore
>                   raise e
E                   sqlalchemy.exc.InvalidRequestError: One or more mappers failed to initialize - can't proceed with initialization of other mappers. Triggering mapper: 'Mapper[Sprint(sprints)]'. Original exception was: Mapper 'Mapper[Project(projects)]' has no property 'sprints'.  If this property was indicated from other mappers or configure events, ensure registry.configure() has been called.

..\..\anaconda3\envs\scrumix\lib\site-packages\sqlalchemy\orm\mapper.py:4236: InvalidRequestError
_ ERROR at setup of TestMeetingNoteEndpoints.test_get_meeting_notes_with_meeting_filter _

fixturedef = <FixtureDef argname='test_user' scope='function' baseid='backend/tests'>
request = <SubRequest 'test_user' for <Function test_get_meeting_notes_with_meeting_filter>>

    @pytest.hookimpl(wrapper=True)
    def pytest_fixture_setup(fixturedef: FixtureDef, request) -> object | None:
        asyncio_mode = _get_asyncio_mode(request.config)
        if not _is_asyncio_fixture_function(fixturedef.func):
            if asyncio_mode == Mode.STRICT:
                # Ignore async fixtures without explicit asyncio mark in strict mode
                # This applies to pytest_trio fixtures, for example
>               return (yield)

..\..\anaconda3\envs\scrumix\lib\site-packages\pytest_asyncio\plugin.py:681: 
_ _ _ _ _ _ _ _ _ _ _ _ _ _ _ _ _ _ _ _ _ _ _ _ _ _ _ _ _ _ _ _ _ _ _ _ _ _ _ _
backend\tests\conftest.py:104: in test_user
    user = User(
..\..\anaconda3\envs\scrumix\lib\site-packages\sqlalchemy\orm\state.py:561: in _initialize_instance
    manager.dispatch.init(self, args, kwargs)
..\..\anaconda3\envs\scrumix\lib\site-packages\sqlalchemy\event\attr.py:487: in __call__
    fn(*args, **kw)
..\..\anaconda3\envs\scrumix\lib\site-packages\sqlalchemy\orm\mapper.py:4391: in _event_on_init
    instrumenting_mapper._check_configure()
..\..\anaconda3\envs\scrumix\lib\site-packages\sqlalchemy\orm\mapper.py:2386: in _check_configure
    _configure_registries({self.registry}, cascade=True)
..\..\anaconda3\envs\scrumix\lib\site-packages\sqlalchemy\orm\mapper.py:4199: in _configure_registries
    _do_configure_registries(registries, cascade)
_ _ _ _ _ _ _ _ _ _ _ _ _ _ _ _ _ _ _ _ _ _ _ _ _ _ _ _ _ _ _ _ _ _ _ _ _ _ _ _

registries = set(), cascade = True

    @util.preload_module("sqlalchemy.orm.decl_api")
    def _do_configure_registries(
        registries: Set[_RegistryType], cascade: bool
    ) -> None:
        registry = util.preloaded.orm_decl_api.registry
    
        orig = set(registries)
    
        for reg in registry._recurse_with_dependencies(registries):
            has_skip = False
    
            for mapper in reg._mappers_to_configure():
                run_configure = None
    
                for fn in mapper.dispatch.before_mapper_configured:
                    run_configure = fn(mapper, mapper.class_)
                    if run_configure is EXT_SKIP:
                        has_skip = True
                        break
                if run_configure is EXT_SKIP:
                    continue
    
                if getattr(mapper, "_configure_failed", False):
                    e = sa_exc.InvalidRequestError(
                        "One or more mappers failed to initialize - "
                        "can't proceed with initialization of other "
                        "mappers. Triggering mapper: '%s'. "
                        "Original exception was: %s"
                        % (mapper, mapper._configure_failed)
                    )
                    e._configure_failed = mapper._configure_failed  # type: ignore
>                   raise e
E                   sqlalchemy.exc.InvalidRequestError: One or more mappers failed to initialize - can't proceed with initialization of other mappers. Triggering mapper: 'Mapper[Sprint(sprints)]'. Original exception was: Mapper 'Mapper[Project(projects)]' has no property 'sprints'.  If this property was indicated from other mappers or configure events, ensure registry.configure() has been called.

..\..\anaconda3\envs\scrumix\lib\site-packages\sqlalchemy\orm\mapper.py:4236: InvalidRequestError
_ ERROR at setup of TestMeetingNoteEndpoints.test_get_meeting_notes_with_search _

fixturedef = <FixtureDef argname='test_user' scope='function' baseid='backend/tests'>
request = <SubRequest 'test_user' for <Function test_get_meeting_notes_with_search>>

    @pytest.hookimpl(wrapper=True)
    def pytest_fixture_setup(fixturedef: FixtureDef, request) -> object | None:
        asyncio_mode = _get_asyncio_mode(request.config)
        if not _is_asyncio_fixture_function(fixturedef.func):
            if asyncio_mode == Mode.STRICT:
                # Ignore async fixtures without explicit asyncio mark in strict mode
                # This applies to pytest_trio fixtures, for example
>               return (yield)

..\..\anaconda3\envs\scrumix\lib\site-packages\pytest_asyncio\plugin.py:681: 
_ _ _ _ _ _ _ _ _ _ _ _ _ _ _ _ _ _ _ _ _ _ _ _ _ _ _ _ _ _ _ _ _ _ _ _ _ _ _ _
backend\tests\conftest.py:104: in test_user
    user = User(
..\..\anaconda3\envs\scrumix\lib\site-packages\sqlalchemy\orm\state.py:561: in _initialize_instance
    manager.dispatch.init(self, args, kwargs)
..\..\anaconda3\envs\scrumix\lib\site-packages\sqlalchemy\event\attr.py:487: in __call__
    fn(*args, **kw)
..\..\anaconda3\envs\scrumix\lib\site-packages\sqlalchemy\orm\mapper.py:4391: in _event_on_init
    instrumenting_mapper._check_configure()
..\..\anaconda3\envs\scrumix\lib\site-packages\sqlalchemy\orm\mapper.py:2386: in _check_configure
    _configure_registries({self.registry}, cascade=True)
..\..\anaconda3\envs\scrumix\lib\site-packages\sqlalchemy\orm\mapper.py:4199: in _configure_registries
    _do_configure_registries(registries, cascade)
_ _ _ _ _ _ _ _ _ _ _ _ _ _ _ _ _ _ _ _ _ _ _ _ _ _ _ _ _ _ _ _ _ _ _ _ _ _ _ _

registries = set(), cascade = True

    @util.preload_module("sqlalchemy.orm.decl_api")
    def _do_configure_registries(
        registries: Set[_RegistryType], cascade: bool
    ) -> None:
        registry = util.preloaded.orm_decl_api.registry
    
        orig = set(registries)
    
        for reg in registry._recurse_with_dependencies(registries):
            has_skip = False
    
            for mapper in reg._mappers_to_configure():
                run_configure = None
    
                for fn in mapper.dispatch.before_mapper_configured:
                    run_configure = fn(mapper, mapper.class_)
                    if run_configure is EXT_SKIP:
                        has_skip = True
                        break
                if run_configure is EXT_SKIP:
                    continue
    
                if getattr(mapper, "_configure_failed", False):
                    e = sa_exc.InvalidRequestError(
                        "One or more mappers failed to initialize - "
                        "can't proceed with initialization of other "
                        "mappers. Triggering mapper: '%s'. "
                        "Original exception was: %s"
                        % (mapper, mapper._configure_failed)
                    )
                    e._configure_failed = mapper._configure_failed  # type: ignore
>                   raise e
E                   sqlalchemy.exc.InvalidRequestError: One or more mappers failed to initialize - can't proceed with initialization of other mappers. Triggering mapper: 'Mapper[Sprint(sprints)]'. Original exception was: Mapper 'Mapper[Project(projects)]' has no property 'sprints'.  If this property was indicated from other mappers or configure events, ensure registry.configure() has been called.

..\..\anaconda3\envs\scrumix\lib\site-packages\sqlalchemy\orm\mapper.py:4236: InvalidRequestError
_ ERROR at setup of TestMeetingNoteEndpoints.test_get_meeting_notes_parent_only _

fixturedef = <FixtureDef argname='test_user' scope='function' baseid='backend/tests'>
request = <SubRequest 'test_user' for <Function test_get_meeting_notes_parent_only>>

    @pytest.hookimpl(wrapper=True)
    def pytest_fixture_setup(fixturedef: FixtureDef, request) -> object | None:
        asyncio_mode = _get_asyncio_mode(request.config)
        if not _is_asyncio_fixture_function(fixturedef.func):
            if asyncio_mode == Mode.STRICT:
                # Ignore async fixtures without explicit asyncio mark in strict mode
                # This applies to pytest_trio fixtures, for example
>               return (yield)

..\..\anaconda3\envs\scrumix\lib\site-packages\pytest_asyncio\plugin.py:681: 
_ _ _ _ _ _ _ _ _ _ _ _ _ _ _ _ _ _ _ _ _ _ _ _ _ _ _ _ _ _ _ _ _ _ _ _ _ _ _ _
backend\tests\conftest.py:104: in test_user
    user = User(
..\..\anaconda3\envs\scrumix\lib\site-packages\sqlalchemy\orm\state.py:561: in _initialize_instance
    manager.dispatch.init(self, args, kwargs)
..\..\anaconda3\envs\scrumix\lib\site-packages\sqlalchemy\event\attr.py:487: in __call__
    fn(*args, **kw)
..\..\anaconda3\envs\scrumix\lib\site-packages\sqlalchemy\orm\mapper.py:4391: in _event_on_init
    instrumenting_mapper._check_configure()
..\..\anaconda3\envs\scrumix\lib\site-packages\sqlalchemy\orm\mapper.py:2386: in _check_configure
    _configure_registries({self.registry}, cascade=True)
..\..\anaconda3\envs\scrumix\lib\site-packages\sqlalchemy\orm\mapper.py:4199: in _configure_registries
    _do_configure_registries(registries, cascade)
_ _ _ _ _ _ _ _ _ _ _ _ _ _ _ _ _ _ _ _ _ _ _ _ _ _ _ _ _ _ _ _ _ _ _ _ _ _ _ _

registries = set(), cascade = True

    @util.preload_module("sqlalchemy.orm.decl_api")
    def _do_configure_registries(
        registries: Set[_RegistryType], cascade: bool
    ) -> None:
        registry = util.preloaded.orm_decl_api.registry
    
        orig = set(registries)
    
        for reg in registry._recurse_with_dependencies(registries):
            has_skip = False
    
            for mapper in reg._mappers_to_configure():
                run_configure = None
    
                for fn in mapper.dispatch.before_mapper_configured:
                    run_configure = fn(mapper, mapper.class_)
                    if run_configure is EXT_SKIP:
                        has_skip = True
                        break
                if run_configure is EXT_SKIP:
                    continue
    
                if getattr(mapper, "_configure_failed", False):
                    e = sa_exc.InvalidRequestError(
                        "One or more mappers failed to initialize - "
                        "can't proceed with initialization of other "
                        "mappers. Triggering mapper: '%s'. "
                        "Original exception was: %s"
                        % (mapper, mapper._configure_failed)
                    )
                    e._configure_failed = mapper._configure_failed  # type: ignore
>                   raise e
E                   sqlalchemy.exc.InvalidRequestError: One or more mappers failed to initialize - can't proceed with initialization of other mappers. Triggering mapper: 'Mapper[Sprint(sprints)]'. Original exception was: Mapper 'Mapper[Project(projects)]' has no property 'sprints'.  If this property was indicated from other mappers or configure events, ensure registry.configure() has been called.

..\..\anaconda3\envs\scrumix\lib\site-packages\sqlalchemy\orm\mapper.py:4236: InvalidRequestError
_ ERROR at setup of TestMeetingNoteEndpoints.test_create_meeting_note_success _

fixturedef = <FixtureDef argname='test_user' scope='function' baseid='backend/tests'>
request = <SubRequest 'test_user' for <Function test_create_meeting_note_success>>

    @pytest.hookimpl(wrapper=True)
    def pytest_fixture_setup(fixturedef: FixtureDef, request) -> object | None:
        asyncio_mode = _get_asyncio_mode(request.config)
        if not _is_asyncio_fixture_function(fixturedef.func):
            if asyncio_mode == Mode.STRICT:
                # Ignore async fixtures without explicit asyncio mark in strict mode
                # This applies to pytest_trio fixtures, for example
>               return (yield)

..\..\anaconda3\envs\scrumix\lib\site-packages\pytest_asyncio\plugin.py:681: 
_ _ _ _ _ _ _ _ _ _ _ _ _ _ _ _ _ _ _ _ _ _ _ _ _ _ _ _ _ _ _ _ _ _ _ _ _ _ _ _
backend\tests\conftest.py:104: in test_user
    user = User(
..\..\anaconda3\envs\scrumix\lib\site-packages\sqlalchemy\orm\state.py:561: in _initialize_instance
    manager.dispatch.init(self, args, kwargs)
..\..\anaconda3\envs\scrumix\lib\site-packages\sqlalchemy\event\attr.py:487: in __call__
    fn(*args, **kw)
..\..\anaconda3\envs\scrumix\lib\site-packages\sqlalchemy\orm\mapper.py:4391: in _event_on_init
    instrumenting_mapper._check_configure()
..\..\anaconda3\envs\scrumix\lib\site-packages\sqlalchemy\orm\mapper.py:2386: in _check_configure
    _configure_registries({self.registry}, cascade=True)
..\..\anaconda3\envs\scrumix\lib\site-packages\sqlalchemy\orm\mapper.py:4199: in _configure_registries
    _do_configure_registries(registries, cascade)
_ _ _ _ _ _ _ _ _ _ _ _ _ _ _ _ _ _ _ _ _ _ _ _ _ _ _ _ _ _ _ _ _ _ _ _ _ _ _ _

registries = set(), cascade = True

    @util.preload_module("sqlalchemy.orm.decl_api")
    def _do_configure_registries(
        registries: Set[_RegistryType], cascade: bool
    ) -> None:
        registry = util.preloaded.orm_decl_api.registry
    
        orig = set(registries)
    
        for reg in registry._recurse_with_dependencies(registries):
            has_skip = False
    
            for mapper in reg._mappers_to_configure():
                run_configure = None
    
                for fn in mapper.dispatch.before_mapper_configured:
                    run_configure = fn(mapper, mapper.class_)
                    if run_configure is EXT_SKIP:
                        has_skip = True
                        break
                if run_configure is EXT_SKIP:
                    continue
    
                if getattr(mapper, "_configure_failed", False):
                    e = sa_exc.InvalidRequestError(
                        "One or more mappers failed to initialize - "
                        "can't proceed with initialization of other "
                        "mappers. Triggering mapper: '%s'. "
                        "Original exception was: %s"
                        % (mapper, mapper._configure_failed)
                    )
                    e._configure_failed = mapper._configure_failed  # type: ignore
>                   raise e
E                   sqlalchemy.exc.InvalidRequestError: One or more mappers failed to initialize - can't proceed with initialization of other mappers. Triggering mapper: 'Mapper[Sprint(sprints)]'. Original exception was: Mapper 'Mapper[Project(projects)]' has no property 'sprints'.  If this property was indicated from other mappers or configure events, ensure registry.configure() has been called.

..\..\anaconda3\envs\scrumix\lib\site-packages\sqlalchemy\orm\mapper.py:4236: InvalidRequestError
_ ERROR at setup of TestMeetingNoteEndpoints.test_create_meeting_note_invalid_data _

fixturedef = <FixtureDef argname='test_user' scope='function' baseid='backend/tests'>
request = <SubRequest 'test_user' for <Function test_create_meeting_note_invalid_data>>

    @pytest.hookimpl(wrapper=True)
    def pytest_fixture_setup(fixturedef: FixtureDef, request) -> object | None:
        asyncio_mode = _get_asyncio_mode(request.config)
        if not _is_asyncio_fixture_function(fixturedef.func):
            if asyncio_mode == Mode.STRICT:
                # Ignore async fixtures without explicit asyncio mark in strict mode
                # This applies to pytest_trio fixtures, for example
>               return (yield)

..\..\anaconda3\envs\scrumix\lib\site-packages\pytest_asyncio\plugin.py:681: 
_ _ _ _ _ _ _ _ _ _ _ _ _ _ _ _ _ _ _ _ _ _ _ _ _ _ _ _ _ _ _ _ _ _ _ _ _ _ _ _
backend\tests\conftest.py:104: in test_user
    user = User(
..\..\anaconda3\envs\scrumix\lib\site-packages\sqlalchemy\orm\state.py:561: in _initialize_instance
    manager.dispatch.init(self, args, kwargs)
..\..\anaconda3\envs\scrumix\lib\site-packages\sqlalchemy\event\attr.py:487: in __call__
    fn(*args, **kw)
..\..\anaconda3\envs\scrumix\lib\site-packages\sqlalchemy\orm\mapper.py:4391: in _event_on_init
    instrumenting_mapper._check_configure()
..\..\anaconda3\envs\scrumix\lib\site-packages\sqlalchemy\orm\mapper.py:2386: in _check_configure
    _configure_registries({self.registry}, cascade=True)
..\..\anaconda3\envs\scrumix\lib\site-packages\sqlalchemy\orm\mapper.py:4199: in _configure_registries
    _do_configure_registries(registries, cascade)
_ _ _ _ _ _ _ _ _ _ _ _ _ _ _ _ _ _ _ _ _ _ _ _ _ _ _ _ _ _ _ _ _ _ _ _ _ _ _ _

registries = set(), cascade = True

    @util.preload_module("sqlalchemy.orm.decl_api")
    def _do_configure_registries(
        registries: Set[_RegistryType], cascade: bool
    ) -> None:
        registry = util.preloaded.orm_decl_api.registry
    
        orig = set(registries)
    
        for reg in registry._recurse_with_dependencies(registries):
            has_skip = False
    
            for mapper in reg._mappers_to_configure():
                run_configure = None
    
                for fn in mapper.dispatch.before_mapper_configured:
                    run_configure = fn(mapper, mapper.class_)
                    if run_configure is EXT_SKIP:
                        has_skip = True
                        break
                if run_configure is EXT_SKIP:
                    continue
    
                if getattr(mapper, "_configure_failed", False):
                    e = sa_exc.InvalidRequestError(
                        "One or more mappers failed to initialize - "
                        "can't proceed with initialization of other "
                        "mappers. Triggering mapper: '%s'. "
                        "Original exception was: %s"
                        % (mapper, mapper._configure_failed)
                    )
                    e._configure_failed = mapper._configure_failed  # type: ignore
>                   raise e
E                   sqlalchemy.exc.InvalidRequestError: One or more mappers failed to initialize - can't proceed with initialization of other mappers. Triggering mapper: 'Mapper[Sprint(sprints)]'. Original exception was: Mapper 'Mapper[Project(projects)]' has no property 'sprints'.  If this property was indicated from other mappers or configure events, ensure registry.configure() has been called.

..\..\anaconda3\envs\scrumix\lib\site-packages\sqlalchemy\orm\mapper.py:4236: InvalidRequestError
_ ERROR at setup of TestMeetingNoteEndpoints.test_create_meeting_note_nonexistent_meeting _

fixturedef = <FixtureDef argname='test_user' scope='function' baseid='backend/tests'>
request = <SubRequest 'test_user' for <Function test_create_meeting_note_nonexistent_meeting>>

    @pytest.hookimpl(wrapper=True)
    def pytest_fixture_setup(fixturedef: FixtureDef, request) -> object | None:
        asyncio_mode = _get_asyncio_mode(request.config)
        if not _is_asyncio_fixture_function(fixturedef.func):
            if asyncio_mode == Mode.STRICT:
                # Ignore async fixtures without explicit asyncio mark in strict mode
                # This applies to pytest_trio fixtures, for example
>               return (yield)

..\..\anaconda3\envs\scrumix\lib\site-packages\pytest_asyncio\plugin.py:681: 
_ _ _ _ _ _ _ _ _ _ _ _ _ _ _ _ _ _ _ _ _ _ _ _ _ _ _ _ _ _ _ _ _ _ _ _ _ _ _ _
backend\tests\conftest.py:104: in test_user
    user = User(
..\..\anaconda3\envs\scrumix\lib\site-packages\sqlalchemy\orm\state.py:561: in _initialize_instance
    manager.dispatch.init(self, args, kwargs)
..\..\anaconda3\envs\scrumix\lib\site-packages\sqlalchemy\event\attr.py:487: in __call__
    fn(*args, **kw)
..\..\anaconda3\envs\scrumix\lib\site-packages\sqlalchemy\orm\mapper.py:4391: in _event_on_init
    instrumenting_mapper._check_configure()
..\..\anaconda3\envs\scrumix\lib\site-packages\sqlalchemy\orm\mapper.py:2386: in _check_configure
    _configure_registries({self.registry}, cascade=True)
..\..\anaconda3\envs\scrumix\lib\site-packages\sqlalchemy\orm\mapper.py:4199: in _configure_registries
    _do_configure_registries(registries, cascade)
_ _ _ _ _ _ _ _ _ _ _ _ _ _ _ _ _ _ _ _ _ _ _ _ _ _ _ _ _ _ _ _ _ _ _ _ _ _ _ _

registries = set(), cascade = True

    @util.preload_module("sqlalchemy.orm.decl_api")
    def _do_configure_registries(
        registries: Set[_RegistryType], cascade: bool
    ) -> None:
        registry = util.preloaded.orm_decl_api.registry
    
        orig = set(registries)
    
        for reg in registry._recurse_with_dependencies(registries):
            has_skip = False
    
            for mapper in reg._mappers_to_configure():
                run_configure = None
    
                for fn in mapper.dispatch.before_mapper_configured:
                    run_configure = fn(mapper, mapper.class_)
                    if run_configure is EXT_SKIP:
                        has_skip = True
                        break
                if run_configure is EXT_SKIP:
                    continue
    
                if getattr(mapper, "_configure_failed", False):
                    e = sa_exc.InvalidRequestError(
                        "One or more mappers failed to initialize - "
                        "can't proceed with initialization of other "
                        "mappers. Triggering mapper: '%s'. "
                        "Original exception was: %s"
                        % (mapper, mapper._configure_failed)
                    )
                    e._configure_failed = mapper._configure_failed  # type: ignore
>                   raise e
E                   sqlalchemy.exc.InvalidRequestError: One or more mappers failed to initialize - can't proceed with initialization of other mappers. Triggering mapper: 'Mapper[Sprint(sprints)]'. Original exception was: Mapper 'Mapper[Project(projects)]' has no property 'sprints'.  If this property was indicated from other mappers or configure events, ensure registry.configure() has been called.

..\..\anaconda3\envs\scrumix\lib\site-packages\sqlalchemy\orm\mapper.py:4236: InvalidRequestError
_ ERROR at setup of TestMeetingNoteEndpoints.test_create_meeting_note_nonexistent_parent _

fixturedef = <FixtureDef argname='test_user' scope='function' baseid='backend/tests'>
request = <SubRequest 'test_user' for <Function test_create_meeting_note_nonexistent_parent>>

    @pytest.hookimpl(wrapper=True)
    def pytest_fixture_setup(fixturedef: FixtureDef, request) -> object | None:
        asyncio_mode = _get_asyncio_mode(request.config)
        if not _is_asyncio_fixture_function(fixturedef.func):
            if asyncio_mode == Mode.STRICT:
                # Ignore async fixtures without explicit asyncio mark in strict mode
                # This applies to pytest_trio fixtures, for example
>               return (yield)

..\..\anaconda3\envs\scrumix\lib\site-packages\pytest_asyncio\plugin.py:681: 
_ _ _ _ _ _ _ _ _ _ _ _ _ _ _ _ _ _ _ _ _ _ _ _ _ _ _ _ _ _ _ _ _ _ _ _ _ _ _ _
backend\tests\conftest.py:104: in test_user
    user = User(
..\..\anaconda3\envs\scrumix\lib\site-packages\sqlalchemy\orm\state.py:561: in _initialize_instance
    manager.dispatch.init(self, args, kwargs)
..\..\anaconda3\envs\scrumix\lib\site-packages\sqlalchemy\event\attr.py:487: in __call__
    fn(*args, **kw)
..\..\anaconda3\envs\scrumix\lib\site-packages\sqlalchemy\orm\mapper.py:4391: in _event_on_init
    instrumenting_mapper._check_configure()
..\..\anaconda3\envs\scrumix\lib\site-packages\sqlalchemy\orm\mapper.py:2386: in _check_configure
    _configure_registries({self.registry}, cascade=True)
..\..\anaconda3\envs\scrumix\lib\site-packages\sqlalchemy\orm\mapper.py:4199: in _configure_registries
    _do_configure_registries(registries, cascade)
_ _ _ _ _ _ _ _ _ _ _ _ _ _ _ _ _ _ _ _ _ _ _ _ _ _ _ _ _ _ _ _ _ _ _ _ _ _ _ _

registries = set(), cascade = True

    @util.preload_module("sqlalchemy.orm.decl_api")
    def _do_configure_registries(
        registries: Set[_RegistryType], cascade: bool
    ) -> None:
        registry = util.preloaded.orm_decl_api.registry
    
        orig = set(registries)
    
        for reg in registry._recurse_with_dependencies(registries):
            has_skip = False
    
            for mapper in reg._mappers_to_configure():
                run_configure = None
    
                for fn in mapper.dispatch.before_mapper_configured:
                    run_configure = fn(mapper, mapper.class_)
                    if run_configure is EXT_SKIP:
                        has_skip = True
                        break
                if run_configure is EXT_SKIP:
                    continue
    
                if getattr(mapper, "_configure_failed", False):
                    e = sa_exc.InvalidRequestError(
                        "One or more mappers failed to initialize - "
                        "can't proceed with initialization of other "
                        "mappers. Triggering mapper: '%s'. "
                        "Original exception was: %s"
                        % (mapper, mapper._configure_failed)
                    )
                    e._configure_failed = mapper._configure_failed  # type: ignore
>                   raise e
E                   sqlalchemy.exc.InvalidRequestError: One or more mappers failed to initialize - can't proceed with initialization of other mappers. Triggering mapper: 'Mapper[Sprint(sprints)]'. Original exception was: Mapper 'Mapper[Project(projects)]' has no property 'sprints'.  If this property was indicated from other mappers or configure events, ensure registry.configure() has been called.

..\..\anaconda3\envs\scrumix\lib\site-packages\sqlalchemy\orm\mapper.py:4236: InvalidRequestError
_ ERROR at setup of TestMeetingNoteEndpoints.test_get_meeting_note_by_id_success _

fixturedef = <FixtureDef argname='test_user' scope='function' baseid='backend/tests'>
request = <SubRequest 'test_user' for <Function test_get_meeting_note_by_id_success>>

    @pytest.hookimpl(wrapper=True)
    def pytest_fixture_setup(fixturedef: FixtureDef, request) -> object | None:
        asyncio_mode = _get_asyncio_mode(request.config)
        if not _is_asyncio_fixture_function(fixturedef.func):
            if asyncio_mode == Mode.STRICT:
                # Ignore async fixtures without explicit asyncio mark in strict mode
                # This applies to pytest_trio fixtures, for example
>               return (yield)

..\..\anaconda3\envs\scrumix\lib\site-packages\pytest_asyncio\plugin.py:681: 
_ _ _ _ _ _ _ _ _ _ _ _ _ _ _ _ _ _ _ _ _ _ _ _ _ _ _ _ _ _ _ _ _ _ _ _ _ _ _ _
backend\tests\conftest.py:104: in test_user
    user = User(
..\..\anaconda3\envs\scrumix\lib\site-packages\sqlalchemy\orm\state.py:561: in _initialize_instance
    manager.dispatch.init(self, args, kwargs)
..\..\anaconda3\envs\scrumix\lib\site-packages\sqlalchemy\event\attr.py:487: in __call__
    fn(*args, **kw)
..\..\anaconda3\envs\scrumix\lib\site-packages\sqlalchemy\orm\mapper.py:4391: in _event_on_init
    instrumenting_mapper._check_configure()
..\..\anaconda3\envs\scrumix\lib\site-packages\sqlalchemy\orm\mapper.py:2386: in _check_configure
    _configure_registries({self.registry}, cascade=True)
..\..\anaconda3\envs\scrumix\lib\site-packages\sqlalchemy\orm\mapper.py:4199: in _configure_registries
    _do_configure_registries(registries, cascade)
_ _ _ _ _ _ _ _ _ _ _ _ _ _ _ _ _ _ _ _ _ _ _ _ _ _ _ _ _ _ _ _ _ _ _ _ _ _ _ _

registries = set(), cascade = True

    @util.preload_module("sqlalchemy.orm.decl_api")
    def _do_configure_registries(
        registries: Set[_RegistryType], cascade: bool
    ) -> None:
        registry = util.preloaded.orm_decl_api.registry
    
        orig = set(registries)
    
        for reg in registry._recurse_with_dependencies(registries):
            has_skip = False
    
            for mapper in reg._mappers_to_configure():
                run_configure = None
    
                for fn in mapper.dispatch.before_mapper_configured:
                    run_configure = fn(mapper, mapper.class_)
                    if run_configure is EXT_SKIP:
                        has_skip = True
                        break
                if run_configure is EXT_SKIP:
                    continue
    
                if getattr(mapper, "_configure_failed", False):
                    e = sa_exc.InvalidRequestError(
                        "One or more mappers failed to initialize - "
                        "can't proceed with initialization of other "
                        "mappers. Triggering mapper: '%s'. "
                        "Original exception was: %s"
                        % (mapper, mapper._configure_failed)
                    )
                    e._configure_failed = mapper._configure_failed  # type: ignore
>                   raise e
E                   sqlalchemy.exc.InvalidRequestError: One or more mappers failed to initialize - can't proceed with initialization of other mappers. Triggering mapper: 'Mapper[Sprint(sprints)]'. Original exception was: Mapper 'Mapper[Project(projects)]' has no property 'sprints'.  If this property was indicated from other mappers or configure events, ensure registry.configure() has been called.

..\..\anaconda3\envs\scrumix\lib\site-packages\sqlalchemy\orm\mapper.py:4236: InvalidRequestError
_ ERROR at setup of TestMeetingNoteEndpoints.test_get_meeting_note_by_id_not_found _

fixturedef = <FixtureDef argname='test_user' scope='function' baseid='backend/tests'>
request = <SubRequest 'test_user' for <Function test_get_meeting_note_by_id_not_found>>

    @pytest.hookimpl(wrapper=True)
    def pytest_fixture_setup(fixturedef: FixtureDef, request) -> object | None:
        asyncio_mode = _get_asyncio_mode(request.config)
        if not _is_asyncio_fixture_function(fixturedef.func):
            if asyncio_mode == Mode.STRICT:
                # Ignore async fixtures without explicit asyncio mark in strict mode
                # This applies to pytest_trio fixtures, for example
>               return (yield)

..\..\anaconda3\envs\scrumix\lib\site-packages\pytest_asyncio\plugin.py:681: 
_ _ _ _ _ _ _ _ _ _ _ _ _ _ _ _ _ _ _ _ _ _ _ _ _ _ _ _ _ _ _ _ _ _ _ _ _ _ _ _
backend\tests\conftest.py:104: in test_user
    user = User(
..\..\anaconda3\envs\scrumix\lib\site-packages\sqlalchemy\orm\state.py:561: in _initialize_instance
    manager.dispatch.init(self, args, kwargs)
..\..\anaconda3\envs\scrumix\lib\site-packages\sqlalchemy\event\attr.py:487: in __call__
    fn(*args, **kw)
..\..\anaconda3\envs\scrumix\lib\site-packages\sqlalchemy\orm\mapper.py:4391: in _event_on_init
    instrumenting_mapper._check_configure()
..\..\anaconda3\envs\scrumix\lib\site-packages\sqlalchemy\orm\mapper.py:2386: in _check_configure
    _configure_registries({self.registry}, cascade=True)
..\..\anaconda3\envs\scrumix\lib\site-packages\sqlalchemy\orm\mapper.py:4199: in _configure_registries
    _do_configure_registries(registries, cascade)
_ _ _ _ _ _ _ _ _ _ _ _ _ _ _ _ _ _ _ _ _ _ _ _ _ _ _ _ _ _ _ _ _ _ _ _ _ _ _ _

registries = set(), cascade = True

    @util.preload_module("sqlalchemy.orm.decl_api")
    def _do_configure_registries(
        registries: Set[_RegistryType], cascade: bool
    ) -> None:
        registry = util.preloaded.orm_decl_api.registry
    
        orig = set(registries)
    
        for reg in registry._recurse_with_dependencies(registries):
            has_skip = False
    
            for mapper in reg._mappers_to_configure():
                run_configure = None
    
                for fn in mapper.dispatch.before_mapper_configured:
                    run_configure = fn(mapper, mapper.class_)
                    if run_configure is EXT_SKIP:
                        has_skip = True
                        break
                if run_configure is EXT_SKIP:
                    continue
    
                if getattr(mapper, "_configure_failed", False):
                    e = sa_exc.InvalidRequestError(
                        "One or more mappers failed to initialize - "
                        "can't proceed with initialization of other "
                        "mappers. Triggering mapper: '%s'. "
                        "Original exception was: %s"
                        % (mapper, mapper._configure_failed)
                    )
                    e._configure_failed = mapper._configure_failed  # type: ignore
>                   raise e
E                   sqlalchemy.exc.InvalidRequestError: One or more mappers failed to initialize - can't proceed with initialization of other mappers. Triggering mapper: 'Mapper[Sprint(sprints)]'. Original exception was: Mapper 'Mapper[Project(projects)]' has no property 'sprints'.  If this property was indicated from other mappers or configure events, ensure registry.configure() has been called.

..\..\anaconda3\envs\scrumix\lib\site-packages\sqlalchemy\orm\mapper.py:4236: InvalidRequestError
_ ERROR at setup of TestMeetingNoteEndpoints.test_update_meeting_note_success _

fixturedef = <FixtureDef argname='test_user' scope='function' baseid='backend/tests'>
request = <SubRequest 'test_user' for <Function test_update_meeting_note_success>>

    @pytest.hookimpl(wrapper=True)
    def pytest_fixture_setup(fixturedef: FixtureDef, request) -> object | None:
        asyncio_mode = _get_asyncio_mode(request.config)
        if not _is_asyncio_fixture_function(fixturedef.func):
            if asyncio_mode == Mode.STRICT:
                # Ignore async fixtures without explicit asyncio mark in strict mode
                # This applies to pytest_trio fixtures, for example
>               return (yield)

..\..\anaconda3\envs\scrumix\lib\site-packages\pytest_asyncio\plugin.py:681: 
_ _ _ _ _ _ _ _ _ _ _ _ _ _ _ _ _ _ _ _ _ _ _ _ _ _ _ _ _ _ _ _ _ _ _ _ _ _ _ _
backend\tests\conftest.py:104: in test_user
    user = User(
..\..\anaconda3\envs\scrumix\lib\site-packages\sqlalchemy\orm\state.py:561: in _initialize_instance
    manager.dispatch.init(self, args, kwargs)
..\..\anaconda3\envs\scrumix\lib\site-packages\sqlalchemy\event\attr.py:487: in __call__
    fn(*args, **kw)
..\..\anaconda3\envs\scrumix\lib\site-packages\sqlalchemy\orm\mapper.py:4391: in _event_on_init
    instrumenting_mapper._check_configure()
..\..\anaconda3\envs\scrumix\lib\site-packages\sqlalchemy\orm\mapper.py:2386: in _check_configure
    _configure_registries({self.registry}, cascade=True)
..\..\anaconda3\envs\scrumix\lib\site-packages\sqlalchemy\orm\mapper.py:4199: in _configure_registries
    _do_configure_registries(registries, cascade)
_ _ _ _ _ _ _ _ _ _ _ _ _ _ _ _ _ _ _ _ _ _ _ _ _ _ _ _ _ _ _ _ _ _ _ _ _ _ _ _

registries = set(), cascade = True

    @util.preload_module("sqlalchemy.orm.decl_api")
    def _do_configure_registries(
        registries: Set[_RegistryType], cascade: bool
    ) -> None:
        registry = util.preloaded.orm_decl_api.registry
    
        orig = set(registries)
    
        for reg in registry._recurse_with_dependencies(registries):
            has_skip = False
    
            for mapper in reg._mappers_to_configure():
                run_configure = None
    
                for fn in mapper.dispatch.before_mapper_configured:
                    run_configure = fn(mapper, mapper.class_)
                    if run_configure is EXT_SKIP:
                        has_skip = True
                        break
                if run_configure is EXT_SKIP:
                    continue
    
                if getattr(mapper, "_configure_failed", False):
                    e = sa_exc.InvalidRequestError(
                        "One or more mappers failed to initialize - "
                        "can't proceed with initialization of other "
                        "mappers. Triggering mapper: '%s'. "
                        "Original exception was: %s"
                        % (mapper, mapper._configure_failed)
                    )
                    e._configure_failed = mapper._configure_failed  # type: ignore
>                   raise e
E                   sqlalchemy.exc.InvalidRequestError: One or more mappers failed to initialize - can't proceed with initialization of other mappers. Triggering mapper: 'Mapper[Sprint(sprints)]'. Original exception was: Mapper 'Mapper[Project(projects)]' has no property 'sprints'.  If this property was indicated from other mappers or configure events, ensure registry.configure() has been called.

..\..\anaconda3\envs\scrumix\lib\site-packages\sqlalchemy\orm\mapper.py:4236: InvalidRequestError
_ ERROR at setup of TestMeetingNoteEndpoints.test_update_meeting_note_not_found _

fixturedef = <FixtureDef argname='test_user' scope='function' baseid='backend/tests'>
request = <SubRequest 'test_user' for <Function test_update_meeting_note_not_found>>

    @pytest.hookimpl(wrapper=True)
    def pytest_fixture_setup(fixturedef: FixtureDef, request) -> object | None:
        asyncio_mode = _get_asyncio_mode(request.config)
        if not _is_asyncio_fixture_function(fixturedef.func):
            if asyncio_mode == Mode.STRICT:
                # Ignore async fixtures without explicit asyncio mark in strict mode
                # This applies to pytest_trio fixtures, for example
>               return (yield)

..\..\anaconda3\envs\scrumix\lib\site-packages\pytest_asyncio\plugin.py:681: 
_ _ _ _ _ _ _ _ _ _ _ _ _ _ _ _ _ _ _ _ _ _ _ _ _ _ _ _ _ _ _ _ _ _ _ _ _ _ _ _
backend\tests\conftest.py:104: in test_user
    user = User(
..\..\anaconda3\envs\scrumix\lib\site-packages\sqlalchemy\orm\state.py:561: in _initialize_instance
    manager.dispatch.init(self, args, kwargs)
..\..\anaconda3\envs\scrumix\lib\site-packages\sqlalchemy\event\attr.py:487: in __call__
    fn(*args, **kw)
..\..\anaconda3\envs\scrumix\lib\site-packages\sqlalchemy\orm\mapper.py:4391: in _event_on_init
    instrumenting_mapper._check_configure()
..\..\anaconda3\envs\scrumix\lib\site-packages\sqlalchemy\orm\mapper.py:2386: in _check_configure
    _configure_registries({self.registry}, cascade=True)
..\..\anaconda3\envs\scrumix\lib\site-packages\sqlalchemy\orm\mapper.py:4199: in _configure_registries
    _do_configure_registries(registries, cascade)
_ _ _ _ _ _ _ _ _ _ _ _ _ _ _ _ _ _ _ _ _ _ _ _ _ _ _ _ _ _ _ _ _ _ _ _ _ _ _ _

registries = set(), cascade = True

    @util.preload_module("sqlalchemy.orm.decl_api")
    def _do_configure_registries(
        registries: Set[_RegistryType], cascade: bool
    ) -> None:
        registry = util.preloaded.orm_decl_api.registry
    
        orig = set(registries)
    
        for reg in registry._recurse_with_dependencies(registries):
            has_skip = False
    
            for mapper in reg._mappers_to_configure():
                run_configure = None
    
                for fn in mapper.dispatch.before_mapper_configured:
                    run_configure = fn(mapper, mapper.class_)
                    if run_configure is EXT_SKIP:
                        has_skip = True
                        break
                if run_configure is EXT_SKIP:
                    continue
    
                if getattr(mapper, "_configure_failed", False):
                    e = sa_exc.InvalidRequestError(
                        "One or more mappers failed to initialize - "
                        "can't proceed with initialization of other "
                        "mappers. Triggering mapper: '%s'. "
                        "Original exception was: %s"
                        % (mapper, mapper._configure_failed)
                    )
                    e._configure_failed = mapper._configure_failed  # type: ignore
>                   raise e
E                   sqlalchemy.exc.InvalidRequestError: One or more mappers failed to initialize - can't proceed with initialization of other mappers. Triggering mapper: 'Mapper[Sprint(sprints)]'. Original exception was: Mapper 'Mapper[Project(projects)]' has no property 'sprints'.  If this property was indicated from other mappers or configure events, ensure registry.configure() has been called.

..\..\anaconda3\envs\scrumix\lib\site-packages\sqlalchemy\orm\mapper.py:4236: InvalidRequestError
_ ERROR at setup of TestMeetingNoteEndpoints.test_delete_meeting_note_success _

fixturedef = <FixtureDef argname='test_user' scope='function' baseid='backend/tests'>
request = <SubRequest 'test_user' for <Function test_delete_meeting_note_success>>

    @pytest.hookimpl(wrapper=True)
    def pytest_fixture_setup(fixturedef: FixtureDef, request) -> object | None:
        asyncio_mode = _get_asyncio_mode(request.config)
        if not _is_asyncio_fixture_function(fixturedef.func):
            if asyncio_mode == Mode.STRICT:
                # Ignore async fixtures without explicit asyncio mark in strict mode
                # This applies to pytest_trio fixtures, for example
>               return (yield)

..\..\anaconda3\envs\scrumix\lib\site-packages\pytest_asyncio\plugin.py:681: 
_ _ _ _ _ _ _ _ _ _ _ _ _ _ _ _ _ _ _ _ _ _ _ _ _ _ _ _ _ _ _ _ _ _ _ _ _ _ _ _
backend\tests\conftest.py:104: in test_user
    user = User(
..\..\anaconda3\envs\scrumix\lib\site-packages\sqlalchemy\orm\state.py:561: in _initialize_instance
    manager.dispatch.init(self, args, kwargs)
..\..\anaconda3\envs\scrumix\lib\site-packages\sqlalchemy\event\attr.py:487: in __call__
    fn(*args, **kw)
..\..\anaconda3\envs\scrumix\lib\site-packages\sqlalchemy\orm\mapper.py:4391: in _event_on_init
    instrumenting_mapper._check_configure()
..\..\anaconda3\envs\scrumix\lib\site-packages\sqlalchemy\orm\mapper.py:2386: in _check_configure
    _configure_registries({self.registry}, cascade=True)
..\..\anaconda3\envs\scrumix\lib\site-packages\sqlalchemy\orm\mapper.py:4199: in _configure_registries
    _do_configure_registries(registries, cascade)
_ _ _ _ _ _ _ _ _ _ _ _ _ _ _ _ _ _ _ _ _ _ _ _ _ _ _ _ _ _ _ _ _ _ _ _ _ _ _ _

registries = set(), cascade = True

    @util.preload_module("sqlalchemy.orm.decl_api")
    def _do_configure_registries(
        registries: Set[_RegistryType], cascade: bool
    ) -> None:
        registry = util.preloaded.orm_decl_api.registry
    
        orig = set(registries)
    
        for reg in registry._recurse_with_dependencies(registries):
            has_skip = False
    
            for mapper in reg._mappers_to_configure():
                run_configure = None
    
                for fn in mapper.dispatch.before_mapper_configured:
                    run_configure = fn(mapper, mapper.class_)
                    if run_configure is EXT_SKIP:
                        has_skip = True
                        break
                if run_configure is EXT_SKIP:
                    continue
    
                if getattr(mapper, "_configure_failed", False):
                    e = sa_exc.InvalidRequestError(
                        "One or more mappers failed to initialize - "
                        "can't proceed with initialization of other "
                        "mappers. Triggering mapper: '%s'. "
                        "Original exception was: %s"
                        % (mapper, mapper._configure_failed)
                    )
                    e._configure_failed = mapper._configure_failed  # type: ignore
>                   raise e
E                   sqlalchemy.exc.InvalidRequestError: One or more mappers failed to initialize - can't proceed with initialization of other mappers. Triggering mapper: 'Mapper[Sprint(sprints)]'. Original exception was: Mapper 'Mapper[Project(projects)]' has no property 'sprints'.  If this property was indicated from other mappers or configure events, ensure registry.configure() has been called.

..\..\anaconda3\envs\scrumix\lib\site-packages\sqlalchemy\orm\mapper.py:4236: InvalidRequestError
_ ERROR at setup of TestMeetingNoteEndpoints.test_delete_meeting_note_not_found _

fixturedef = <FixtureDef argname='test_user' scope='function' baseid='backend/tests'>
request = <SubRequest 'test_user' for <Function test_delete_meeting_note_not_found>>

    @pytest.hookimpl(wrapper=True)
    def pytest_fixture_setup(fixturedef: FixtureDef, request) -> object | None:
        asyncio_mode = _get_asyncio_mode(request.config)
        if not _is_asyncio_fixture_function(fixturedef.func):
            if asyncio_mode == Mode.STRICT:
                # Ignore async fixtures without explicit asyncio mark in strict mode
                # This applies to pytest_trio fixtures, for example
>               return (yield)

..\..\anaconda3\envs\scrumix\lib\site-packages\pytest_asyncio\plugin.py:681: 
_ _ _ _ _ _ _ _ _ _ _ _ _ _ _ _ _ _ _ _ _ _ _ _ _ _ _ _ _ _ _ _ _ _ _ _ _ _ _ _
backend\tests\conftest.py:104: in test_user
    user = User(
..\..\anaconda3\envs\scrumix\lib\site-packages\sqlalchemy\orm\state.py:561: in _initialize_instance
    manager.dispatch.init(self, args, kwargs)
..\..\anaconda3\envs\scrumix\lib\site-packages\sqlalchemy\event\attr.py:487: in __call__
    fn(*args, **kw)
..\..\anaconda3\envs\scrumix\lib\site-packages\sqlalchemy\orm\mapper.py:4391: in _event_on_init
    instrumenting_mapper._check_configure()
..\..\anaconda3\envs\scrumix\lib\site-packages\sqlalchemy\orm\mapper.py:2386: in _check_configure
    _configure_registries({self.registry}, cascade=True)
..\..\anaconda3\envs\scrumix\lib\site-packages\sqlalchemy\orm\mapper.py:4199: in _configure_registries
    _do_configure_registries(registries, cascade)
_ _ _ _ _ _ _ _ _ _ _ _ _ _ _ _ _ _ _ _ _ _ _ _ _ _ _ _ _ _ _ _ _ _ _ _ _ _ _ _

registries = set(), cascade = True

    @util.preload_module("sqlalchemy.orm.decl_api")
    def _do_configure_registries(
        registries: Set[_RegistryType], cascade: bool
    ) -> None:
        registry = util.preloaded.orm_decl_api.registry
    
        orig = set(registries)
    
        for reg in registry._recurse_with_dependencies(registries):
            has_skip = False
    
            for mapper in reg._mappers_to_configure():
                run_configure = None
    
                for fn in mapper.dispatch.before_mapper_configured:
                    run_configure = fn(mapper, mapper.class_)
                    if run_configure is EXT_SKIP:
                        has_skip = True
                        break
                if run_configure is EXT_SKIP:
                    continue
    
                if getattr(mapper, "_configure_failed", False):
                    e = sa_exc.InvalidRequestError(
                        "One or more mappers failed to initialize - "
                        "can't proceed with initialization of other "
                        "mappers. Triggering mapper: '%s'. "
                        "Original exception was: %s"
                        % (mapper, mapper._configure_failed)
                    )
                    e._configure_failed = mapper._configure_failed  # type: ignore
>                   raise e
E                   sqlalchemy.exc.InvalidRequestError: One or more mappers failed to initialize - can't proceed with initialization of other mappers. Triggering mapper: 'Mapper[Sprint(sprints)]'. Original exception was: Mapper 'Mapper[Project(projects)]' has no property 'sprints'.  If this property was indicated from other mappers or configure events, ensure registry.configure() has been called.

..\..\anaconda3\envs\scrumix\lib\site-packages\sqlalchemy\orm\mapper.py:4236: InvalidRequestError
____ ERROR at setup of TestMeetingNoteEndpoints.test_get_notes_by_meeting _____

fixturedef = <FixtureDef argname='test_user' scope='function' baseid='backend/tests'>
request = <SubRequest 'test_user' for <Function test_get_notes_by_meeting>>

    @pytest.hookimpl(wrapper=True)
    def pytest_fixture_setup(fixturedef: FixtureDef, request) -> object | None:
        asyncio_mode = _get_asyncio_mode(request.config)
        if not _is_asyncio_fixture_function(fixturedef.func):
            if asyncio_mode == Mode.STRICT:
                # Ignore async fixtures without explicit asyncio mark in strict mode
                # This applies to pytest_trio fixtures, for example
>               return (yield)

..\..\anaconda3\envs\scrumix\lib\site-packages\pytest_asyncio\plugin.py:681: 
_ _ _ _ _ _ _ _ _ _ _ _ _ _ _ _ _ _ _ _ _ _ _ _ _ _ _ _ _ _ _ _ _ _ _ _ _ _ _ _
backend\tests\conftest.py:104: in test_user
    user = User(
..\..\anaconda3\envs\scrumix\lib\site-packages\sqlalchemy\orm\state.py:561: in _initialize_instance
    manager.dispatch.init(self, args, kwargs)
..\..\anaconda3\envs\scrumix\lib\site-packages\sqlalchemy\event\attr.py:487: in __call__
    fn(*args, **kw)
..\..\anaconda3\envs\scrumix\lib\site-packages\sqlalchemy\orm\mapper.py:4391: in _event_on_init
    instrumenting_mapper._check_configure()
..\..\anaconda3\envs\scrumix\lib\site-packages\sqlalchemy\orm\mapper.py:2386: in _check_configure
    _configure_registries({self.registry}, cascade=True)
..\..\anaconda3\envs\scrumix\lib\site-packages\sqlalchemy\orm\mapper.py:4199: in _configure_registries
    _do_configure_registries(registries, cascade)
_ _ _ _ _ _ _ _ _ _ _ _ _ _ _ _ _ _ _ _ _ _ _ _ _ _ _ _ _ _ _ _ _ _ _ _ _ _ _ _

registries = set(), cascade = True

    @util.preload_module("sqlalchemy.orm.decl_api")
    def _do_configure_registries(
        registries: Set[_RegistryType], cascade: bool
    ) -> None:
        registry = util.preloaded.orm_decl_api.registry
    
        orig = set(registries)
    
        for reg in registry._recurse_with_dependencies(registries):
            has_skip = False
    
            for mapper in reg._mappers_to_configure():
                run_configure = None
    
                for fn in mapper.dispatch.before_mapper_configured:
                    run_configure = fn(mapper, mapper.class_)
                    if run_configure is EXT_SKIP:
                        has_skip = True
                        break
                if run_configure is EXT_SKIP:
                    continue
    
                if getattr(mapper, "_configure_failed", False):
                    e = sa_exc.InvalidRequestError(
                        "One or more mappers failed to initialize - "
                        "can't proceed with initialization of other "
                        "mappers. Triggering mapper: '%s'. "
                        "Original exception was: %s"
                        % (mapper, mapper._configure_failed)
                    )
                    e._configure_failed = mapper._configure_failed  # type: ignore
>                   raise e
E                   sqlalchemy.exc.InvalidRequestError: One or more mappers failed to initialize - can't proceed with initialization of other mappers. Triggering mapper: 'Mapper[Sprint(sprints)]'. Original exception was: Mapper 'Mapper[Project(projects)]' has no property 'sprints'.  If this property was indicated from other mappers or configure events, ensure registry.configure() has been called.

..\..\anaconda3\envs\scrumix\lib\site-packages\sqlalchemy\orm\mapper.py:4236: InvalidRequestError
_ ERROR at setup of TestMeetingNoteEndpoints.test_get_notes_by_meeting_with_pagination _

fixturedef = <FixtureDef argname='test_user' scope='function' baseid='backend/tests'>
request = <SubRequest 'test_user' for <Function test_get_notes_by_meeting_with_pagination>>

    @pytest.hookimpl(wrapper=True)
    def pytest_fixture_setup(fixturedef: FixtureDef, request) -> object | None:
        asyncio_mode = _get_asyncio_mode(request.config)
        if not _is_asyncio_fixture_function(fixturedef.func):
            if asyncio_mode == Mode.STRICT:
                # Ignore async fixtures without explicit asyncio mark in strict mode
                # This applies to pytest_trio fixtures, for example
>               return (yield)

..\..\anaconda3\envs\scrumix\lib\site-packages\pytest_asyncio\plugin.py:681: 
_ _ _ _ _ _ _ _ _ _ _ _ _ _ _ _ _ _ _ _ _ _ _ _ _ _ _ _ _ _ _ _ _ _ _ _ _ _ _ _
backend\tests\conftest.py:104: in test_user
    user = User(
..\..\anaconda3\envs\scrumix\lib\site-packages\sqlalchemy\orm\state.py:561: in _initialize_instance
    manager.dispatch.init(self, args, kwargs)
..\..\anaconda3\envs\scrumix\lib\site-packages\sqlalchemy\event\attr.py:487: in __call__
    fn(*args, **kw)
..\..\anaconda3\envs\scrumix\lib\site-packages\sqlalchemy\orm\mapper.py:4391: in _event_on_init
    instrumenting_mapper._check_configure()
..\..\anaconda3\envs\scrumix\lib\site-packages\sqlalchemy\orm\mapper.py:2386: in _check_configure
    _configure_registries({self.registry}, cascade=True)
..\..\anaconda3\envs\scrumix\lib\site-packages\sqlalchemy\orm\mapper.py:4199: in _configure_registries
    _do_configure_registries(registries, cascade)
_ _ _ _ _ _ _ _ _ _ _ _ _ _ _ _ _ _ _ _ _ _ _ _ _ _ _ _ _ _ _ _ _ _ _ _ _ _ _ _

registries = set(), cascade = True

    @util.preload_module("sqlalchemy.orm.decl_api")
    def _do_configure_registries(
        registries: Set[_RegistryType], cascade: bool
    ) -> None:
        registry = util.preloaded.orm_decl_api.registry
    
        orig = set(registries)
    
        for reg in registry._recurse_with_dependencies(registries):
            has_skip = False
    
            for mapper in reg._mappers_to_configure():
                run_configure = None
    
                for fn in mapper.dispatch.before_mapper_configured:
                    run_configure = fn(mapper, mapper.class_)
                    if run_configure is EXT_SKIP:
                        has_skip = True
                        break
                if run_configure is EXT_SKIP:
                    continue
    
                if getattr(mapper, "_configure_failed", False):
                    e = sa_exc.InvalidRequestError(
                        "One or more mappers failed to initialize - "
                        "can't proceed with initialization of other "
                        "mappers. Triggering mapper: '%s'. "
                        "Original exception was: %s"
                        % (mapper, mapper._configure_failed)
                    )
                    e._configure_failed = mapper._configure_failed  # type: ignore
>                   raise e
E                   sqlalchemy.exc.InvalidRequestError: One or more mappers failed to initialize - can't proceed with initialization of other mappers. Triggering mapper: 'Mapper[Sprint(sprints)]'. Original exception was: Mapper 'Mapper[Project(projects)]' has no property 'sprints'.  If this property was indicated from other mappers or configure events, ensure registry.configure() has been called.

..\..\anaconda3\envs\scrumix\lib\site-packages\sqlalchemy\orm\mapper.py:4236: InvalidRequestError
_ ERROR at setup of TestMeetingNoteEndpoints.test_get_notes_by_meeting_top_level_only _

fixturedef = <FixtureDef argname='test_user' scope='function' baseid='backend/tests'>
request = <SubRequest 'test_user' for <Function test_get_notes_by_meeting_top_level_only>>

    @pytest.hookimpl(wrapper=True)
    def pytest_fixture_setup(fixturedef: FixtureDef, request) -> object | None:
        asyncio_mode = _get_asyncio_mode(request.config)
        if not _is_asyncio_fixture_function(fixturedef.func):
            if asyncio_mode == Mode.STRICT:
                # Ignore async fixtures without explicit asyncio mark in strict mode
                # This applies to pytest_trio fixtures, for example
>               return (yield)

..\..\anaconda3\envs\scrumix\lib\site-packages\pytest_asyncio\plugin.py:681: 
_ _ _ _ _ _ _ _ _ _ _ _ _ _ _ _ _ _ _ _ _ _ _ _ _ _ _ _ _ _ _ _ _ _ _ _ _ _ _ _
backend\tests\conftest.py:104: in test_user
    user = User(
..\..\anaconda3\envs\scrumix\lib\site-packages\sqlalchemy\orm\state.py:561: in _initialize_instance
    manager.dispatch.init(self, args, kwargs)
..\..\anaconda3\envs\scrumix\lib\site-packages\sqlalchemy\event\attr.py:487: in __call__
    fn(*args, **kw)
..\..\anaconda3\envs\scrumix\lib\site-packages\sqlalchemy\orm\mapper.py:4391: in _event_on_init
    instrumenting_mapper._check_configure()
..\..\anaconda3\envs\scrumix\lib\site-packages\sqlalchemy\orm\mapper.py:2386: in _check_configure
    _configure_registries({self.registry}, cascade=True)
..\..\anaconda3\envs\scrumix\lib\site-packages\sqlalchemy\orm\mapper.py:4199: in _configure_registries
    _do_configure_registries(registries, cascade)
_ _ _ _ _ _ _ _ _ _ _ _ _ _ _ _ _ _ _ _ _ _ _ _ _ _ _ _ _ _ _ _ _ _ _ _ _ _ _ _

registries = set(), cascade = True

    @util.preload_module("sqlalchemy.orm.decl_api")
    def _do_configure_registries(
        registries: Set[_RegistryType], cascade: bool
    ) -> None:
        registry = util.preloaded.orm_decl_api.registry
    
        orig = set(registries)
    
        for reg in registry._recurse_with_dependencies(registries):
            has_skip = False
    
            for mapper in reg._mappers_to_configure():
                run_configure = None
    
                for fn in mapper.dispatch.before_mapper_configured:
                    run_configure = fn(mapper, mapper.class_)
                    if run_configure is EXT_SKIP:
                        has_skip = True
                        break
                if run_configure is EXT_SKIP:
                    continue
    
                if getattr(mapper, "_configure_failed", False):
                    e = sa_exc.InvalidRequestError(
                        "One or more mappers failed to initialize - "
                        "can't proceed with initialization of other "
                        "mappers. Triggering mapper: '%s'. "
                        "Original exception was: %s"
                        % (mapper, mapper._configure_failed)
                    )
                    e._configure_failed = mapper._configure_failed  # type: ignore
>                   raise e
E                   sqlalchemy.exc.InvalidRequestError: One or more mappers failed to initialize - can't proceed with initialization of other mappers. Triggering mapper: 'Mapper[Sprint(sprints)]'. Original exception was: Mapper 'Mapper[Project(projects)]' has no property 'sprints'.  If this property was indicated from other mappers or configure events, ensure registry.configure() has been called.

..\..\anaconda3\envs\scrumix\lib\site-packages\sqlalchemy\orm\mapper.py:4236: InvalidRequestError
_ ERROR at setup of TestMeetingNoteEndpoints.test_get_notes_by_nonexistent_meeting _

fixturedef = <FixtureDef argname='test_user' scope='function' baseid='backend/tests'>
request = <SubRequest 'test_user' for <Function test_get_notes_by_nonexistent_meeting>>

    @pytest.hookimpl(wrapper=True)
    def pytest_fixture_setup(fixturedef: FixtureDef, request) -> object | None:
        asyncio_mode = _get_asyncio_mode(request.config)
        if not _is_asyncio_fixture_function(fixturedef.func):
            if asyncio_mode == Mode.STRICT:
                # Ignore async fixtures without explicit asyncio mark in strict mode
                # This applies to pytest_trio fixtures, for example
>               return (yield)

..\..\anaconda3\envs\scrumix\lib\site-packages\pytest_asyncio\plugin.py:681: 
_ _ _ _ _ _ _ _ _ _ _ _ _ _ _ _ _ _ _ _ _ _ _ _ _ _ _ _ _ _ _ _ _ _ _ _ _ _ _ _
backend\tests\conftest.py:104: in test_user
    user = User(
..\..\anaconda3\envs\scrumix\lib\site-packages\sqlalchemy\orm\state.py:561: in _initialize_instance
    manager.dispatch.init(self, args, kwargs)
..\..\anaconda3\envs\scrumix\lib\site-packages\sqlalchemy\event\attr.py:487: in __call__
    fn(*args, **kw)
..\..\anaconda3\envs\scrumix\lib\site-packages\sqlalchemy\orm\mapper.py:4391: in _event_on_init
    instrumenting_mapper._check_configure()
..\..\anaconda3\envs\scrumix\lib\site-packages\sqlalchemy\orm\mapper.py:2386: in _check_configure
    _configure_registries({self.registry}, cascade=True)
..\..\anaconda3\envs\scrumix\lib\site-packages\sqlalchemy\orm\mapper.py:4199: in _configure_registries
    _do_configure_registries(registries, cascade)
_ _ _ _ _ _ _ _ _ _ _ _ _ _ _ _ _ _ _ _ _ _ _ _ _ _ _ _ _ _ _ _ _ _ _ _ _ _ _ _

registries = set(), cascade = True

    @util.preload_module("sqlalchemy.orm.decl_api")
    def _do_configure_registries(
        registries: Set[_RegistryType], cascade: bool
    ) -> None:
        registry = util.preloaded.orm_decl_api.registry
    
        orig = set(registries)
    
        for reg in registry._recurse_with_dependencies(registries):
            has_skip = False
    
            for mapper in reg._mappers_to_configure():
                run_configure = None
    
                for fn in mapper.dispatch.before_mapper_configured:
                    run_configure = fn(mapper, mapper.class_)
                    if run_configure is EXT_SKIP:
                        has_skip = True
                        break
                if run_configure is EXT_SKIP:
                    continue
    
                if getattr(mapper, "_configure_failed", False):
                    e = sa_exc.InvalidRequestError(
                        "One or more mappers failed to initialize - "
                        "can't proceed with initialization of other "
                        "mappers. Triggering mapper: '%s'. "
                        "Original exception was: %s"
                        % (mapper, mapper._configure_failed)
                    )
                    e._configure_failed = mapper._configure_failed  # type: ignore
>                   raise e
E                   sqlalchemy.exc.InvalidRequestError: One or more mappers failed to initialize - can't proceed with initialization of other mappers. Triggering mapper: 'Mapper[Sprint(sprints)]'. Original exception was: Mapper 'Mapper[Project(projects)]' has no property 'sprints'.  If this property was indicated from other mappers or configure events, ensure registry.configure() has been called.

..\..\anaconda3\envs\scrumix\lib\site-packages\sqlalchemy\orm\mapper.py:4236: InvalidRequestError
__ ERROR at setup of TestMeetingNoteEndpoints.test_get_notes_tree_by_meeting __

fixturedef = <FixtureDef argname='test_user' scope='function' baseid='backend/tests'>
request = <SubRequest 'test_user' for <Function test_get_notes_tree_by_meeting>>

    @pytest.hookimpl(wrapper=True)
    def pytest_fixture_setup(fixturedef: FixtureDef, request) -> object | None:
        asyncio_mode = _get_asyncio_mode(request.config)
        if not _is_asyncio_fixture_function(fixturedef.func):
            if asyncio_mode == Mode.STRICT:
                # Ignore async fixtures without explicit asyncio mark in strict mode
                # This applies to pytest_trio fixtures, for example
>               return (yield)

..\..\anaconda3\envs\scrumix\lib\site-packages\pytest_asyncio\plugin.py:681: 
_ _ _ _ _ _ _ _ _ _ _ _ _ _ _ _ _ _ _ _ _ _ _ _ _ _ _ _ _ _ _ _ _ _ _ _ _ _ _ _
backend\tests\conftest.py:104: in test_user
    user = User(
..\..\anaconda3\envs\scrumix\lib\site-packages\sqlalchemy\orm\state.py:561: in _initialize_instance
    manager.dispatch.init(self, args, kwargs)
..\..\anaconda3\envs\scrumix\lib\site-packages\sqlalchemy\event\attr.py:487: in __call__
    fn(*args, **kw)
..\..\anaconda3\envs\scrumix\lib\site-packages\sqlalchemy\orm\mapper.py:4391: in _event_on_init
    instrumenting_mapper._check_configure()
..\..\anaconda3\envs\scrumix\lib\site-packages\sqlalchemy\orm\mapper.py:2386: in _check_configure
    _configure_registries({self.registry}, cascade=True)
..\..\anaconda3\envs\scrumix\lib\site-packages\sqlalchemy\orm\mapper.py:4199: in _configure_registries
    _do_configure_registries(registries, cascade)
_ _ _ _ _ _ _ _ _ _ _ _ _ _ _ _ _ _ _ _ _ _ _ _ _ _ _ _ _ _ _ _ _ _ _ _ _ _ _ _

registries = set(), cascade = True

    @util.preload_module("sqlalchemy.orm.decl_api")
    def _do_configure_registries(
        registries: Set[_RegistryType], cascade: bool
    ) -> None:
        registry = util.preloaded.orm_decl_api.registry
    
        orig = set(registries)
    
        for reg in registry._recurse_with_dependencies(registries):
            has_skip = False
    
            for mapper in reg._mappers_to_configure():
                run_configure = None
    
                for fn in mapper.dispatch.before_mapper_configured:
                    run_configure = fn(mapper, mapper.class_)
                    if run_configure is EXT_SKIP:
                        has_skip = True
                        break
                if run_configure is EXT_SKIP:
                    continue
    
                if getattr(mapper, "_configure_failed", False):
                    e = sa_exc.InvalidRequestError(
                        "One or more mappers failed to initialize - "
                        "can't proceed with initialization of other "
                        "mappers. Triggering mapper: '%s'. "
                        "Original exception was: %s"
                        % (mapper, mapper._configure_failed)
                    )
                    e._configure_failed = mapper._configure_failed  # type: ignore
>                   raise e
E                   sqlalchemy.exc.InvalidRequestError: One or more mappers failed to initialize - can't proceed with initialization of other mappers. Triggering mapper: 'Mapper[Sprint(sprints)]'. Original exception was: Mapper 'Mapper[Project(projects)]' has no property 'sprints'.  If this property was indicated from other mappers or configure events, ensure registry.configure() has been called.

..\..\anaconda3\envs\scrumix\lib\site-packages\sqlalchemy\orm\mapper.py:4236: InvalidRequestError
_ ERROR at setup of TestMeetingNoteEndpoints.test_get_notes_tree_by_nonexistent_meeting _

fixturedef = <FixtureDef argname='test_user' scope='function' baseid='backend/tests'>
request = <SubRequest 'test_user' for <Function test_get_notes_tree_by_nonexistent_meeting>>

    @pytest.hookimpl(wrapper=True)
    def pytest_fixture_setup(fixturedef: FixtureDef, request) -> object | None:
        asyncio_mode = _get_asyncio_mode(request.config)
        if not _is_asyncio_fixture_function(fixturedef.func):
            if asyncio_mode == Mode.STRICT:
                # Ignore async fixtures without explicit asyncio mark in strict mode
                # This applies to pytest_trio fixtures, for example
>               return (yield)

..\..\anaconda3\envs\scrumix\lib\site-packages\pytest_asyncio\plugin.py:681: 
_ _ _ _ _ _ _ _ _ _ _ _ _ _ _ _ _ _ _ _ _ _ _ _ _ _ _ _ _ _ _ _ _ _ _ _ _ _ _ _
backend\tests\conftest.py:104: in test_user
    user = User(
..\..\anaconda3\envs\scrumix\lib\site-packages\sqlalchemy\orm\state.py:561: in _initialize_instance
    manager.dispatch.init(self, args, kwargs)
..\..\anaconda3\envs\scrumix\lib\site-packages\sqlalchemy\event\attr.py:487: in __call__
    fn(*args, **kw)
..\..\anaconda3\envs\scrumix\lib\site-packages\sqlalchemy\orm\mapper.py:4391: in _event_on_init
    instrumenting_mapper._check_configure()
..\..\anaconda3\envs\scrumix\lib\site-packages\sqlalchemy\orm\mapper.py:2386: in _check_configure
    _configure_registries({self.registry}, cascade=True)
..\..\anaconda3\envs\scrumix\lib\site-packages\sqlalchemy\orm\mapper.py:4199: in _configure_registries
    _do_configure_registries(registries, cascade)
_ _ _ _ _ _ _ _ _ _ _ _ _ _ _ _ _ _ _ _ _ _ _ _ _ _ _ _ _ _ _ _ _ _ _ _ _ _ _ _

registries = set(), cascade = True

    @util.preload_module("sqlalchemy.orm.decl_api")
    def _do_configure_registries(
        registries: Set[_RegistryType], cascade: bool
    ) -> None:
        registry = util.preloaded.orm_decl_api.registry
    
        orig = set(registries)
    
        for reg in registry._recurse_with_dependencies(registries):
            has_skip = False
    
            for mapper in reg._mappers_to_configure():
                run_configure = None
    
                for fn in mapper.dispatch.before_mapper_configured:
                    run_configure = fn(mapper, mapper.class_)
                    if run_configure is EXT_SKIP:
                        has_skip = True
                        break
                if run_configure is EXT_SKIP:
                    continue
    
                if getattr(mapper, "_configure_failed", False):
                    e = sa_exc.InvalidRequestError(
                        "One or more mappers failed to initialize - "
                        "can't proceed with initialization of other "
                        "mappers. Triggering mapper: '%s'. "
                        "Original exception was: %s"
                        % (mapper, mapper._configure_failed)
                    )
                    e._configure_failed = mapper._configure_failed  # type: ignore
>                   raise e
E                   sqlalchemy.exc.InvalidRequestError: One or more mappers failed to initialize - can't proceed with initialization of other mappers. Triggering mapper: 'Mapper[Sprint(sprints)]'. Original exception was: Mapper 'Mapper[Project(projects)]' has no property 'sprints'.  If this property was indicated from other mappers or configure events, ensure registry.configure() has been called.

..\..\anaconda3\envs\scrumix\lib\site-packages\sqlalchemy\orm\mapper.py:4236: InvalidRequestError
___ ERROR at setup of TestMeetingNoteEndpoints.test_count_notes_by_meeting ____

fixturedef = <FixtureDef argname='test_user' scope='function' baseid='backend/tests'>
request = <SubRequest 'test_user' for <Function test_count_notes_by_meeting>>

    @pytest.hookimpl(wrapper=True)
    def pytest_fixture_setup(fixturedef: FixtureDef, request) -> object | None:
        asyncio_mode = _get_asyncio_mode(request.config)
        if not _is_asyncio_fixture_function(fixturedef.func):
            if asyncio_mode == Mode.STRICT:
                # Ignore async fixtures without explicit asyncio mark in strict mode
                # This applies to pytest_trio fixtures, for example
>               return (yield)

..\..\anaconda3\envs\scrumix\lib\site-packages\pytest_asyncio\plugin.py:681: 
_ _ _ _ _ _ _ _ _ _ _ _ _ _ _ _ _ _ _ _ _ _ _ _ _ _ _ _ _ _ _ _ _ _ _ _ _ _ _ _
backend\tests\conftest.py:104: in test_user
    user = User(
..\..\anaconda3\envs\scrumix\lib\site-packages\sqlalchemy\orm\state.py:561: in _initialize_instance
    manager.dispatch.init(self, args, kwargs)
..\..\anaconda3\envs\scrumix\lib\site-packages\sqlalchemy\event\attr.py:487: in __call__
    fn(*args, **kw)
..\..\anaconda3\envs\scrumix\lib\site-packages\sqlalchemy\orm\mapper.py:4391: in _event_on_init
    instrumenting_mapper._check_configure()
..\..\anaconda3\envs\scrumix\lib\site-packages\sqlalchemy\orm\mapper.py:2386: in _check_configure
    _configure_registries({self.registry}, cascade=True)
..\..\anaconda3\envs\scrumix\lib\site-packages\sqlalchemy\orm\mapper.py:4199: in _configure_registries
    _do_configure_registries(registries, cascade)
_ _ _ _ _ _ _ _ _ _ _ _ _ _ _ _ _ _ _ _ _ _ _ _ _ _ _ _ _ _ _ _ _ _ _ _ _ _ _ _

registries = set(), cascade = True

    @util.preload_module("sqlalchemy.orm.decl_api")
    def _do_configure_registries(
        registries: Set[_RegistryType], cascade: bool
    ) -> None:
        registry = util.preloaded.orm_decl_api.registry
    
        orig = set(registries)
    
        for reg in registry._recurse_with_dependencies(registries):
            has_skip = False
    
            for mapper in reg._mappers_to_configure():
                run_configure = None
    
                for fn in mapper.dispatch.before_mapper_configured:
                    run_configure = fn(mapper, mapper.class_)
                    if run_configure is EXT_SKIP:
                        has_skip = True
                        break
                if run_configure is EXT_SKIP:
                    continue
    
                if getattr(mapper, "_configure_failed", False):
                    e = sa_exc.InvalidRequestError(
                        "One or more mappers failed to initialize - "
                        "can't proceed with initialization of other "
                        "mappers. Triggering mapper: '%s'. "
                        "Original exception was: %s"
                        % (mapper, mapper._configure_failed)
                    )
                    e._configure_failed = mapper._configure_failed  # type: ignore
>                   raise e
E                   sqlalchemy.exc.InvalidRequestError: One or more mappers failed to initialize - can't proceed with initialization of other mappers. Triggering mapper: 'Mapper[Sprint(sprints)]'. Original exception was: Mapper 'Mapper[Project(projects)]' has no property 'sprints'.  If this property was indicated from other mappers or configure events, ensure registry.configure() has been called.

..\..\anaconda3\envs\scrumix\lib\site-packages\sqlalchemy\orm\mapper.py:4236: InvalidRequestError
_ ERROR at setup of TestMeetingNoteEndpoints.test_count_notes_by_nonexistent_meeting _

fixturedef = <FixtureDef argname='test_user' scope='function' baseid='backend/tests'>
request = <SubRequest 'test_user' for <Function test_count_notes_by_nonexistent_meeting>>

    @pytest.hookimpl(wrapper=True)
    def pytest_fixture_setup(fixturedef: FixtureDef, request) -> object | None:
        asyncio_mode = _get_asyncio_mode(request.config)
        if not _is_asyncio_fixture_function(fixturedef.func):
            if asyncio_mode == Mode.STRICT:
                # Ignore async fixtures without explicit asyncio mark in strict mode
                # This applies to pytest_trio fixtures, for example
>               return (yield)

..\..\anaconda3\envs\scrumix\lib\site-packages\pytest_asyncio\plugin.py:681: 
_ _ _ _ _ _ _ _ _ _ _ _ _ _ _ _ _ _ _ _ _ _ _ _ _ _ _ _ _ _ _ _ _ _ _ _ _ _ _ _
backend\tests\conftest.py:104: in test_user
    user = User(
..\..\anaconda3\envs\scrumix\lib\site-packages\sqlalchemy\orm\state.py:561: in _initialize_instance
    manager.dispatch.init(self, args, kwargs)
..\..\anaconda3\envs\scrumix\lib\site-packages\sqlalchemy\event\attr.py:487: in __call__
    fn(*args, **kw)
..\..\anaconda3\envs\scrumix\lib\site-packages\sqlalchemy\orm\mapper.py:4391: in _event_on_init
    instrumenting_mapper._check_configure()
..\..\anaconda3\envs\scrumix\lib\site-packages\sqlalchemy\orm\mapper.py:2386: in _check_configure
    _configure_registries({self.registry}, cascade=True)
..\..\anaconda3\envs\scrumix\lib\site-packages\sqlalchemy\orm\mapper.py:4199: in _configure_registries
    _do_configure_registries(registries, cascade)
_ _ _ _ _ _ _ _ _ _ _ _ _ _ _ _ _ _ _ _ _ _ _ _ _ _ _ _ _ _ _ _ _ _ _ _ _ _ _ _

registries = set(), cascade = True

    @util.preload_module("sqlalchemy.orm.decl_api")
    def _do_configure_registries(
        registries: Set[_RegistryType], cascade: bool
    ) -> None:
        registry = util.preloaded.orm_decl_api.registry
    
        orig = set(registries)
    
        for reg in registry._recurse_with_dependencies(registries):
            has_skip = False
    
            for mapper in reg._mappers_to_configure():
                run_configure = None
    
                for fn in mapper.dispatch.before_mapper_configured:
                    run_configure = fn(mapper, mapper.class_)
                    if run_configure is EXT_SKIP:
                        has_skip = True
                        break
                if run_configure is EXT_SKIP:
                    continue
    
                if getattr(mapper, "_configure_failed", False):
                    e = sa_exc.InvalidRequestError(
                        "One or more mappers failed to initialize - "
                        "can't proceed with initialization of other "
                        "mappers. Triggering mapper: '%s'. "
                        "Original exception was: %s"
                        % (mapper, mapper._configure_failed)
                    )
                    e._configure_failed = mapper._configure_failed  # type: ignore
>                   raise e
E                   sqlalchemy.exc.InvalidRequestError: One or more mappers failed to initialize - can't proceed with initialization of other mappers. Triggering mapper: 'Mapper[Sprint(sprints)]'. Original exception was: Mapper 'Mapper[Project(projects)]' has no property 'sprints'.  If this property was indicated from other mappers or configure events, ensure registry.configure() has been called.

..\..\anaconda3\envs\scrumix\lib\site-packages\sqlalchemy\orm\mapper.py:4236: InvalidRequestError
__ ERROR at setup of TestMeetingNoteEndpoints.test_create_note_reply_success __

fixturedef = <FixtureDef argname='test_user' scope='function' baseid='backend/tests'>
request = <SubRequest 'test_user' for <Function test_create_note_reply_success>>

    @pytest.hookimpl(wrapper=True)
    def pytest_fixture_setup(fixturedef: FixtureDef, request) -> object | None:
        asyncio_mode = _get_asyncio_mode(request.config)
        if not _is_asyncio_fixture_function(fixturedef.func):
            if asyncio_mode == Mode.STRICT:
                # Ignore async fixtures without explicit asyncio mark in strict mode
                # This applies to pytest_trio fixtures, for example
>               return (yield)

..\..\anaconda3\envs\scrumix\lib\site-packages\pytest_asyncio\plugin.py:681: 
_ _ _ _ _ _ _ _ _ _ _ _ _ _ _ _ _ _ _ _ _ _ _ _ _ _ _ _ _ _ _ _ _ _ _ _ _ _ _ _
backend\tests\conftest.py:104: in test_user
    user = User(
..\..\anaconda3\envs\scrumix\lib\site-packages\sqlalchemy\orm\state.py:561: in _initialize_instance
    manager.dispatch.init(self, args, kwargs)
..\..\anaconda3\envs\scrumix\lib\site-packages\sqlalchemy\event\attr.py:487: in __call__
    fn(*args, **kw)
..\..\anaconda3\envs\scrumix\lib\site-packages\sqlalchemy\orm\mapper.py:4391: in _event_on_init
    instrumenting_mapper._check_configure()
..\..\anaconda3\envs\scrumix\lib\site-packages\sqlalchemy\orm\mapper.py:2386: in _check_configure
    _configure_registries({self.registry}, cascade=True)
..\..\anaconda3\envs\scrumix\lib\site-packages\sqlalchemy\orm\mapper.py:4199: in _configure_registries
    _do_configure_registries(registries, cascade)
_ _ _ _ _ _ _ _ _ _ _ _ _ _ _ _ _ _ _ _ _ _ _ _ _ _ _ _ _ _ _ _ _ _ _ _ _ _ _ _

registries = set(), cascade = True

    @util.preload_module("sqlalchemy.orm.decl_api")
    def _do_configure_registries(
        registries: Set[_RegistryType], cascade: bool
    ) -> None:
        registry = util.preloaded.orm_decl_api.registry
    
        orig = set(registries)
    
        for reg in registry._recurse_with_dependencies(registries):
            has_skip = False
    
            for mapper in reg._mappers_to_configure():
                run_configure = None
    
                for fn in mapper.dispatch.before_mapper_configured:
                    run_configure = fn(mapper, mapper.class_)
                    if run_configure is EXT_SKIP:
                        has_skip = True
                        break
                if run_configure is EXT_SKIP:
                    continue
    
                if getattr(mapper, "_configure_failed", False):
                    e = sa_exc.InvalidRequestError(
                        "One or more mappers failed to initialize - "
                        "can't proceed with initialization of other "
                        "mappers. Triggering mapper: '%s'. "
                        "Original exception was: %s"
                        % (mapper, mapper._configure_failed)
                    )
                    e._configure_failed = mapper._configure_failed  # type: ignore
>                   raise e
E                   sqlalchemy.exc.InvalidRequestError: One or more mappers failed to initialize - can't proceed with initialization of other mappers. Triggering mapper: 'Mapper[Sprint(sprints)]'. Original exception was: Mapper 'Mapper[Project(projects)]' has no property 'sprints'.  If this property was indicated from other mappers or configure events, ensure registry.configure() has been called.

..\..\anaconda3\envs\scrumix\lib\site-packages\sqlalchemy\orm\mapper.py:4236: InvalidRequestError
_ ERROR at setup of TestMeetingNoteEndpoints.test_create_note_reply_nonexistent_note _

fixturedef = <FixtureDef argname='test_user' scope='function' baseid='backend/tests'>
request = <SubRequest 'test_user' for <Function test_create_note_reply_nonexistent_note>>

    @pytest.hookimpl(wrapper=True)
    def pytest_fixture_setup(fixturedef: FixtureDef, request) -> object | None:
        asyncio_mode = _get_asyncio_mode(request.config)
        if not _is_asyncio_fixture_function(fixturedef.func):
            if asyncio_mode == Mode.STRICT:
                # Ignore async fixtures without explicit asyncio mark in strict mode
                # This applies to pytest_trio fixtures, for example
>               return (yield)

..\..\anaconda3\envs\scrumix\lib\site-packages\pytest_asyncio\plugin.py:681: 
_ _ _ _ _ _ _ _ _ _ _ _ _ _ _ _ _ _ _ _ _ _ _ _ _ _ _ _ _ _ _ _ _ _ _ _ _ _ _ _
backend\tests\conftest.py:104: in test_user
    user = User(
..\..\anaconda3\envs\scrumix\lib\site-packages\sqlalchemy\orm\state.py:561: in _initialize_instance
    manager.dispatch.init(self, args, kwargs)
..\..\anaconda3\envs\scrumix\lib\site-packages\sqlalchemy\event\attr.py:487: in __call__
    fn(*args, **kw)
..\..\anaconda3\envs\scrumix\lib\site-packages\sqlalchemy\orm\mapper.py:4391: in _event_on_init
    instrumenting_mapper._check_configure()
..\..\anaconda3\envs\scrumix\lib\site-packages\sqlalchemy\orm\mapper.py:2386: in _check_configure
    _configure_registries({self.registry}, cascade=True)
..\..\anaconda3\envs\scrumix\lib\site-packages\sqlalchemy\orm\mapper.py:4199: in _configure_registries
    _do_configure_registries(registries, cascade)
_ _ _ _ _ _ _ _ _ _ _ _ _ _ _ _ _ _ _ _ _ _ _ _ _ _ _ _ _ _ _ _ _ _ _ _ _ _ _ _

registries = set(), cascade = True

    @util.preload_module("sqlalchemy.orm.decl_api")
    def _do_configure_registries(
        registries: Set[_RegistryType], cascade: bool
    ) -> None:
        registry = util.preloaded.orm_decl_api.registry
    
        orig = set(registries)
    
        for reg in registry._recurse_with_dependencies(registries):
            has_skip = False
    
            for mapper in reg._mappers_to_configure():
                run_configure = None
    
                for fn in mapper.dispatch.before_mapper_configured:
                    run_configure = fn(mapper, mapper.class_)
                    if run_configure is EXT_SKIP:
                        has_skip = True
                        break
                if run_configure is EXT_SKIP:
                    continue
    
                if getattr(mapper, "_configure_failed", False):
                    e = sa_exc.InvalidRequestError(
                        "One or more mappers failed to initialize - "
                        "can't proceed with initialization of other "
                        "mappers. Triggering mapper: '%s'. "
                        "Original exception was: %s"
                        % (mapper, mapper._configure_failed)
                    )
                    e._configure_failed = mapper._configure_failed  # type: ignore
>                   raise e
E                   sqlalchemy.exc.InvalidRequestError: One or more mappers failed to initialize - can't proceed with initialization of other mappers. Triggering mapper: 'Mapper[Sprint(sprints)]'. Original exception was: Mapper 'Mapper[Project(projects)]' has no property 'sprints'.  If this property was indicated from other mappers or configure events, ensure registry.configure() has been called.

..\..\anaconda3\envs\scrumix\lib\site-packages\sqlalchemy\orm\mapper.py:4236: InvalidRequestError
______ ERROR at setup of TestMeetingNoteEndpoints.test_get_note_children ______

fixturedef = <FixtureDef argname='test_user' scope='function' baseid='backend/tests'>
request = <SubRequest 'test_user' for <Function test_get_note_children>>

    @pytest.hookimpl(wrapper=True)
    def pytest_fixture_setup(fixturedef: FixtureDef, request) -> object | None:
        asyncio_mode = _get_asyncio_mode(request.config)
        if not _is_asyncio_fixture_function(fixturedef.func):
            if asyncio_mode == Mode.STRICT:
                # Ignore async fixtures without explicit asyncio mark in strict mode
                # This applies to pytest_trio fixtures, for example
>               return (yield)

..\..\anaconda3\envs\scrumix\lib\site-packages\pytest_asyncio\plugin.py:681: 
_ _ _ _ _ _ _ _ _ _ _ _ _ _ _ _ _ _ _ _ _ _ _ _ _ _ _ _ _ _ _ _ _ _ _ _ _ _ _ _
backend\tests\conftest.py:104: in test_user
    user = User(
..\..\anaconda3\envs\scrumix\lib\site-packages\sqlalchemy\orm\state.py:561: in _initialize_instance
    manager.dispatch.init(self, args, kwargs)
..\..\anaconda3\envs\scrumix\lib\site-packages\sqlalchemy\event\attr.py:487: in __call__
    fn(*args, **kw)
..\..\anaconda3\envs\scrumix\lib\site-packages\sqlalchemy\orm\mapper.py:4391: in _event_on_init
    instrumenting_mapper._check_configure()
..\..\anaconda3\envs\scrumix\lib\site-packages\sqlalchemy\orm\mapper.py:2386: in _check_configure
    _configure_registries({self.registry}, cascade=True)
..\..\anaconda3\envs\scrumix\lib\site-packages\sqlalchemy\orm\mapper.py:4199: in _configure_registries
    _do_configure_registries(registries, cascade)
_ _ _ _ _ _ _ _ _ _ _ _ _ _ _ _ _ _ _ _ _ _ _ _ _ _ _ _ _ _ _ _ _ _ _ _ _ _ _ _

registries = set(), cascade = True

    @util.preload_module("sqlalchemy.orm.decl_api")
    def _do_configure_registries(
        registries: Set[_RegistryType], cascade: bool
    ) -> None:
        registry = util.preloaded.orm_decl_api.registry
    
        orig = set(registries)
    
        for reg in registry._recurse_with_dependencies(registries):
            has_skip = False
    
            for mapper in reg._mappers_to_configure():
                run_configure = None
    
                for fn in mapper.dispatch.before_mapper_configured:
                    run_configure = fn(mapper, mapper.class_)
                    if run_configure is EXT_SKIP:
                        has_skip = True
                        break
                if run_configure is EXT_SKIP:
                    continue
    
                if getattr(mapper, "_configure_failed", False):
                    e = sa_exc.InvalidRequestError(
                        "One or more mappers failed to initialize - "
                        "can't proceed with initialization of other "
                        "mappers. Triggering mapper: '%s'. "
                        "Original exception was: %s"
                        % (mapper, mapper._configure_failed)
                    )
                    e._configure_failed = mapper._configure_failed  # type: ignore
>                   raise e
E                   sqlalchemy.exc.InvalidRequestError: One or more mappers failed to initialize - can't proceed with initialization of other mappers. Triggering mapper: 'Mapper[Sprint(sprints)]'. Original exception was: Mapper 'Mapper[Project(projects)]' has no property 'sprints'.  If this property was indicated from other mappers or configure events, ensure registry.configure() has been called.

..\..\anaconda3\envs\scrumix\lib\site-packages\sqlalchemy\orm\mapper.py:4236: InvalidRequestError
_ ERROR at setup of TestMeetingNoteEndpoints.test_get_note_children_nonexistent_note _

fixturedef = <FixtureDef argname='test_user' scope='function' baseid='backend/tests'>
request = <SubRequest 'test_user' for <Function test_get_note_children_nonexistent_note>>

    @pytest.hookimpl(wrapper=True)
    def pytest_fixture_setup(fixturedef: FixtureDef, request) -> object | None:
        asyncio_mode = _get_asyncio_mode(request.config)
        if not _is_asyncio_fixture_function(fixturedef.func):
            if asyncio_mode == Mode.STRICT:
                # Ignore async fixtures without explicit asyncio mark in strict mode
                # This applies to pytest_trio fixtures, for example
>               return (yield)

..\..\anaconda3\envs\scrumix\lib\site-packages\pytest_asyncio\plugin.py:681: 
_ _ _ _ _ _ _ _ _ _ _ _ _ _ _ _ _ _ _ _ _ _ _ _ _ _ _ _ _ _ _ _ _ _ _ _ _ _ _ _
backend\tests\conftest.py:104: in test_user
    user = User(
..\..\anaconda3\envs\scrumix\lib\site-packages\sqlalchemy\orm\state.py:561: in _initialize_instance
    manager.dispatch.init(self, args, kwargs)
..\..\anaconda3\envs\scrumix\lib\site-packages\sqlalchemy\event\attr.py:487: in __call__
    fn(*args, **kw)
..\..\anaconda3\envs\scrumix\lib\site-packages\sqlalchemy\orm\mapper.py:4391: in _event_on_init
    instrumenting_mapper._check_configure()
..\..\anaconda3\envs\scrumix\lib\site-packages\sqlalchemy\orm\mapper.py:2386: in _check_configure
    _configure_registries({self.registry}, cascade=True)
..\..\anaconda3\envs\scrumix\lib\site-packages\sqlalchemy\orm\mapper.py:4199: in _configure_registries
    _do_configure_registries(registries, cascade)
_ _ _ _ _ _ _ _ _ _ _ _ _ _ _ _ _ _ _ _ _ _ _ _ _ _ _ _ _ _ _ _ _ _ _ _ _ _ _ _

registries = set(), cascade = True

    @util.preload_module("sqlalchemy.orm.decl_api")
    def _do_configure_registries(
        registries: Set[_RegistryType], cascade: bool
    ) -> None:
        registry = util.preloaded.orm_decl_api.registry
    
        orig = set(registries)
    
        for reg in registry._recurse_with_dependencies(registries):
            has_skip = False
    
            for mapper in reg._mappers_to_configure():
                run_configure = None
    
                for fn in mapper.dispatch.before_mapper_configured:
                    run_configure = fn(mapper, mapper.class_)
                    if run_configure is EXT_SKIP:
                        has_skip = True
                        break
                if run_configure is EXT_SKIP:
                    continue
    
                if getattr(mapper, "_configure_failed", False):
                    e = sa_exc.InvalidRequestError(
                        "One or more mappers failed to initialize - "
                        "can't proceed with initialization of other "
                        "mappers. Triggering mapper: '%s'. "
                        "Original exception was: %s"
                        % (mapper, mapper._configure_failed)
                    )
                    e._configure_failed = mapper._configure_failed  # type: ignore
>                   raise e
E                   sqlalchemy.exc.InvalidRequestError: One or more mappers failed to initialize - can't proceed with initialization of other mappers. Triggering mapper: 'Mapper[Sprint(sprints)]'. Original exception was: Mapper 'Mapper[Project(projects)]' has no property 'sprints'.  If this property was indicated from other mappers or configure events, ensure registry.configure() has been called.

..\..\anaconda3\envs\scrumix\lib\site-packages\sqlalchemy\orm\mapper.py:4236: InvalidRequestError
_______ ERROR at setup of TestMeetingNoteEndpoints.test_get_note_thread _______

fixturedef = <FixtureDef argname='test_user' scope='function' baseid='backend/tests'>
request = <SubRequest 'test_user' for <Function test_get_note_thread>>

    @pytest.hookimpl(wrapper=True)
    def pytest_fixture_setup(fixturedef: FixtureDef, request) -> object | None:
        asyncio_mode = _get_asyncio_mode(request.config)
        if not _is_asyncio_fixture_function(fixturedef.func):
            if asyncio_mode == Mode.STRICT:
                # Ignore async fixtures without explicit asyncio mark in strict mode
                # This applies to pytest_trio fixtures, for example
>               return (yield)

..\..\anaconda3\envs\scrumix\lib\site-packages\pytest_asyncio\plugin.py:681: 
_ _ _ _ _ _ _ _ _ _ _ _ _ _ _ _ _ _ _ _ _ _ _ _ _ _ _ _ _ _ _ _ _ _ _ _ _ _ _ _
backend\tests\conftest.py:104: in test_user
    user = User(
..\..\anaconda3\envs\scrumix\lib\site-packages\sqlalchemy\orm\state.py:561: in _initialize_instance
    manager.dispatch.init(self, args, kwargs)
..\..\anaconda3\envs\scrumix\lib\site-packages\sqlalchemy\event\attr.py:487: in __call__
    fn(*args, **kw)
..\..\anaconda3\envs\scrumix\lib\site-packages\sqlalchemy\orm\mapper.py:4391: in _event_on_init
    instrumenting_mapper._check_configure()
..\..\anaconda3\envs\scrumix\lib\site-packages\sqlalchemy\orm\mapper.py:2386: in _check_configure
    _configure_registries({self.registry}, cascade=True)
..\..\anaconda3\envs\scrumix\lib\site-packages\sqlalchemy\orm\mapper.py:4199: in _configure_registries
    _do_configure_registries(registries, cascade)
_ _ _ _ _ _ _ _ _ _ _ _ _ _ _ _ _ _ _ _ _ _ _ _ _ _ _ _ _ _ _ _ _ _ _ _ _ _ _ _

registries = set(), cascade = True

    @util.preload_module("sqlalchemy.orm.decl_api")
    def _do_configure_registries(
        registries: Set[_RegistryType], cascade: bool
    ) -> None:
        registry = util.preloaded.orm_decl_api.registry
    
        orig = set(registries)
    
        for reg in registry._recurse_with_dependencies(registries):
            has_skip = False
    
            for mapper in reg._mappers_to_configure():
                run_configure = None
    
                for fn in mapper.dispatch.before_mapper_configured:
                    run_configure = fn(mapper, mapper.class_)
                    if run_configure is EXT_SKIP:
                        has_skip = True
                        break
                if run_configure is EXT_SKIP:
                    continue
    
                if getattr(mapper, "_configure_failed", False):
                    e = sa_exc.InvalidRequestError(
                        "One or more mappers failed to initialize - "
                        "can't proceed with initialization of other "
                        "mappers. Triggering mapper: '%s'. "
                        "Original exception was: %s"
                        % (mapper, mapper._configure_failed)
                    )
                    e._configure_failed = mapper._configure_failed  # type: ignore
>                   raise e
E                   sqlalchemy.exc.InvalidRequestError: One or more mappers failed to initialize - can't proceed with initialization of other mappers. Triggering mapper: 'Mapper[Sprint(sprints)]'. Original exception was: Mapper 'Mapper[Project(projects)]' has no property 'sprints'.  If this property was indicated from other mappers or configure events, ensure registry.configure() has been called.

..\..\anaconda3\envs\scrumix\lib\site-packages\sqlalchemy\orm\mapper.py:4236: InvalidRequestError
_ ERROR at setup of TestMeetingNoteEndpoints.test_get_note_thread_nonexistent_note _

fixturedef = <FixtureDef argname='test_user' scope='function' baseid='backend/tests'>
request = <SubRequest 'test_user' for <Function test_get_note_thread_nonexistent_note>>

    @pytest.hookimpl(wrapper=True)
    def pytest_fixture_setup(fixturedef: FixtureDef, request) -> object | None:
        asyncio_mode = _get_asyncio_mode(request.config)
        if not _is_asyncio_fixture_function(fixturedef.func):
            if asyncio_mode == Mode.STRICT:
                # Ignore async fixtures without explicit asyncio mark in strict mode
                # This applies to pytest_trio fixtures, for example
>               return (yield)

..\..\anaconda3\envs\scrumix\lib\site-packages\pytest_asyncio\plugin.py:681: 
_ _ _ _ _ _ _ _ _ _ _ _ _ _ _ _ _ _ _ _ _ _ _ _ _ _ _ _ _ _ _ _ _ _ _ _ _ _ _ _
backend\tests\conftest.py:104: in test_user
    user = User(
..\..\anaconda3\envs\scrumix\lib\site-packages\sqlalchemy\orm\state.py:561: in _initialize_instance
    manager.dispatch.init(self, args, kwargs)
..\..\anaconda3\envs\scrumix\lib\site-packages\sqlalchemy\event\attr.py:487: in __call__
    fn(*args, **kw)
..\..\anaconda3\envs\scrumix\lib\site-packages\sqlalchemy\orm\mapper.py:4391: in _event_on_init
    instrumenting_mapper._check_configure()
..\..\anaconda3\envs\scrumix\lib\site-packages\sqlalchemy\orm\mapper.py:2386: in _check_configure
    _configure_registries({self.registry}, cascade=True)
..\..\anaconda3\envs\scrumix\lib\site-packages\sqlalchemy\orm\mapper.py:4199: in _configure_registries
    _do_configure_registries(registries, cascade)
_ _ _ _ _ _ _ _ _ _ _ _ _ _ _ _ _ _ _ _ _ _ _ _ _ _ _ _ _ _ _ _ _ _ _ _ _ _ _ _

registries = set(), cascade = True

    @util.preload_module("sqlalchemy.orm.decl_api")
    def _do_configure_registries(
        registries: Set[_RegistryType], cascade: bool
    ) -> None:
        registry = util.preloaded.orm_decl_api.registry
    
        orig = set(registries)
    
        for reg in registry._recurse_with_dependencies(registries):
            has_skip = False
    
            for mapper in reg._mappers_to_configure():
                run_configure = None
    
                for fn in mapper.dispatch.before_mapper_configured:
                    run_configure = fn(mapper, mapper.class_)
                    if run_configure is EXT_SKIP:
                        has_skip = True
                        break
                if run_configure is EXT_SKIP:
                    continue
    
                if getattr(mapper, "_configure_failed", False):
                    e = sa_exc.InvalidRequestError(
                        "One or more mappers failed to initialize - "
                        "can't proceed with initialization of other "
                        "mappers. Triggering mapper: '%s'. "
                        "Original exception was: %s"
                        % (mapper, mapper._configure_failed)
                    )
                    e._configure_failed = mapper._configure_failed  # type: ignore
>                   raise e
E                   sqlalchemy.exc.InvalidRequestError: One or more mappers failed to initialize - can't proceed with initialization of other mappers. Triggering mapper: 'Mapper[Sprint(sprints)]'. Original exception was: Mapper 'Mapper[Project(projects)]' has no property 'sprints'.  If this property was indicated from other mappers or configure events, ensure registry.configure() has been called.

..\..\anaconda3\envs\scrumix\lib\site-packages\sqlalchemy\orm\mapper.py:4236: InvalidRequestError
_ ERROR at setup of TestMeetingNoteEndpoints.test_delete_all_notes_by_meeting _

fixturedef = <FixtureDef argname='test_user' scope='function' baseid='backend/tests'>
request = <SubRequest 'test_user' for <Function test_delete_all_notes_by_meeting>>

    @pytest.hookimpl(wrapper=True)
    def pytest_fixture_setup(fixturedef: FixtureDef, request) -> object | None:
        asyncio_mode = _get_asyncio_mode(request.config)
        if not _is_asyncio_fixture_function(fixturedef.func):
            if asyncio_mode == Mode.STRICT:
                # Ignore async fixtures without explicit asyncio mark in strict mode
                # This applies to pytest_trio fixtures, for example
>               return (yield)

..\..\anaconda3\envs\scrumix\lib\site-packages\pytest_asyncio\plugin.py:681: 
_ _ _ _ _ _ _ _ _ _ _ _ _ _ _ _ _ _ _ _ _ _ _ _ _ _ _ _ _ _ _ _ _ _ _ _ _ _ _ _
backend\tests\conftest.py:104: in test_user
    user = User(
..\..\anaconda3\envs\scrumix\lib\site-packages\sqlalchemy\orm\state.py:561: in _initialize_instance
    manager.dispatch.init(self, args, kwargs)
..\..\anaconda3\envs\scrumix\lib\site-packages\sqlalchemy\event\attr.py:487: in __call__
    fn(*args, **kw)
..\..\anaconda3\envs\scrumix\lib\site-packages\sqlalchemy\orm\mapper.py:4391: in _event_on_init
    instrumenting_mapper._check_configure()
..\..\anaconda3\envs\scrumix\lib\site-packages\sqlalchemy\orm\mapper.py:2386: in _check_configure
    _configure_registries({self.registry}, cascade=True)
..\..\anaconda3\envs\scrumix\lib\site-packages\sqlalchemy\orm\mapper.py:4199: in _configure_registries
    _do_configure_registries(registries, cascade)
_ _ _ _ _ _ _ _ _ _ _ _ _ _ _ _ _ _ _ _ _ _ _ _ _ _ _ _ _ _ _ _ _ _ _ _ _ _ _ _

registries = set(), cascade = True

    @util.preload_module("sqlalchemy.orm.decl_api")
    def _do_configure_registries(
        registries: Set[_RegistryType], cascade: bool
    ) -> None:
        registry = util.preloaded.orm_decl_api.registry
    
        orig = set(registries)
    
        for reg in registry._recurse_with_dependencies(registries):
            has_skip = False
    
            for mapper in reg._mappers_to_configure():
                run_configure = None
    
                for fn in mapper.dispatch.before_mapper_configured:
                    run_configure = fn(mapper, mapper.class_)
                    if run_configure is EXT_SKIP:
                        has_skip = True
                        break
                if run_configure is EXT_SKIP:
                    continue
    
                if getattr(mapper, "_configure_failed", False):
                    e = sa_exc.InvalidRequestError(
                        "One or more mappers failed to initialize - "
                        "can't proceed with initialization of other "
                        "mappers. Triggering mapper: '%s'. "
                        "Original exception was: %s"
                        % (mapper, mapper._configure_failed)
                    )
                    e._configure_failed = mapper._configure_failed  # type: ignore
>                   raise e
E                   sqlalchemy.exc.InvalidRequestError: One or more mappers failed to initialize - can't proceed with initialization of other mappers. Triggering mapper: 'Mapper[Sprint(sprints)]'. Original exception was: Mapper 'Mapper[Project(projects)]' has no property 'sprints'.  If this property was indicated from other mappers or configure events, ensure registry.configure() has been called.

..\..\anaconda3\envs\scrumix\lib\site-packages\sqlalchemy\orm\mapper.py:4236: InvalidRequestError
_ ERROR at setup of TestMeetingNoteEndpoints.test_delete_all_notes_by_nonexistent_meeting _

fixturedef = <FixtureDef argname='test_user' scope='function' baseid='backend/tests'>
request = <SubRequest 'test_user' for <Function test_delete_all_notes_by_nonexistent_meeting>>

    @pytest.hookimpl(wrapper=True)
    def pytest_fixture_setup(fixturedef: FixtureDef, request) -> object | None:
        asyncio_mode = _get_asyncio_mode(request.config)
        if not _is_asyncio_fixture_function(fixturedef.func):
            if asyncio_mode == Mode.STRICT:
                # Ignore async fixtures without explicit asyncio mark in strict mode
                # This applies to pytest_trio fixtures, for example
>               return (yield)

..\..\anaconda3\envs\scrumix\lib\site-packages\pytest_asyncio\plugin.py:681: 
_ _ _ _ _ _ _ _ _ _ _ _ _ _ _ _ _ _ _ _ _ _ _ _ _ _ _ _ _ _ _ _ _ _ _ _ _ _ _ _
backend\tests\conftest.py:104: in test_user
    user = User(
..\..\anaconda3\envs\scrumix\lib\site-packages\sqlalchemy\orm\state.py:561: in _initialize_instance
    manager.dispatch.init(self, args, kwargs)
..\..\anaconda3\envs\scrumix\lib\site-packages\sqlalchemy\event\attr.py:487: in __call__
    fn(*args, **kw)
..\..\anaconda3\envs\scrumix\lib\site-packages\sqlalchemy\orm\mapper.py:4391: in _event_on_init
    instrumenting_mapper._check_configure()
..\..\anaconda3\envs\scrumix\lib\site-packages\sqlalchemy\orm\mapper.py:2386: in _check_configure
    _configure_registries({self.registry}, cascade=True)
..\..\anaconda3\envs\scrumix\lib\site-packages\sqlalchemy\orm\mapper.py:4199: in _configure_registries
    _do_configure_registries(registries, cascade)
_ _ _ _ _ _ _ _ _ _ _ _ _ _ _ _ _ _ _ _ _ _ _ _ _ _ _ _ _ _ _ _ _ _ _ _ _ _ _ _

registries = set(), cascade = True

    @util.preload_module("sqlalchemy.orm.decl_api")
    def _do_configure_registries(
        registries: Set[_RegistryType], cascade: bool
    ) -> None:
        registry = util.preloaded.orm_decl_api.registry
    
        orig = set(registries)
    
        for reg in registry._recurse_with_dependencies(registries):
            has_skip = False
    
            for mapper in reg._mappers_to_configure():
                run_configure = None
    
                for fn in mapper.dispatch.before_mapper_configured:
                    run_configure = fn(mapper, mapper.class_)
                    if run_configure is EXT_SKIP:
                        has_skip = True
                        break
                if run_configure is EXT_SKIP:
                    continue
    
                if getattr(mapper, "_configure_failed", False):
                    e = sa_exc.InvalidRequestError(
                        "One or more mappers failed to initialize - "
                        "can't proceed with initialization of other "
                        "mappers. Triggering mapper: '%s'. "
                        "Original exception was: %s"
                        % (mapper, mapper._configure_failed)
                    )
                    e._configure_failed = mapper._configure_failed  # type: ignore
>                   raise e
E                   sqlalchemy.exc.InvalidRequestError: One or more mappers failed to initialize - can't proceed with initialization of other mappers. Triggering mapper: 'Mapper[Sprint(sprints)]'. Original exception was: Mapper 'Mapper[Project(projects)]' has no property 'sprints'.  If this property was indicated from other mappers or configure events, ensure registry.configure() has been called.

..\..\anaconda3\envs\scrumix\lib\site-packages\sqlalchemy\orm\mapper.py:4236: InvalidRequestError
____ ERROR at setup of TestMeetingNoteEndpoints.test_search_meeting_notes _____

fixturedef = <FixtureDef argname='test_user' scope='function' baseid='backend/tests'>
request = <SubRequest 'test_user' for <Function test_search_meeting_notes>>

    @pytest.hookimpl(wrapper=True)
    def pytest_fixture_setup(fixturedef: FixtureDef, request) -> object | None:
        asyncio_mode = _get_asyncio_mode(request.config)
        if not _is_asyncio_fixture_function(fixturedef.func):
            if asyncio_mode == Mode.STRICT:
                # Ignore async fixtures without explicit asyncio mark in strict mode
                # This applies to pytest_trio fixtures, for example
>               return (yield)

..\..\anaconda3\envs\scrumix\lib\site-packages\pytest_asyncio\plugin.py:681: 
_ _ _ _ _ _ _ _ _ _ _ _ _ _ _ _ _ _ _ _ _ _ _ _ _ _ _ _ _ _ _ _ _ _ _ _ _ _ _ _
backend\tests\conftest.py:104: in test_user
    user = User(
..\..\anaconda3\envs\scrumix\lib\site-packages\sqlalchemy\orm\state.py:561: in _initialize_instance
    manager.dispatch.init(self, args, kwargs)
..\..\anaconda3\envs\scrumix\lib\site-packages\sqlalchemy\event\attr.py:487: in __call__
    fn(*args, **kw)
..\..\anaconda3\envs\scrumix\lib\site-packages\sqlalchemy\orm\mapper.py:4391: in _event_on_init
    instrumenting_mapper._check_configure()
..\..\anaconda3\envs\scrumix\lib\site-packages\sqlalchemy\orm\mapper.py:2386: in _check_configure
    _configure_registries({self.registry}, cascade=True)
..\..\anaconda3\envs\scrumix\lib\site-packages\sqlalchemy\orm\mapper.py:4199: in _configure_registries
    _do_configure_registries(registries, cascade)
_ _ _ _ _ _ _ _ _ _ _ _ _ _ _ _ _ _ _ _ _ _ _ _ _ _ _ _ _ _ _ _ _ _ _ _ _ _ _ _

registries = set(), cascade = True

    @util.preload_module("sqlalchemy.orm.decl_api")
    def _do_configure_registries(
        registries: Set[_RegistryType], cascade: bool
    ) -> None:
        registry = util.preloaded.orm_decl_api.registry
    
        orig = set(registries)
    
        for reg in registry._recurse_with_dependencies(registries):
            has_skip = False
    
            for mapper in reg._mappers_to_configure():
                run_configure = None
    
                for fn in mapper.dispatch.before_mapper_configured:
                    run_configure = fn(mapper, mapper.class_)
                    if run_configure is EXT_SKIP:
                        has_skip = True
                        break
                if run_configure is EXT_SKIP:
                    continue
    
                if getattr(mapper, "_configure_failed", False):
                    e = sa_exc.InvalidRequestError(
                        "One or more mappers failed to initialize - "
                        "can't proceed with initialization of other "
                        "mappers. Triggering mapper: '%s'. "
                        "Original exception was: %s"
                        % (mapper, mapper._configure_failed)
                    )
                    e._configure_failed = mapper._configure_failed  # type: ignore
>                   raise e
E                   sqlalchemy.exc.InvalidRequestError: One or more mappers failed to initialize - can't proceed with initialization of other mappers. Triggering mapper: 'Mapper[Sprint(sprints)]'. Original exception was: Mapper 'Mapper[Project(projects)]' has no property 'sprints'.  If this property was indicated from other mappers or configure events, ensure registry.configure() has been called.

..\..\anaconda3\envs\scrumix\lib\site-packages\sqlalchemy\orm\mapper.py:4236: InvalidRequestError
_ ERROR at setup of TestMeetingNoteEndpoints.test_search_meeting_notes_with_meeting_filter _

fixturedef = <FixtureDef argname='test_user' scope='function' baseid='backend/tests'>
request = <SubRequest 'test_user' for <Function test_search_meeting_notes_with_meeting_filter>>

    @pytest.hookimpl(wrapper=True)
    def pytest_fixture_setup(fixturedef: FixtureDef, request) -> object | None:
        asyncio_mode = _get_asyncio_mode(request.config)
        if not _is_asyncio_fixture_function(fixturedef.func):
            if asyncio_mode == Mode.STRICT:
                # Ignore async fixtures without explicit asyncio mark in strict mode
                # This applies to pytest_trio fixtures, for example
>               return (yield)

..\..\anaconda3\envs\scrumix\lib\site-packages\pytest_asyncio\plugin.py:681: 
_ _ _ _ _ _ _ _ _ _ _ _ _ _ _ _ _ _ _ _ _ _ _ _ _ _ _ _ _ _ _ _ _ _ _ _ _ _ _ _
backend\tests\conftest.py:104: in test_user
    user = User(
..\..\anaconda3\envs\scrumix\lib\site-packages\sqlalchemy\orm\state.py:561: in _initialize_instance
    manager.dispatch.init(self, args, kwargs)
..\..\anaconda3\envs\scrumix\lib\site-packages\sqlalchemy\event\attr.py:487: in __call__
    fn(*args, **kw)
..\..\anaconda3\envs\scrumix\lib\site-packages\sqlalchemy\orm\mapper.py:4391: in _event_on_init
    instrumenting_mapper._check_configure()
..\..\anaconda3\envs\scrumix\lib\site-packages\sqlalchemy\orm\mapper.py:2386: in _check_configure
    _configure_registries({self.registry}, cascade=True)
..\..\anaconda3\envs\scrumix\lib\site-packages\sqlalchemy\orm\mapper.py:4199: in _configure_registries
    _do_configure_registries(registries, cascade)
_ _ _ _ _ _ _ _ _ _ _ _ _ _ _ _ _ _ _ _ _ _ _ _ _ _ _ _ _ _ _ _ _ _ _ _ _ _ _ _

registries = set(), cascade = True

    @util.preload_module("sqlalchemy.orm.decl_api")
    def _do_configure_registries(
        registries: Set[_RegistryType], cascade: bool
    ) -> None:
        registry = util.preloaded.orm_decl_api.registry
    
        orig = set(registries)
    
        for reg in registry._recurse_with_dependencies(registries):
            has_skip = False
    
            for mapper in reg._mappers_to_configure():
                run_configure = None
    
                for fn in mapper.dispatch.before_mapper_configured:
                    run_configure = fn(mapper, mapper.class_)
                    if run_configure is EXT_SKIP:
                        has_skip = True
                        break
                if run_configure is EXT_SKIP:
                    continue
    
                if getattr(mapper, "_configure_failed", False):
                    e = sa_exc.InvalidRequestError(
                        "One or more mappers failed to initialize - "
                        "can't proceed with initialization of other "
                        "mappers. Triggering mapper: '%s'. "
                        "Original exception was: %s"
                        % (mapper, mapper._configure_failed)
                    )
                    e._configure_failed = mapper._configure_failed  # type: ignore
>                   raise e
E                   sqlalchemy.exc.InvalidRequestError: One or more mappers failed to initialize - can't proceed with initialization of other mappers. Triggering mapper: 'Mapper[Sprint(sprints)]'. Original exception was: Mapper 'Mapper[Project(projects)]' has no property 'sprints'.  If this property was indicated from other mappers or configure events, ensure registry.configure() has been called.

..\..\anaconda3\envs\scrumix\lib\site-packages\sqlalchemy\orm\mapper.py:4236: InvalidRequestError
_ ERROR at setup of TestMeetingNoteEndpoints.test_search_meeting_notes_with_pagination _

fixturedef = <FixtureDef argname='test_user' scope='function' baseid='backend/tests'>
request = <SubRequest 'test_user' for <Function test_search_meeting_notes_with_pagination>>

    @pytest.hookimpl(wrapper=True)
    def pytest_fixture_setup(fixturedef: FixtureDef, request) -> object | None:
        asyncio_mode = _get_asyncio_mode(request.config)
        if not _is_asyncio_fixture_function(fixturedef.func):
            if asyncio_mode == Mode.STRICT:
                # Ignore async fixtures without explicit asyncio mark in strict mode
                # This applies to pytest_trio fixtures, for example
>               return (yield)

..\..\anaconda3\envs\scrumix\lib\site-packages\pytest_asyncio\plugin.py:681: 
_ _ _ _ _ _ _ _ _ _ _ _ _ _ _ _ _ _ _ _ _ _ _ _ _ _ _ _ _ _ _ _ _ _ _ _ _ _ _ _
backend\tests\conftest.py:104: in test_user
    user = User(
..\..\anaconda3\envs\scrumix\lib\site-packages\sqlalchemy\orm\state.py:561: in _initialize_instance
    manager.dispatch.init(self, args, kwargs)
..\..\anaconda3\envs\scrumix\lib\site-packages\sqlalchemy\event\attr.py:487: in __call__
    fn(*args, **kw)
..\..\anaconda3\envs\scrumix\lib\site-packages\sqlalchemy\orm\mapper.py:4391: in _event_on_init
    instrumenting_mapper._check_configure()
..\..\anaconda3\envs\scrumix\lib\site-packages\sqlalchemy\orm\mapper.py:2386: in _check_configure
    _configure_registries({self.registry}, cascade=True)
..\..\anaconda3\envs\scrumix\lib\site-packages\sqlalchemy\orm\mapper.py:4199: in _configure_registries
    _do_configure_registries(registries, cascade)
_ _ _ _ _ _ _ _ _ _ _ _ _ _ _ _ _ _ _ _ _ _ _ _ _ _ _ _ _ _ _ _ _ _ _ _ _ _ _ _

registries = set(), cascade = True

    @util.preload_module("sqlalchemy.orm.decl_api")
    def _do_configure_registries(
        registries: Set[_RegistryType], cascade: bool
    ) -> None:
        registry = util.preloaded.orm_decl_api.registry
    
        orig = set(registries)
    
        for reg in registry._recurse_with_dependencies(registries):
            has_skip = False
    
            for mapper in reg._mappers_to_configure():
                run_configure = None
    
                for fn in mapper.dispatch.before_mapper_configured:
                    run_configure = fn(mapper, mapper.class_)
                    if run_configure is EXT_SKIP:
                        has_skip = True
                        break
                if run_configure is EXT_SKIP:
                    continue
    
                if getattr(mapper, "_configure_failed", False):
                    e = sa_exc.InvalidRequestError(
                        "One or more mappers failed to initialize - "
                        "can't proceed with initialization of other "
                        "mappers. Triggering mapper: '%s'. "
                        "Original exception was: %s"
                        % (mapper, mapper._configure_failed)
                    )
                    e._configure_failed = mapper._configure_failed  # type: ignore
>                   raise e
E                   sqlalchemy.exc.InvalidRequestError: One or more mappers failed to initialize - can't proceed with initialization of other mappers. Triggering mapper: 'Mapper[Sprint(sprints)]'. Original exception was: Mapper 'Mapper[Project(projects)]' has no property 'sprints'.  If this property was indicated from other mappers or configure events, ensure registry.configure() has been called.

..\..\anaconda3\envs\scrumix\lib\site-packages\sqlalchemy\orm\mapper.py:4236: InvalidRequestError
______ ERROR at setup of TestMeetingEndpoints.test_get_meetings_success _______

fixturedef = <FixtureDef argname='test_user' scope='function' baseid='backend/tests'>
request = <SubRequest 'test_user' for <Function test_get_meetings_success>>

    @pytest.hookimpl(wrapper=True)
    def pytest_fixture_setup(fixturedef: FixtureDef, request) -> object | None:
        asyncio_mode = _get_asyncio_mode(request.config)
        if not _is_asyncio_fixture_function(fixturedef.func):
            if asyncio_mode == Mode.STRICT:
                # Ignore async fixtures without explicit asyncio mark in strict mode
                # This applies to pytest_trio fixtures, for example
>               return (yield)

..\..\anaconda3\envs\scrumix\lib\site-packages\pytest_asyncio\plugin.py:681: 
_ _ _ _ _ _ _ _ _ _ _ _ _ _ _ _ _ _ _ _ _ _ _ _ _ _ _ _ _ _ _ _ _ _ _ _ _ _ _ _
backend\tests\conftest.py:104: in test_user
    user = User(
..\..\anaconda3\envs\scrumix\lib\site-packages\sqlalchemy\orm\state.py:561: in _initialize_instance
    manager.dispatch.init(self, args, kwargs)
..\..\anaconda3\envs\scrumix\lib\site-packages\sqlalchemy\event\attr.py:487: in __call__
    fn(*args, **kw)
..\..\anaconda3\envs\scrumix\lib\site-packages\sqlalchemy\orm\mapper.py:4391: in _event_on_init
    instrumenting_mapper._check_configure()
..\..\anaconda3\envs\scrumix\lib\site-packages\sqlalchemy\orm\mapper.py:2386: in _check_configure
    _configure_registries({self.registry}, cascade=True)
..\..\anaconda3\envs\scrumix\lib\site-packages\sqlalchemy\orm\mapper.py:4199: in _configure_registries
    _do_configure_registries(registries, cascade)
_ _ _ _ _ _ _ _ _ _ _ _ _ _ _ _ _ _ _ _ _ _ _ _ _ _ _ _ _ _ _ _ _ _ _ _ _ _ _ _

registries = set(), cascade = True

    @util.preload_module("sqlalchemy.orm.decl_api")
    def _do_configure_registries(
        registries: Set[_RegistryType], cascade: bool
    ) -> None:
        registry = util.preloaded.orm_decl_api.registry
    
        orig = set(registries)
    
        for reg in registry._recurse_with_dependencies(registries):
            has_skip = False
    
            for mapper in reg._mappers_to_configure():
                run_configure = None
    
                for fn in mapper.dispatch.before_mapper_configured:
                    run_configure = fn(mapper, mapper.class_)
                    if run_configure is EXT_SKIP:
                        has_skip = True
                        break
                if run_configure is EXT_SKIP:
                    continue
    
                if getattr(mapper, "_configure_failed", False):
                    e = sa_exc.InvalidRequestError(
                        "One or more mappers failed to initialize - "
                        "can't proceed with initialization of other "
                        "mappers. Triggering mapper: '%s'. "
                        "Original exception was: %s"
                        % (mapper, mapper._configure_failed)
                    )
                    e._configure_failed = mapper._configure_failed  # type: ignore
>                   raise e
E                   sqlalchemy.exc.InvalidRequestError: One or more mappers failed to initialize - can't proceed with initialization of other mappers. Triggering mapper: 'Mapper[Sprint(sprints)]'. Original exception was: Mapper 'Mapper[Project(projects)]' has no property 'sprints'.  If this property was indicated from other mappers or configure events, ensure registry.configure() has been called.

..\..\anaconda3\envs\scrumix\lib\site-packages\sqlalchemy\orm\mapper.py:4236: InvalidRequestError
__ ERROR at setup of TestMeetingEndpoints.test_get_meetings_with_pagination ___

fixturedef = <FixtureDef argname='test_user' scope='function' baseid='backend/tests'>
request = <SubRequest 'test_user' for <Function test_get_meetings_with_pagination>>

    @pytest.hookimpl(wrapper=True)
    def pytest_fixture_setup(fixturedef: FixtureDef, request) -> object | None:
        asyncio_mode = _get_asyncio_mode(request.config)
        if not _is_asyncio_fixture_function(fixturedef.func):
            if asyncio_mode == Mode.STRICT:
                # Ignore async fixtures without explicit asyncio mark in strict mode
                # This applies to pytest_trio fixtures, for example
>               return (yield)

..\..\anaconda3\envs\scrumix\lib\site-packages\pytest_asyncio\plugin.py:681: 
_ _ _ _ _ _ _ _ _ _ _ _ _ _ _ _ _ _ _ _ _ _ _ _ _ _ _ _ _ _ _ _ _ _ _ _ _ _ _ _
backend\tests\conftest.py:104: in test_user
    user = User(
..\..\anaconda3\envs\scrumix\lib\site-packages\sqlalchemy\orm\state.py:561: in _initialize_instance
    manager.dispatch.init(self, args, kwargs)
..\..\anaconda3\envs\scrumix\lib\site-packages\sqlalchemy\event\attr.py:487: in __call__
    fn(*args, **kw)
..\..\anaconda3\envs\scrumix\lib\site-packages\sqlalchemy\orm\mapper.py:4391: in _event_on_init
    instrumenting_mapper._check_configure()
..\..\anaconda3\envs\scrumix\lib\site-packages\sqlalchemy\orm\mapper.py:2386: in _check_configure
    _configure_registries({self.registry}, cascade=True)
..\..\anaconda3\envs\scrumix\lib\site-packages\sqlalchemy\orm\mapper.py:4199: in _configure_registries
    _do_configure_registries(registries, cascade)
_ _ _ _ _ _ _ _ _ _ _ _ _ _ _ _ _ _ _ _ _ _ _ _ _ _ _ _ _ _ _ _ _ _ _ _ _ _ _ _

registries = set(), cascade = True

    @util.preload_module("sqlalchemy.orm.decl_api")
    def _do_configure_registries(
        registries: Set[_RegistryType], cascade: bool
    ) -> None:
        registry = util.preloaded.orm_decl_api.registry
    
        orig = set(registries)
    
        for reg in registry._recurse_with_dependencies(registries):
            has_skip = False
    
            for mapper in reg._mappers_to_configure():
                run_configure = None
    
                for fn in mapper.dispatch.before_mapper_configured:
                    run_configure = fn(mapper, mapper.class_)
                    if run_configure is EXT_SKIP:
                        has_skip = True
                        break
                if run_configure is EXT_SKIP:
                    continue
    
                if getattr(mapper, "_configure_failed", False):
                    e = sa_exc.InvalidRequestError(
                        "One or more mappers failed to initialize - "
                        "can't proceed with initialization of other "
                        "mappers. Triggering mapper: '%s'. "
                        "Original exception was: %s"
                        % (mapper, mapper._configure_failed)
                    )
                    e._configure_failed = mapper._configure_failed  # type: ignore
>                   raise e
E                   sqlalchemy.exc.InvalidRequestError: One or more mappers failed to initialize - can't proceed with initialization of other mappers. Triggering mapper: 'Mapper[Sprint(sprints)]'. Original exception was: Mapper 'Mapper[Project(projects)]' has no property 'sprints'.  If this property was indicated from other mappers or configure events, ensure registry.configure() has been called.

..\..\anaconda3\envs\scrumix\lib\site-packages\sqlalchemy\orm\mapper.py:4236: InvalidRequestError
__ ERROR at setup of TestMeetingEndpoints.test_get_meetings_with_type_filter __

fixturedef = <FixtureDef argname='test_user' scope='function' baseid='backend/tests'>
request = <SubRequest 'test_user' for <Function test_get_meetings_with_type_filter>>

    @pytest.hookimpl(wrapper=True)
    def pytest_fixture_setup(fixturedef: FixtureDef, request) -> object | None:
        asyncio_mode = _get_asyncio_mode(request.config)
        if not _is_asyncio_fixture_function(fixturedef.func):
            if asyncio_mode == Mode.STRICT:
                # Ignore async fixtures without explicit asyncio mark in strict mode
                # This applies to pytest_trio fixtures, for example
>               return (yield)

..\..\anaconda3\envs\scrumix\lib\site-packages\pytest_asyncio\plugin.py:681: 
_ _ _ _ _ _ _ _ _ _ _ _ _ _ _ _ _ _ _ _ _ _ _ _ _ _ _ _ _ _ _ _ _ _ _ _ _ _ _ _
backend\tests\conftest.py:104: in test_user
    user = User(
..\..\anaconda3\envs\scrumix\lib\site-packages\sqlalchemy\orm\state.py:561: in _initialize_instance
    manager.dispatch.init(self, args, kwargs)
..\..\anaconda3\envs\scrumix\lib\site-packages\sqlalchemy\event\attr.py:487: in __call__
    fn(*args, **kw)
..\..\anaconda3\envs\scrumix\lib\site-packages\sqlalchemy\orm\mapper.py:4391: in _event_on_init
    instrumenting_mapper._check_configure()
..\..\anaconda3\envs\scrumix\lib\site-packages\sqlalchemy\orm\mapper.py:2386: in _check_configure
    _configure_registries({self.registry}, cascade=True)
..\..\anaconda3\envs\scrumix\lib\site-packages\sqlalchemy\orm\mapper.py:4199: in _configure_registries
    _do_configure_registries(registries, cascade)
_ _ _ _ _ _ _ _ _ _ _ _ _ _ _ _ _ _ _ _ _ _ _ _ _ _ _ _ _ _ _ _ _ _ _ _ _ _ _ _

registries = set(), cascade = True

    @util.preload_module("sqlalchemy.orm.decl_api")
    def _do_configure_registries(
        registries: Set[_RegistryType], cascade: bool
    ) -> None:
        registry = util.preloaded.orm_decl_api.registry
    
        orig = set(registries)
    
        for reg in registry._recurse_with_dependencies(registries):
            has_skip = False
    
            for mapper in reg._mappers_to_configure():
                run_configure = None
    
                for fn in mapper.dispatch.before_mapper_configured:
                    run_configure = fn(mapper, mapper.class_)
                    if run_configure is EXT_SKIP:
                        has_skip = True
                        break
                if run_configure is EXT_SKIP:
                    continue
    
                if getattr(mapper, "_configure_failed", False):
                    e = sa_exc.InvalidRequestError(
                        "One or more mappers failed to initialize - "
                        "can't proceed with initialization of other "
                        "mappers. Triggering mapper: '%s'. "
                        "Original exception was: %s"
                        % (mapper, mapper._configure_failed)
                    )
                    e._configure_failed = mapper._configure_failed  # type: ignore
>                   raise e
E                   sqlalchemy.exc.InvalidRequestError: One or more mappers failed to initialize - can't proceed with initialization of other mappers. Triggering mapper: 'Mapper[Sprint(sprints)]'. Original exception was: Mapper 'Mapper[Project(projects)]' has no property 'sprints'.  If this property was indicated from other mappers or configure events, ensure registry.configure() has been called.

..\..\anaconda3\envs\scrumix\lib\site-packages\sqlalchemy\orm\mapper.py:4236: InvalidRequestError
____ ERROR at setup of TestMeetingEndpoints.test_get_meetings_with_search _____

fixturedef = <FixtureDef argname='test_user' scope='function' baseid='backend/tests'>
request = <SubRequest 'test_user' for <Function test_get_meetings_with_search>>

    @pytest.hookimpl(wrapper=True)
    def pytest_fixture_setup(fixturedef: FixtureDef, request) -> object | None:
        asyncio_mode = _get_asyncio_mode(request.config)
        if not _is_asyncio_fixture_function(fixturedef.func):
            if asyncio_mode == Mode.STRICT:
                # Ignore async fixtures without explicit asyncio mark in strict mode
                # This applies to pytest_trio fixtures, for example
>               return (yield)

..\..\anaconda3\envs\scrumix\lib\site-packages\pytest_asyncio\plugin.py:681: 
_ _ _ _ _ _ _ _ _ _ _ _ _ _ _ _ _ _ _ _ _ _ _ _ _ _ _ _ _ _ _ _ _ _ _ _ _ _ _ _
backend\tests\conftest.py:104: in test_user
    user = User(
..\..\anaconda3\envs\scrumix\lib\site-packages\sqlalchemy\orm\state.py:561: in _initialize_instance
    manager.dispatch.init(self, args, kwargs)
..\..\anaconda3\envs\scrumix\lib\site-packages\sqlalchemy\event\attr.py:487: in __call__
    fn(*args, **kw)
..\..\anaconda3\envs\scrumix\lib\site-packages\sqlalchemy\orm\mapper.py:4391: in _event_on_init
    instrumenting_mapper._check_configure()
..\..\anaconda3\envs\scrumix\lib\site-packages\sqlalchemy\orm\mapper.py:2386: in _check_configure
    _configure_registries({self.registry}, cascade=True)
..\..\anaconda3\envs\scrumix\lib\site-packages\sqlalchemy\orm\mapper.py:4199: in _configure_registries
    _do_configure_registries(registries, cascade)
_ _ _ _ _ _ _ _ _ _ _ _ _ _ _ _ _ _ _ _ _ _ _ _ _ _ _ _ _ _ _ _ _ _ _ _ _ _ _ _

registries = set(), cascade = True

    @util.preload_module("sqlalchemy.orm.decl_api")
    def _do_configure_registries(
        registries: Set[_RegistryType], cascade: bool
    ) -> None:
        registry = util.preloaded.orm_decl_api.registry
    
        orig = set(registries)
    
        for reg in registry._recurse_with_dependencies(registries):
            has_skip = False
    
            for mapper in reg._mappers_to_configure():
                run_configure = None
    
                for fn in mapper.dispatch.before_mapper_configured:
                    run_configure = fn(mapper, mapper.class_)
                    if run_configure is EXT_SKIP:
                        has_skip = True
                        break
                if run_configure is EXT_SKIP:
                    continue
    
                if getattr(mapper, "_configure_failed", False):
                    e = sa_exc.InvalidRequestError(
                        "One or more mappers failed to initialize - "
                        "can't proceed with initialization of other "
                        "mappers. Triggering mapper: '%s'. "
                        "Original exception was: %s"
                        % (mapper, mapper._configure_failed)
                    )
                    e._configure_failed = mapper._configure_failed  # type: ignore
>                   raise e
E                   sqlalchemy.exc.InvalidRequestError: One or more mappers failed to initialize - can't proceed with initialization of other mappers. Triggering mapper: 'Mapper[Sprint(sprints)]'. Original exception was: Mapper 'Mapper[Project(projects)]' has no property 'sprints'.  If this property was indicated from other mappers or configure events, ensure registry.configure() has been called.

..\..\anaconda3\envs\scrumix\lib\site-packages\sqlalchemy\orm\mapper.py:4236: InvalidRequestError
___ ERROR at setup of TestMeetingEndpoints.test_get_meetings_upcoming_only ____

fixturedef = <FixtureDef argname='test_user' scope='function' baseid='backend/tests'>
request = <SubRequest 'test_user' for <Function test_get_meetings_upcoming_only>>

    @pytest.hookimpl(wrapper=True)
    def pytest_fixture_setup(fixturedef: FixtureDef, request) -> object | None:
        asyncio_mode = _get_asyncio_mode(request.config)
        if not _is_asyncio_fixture_function(fixturedef.func):
            if asyncio_mode == Mode.STRICT:
                # Ignore async fixtures without explicit asyncio mark in strict mode
                # This applies to pytest_trio fixtures, for example
>               return (yield)

..\..\anaconda3\envs\scrumix\lib\site-packages\pytest_asyncio\plugin.py:681: 
_ _ _ _ _ _ _ _ _ _ _ _ _ _ _ _ _ _ _ _ _ _ _ _ _ _ _ _ _ _ _ _ _ _ _ _ _ _ _ _
backend\tests\conftest.py:104: in test_user
    user = User(
..\..\anaconda3\envs\scrumix\lib\site-packages\sqlalchemy\orm\state.py:561: in _initialize_instance
    manager.dispatch.init(self, args, kwargs)
..\..\anaconda3\envs\scrumix\lib\site-packages\sqlalchemy\event\attr.py:487: in __call__
    fn(*args, **kw)
..\..\anaconda3\envs\scrumix\lib\site-packages\sqlalchemy\orm\mapper.py:4391: in _event_on_init
    instrumenting_mapper._check_configure()
..\..\anaconda3\envs\scrumix\lib\site-packages\sqlalchemy\orm\mapper.py:2386: in _check_configure
    _configure_registries({self.registry}, cascade=True)
..\..\anaconda3\envs\scrumix\lib\site-packages\sqlalchemy\orm\mapper.py:4199: in _configure_registries
    _do_configure_registries(registries, cascade)
_ _ _ _ _ _ _ _ _ _ _ _ _ _ _ _ _ _ _ _ _ _ _ _ _ _ _ _ _ _ _ _ _ _ _ _ _ _ _ _

registries = set(), cascade = True

    @util.preload_module("sqlalchemy.orm.decl_api")
    def _do_configure_registries(
        registries: Set[_RegistryType], cascade: bool
    ) -> None:
        registry = util.preloaded.orm_decl_api.registry
    
        orig = set(registries)
    
        for reg in registry._recurse_with_dependencies(registries):
            has_skip = False
    
            for mapper in reg._mappers_to_configure():
                run_configure = None
    
                for fn in mapper.dispatch.before_mapper_configured:
                    run_configure = fn(mapper, mapper.class_)
                    if run_configure is EXT_SKIP:
                        has_skip = True
                        break
                if run_configure is EXT_SKIP:
                    continue
    
                if getattr(mapper, "_configure_failed", False):
                    e = sa_exc.InvalidRequestError(
                        "One or more mappers failed to initialize - "
                        "can't proceed with initialization of other "
                        "mappers. Triggering mapper: '%s'. "
                        "Original exception was: %s"
                        % (mapper, mapper._configure_failed)
                    )
                    e._configure_failed = mapper._configure_failed  # type: ignore
>                   raise e
E                   sqlalchemy.exc.InvalidRequestError: One or more mappers failed to initialize - can't proceed with initialization of other mappers. Triggering mapper: 'Mapper[Sprint(sprints)]'. Original exception was: Mapper 'Mapper[Project(projects)]' has no property 'sprints'.  If this property was indicated from other mappers or configure events, ensure registry.configure() has been called.

..\..\anaconda3\envs\scrumix\lib\site-packages\sqlalchemy\orm\mapper.py:4236: InvalidRequestError
_____ ERROR at setup of TestMeetingEndpoints.test_create_meeting_success ______

fixturedef = <FixtureDef argname='test_user' scope='function' baseid='backend/tests'>
request = <SubRequest 'test_user' for <Function test_create_meeting_success>>

    @pytest.hookimpl(wrapper=True)
    def pytest_fixture_setup(fixturedef: FixtureDef, request) -> object | None:
        asyncio_mode = _get_asyncio_mode(request.config)
        if not _is_asyncio_fixture_function(fixturedef.func):
            if asyncio_mode == Mode.STRICT:
                # Ignore async fixtures without explicit asyncio mark in strict mode
                # This applies to pytest_trio fixtures, for example
>               return (yield)

..\..\anaconda3\envs\scrumix\lib\site-packages\pytest_asyncio\plugin.py:681: 
_ _ _ _ _ _ _ _ _ _ _ _ _ _ _ _ _ _ _ _ _ _ _ _ _ _ _ _ _ _ _ _ _ _ _ _ _ _ _ _
backend\tests\conftest.py:104: in test_user
    user = User(
..\..\anaconda3\envs\scrumix\lib\site-packages\sqlalchemy\orm\state.py:561: in _initialize_instance
    manager.dispatch.init(self, args, kwargs)
..\..\anaconda3\envs\scrumix\lib\site-packages\sqlalchemy\event\attr.py:487: in __call__
    fn(*args, **kw)
..\..\anaconda3\envs\scrumix\lib\site-packages\sqlalchemy\orm\mapper.py:4391: in _event_on_init
    instrumenting_mapper._check_configure()
..\..\anaconda3\envs\scrumix\lib\site-packages\sqlalchemy\orm\mapper.py:2386: in _check_configure
    _configure_registries({self.registry}, cascade=True)
..\..\anaconda3\envs\scrumix\lib\site-packages\sqlalchemy\orm\mapper.py:4199: in _configure_registries
    _do_configure_registries(registries, cascade)
_ _ _ _ _ _ _ _ _ _ _ _ _ _ _ _ _ _ _ _ _ _ _ _ _ _ _ _ _ _ _ _ _ _ _ _ _ _ _ _

registries = set(), cascade = True

    @util.preload_module("sqlalchemy.orm.decl_api")
    def _do_configure_registries(
        registries: Set[_RegistryType], cascade: bool
    ) -> None:
        registry = util.preloaded.orm_decl_api.registry
    
        orig = set(registries)
    
        for reg in registry._recurse_with_dependencies(registries):
            has_skip = False
    
            for mapper in reg._mappers_to_configure():
                run_configure = None
    
                for fn in mapper.dispatch.before_mapper_configured:
                    run_configure = fn(mapper, mapper.class_)
                    if run_configure is EXT_SKIP:
                        has_skip = True
                        break
                if run_configure is EXT_SKIP:
                    continue
    
                if getattr(mapper, "_configure_failed", False):
                    e = sa_exc.InvalidRequestError(
                        "One or more mappers failed to initialize - "
                        "can't proceed with initialization of other "
                        "mappers. Triggering mapper: '%s'. "
                        "Original exception was: %s"
                        % (mapper, mapper._configure_failed)
                    )
                    e._configure_failed = mapper._configure_failed  # type: ignore
>                   raise e
E                   sqlalchemy.exc.InvalidRequestError: One or more mappers failed to initialize - can't proceed with initialization of other mappers. Triggering mapper: 'Mapper[Sprint(sprints)]'. Original exception was: Mapper 'Mapper[Project(projects)]' has no property 'sprints'.  If this property was indicated from other mappers or configure events, ensure registry.configure() has been called.

..\..\anaconda3\envs\scrumix\lib\site-packages\sqlalchemy\orm\mapper.py:4236: InvalidRequestError
___ ERROR at setup of TestMeetingEndpoints.test_create_meeting_invalid_data ___

fixturedef = <FixtureDef argname='test_user' scope='function' baseid='backend/tests'>
request = <SubRequest 'test_user' for <Function test_create_meeting_invalid_data>>

    @pytest.hookimpl(wrapper=True)
    def pytest_fixture_setup(fixturedef: FixtureDef, request) -> object | None:
        asyncio_mode = _get_asyncio_mode(request.config)
        if not _is_asyncio_fixture_function(fixturedef.func):
            if asyncio_mode == Mode.STRICT:
                # Ignore async fixtures without explicit asyncio mark in strict mode
                # This applies to pytest_trio fixtures, for example
>               return (yield)

..\..\anaconda3\envs\scrumix\lib\site-packages\pytest_asyncio\plugin.py:681: 
_ _ _ _ _ _ _ _ _ _ _ _ _ _ _ _ _ _ _ _ _ _ _ _ _ _ _ _ _ _ _ _ _ _ _ _ _ _ _ _
backend\tests\conftest.py:104: in test_user
    user = User(
..\..\anaconda3\envs\scrumix\lib\site-packages\sqlalchemy\orm\state.py:561: in _initialize_instance
    manager.dispatch.init(self, args, kwargs)
..\..\anaconda3\envs\scrumix\lib\site-packages\sqlalchemy\event\attr.py:487: in __call__
    fn(*args, **kw)
..\..\anaconda3\envs\scrumix\lib\site-packages\sqlalchemy\orm\mapper.py:4391: in _event_on_init
    instrumenting_mapper._check_configure()
..\..\anaconda3\envs\scrumix\lib\site-packages\sqlalchemy\orm\mapper.py:2386: in _check_configure
    _configure_registries({self.registry}, cascade=True)
..\..\anaconda3\envs\scrumix\lib\site-packages\sqlalchemy\orm\mapper.py:4199: in _configure_registries
    _do_configure_registries(registries, cascade)
_ _ _ _ _ _ _ _ _ _ _ _ _ _ _ _ _ _ _ _ _ _ _ _ _ _ _ _ _ _ _ _ _ _ _ _ _ _ _ _

registries = set(), cascade = True

    @util.preload_module("sqlalchemy.orm.decl_api")
    def _do_configure_registries(
        registries: Set[_RegistryType], cascade: bool
    ) -> None:
        registry = util.preloaded.orm_decl_api.registry
    
        orig = set(registries)
    
        for reg in registry._recurse_with_dependencies(registries):
            has_skip = False
    
            for mapper in reg._mappers_to_configure():
                run_configure = None
    
                for fn in mapper.dispatch.before_mapper_configured:
                    run_configure = fn(mapper, mapper.class_)
                    if run_configure is EXT_SKIP:
                        has_skip = True
                        break
                if run_configure is EXT_SKIP:
                    continue
    
                if getattr(mapper, "_configure_failed", False):
                    e = sa_exc.InvalidRequestError(
                        "One or more mappers failed to initialize - "
                        "can't proceed with initialization of other "
                        "mappers. Triggering mapper: '%s'. "
                        "Original exception was: %s"
                        % (mapper, mapper._configure_failed)
                    )
                    e._configure_failed = mapper._configure_failed  # type: ignore
>                   raise e
E                   sqlalchemy.exc.InvalidRequestError: One or more mappers failed to initialize - can't proceed with initialization of other mappers. Triggering mapper: 'Mapper[Sprint(sprints)]'. Original exception was: Mapper 'Mapper[Project(projects)]' has no property 'sprints'.  If this property was indicated from other mappers or configure events, ensure registry.configure() has been called.

..\..\anaconda3\envs\scrumix\lib\site-packages\sqlalchemy\orm\mapper.py:4236: InvalidRequestError
__ ERROR at setup of TestMeetingEndpoints.test_create_meeting_past_datetime ___

fixturedef = <FixtureDef argname='test_user' scope='function' baseid='backend/tests'>
request = <SubRequest 'test_user' for <Function test_create_meeting_past_datetime>>

    @pytest.hookimpl(wrapper=True)
    def pytest_fixture_setup(fixturedef: FixtureDef, request) -> object | None:
        asyncio_mode = _get_asyncio_mode(request.config)
        if not _is_asyncio_fixture_function(fixturedef.func):
            if asyncio_mode == Mode.STRICT:
                # Ignore async fixtures without explicit asyncio mark in strict mode
                # This applies to pytest_trio fixtures, for example
>               return (yield)

..\..\anaconda3\envs\scrumix\lib\site-packages\pytest_asyncio\plugin.py:681: 
_ _ _ _ _ _ _ _ _ _ _ _ _ _ _ _ _ _ _ _ _ _ _ _ _ _ _ _ _ _ _ _ _ _ _ _ _ _ _ _
backend\tests\conftest.py:104: in test_user
    user = User(
..\..\anaconda3\envs\scrumix\lib\site-packages\sqlalchemy\orm\state.py:561: in _initialize_instance
    manager.dispatch.init(self, args, kwargs)
..\..\anaconda3\envs\scrumix\lib\site-packages\sqlalchemy\event\attr.py:487: in __call__
    fn(*args, **kw)
..\..\anaconda3\envs\scrumix\lib\site-packages\sqlalchemy\orm\mapper.py:4391: in _event_on_init
    instrumenting_mapper._check_configure()
..\..\anaconda3\envs\scrumix\lib\site-packages\sqlalchemy\orm\mapper.py:2386: in _check_configure
    _configure_registries({self.registry}, cascade=True)
..\..\anaconda3\envs\scrumix\lib\site-packages\sqlalchemy\orm\mapper.py:4199: in _configure_registries
    _do_configure_registries(registries, cascade)
_ _ _ _ _ _ _ _ _ _ _ _ _ _ _ _ _ _ _ _ _ _ _ _ _ _ _ _ _ _ _ _ _ _ _ _ _ _ _ _

registries = set(), cascade = True

    @util.preload_module("sqlalchemy.orm.decl_api")
    def _do_configure_registries(
        registries: Set[_RegistryType], cascade: bool
    ) -> None:
        registry = util.preloaded.orm_decl_api.registry
    
        orig = set(registries)
    
        for reg in registry._recurse_with_dependencies(registries):
            has_skip = False
    
            for mapper in reg._mappers_to_configure():
                run_configure = None
    
                for fn in mapper.dispatch.before_mapper_configured:
                    run_configure = fn(mapper, mapper.class_)
                    if run_configure is EXT_SKIP:
                        has_skip = True
                        break
                if run_configure is EXT_SKIP:
                    continue
    
                if getattr(mapper, "_configure_failed", False):
                    e = sa_exc.InvalidRequestError(
                        "One or more mappers failed to initialize - "
                        "can't proceed with initialization of other "
                        "mappers. Triggering mapper: '%s'. "
                        "Original exception was: %s"
                        % (mapper, mapper._configure_failed)
                    )
                    e._configure_failed = mapper._configure_failed  # type: ignore
>                   raise e
E                   sqlalchemy.exc.InvalidRequestError: One or more mappers failed to initialize - can't proceed with initialization of other mappers. Triggering mapper: 'Mapper[Sprint(sprints)]'. Original exception was: Mapper 'Mapper[Project(projects)]' has no property 'sprints'.  If this property was indicated from other mappers or configure events, ensure registry.configure() has been called.

..\..\anaconda3\envs\scrumix\lib\site-packages\sqlalchemy\orm\mapper.py:4236: InvalidRequestError
____ ERROR at setup of TestMeetingEndpoints.test_get_meeting_by_id_success ____

fixturedef = <FixtureDef argname='test_user' scope='function' baseid='backend/tests'>
request = <SubRequest 'test_user' for <Function test_get_meeting_by_id_success>>

    @pytest.hookimpl(wrapper=True)
    def pytest_fixture_setup(fixturedef: FixtureDef, request) -> object | None:
        asyncio_mode = _get_asyncio_mode(request.config)
        if not _is_asyncio_fixture_function(fixturedef.func):
            if asyncio_mode == Mode.STRICT:
                # Ignore async fixtures without explicit asyncio mark in strict mode
                # This applies to pytest_trio fixtures, for example
>               return (yield)

..\..\anaconda3\envs\scrumix\lib\site-packages\pytest_asyncio\plugin.py:681: 
_ _ _ _ _ _ _ _ _ _ _ _ _ _ _ _ _ _ _ _ _ _ _ _ _ _ _ _ _ _ _ _ _ _ _ _ _ _ _ _
backend\tests\conftest.py:104: in test_user
    user = User(
..\..\anaconda3\envs\scrumix\lib\site-packages\sqlalchemy\orm\state.py:561: in _initialize_instance
    manager.dispatch.init(self, args, kwargs)
..\..\anaconda3\envs\scrumix\lib\site-packages\sqlalchemy\event\attr.py:487: in __call__
    fn(*args, **kw)
..\..\anaconda3\envs\scrumix\lib\site-packages\sqlalchemy\orm\mapper.py:4391: in _event_on_init
    instrumenting_mapper._check_configure()
..\..\anaconda3\envs\scrumix\lib\site-packages\sqlalchemy\orm\mapper.py:2386: in _check_configure
    _configure_registries({self.registry}, cascade=True)
..\..\anaconda3\envs\scrumix\lib\site-packages\sqlalchemy\orm\mapper.py:4199: in _configure_registries
    _do_configure_registries(registries, cascade)
_ _ _ _ _ _ _ _ _ _ _ _ _ _ _ _ _ _ _ _ _ _ _ _ _ _ _ _ _ _ _ _ _ _ _ _ _ _ _ _

registries = set(), cascade = True

    @util.preload_module("sqlalchemy.orm.decl_api")
    def _do_configure_registries(
        registries: Set[_RegistryType], cascade: bool
    ) -> None:
        registry = util.preloaded.orm_decl_api.registry
    
        orig = set(registries)
    
        for reg in registry._recurse_with_dependencies(registries):
            has_skip = False
    
            for mapper in reg._mappers_to_configure():
                run_configure = None
    
                for fn in mapper.dispatch.before_mapper_configured:
                    run_configure = fn(mapper, mapper.class_)
                    if run_configure is EXT_SKIP:
                        has_skip = True
                        break
                if run_configure is EXT_SKIP:
                    continue
    
                if getattr(mapper, "_configure_failed", False):
                    e = sa_exc.InvalidRequestError(
                        "One or more mappers failed to initialize - "
                        "can't proceed with initialization of other "
                        "mappers. Triggering mapper: '%s'. "
                        "Original exception was: %s"
                        % (mapper, mapper._configure_failed)
                    )
                    e._configure_failed = mapper._configure_failed  # type: ignore
>                   raise e
E                   sqlalchemy.exc.InvalidRequestError: One or more mappers failed to initialize - can't proceed with initialization of other mappers. Triggering mapper: 'Mapper[Sprint(sprints)]'. Original exception was: Mapper 'Mapper[Project(projects)]' has no property 'sprints'.  If this property was indicated from other mappers or configure events, ensure registry.configure() has been called.

..\..\anaconda3\envs\scrumix\lib\site-packages\sqlalchemy\orm\mapper.py:4236: InvalidRequestError
___ ERROR at setup of TestMeetingEndpoints.test_get_meeting_by_id_not_found ___

fixturedef = <FixtureDef argname='test_user' scope='function' baseid='backend/tests'>
request = <SubRequest 'test_user' for <Function test_get_meeting_by_id_not_found>>

    @pytest.hookimpl(wrapper=True)
    def pytest_fixture_setup(fixturedef: FixtureDef, request) -> object | None:
        asyncio_mode = _get_asyncio_mode(request.config)
        if not _is_asyncio_fixture_function(fixturedef.func):
            if asyncio_mode == Mode.STRICT:
                # Ignore async fixtures without explicit asyncio mark in strict mode
                # This applies to pytest_trio fixtures, for example
>               return (yield)

..\..\anaconda3\envs\scrumix\lib\site-packages\pytest_asyncio\plugin.py:681: 
_ _ _ _ _ _ _ _ _ _ _ _ _ _ _ _ _ _ _ _ _ _ _ _ _ _ _ _ _ _ _ _ _ _ _ _ _ _ _ _
backend\tests\conftest.py:104: in test_user
    user = User(
..\..\anaconda3\envs\scrumix\lib\site-packages\sqlalchemy\orm\state.py:561: in _initialize_instance
    manager.dispatch.init(self, args, kwargs)
..\..\anaconda3\envs\scrumix\lib\site-packages\sqlalchemy\event\attr.py:487: in __call__
    fn(*args, **kw)
..\..\anaconda3\envs\scrumix\lib\site-packages\sqlalchemy\orm\mapper.py:4391: in _event_on_init
    instrumenting_mapper._check_configure()
..\..\anaconda3\envs\scrumix\lib\site-packages\sqlalchemy\orm\mapper.py:2386: in _check_configure
    _configure_registries({self.registry}, cascade=True)
..\..\anaconda3\envs\scrumix\lib\site-packages\sqlalchemy\orm\mapper.py:4199: in _configure_registries
    _do_configure_registries(registries, cascade)
_ _ _ _ _ _ _ _ _ _ _ _ _ _ _ _ _ _ _ _ _ _ _ _ _ _ _ _ _ _ _ _ _ _ _ _ _ _ _ _

registries = set(), cascade = True

    @util.preload_module("sqlalchemy.orm.decl_api")
    def _do_configure_registries(
        registries: Set[_RegistryType], cascade: bool
    ) -> None:
        registry = util.preloaded.orm_decl_api.registry
    
        orig = set(registries)
    
        for reg in registry._recurse_with_dependencies(registries):
            has_skip = False
    
            for mapper in reg._mappers_to_configure():
                run_configure = None
    
                for fn in mapper.dispatch.before_mapper_configured:
                    run_configure = fn(mapper, mapper.class_)
                    if run_configure is EXT_SKIP:
                        has_skip = True
                        break
                if run_configure is EXT_SKIP:
                    continue
    
                if getattr(mapper, "_configure_failed", False):
                    e = sa_exc.InvalidRequestError(
                        "One or more mappers failed to initialize - "
                        "can't proceed with initialization of other "
                        "mappers. Triggering mapper: '%s'. "
                        "Original exception was: %s"
                        % (mapper, mapper._configure_failed)
                    )
                    e._configure_failed = mapper._configure_failed  # type: ignore
>                   raise e
E                   sqlalchemy.exc.InvalidRequestError: One or more mappers failed to initialize - can't proceed with initialization of other mappers. Triggering mapper: 'Mapper[Sprint(sprints)]'. Original exception was: Mapper 'Mapper[Project(projects)]' has no property 'sprints'.  If this property was indicated from other mappers or configure events, ensure registry.configure() has been called.

..\..\anaconda3\envs\scrumix\lib\site-packages\sqlalchemy\orm\mapper.py:4236: InvalidRequestError
_____ ERROR at setup of TestMeetingEndpoints.test_update_meeting_success ______

fixturedef = <FixtureDef argname='test_user' scope='function' baseid='backend/tests'>
request = <SubRequest 'test_user' for <Function test_update_meeting_success>>

    @pytest.hookimpl(wrapper=True)
    def pytest_fixture_setup(fixturedef: FixtureDef, request) -> object | None:
        asyncio_mode = _get_asyncio_mode(request.config)
        if not _is_asyncio_fixture_function(fixturedef.func):
            if asyncio_mode == Mode.STRICT:
                # Ignore async fixtures without explicit asyncio mark in strict mode
                # This applies to pytest_trio fixtures, for example
>               return (yield)

..\..\anaconda3\envs\scrumix\lib\site-packages\pytest_asyncio\plugin.py:681: 
_ _ _ _ _ _ _ _ _ _ _ _ _ _ _ _ _ _ _ _ _ _ _ _ _ _ _ _ _ _ _ _ _ _ _ _ _ _ _ _
backend\tests\conftest.py:104: in test_user
    user = User(
..\..\anaconda3\envs\scrumix\lib\site-packages\sqlalchemy\orm\state.py:561: in _initialize_instance
    manager.dispatch.init(self, args, kwargs)
..\..\anaconda3\envs\scrumix\lib\site-packages\sqlalchemy\event\attr.py:487: in __call__
    fn(*args, **kw)
..\..\anaconda3\envs\scrumix\lib\site-packages\sqlalchemy\orm\mapper.py:4391: in _event_on_init
    instrumenting_mapper._check_configure()
..\..\anaconda3\envs\scrumix\lib\site-packages\sqlalchemy\orm\mapper.py:2386: in _check_configure
    _configure_registries({self.registry}, cascade=True)
..\..\anaconda3\envs\scrumix\lib\site-packages\sqlalchemy\orm\mapper.py:4199: in _configure_registries
    _do_configure_registries(registries, cascade)
_ _ _ _ _ _ _ _ _ _ _ _ _ _ _ _ _ _ _ _ _ _ _ _ _ _ _ _ _ _ _ _ _ _ _ _ _ _ _ _

registries = set(), cascade = True

    @util.preload_module("sqlalchemy.orm.decl_api")
    def _do_configure_registries(
        registries: Set[_RegistryType], cascade: bool
    ) -> None:
        registry = util.preloaded.orm_decl_api.registry
    
        orig = set(registries)
    
        for reg in registry._recurse_with_dependencies(registries):
            has_skip = False
    
            for mapper in reg._mappers_to_configure():
                run_configure = None
    
                for fn in mapper.dispatch.before_mapper_configured:
                    run_configure = fn(mapper, mapper.class_)
                    if run_configure is EXT_SKIP:
                        has_skip = True
                        break
                if run_configure is EXT_SKIP:
                    continue
    
                if getattr(mapper, "_configure_failed", False):
                    e = sa_exc.InvalidRequestError(
                        "One or more mappers failed to initialize - "
                        "can't proceed with initialization of other "
                        "mappers. Triggering mapper: '%s'. "
                        "Original exception was: %s"
                        % (mapper, mapper._configure_failed)
                    )
                    e._configure_failed = mapper._configure_failed  # type: ignore
>                   raise e
E                   sqlalchemy.exc.InvalidRequestError: One or more mappers failed to initialize - can't proceed with initialization of other mappers. Triggering mapper: 'Mapper[Sprint(sprints)]'. Original exception was: Mapper 'Mapper[Project(projects)]' has no property 'sprints'.  If this property was indicated from other mappers or configure events, ensure registry.configure() has been called.

..\..\anaconda3\envs\scrumix\lib\site-packages\sqlalchemy\orm\mapper.py:4236: InvalidRequestError
____ ERROR at setup of TestMeetingEndpoints.test_update_meeting_not_found _____

fixturedef = <FixtureDef argname='test_user' scope='function' baseid='backend/tests'>
request = <SubRequest 'test_user' for <Function test_update_meeting_not_found>>

    @pytest.hookimpl(wrapper=True)
    def pytest_fixture_setup(fixturedef: FixtureDef, request) -> object | None:
        asyncio_mode = _get_asyncio_mode(request.config)
        if not _is_asyncio_fixture_function(fixturedef.func):
            if asyncio_mode == Mode.STRICT:
                # Ignore async fixtures without explicit asyncio mark in strict mode
                # This applies to pytest_trio fixtures, for example
>               return (yield)

..\..\anaconda3\envs\scrumix\lib\site-packages\pytest_asyncio\plugin.py:681: 
_ _ _ _ _ _ _ _ _ _ _ _ _ _ _ _ _ _ _ _ _ _ _ _ _ _ _ _ _ _ _ _ _ _ _ _ _ _ _ _
backend\tests\conftest.py:104: in test_user
    user = User(
..\..\anaconda3\envs\scrumix\lib\site-packages\sqlalchemy\orm\state.py:561: in _initialize_instance
    manager.dispatch.init(self, args, kwargs)
..\..\anaconda3\envs\scrumix\lib\site-packages\sqlalchemy\event\attr.py:487: in __call__
    fn(*args, **kw)
..\..\anaconda3\envs\scrumix\lib\site-packages\sqlalchemy\orm\mapper.py:4391: in _event_on_init
    instrumenting_mapper._check_configure()
..\..\anaconda3\envs\scrumix\lib\site-packages\sqlalchemy\orm\mapper.py:2386: in _check_configure
    _configure_registries({self.registry}, cascade=True)
..\..\anaconda3\envs\scrumix\lib\site-packages\sqlalchemy\orm\mapper.py:4199: in _configure_registries
    _do_configure_registries(registries, cascade)
_ _ _ _ _ _ _ _ _ _ _ _ _ _ _ _ _ _ _ _ _ _ _ _ _ _ _ _ _ _ _ _ _ _ _ _ _ _ _ _

registries = set(), cascade = True

    @util.preload_module("sqlalchemy.orm.decl_api")
    def _do_configure_registries(
        registries: Set[_RegistryType], cascade: bool
    ) -> None:
        registry = util.preloaded.orm_decl_api.registry
    
        orig = set(registries)
    
        for reg in registry._recurse_with_dependencies(registries):
            has_skip = False
    
            for mapper in reg._mappers_to_configure():
                run_configure = None
    
                for fn in mapper.dispatch.before_mapper_configured:
                    run_configure = fn(mapper, mapper.class_)
                    if run_configure is EXT_SKIP:
                        has_skip = True
                        break
                if run_configure is EXT_SKIP:
                    continue
    
                if getattr(mapper, "_configure_failed", False):
                    e = sa_exc.InvalidRequestError(
                        "One or more mappers failed to initialize - "
                        "can't proceed with initialization of other "
                        "mappers. Triggering mapper: '%s'. "
                        "Original exception was: %s"
                        % (mapper, mapper._configure_failed)
                    )
                    e._configure_failed = mapper._configure_failed  # type: ignore
>                   raise e
E                   sqlalchemy.exc.InvalidRequestError: One or more mappers failed to initialize - can't proceed with initialization of other mappers. Triggering mapper: 'Mapper[Sprint(sprints)]'. Original exception was: Mapper 'Mapper[Project(projects)]' has no property 'sprints'.  If this property was indicated from other mappers or configure events, ensure registry.configure() has been called.

..\..\anaconda3\envs\scrumix\lib\site-packages\sqlalchemy\orm\mapper.py:4236: InvalidRequestError
_____ ERROR at setup of TestMeetingEndpoints.test_delete_meeting_success ______

fixturedef = <FixtureDef argname='test_user' scope='function' baseid='backend/tests'>
request = <SubRequest 'test_user' for <Function test_delete_meeting_success>>

    @pytest.hookimpl(wrapper=True)
    def pytest_fixture_setup(fixturedef: FixtureDef, request) -> object | None:
        asyncio_mode = _get_asyncio_mode(request.config)
        if not _is_asyncio_fixture_function(fixturedef.func):
            if asyncio_mode == Mode.STRICT:
                # Ignore async fixtures without explicit asyncio mark in strict mode
                # This applies to pytest_trio fixtures, for example
>               return (yield)

..\..\anaconda3\envs\scrumix\lib\site-packages\pytest_asyncio\plugin.py:681: 
_ _ _ _ _ _ _ _ _ _ _ _ _ _ _ _ _ _ _ _ _ _ _ _ _ _ _ _ _ _ _ _ _ _ _ _ _ _ _ _
backend\tests\conftest.py:104: in test_user
    user = User(
..\..\anaconda3\envs\scrumix\lib\site-packages\sqlalchemy\orm\state.py:561: in _initialize_instance
    manager.dispatch.init(self, args, kwargs)
..\..\anaconda3\envs\scrumix\lib\site-packages\sqlalchemy\event\attr.py:487: in __call__
    fn(*args, **kw)
..\..\anaconda3\envs\scrumix\lib\site-packages\sqlalchemy\orm\mapper.py:4391: in _event_on_init
    instrumenting_mapper._check_configure()
..\..\anaconda3\envs\scrumix\lib\site-packages\sqlalchemy\orm\mapper.py:2386: in _check_configure
    _configure_registries({self.registry}, cascade=True)
..\..\anaconda3\envs\scrumix\lib\site-packages\sqlalchemy\orm\mapper.py:4199: in _configure_registries
    _do_configure_registries(registries, cascade)
_ _ _ _ _ _ _ _ _ _ _ _ _ _ _ _ _ _ _ _ _ _ _ _ _ _ _ _ _ _ _ _ _ _ _ _ _ _ _ _

registries = set(), cascade = True

    @util.preload_module("sqlalchemy.orm.decl_api")
    def _do_configure_registries(
        registries: Set[_RegistryType], cascade: bool
    ) -> None:
        registry = util.preloaded.orm_decl_api.registry
    
        orig = set(registries)
    
        for reg in registry._recurse_with_dependencies(registries):
            has_skip = False
    
            for mapper in reg._mappers_to_configure():
                run_configure = None
    
                for fn in mapper.dispatch.before_mapper_configured:
                    run_configure = fn(mapper, mapper.class_)
                    if run_configure is EXT_SKIP:
                        has_skip = True
                        break
                if run_configure is EXT_SKIP:
                    continue
    
                if getattr(mapper, "_configure_failed", False):
                    e = sa_exc.InvalidRequestError(
                        "One or more mappers failed to initialize - "
                        "can't proceed with initialization of other "
                        "mappers. Triggering mapper: '%s'. "
                        "Original exception was: %s"
                        % (mapper, mapper._configure_failed)
                    )
                    e._configure_failed = mapper._configure_failed  # type: ignore
>                   raise e
E                   sqlalchemy.exc.InvalidRequestError: One or more mappers failed to initialize - can't proceed with initialization of other mappers. Triggering mapper: 'Mapper[Sprint(sprints)]'. Original exception was: Mapper 'Mapper[Project(projects)]' has no property 'sprints'.  If this property was indicated from other mappers or configure events, ensure registry.configure() has been called.

..\..\anaconda3\envs\scrumix\lib\site-packages\sqlalchemy\orm\mapper.py:4236: InvalidRequestError
____ ERROR at setup of TestMeetingEndpoints.test_delete_meeting_not_found _____

fixturedef = <FixtureDef argname='test_user' scope='function' baseid='backend/tests'>
request = <SubRequest 'test_user' for <Function test_delete_meeting_not_found>>

    @pytest.hookimpl(wrapper=True)
    def pytest_fixture_setup(fixturedef: FixtureDef, request) -> object | None:
        asyncio_mode = _get_asyncio_mode(request.config)
        if not _is_asyncio_fixture_function(fixturedef.func):
            if asyncio_mode == Mode.STRICT:
                # Ignore async fixtures without explicit asyncio mark in strict mode
                # This applies to pytest_trio fixtures, for example
>               return (yield)

..\..\anaconda3\envs\scrumix\lib\site-packages\pytest_asyncio\plugin.py:681: 
_ _ _ _ _ _ _ _ _ _ _ _ _ _ _ _ _ _ _ _ _ _ _ _ _ _ _ _ _ _ _ _ _ _ _ _ _ _ _ _
backend\tests\conftest.py:104: in test_user
    user = User(
..\..\anaconda3\envs\scrumix\lib\site-packages\sqlalchemy\orm\state.py:561: in _initialize_instance
    manager.dispatch.init(self, args, kwargs)
..\..\anaconda3\envs\scrumix\lib\site-packages\sqlalchemy\event\attr.py:487: in __call__
    fn(*args, **kw)
..\..\anaconda3\envs\scrumix\lib\site-packages\sqlalchemy\orm\mapper.py:4391: in _event_on_init
    instrumenting_mapper._check_configure()
..\..\anaconda3\envs\scrumix\lib\site-packages\sqlalchemy\orm\mapper.py:2386: in _check_configure
    _configure_registries({self.registry}, cascade=True)
..\..\anaconda3\envs\scrumix\lib\site-packages\sqlalchemy\orm\mapper.py:4199: in _configure_registries
    _do_configure_registries(registries, cascade)
_ _ _ _ _ _ _ _ _ _ _ _ _ _ _ _ _ _ _ _ _ _ _ _ _ _ _ _ _ _ _ _ _ _ _ _ _ _ _ _

registries = set(), cascade = True

    @util.preload_module("sqlalchemy.orm.decl_api")
    def _do_configure_registries(
        registries: Set[_RegistryType], cascade: bool
    ) -> None:
        registry = util.preloaded.orm_decl_api.registry
    
        orig = set(registries)
    
        for reg in registry._recurse_with_dependencies(registries):
            has_skip = False
    
            for mapper in reg._mappers_to_configure():
                run_configure = None
    
                for fn in mapper.dispatch.before_mapper_configured:
                    run_configure = fn(mapper, mapper.class_)
                    if run_configure is EXT_SKIP:
                        has_skip = True
                        break
                if run_configure is EXT_SKIP:
                    continue
    
                if getattr(mapper, "_configure_failed", False):
                    e = sa_exc.InvalidRequestError(
                        "One or more mappers failed to initialize - "
                        "can't proceed with initialization of other "
                        "mappers. Triggering mapper: '%s'. "
                        "Original exception was: %s"
                        % (mapper, mapper._configure_failed)
                    )
                    e._configure_failed = mapper._configure_failed  # type: ignore
>                   raise e
E                   sqlalchemy.exc.InvalidRequestError: One or more mappers failed to initialize - can't proceed with initialization of other mappers. Triggering mapper: 'Mapper[Sprint(sprints)]'. Original exception was: Mapper 'Mapper[Project(projects)]' has no property 'sprints'.  If this property was indicated from other mappers or configure events, ensure registry.configure() has been called.

..\..\anaconda3\envs\scrumix\lib\site-packages\sqlalchemy\orm\mapper.py:4236: InvalidRequestError
______ ERROR at setup of TestMeetingEndpoints.test_get_meetings_by_type _______

fixturedef = <FixtureDef argname='test_user' scope='function' baseid='backend/tests'>
request = <SubRequest 'test_user' for <Function test_get_meetings_by_type>>

    @pytest.hookimpl(wrapper=True)
    def pytest_fixture_setup(fixturedef: FixtureDef, request) -> object | None:
        asyncio_mode = _get_asyncio_mode(request.config)
        if not _is_asyncio_fixture_function(fixturedef.func):
            if asyncio_mode == Mode.STRICT:
                # Ignore async fixtures without explicit asyncio mark in strict mode
                # This applies to pytest_trio fixtures, for example
>               return (yield)

..\..\anaconda3\envs\scrumix\lib\site-packages\pytest_asyncio\plugin.py:681: 
_ _ _ _ _ _ _ _ _ _ _ _ _ _ _ _ _ _ _ _ _ _ _ _ _ _ _ _ _ _ _ _ _ _ _ _ _ _ _ _
backend\tests\conftest.py:104: in test_user
    user = User(
..\..\anaconda3\envs\scrumix\lib\site-packages\sqlalchemy\orm\state.py:561: in _initialize_instance
    manager.dispatch.init(self, args, kwargs)
..\..\anaconda3\envs\scrumix\lib\site-packages\sqlalchemy\event\attr.py:487: in __call__
    fn(*args, **kw)
..\..\anaconda3\envs\scrumix\lib\site-packages\sqlalchemy\orm\mapper.py:4391: in _event_on_init
    instrumenting_mapper._check_configure()
..\..\anaconda3\envs\scrumix\lib\site-packages\sqlalchemy\orm\mapper.py:2386: in _check_configure
    _configure_registries({self.registry}, cascade=True)
..\..\anaconda3\envs\scrumix\lib\site-packages\sqlalchemy\orm\mapper.py:4199: in _configure_registries
    _do_configure_registries(registries, cascade)
_ _ _ _ _ _ _ _ _ _ _ _ _ _ _ _ _ _ _ _ _ _ _ _ _ _ _ _ _ _ _ _ _ _ _ _ _ _ _ _

registries = set(), cascade = True

    @util.preload_module("sqlalchemy.orm.decl_api")
    def _do_configure_registries(
        registries: Set[_RegistryType], cascade: bool
    ) -> None:
        registry = util.preloaded.orm_decl_api.registry
    
        orig = set(registries)
    
        for reg in registry._recurse_with_dependencies(registries):
            has_skip = False
    
            for mapper in reg._mappers_to_configure():
                run_configure = None
    
                for fn in mapper.dispatch.before_mapper_configured:
                    run_configure = fn(mapper, mapper.class_)
                    if run_configure is EXT_SKIP:
                        has_skip = True
                        break
                if run_configure is EXT_SKIP:
                    continue
    
                if getattr(mapper, "_configure_failed", False):
                    e = sa_exc.InvalidRequestError(
                        "One or more mappers failed to initialize - "
                        "can't proceed with initialization of other "
                        "mappers. Triggering mapper: '%s'. "
                        "Original exception was: %s"
                        % (mapper, mapper._configure_failed)
                    )
                    e._configure_failed = mapper._configure_failed  # type: ignore
>                   raise e
E                   sqlalchemy.exc.InvalidRequestError: One or more mappers failed to initialize - can't proceed with initialization of other mappers. Triggering mapper: 'Mapper[Sprint(sprints)]'. Original exception was: Mapper 'Mapper[Project(projects)]' has no property 'sprints'.  If this property was indicated from other mappers or configure events, ensure registry.configure() has been called.

..\..\anaconda3\envs\scrumix\lib\site-packages\sqlalchemy\orm\mapper.py:4236: InvalidRequestError
_ ERROR at setup of TestMeetingEndpoints.test_get_meetings_by_type_with_pagination _

fixturedef = <FixtureDef argname='test_user' scope='function' baseid='backend/tests'>
request = <SubRequest 'test_user' for <Function test_get_meetings_by_type_with_pagination>>

    @pytest.hookimpl(wrapper=True)
    def pytest_fixture_setup(fixturedef: FixtureDef, request) -> object | None:
        asyncio_mode = _get_asyncio_mode(request.config)
        if not _is_asyncio_fixture_function(fixturedef.func):
            if asyncio_mode == Mode.STRICT:
                # Ignore async fixtures without explicit asyncio mark in strict mode
                # This applies to pytest_trio fixtures, for example
>               return (yield)

..\..\anaconda3\envs\scrumix\lib\site-packages\pytest_asyncio\plugin.py:681: 
_ _ _ _ _ _ _ _ _ _ _ _ _ _ _ _ _ _ _ _ _ _ _ _ _ _ _ _ _ _ _ _ _ _ _ _ _ _ _ _
backend\tests\conftest.py:104: in test_user
    user = User(
..\..\anaconda3\envs\scrumix\lib\site-packages\sqlalchemy\orm\state.py:561: in _initialize_instance
    manager.dispatch.init(self, args, kwargs)
..\..\anaconda3\envs\scrumix\lib\site-packages\sqlalchemy\event\attr.py:487: in __call__
    fn(*args, **kw)
..\..\anaconda3\envs\scrumix\lib\site-packages\sqlalchemy\orm\mapper.py:4391: in _event_on_init
    instrumenting_mapper._check_configure()
..\..\anaconda3\envs\scrumix\lib\site-packages\sqlalchemy\orm\mapper.py:2386: in _check_configure
    _configure_registries({self.registry}, cascade=True)
..\..\anaconda3\envs\scrumix\lib\site-packages\sqlalchemy\orm\mapper.py:4199: in _configure_registries
    _do_configure_registries(registries, cascade)
_ _ _ _ _ _ _ _ _ _ _ _ _ _ _ _ _ _ _ _ _ _ _ _ _ _ _ _ _ _ _ _ _ _ _ _ _ _ _ _

registries = set(), cascade = True

    @util.preload_module("sqlalchemy.orm.decl_api")
    def _do_configure_registries(
        registries: Set[_RegistryType], cascade: bool
    ) -> None:
        registry = util.preloaded.orm_decl_api.registry
    
        orig = set(registries)
    
        for reg in registry._recurse_with_dependencies(registries):
            has_skip = False
    
            for mapper in reg._mappers_to_configure():
                run_configure = None
    
                for fn in mapper.dispatch.before_mapper_configured:
                    run_configure = fn(mapper, mapper.class_)
                    if run_configure is EXT_SKIP:
                        has_skip = True
                        break
                if run_configure is EXT_SKIP:
                    continue
    
                if getattr(mapper, "_configure_failed", False):
                    e = sa_exc.InvalidRequestError(
                        "One or more mappers failed to initialize - "
                        "can't proceed with initialization of other "
                        "mappers. Triggering mapper: '%s'. "
                        "Original exception was: %s"
                        % (mapper, mapper._configure_failed)
                    )
                    e._configure_failed = mapper._configure_failed  # type: ignore
>                   raise e
E                   sqlalchemy.exc.InvalidRequestError: One or more mappers failed to initialize - can't proceed with initialization of other mappers. Triggering mapper: 'Mapper[Sprint(sprints)]'. Original exception was: Mapper 'Mapper[Project(projects)]' has no property 'sprints'.  If this property was indicated from other mappers or configure events, ensure registry.configure() has been called.

..\..\anaconda3\envs\scrumix\lib\site-packages\sqlalchemy\orm\mapper.py:4236: InvalidRequestError
______ ERROR at setup of TestMeetingEndpoints.test_get_upcoming_meetings ______

fixturedef = <FixtureDef argname='test_user' scope='function' baseid='backend/tests'>
request = <SubRequest 'test_user' for <Function test_get_upcoming_meetings>>

    @pytest.hookimpl(wrapper=True)
    def pytest_fixture_setup(fixturedef: FixtureDef, request) -> object | None:
        asyncio_mode = _get_asyncio_mode(request.config)
        if not _is_asyncio_fixture_function(fixturedef.func):
            if asyncio_mode == Mode.STRICT:
                # Ignore async fixtures without explicit asyncio mark in strict mode
                # This applies to pytest_trio fixtures, for example
>               return (yield)

..\..\anaconda3\envs\scrumix\lib\site-packages\pytest_asyncio\plugin.py:681: 
_ _ _ _ _ _ _ _ _ _ _ _ _ _ _ _ _ _ _ _ _ _ _ _ _ _ _ _ _ _ _ _ _ _ _ _ _ _ _ _
backend\tests\conftest.py:104: in test_user
    user = User(
..\..\anaconda3\envs\scrumix\lib\site-packages\sqlalchemy\orm\state.py:561: in _initialize_instance
    manager.dispatch.init(self, args, kwargs)
..\..\anaconda3\envs\scrumix\lib\site-packages\sqlalchemy\event\attr.py:487: in __call__
    fn(*args, **kw)
..\..\anaconda3\envs\scrumix\lib\site-packages\sqlalchemy\orm\mapper.py:4391: in _event_on_init
    instrumenting_mapper._check_configure()
..\..\anaconda3\envs\scrumix\lib\site-packages\sqlalchemy\orm\mapper.py:2386: in _check_configure
    _configure_registries({self.registry}, cascade=True)
..\..\anaconda3\envs\scrumix\lib\site-packages\sqlalchemy\orm\mapper.py:4199: in _configure_registries
    _do_configure_registries(registries, cascade)
_ _ _ _ _ _ _ _ _ _ _ _ _ _ _ _ _ _ _ _ _ _ _ _ _ _ _ _ _ _ _ _ _ _ _ _ _ _ _ _

registries = set(), cascade = True

    @util.preload_module("sqlalchemy.orm.decl_api")
    def _do_configure_registries(
        registries: Set[_RegistryType], cascade: bool
    ) -> None:
        registry = util.preloaded.orm_decl_api.registry
    
        orig = set(registries)
    
        for reg in registry._recurse_with_dependencies(registries):
            has_skip = False
    
            for mapper in reg._mappers_to_configure():
                run_configure = None
    
                for fn in mapper.dispatch.before_mapper_configured:
                    run_configure = fn(mapper, mapper.class_)
                    if run_configure is EXT_SKIP:
                        has_skip = True
                        break
                if run_configure is EXT_SKIP:
                    continue
    
                if getattr(mapper, "_configure_failed", False):
                    e = sa_exc.InvalidRequestError(
                        "One or more mappers failed to initialize - "
                        "can't proceed with initialization of other "
                        "mappers. Triggering mapper: '%s'. "
                        "Original exception was: %s"
                        % (mapper, mapper._configure_failed)
                    )
                    e._configure_failed = mapper._configure_failed  # type: ignore
>                   raise e
E                   sqlalchemy.exc.InvalidRequestError: One or more mappers failed to initialize - can't proceed with initialization of other mappers. Triggering mapper: 'Mapper[Sprint(sprints)]'. Original exception was: Mapper 'Mapper[Project(projects)]' has no property 'sprints'.  If this property was indicated from other mappers or configure events, ensure registry.configure() has been called.

..\..\anaconda3\envs\scrumix\lib\site-packages\sqlalchemy\orm\mapper.py:4236: InvalidRequestError
_ ERROR at setup of TestMeetingEndpoints.test_get_upcoming_meetings_with_days _

fixturedef = <FixtureDef argname='test_user' scope='function' baseid='backend/tests'>
request = <SubRequest 'test_user' for <Function test_get_upcoming_meetings_with_days>>

    @pytest.hookimpl(wrapper=True)
    def pytest_fixture_setup(fixturedef: FixtureDef, request) -> object | None:
        asyncio_mode = _get_asyncio_mode(request.config)
        if not _is_asyncio_fixture_function(fixturedef.func):
            if asyncio_mode == Mode.STRICT:
                # Ignore async fixtures without explicit asyncio mark in strict mode
                # This applies to pytest_trio fixtures, for example
>               return (yield)

..\..\anaconda3\envs\scrumix\lib\site-packages\pytest_asyncio\plugin.py:681: 
_ _ _ _ _ _ _ _ _ _ _ _ _ _ _ _ _ _ _ _ _ _ _ _ _ _ _ _ _ _ _ _ _ _ _ _ _ _ _ _
backend\tests\conftest.py:104: in test_user
    user = User(
..\..\anaconda3\envs\scrumix\lib\site-packages\sqlalchemy\orm\state.py:561: in _initialize_instance
    manager.dispatch.init(self, args, kwargs)
..\..\anaconda3\envs\scrumix\lib\site-packages\sqlalchemy\event\attr.py:487: in __call__
    fn(*args, **kw)
..\..\anaconda3\envs\scrumix\lib\site-packages\sqlalchemy\orm\mapper.py:4391: in _event_on_init
    instrumenting_mapper._check_configure()
..\..\anaconda3\envs\scrumix\lib\site-packages\sqlalchemy\orm\mapper.py:2386: in _check_configure
    _configure_registries({self.registry}, cascade=True)
..\..\anaconda3\envs\scrumix\lib\site-packages\sqlalchemy\orm\mapper.py:4199: in _configure_registries
    _do_configure_registries(registries, cascade)
_ _ _ _ _ _ _ _ _ _ _ _ _ _ _ _ _ _ _ _ _ _ _ _ _ _ _ _ _ _ _ _ _ _ _ _ _ _ _ _

registries = set(), cascade = True

    @util.preload_module("sqlalchemy.orm.decl_api")
    def _do_configure_registries(
        registries: Set[_RegistryType], cascade: bool
    ) -> None:
        registry = util.preloaded.orm_decl_api.registry
    
        orig = set(registries)
    
        for reg in registry._recurse_with_dependencies(registries):
            has_skip = False
    
            for mapper in reg._mappers_to_configure():
                run_configure = None
    
                for fn in mapper.dispatch.before_mapper_configured:
                    run_configure = fn(mapper, mapper.class_)
                    if run_configure is EXT_SKIP:
                        has_skip = True
                        break
                if run_configure is EXT_SKIP:
                    continue
    
                if getattr(mapper, "_configure_failed", False):
                    e = sa_exc.InvalidRequestError(
                        "One or more mappers failed to initialize - "
                        "can't proceed with initialization of other "
                        "mappers. Triggering mapper: '%s'. "
                        "Original exception was: %s"
                        % (mapper, mapper._configure_failed)
                    )
                    e._configure_failed = mapper._configure_failed  # type: ignore
>                   raise e
E                   sqlalchemy.exc.InvalidRequestError: One or more mappers failed to initialize - can't proceed with initialization of other mappers. Triggering mapper: 'Mapper[Sprint(sprints)]'. Original exception was: Mapper 'Mapper[Project(projects)]' has no property 'sprints'.  If this property was indicated from other mappers or configure events, ensure registry.configure() has been called.

..\..\anaconda3\envs\scrumix\lib\site-packages\sqlalchemy\orm\mapper.py:4236: InvalidRequestError
_______ ERROR at setup of TestMeetingEndpoints.test_get_today_meetings ________

fixturedef = <FixtureDef argname='test_user' scope='function' baseid='backend/tests'>
request = <SubRequest 'test_user' for <Function test_get_today_meetings>>

    @pytest.hookimpl(wrapper=True)
    def pytest_fixture_setup(fixturedef: FixtureDef, request) -> object | None:
        asyncio_mode = _get_asyncio_mode(request.config)
        if not _is_asyncio_fixture_function(fixturedef.func):
            if asyncio_mode == Mode.STRICT:
                # Ignore async fixtures without explicit asyncio mark in strict mode
                # This applies to pytest_trio fixtures, for example
>               return (yield)

..\..\anaconda3\envs\scrumix\lib\site-packages\pytest_asyncio\plugin.py:681: 
_ _ _ _ _ _ _ _ _ _ _ _ _ _ _ _ _ _ _ _ _ _ _ _ _ _ _ _ _ _ _ _ _ _ _ _ _ _ _ _
backend\tests\conftest.py:104: in test_user
    user = User(
..\..\anaconda3\envs\scrumix\lib\site-packages\sqlalchemy\orm\state.py:561: in _initialize_instance
    manager.dispatch.init(self, args, kwargs)
..\..\anaconda3\envs\scrumix\lib\site-packages\sqlalchemy\event\attr.py:487: in __call__
    fn(*args, **kw)
..\..\anaconda3\envs\scrumix\lib\site-packages\sqlalchemy\orm\mapper.py:4391: in _event_on_init
    instrumenting_mapper._check_configure()
..\..\anaconda3\envs\scrumix\lib\site-packages\sqlalchemy\orm\mapper.py:2386: in _check_configure
    _configure_registries({self.registry}, cascade=True)
..\..\anaconda3\envs\scrumix\lib\site-packages\sqlalchemy\orm\mapper.py:4199: in _configure_registries
    _do_configure_registries(registries, cascade)
_ _ _ _ _ _ _ _ _ _ _ _ _ _ _ _ _ _ _ _ _ _ _ _ _ _ _ _ _ _ _ _ _ _ _ _ _ _ _ _

registries = set(), cascade = True

    @util.preload_module("sqlalchemy.orm.decl_api")
    def _do_configure_registries(
        registries: Set[_RegistryType], cascade: bool
    ) -> None:
        registry = util.preloaded.orm_decl_api.registry
    
        orig = set(registries)
    
        for reg in registry._recurse_with_dependencies(registries):
            has_skip = False
    
            for mapper in reg._mappers_to_configure():
                run_configure = None
    
                for fn in mapper.dispatch.before_mapper_configured:
                    run_configure = fn(mapper, mapper.class_)
                    if run_configure is EXT_SKIP:
                        has_skip = True
                        break
                if run_configure is EXT_SKIP:
                    continue
    
                if getattr(mapper, "_configure_failed", False):
                    e = sa_exc.InvalidRequestError(
                        "One or more mappers failed to initialize - "
                        "can't proceed with initialization of other "
                        "mappers. Triggering mapper: '%s'. "
                        "Original exception was: %s"
                        % (mapper, mapper._configure_failed)
                    )
                    e._configure_failed = mapper._configure_failed  # type: ignore
>                   raise e
E                   sqlalchemy.exc.InvalidRequestError: One or more mappers failed to initialize - can't proceed with initialization of other mappers. Triggering mapper: 'Mapper[Sprint(sprints)]'. Original exception was: Mapper 'Mapper[Project(projects)]' has no property 'sprints'.  If this property was indicated from other mappers or configure events, ensure registry.configure() has been called.

..\..\anaconda3\envs\scrumix\lib\site-packages\sqlalchemy\orm\mapper.py:4236: InvalidRequestError
______ ERROR at setup of TestMeetingEndpoints.test_get_ongoing_meetings _______

fixturedef = <FixtureDef argname='test_user' scope='function' baseid='backend/tests'>
request = <SubRequest 'test_user' for <Function test_get_ongoing_meetings>>

    @pytest.hookimpl(wrapper=True)
    def pytest_fixture_setup(fixturedef: FixtureDef, request) -> object | None:
        asyncio_mode = _get_asyncio_mode(request.config)
        if not _is_asyncio_fixture_function(fixturedef.func):
            if asyncio_mode == Mode.STRICT:
                # Ignore async fixtures without explicit asyncio mark in strict mode
                # This applies to pytest_trio fixtures, for example
>               return (yield)

..\..\anaconda3\envs\scrumix\lib\site-packages\pytest_asyncio\plugin.py:681: 
_ _ _ _ _ _ _ _ _ _ _ _ _ _ _ _ _ _ _ _ _ _ _ _ _ _ _ _ _ _ _ _ _ _ _ _ _ _ _ _
backend\tests\conftest.py:104: in test_user
    user = User(
..\..\anaconda3\envs\scrumix\lib\site-packages\sqlalchemy\orm\state.py:561: in _initialize_instance
    manager.dispatch.init(self, args, kwargs)
..\..\anaconda3\envs\scrumix\lib\site-packages\sqlalchemy\event\attr.py:487: in __call__
    fn(*args, **kw)
..\..\anaconda3\envs\scrumix\lib\site-packages\sqlalchemy\orm\mapper.py:4391: in _event_on_init
    instrumenting_mapper._check_configure()
..\..\anaconda3\envs\scrumix\lib\site-packages\sqlalchemy\orm\mapper.py:2386: in _check_configure
    _configure_registries({self.registry}, cascade=True)
..\..\anaconda3\envs\scrumix\lib\site-packages\sqlalchemy\orm\mapper.py:4199: in _configure_registries
    _do_configure_registries(registries, cascade)
_ _ _ _ _ _ _ _ _ _ _ _ _ _ _ _ _ _ _ _ _ _ _ _ _ _ _ _ _ _ _ _ _ _ _ _ _ _ _ _

registries = set(), cascade = True

    @util.preload_module("sqlalchemy.orm.decl_api")
    def _do_configure_registries(
        registries: Set[_RegistryType], cascade: bool
    ) -> None:
        registry = util.preloaded.orm_decl_api.registry
    
        orig = set(registries)
    
        for reg in registry._recurse_with_dependencies(registries):
            has_skip = False
    
            for mapper in reg._mappers_to_configure():
                run_configure = None
    
                for fn in mapper.dispatch.before_mapper_configured:
                    run_configure = fn(mapper, mapper.class_)
                    if run_configure is EXT_SKIP:
                        has_skip = True
                        break
                if run_configure is EXT_SKIP:
                    continue
    
                if getattr(mapper, "_configure_failed", False):
                    e = sa_exc.InvalidRequestError(
                        "One or more mappers failed to initialize - "
                        "can't proceed with initialization of other "
                        "mappers. Triggering mapper: '%s'. "
                        "Original exception was: %s"
                        % (mapper, mapper._configure_failed)
                    )
                    e._configure_failed = mapper._configure_failed  # type: ignore
>                   raise e
E                   sqlalchemy.exc.InvalidRequestError: One or more mappers failed to initialize - can't proceed with initialization of other mappers. Triggering mapper: 'Mapper[Sprint(sprints)]'. Original exception was: Mapper 'Mapper[Project(projects)]' has no property 'sprints'.  If this property was indicated from other mappers or configure events, ensure registry.configure() has been called.

..\..\anaconda3\envs\scrumix\lib\site-packages\sqlalchemy\orm\mapper.py:4236: InvalidRequestError
_________ ERROR at setup of TestMeetingEndpoints.test_search_meetings _________

fixturedef = <FixtureDef argname='test_user' scope='function' baseid='backend/tests'>
request = <SubRequest 'test_user' for <Function test_search_meetings>>

    @pytest.hookimpl(wrapper=True)
    def pytest_fixture_setup(fixturedef: FixtureDef, request) -> object | None:
        asyncio_mode = _get_asyncio_mode(request.config)
        if not _is_asyncio_fixture_function(fixturedef.func):
            if asyncio_mode == Mode.STRICT:
                # Ignore async fixtures without explicit asyncio mark in strict mode
                # This applies to pytest_trio fixtures, for example
>               return (yield)

..\..\anaconda3\envs\scrumix\lib\site-packages\pytest_asyncio\plugin.py:681: 
_ _ _ _ _ _ _ _ _ _ _ _ _ _ _ _ _ _ _ _ _ _ _ _ _ _ _ _ _ _ _ _ _ _ _ _ _ _ _ _
backend\tests\conftest.py:104: in test_user
    user = User(
..\..\anaconda3\envs\scrumix\lib\site-packages\sqlalchemy\orm\state.py:561: in _initialize_instance
    manager.dispatch.init(self, args, kwargs)
..\..\anaconda3\envs\scrumix\lib\site-packages\sqlalchemy\event\attr.py:487: in __call__
    fn(*args, **kw)
..\..\anaconda3\envs\scrumix\lib\site-packages\sqlalchemy\orm\mapper.py:4391: in _event_on_init
    instrumenting_mapper._check_configure()
..\..\anaconda3\envs\scrumix\lib\site-packages\sqlalchemy\orm\mapper.py:2386: in _check_configure
    _configure_registries({self.registry}, cascade=True)
..\..\anaconda3\envs\scrumix\lib\site-packages\sqlalchemy\orm\mapper.py:4199: in _configure_registries
    _do_configure_registries(registries, cascade)
_ _ _ _ _ _ _ _ _ _ _ _ _ _ _ _ _ _ _ _ _ _ _ _ _ _ _ _ _ _ _ _ _ _ _ _ _ _ _ _

registries = set(), cascade = True

    @util.preload_module("sqlalchemy.orm.decl_api")
    def _do_configure_registries(
        registries: Set[_RegistryType], cascade: bool
    ) -> None:
        registry = util.preloaded.orm_decl_api.registry
    
        orig = set(registries)
    
        for reg in registry._recurse_with_dependencies(registries):
            has_skip = False
    
            for mapper in reg._mappers_to_configure():
                run_configure = None
    
                for fn in mapper.dispatch.before_mapper_configured:
                    run_configure = fn(mapper, mapper.class_)
                    if run_configure is EXT_SKIP:
                        has_skip = True
                        break
                if run_configure is EXT_SKIP:
                    continue
    
                if getattr(mapper, "_configure_failed", False):
                    e = sa_exc.InvalidRequestError(
                        "One or more mappers failed to initialize - "
                        "can't proceed with initialization of other "
                        "mappers. Triggering mapper: '%s'. "
                        "Original exception was: %s"
                        % (mapper, mapper._configure_failed)
                    )
                    e._configure_failed = mapper._configure_failed  # type: ignore
>                   raise e
E                   sqlalchemy.exc.InvalidRequestError: One or more mappers failed to initialize - can't proceed with initialization of other mappers. Triggering mapper: 'Mapper[Sprint(sprints)]'. Original exception was: Mapper 'Mapper[Project(projects)]' has no property 'sprints'.  If this property was indicated from other mappers or configure events, ensure registry.configure() has been called.

..\..\anaconda3\envs\scrumix\lib\site-packages\sqlalchemy\orm\mapper.py:4236: InvalidRequestError
_ ERROR at setup of TestMeetingEndpoints.test_search_meetings_with_pagination _

fixturedef = <FixtureDef argname='test_user' scope='function' baseid='backend/tests'>
request = <SubRequest 'test_user' for <Function test_search_meetings_with_pagination>>

    @pytest.hookimpl(wrapper=True)
    def pytest_fixture_setup(fixturedef: FixtureDef, request) -> object | None:
        asyncio_mode = _get_asyncio_mode(request.config)
        if not _is_asyncio_fixture_function(fixturedef.func):
            if asyncio_mode == Mode.STRICT:
                # Ignore async fixtures without explicit asyncio mark in strict mode
                # This applies to pytest_trio fixtures, for example
>               return (yield)

..\..\anaconda3\envs\scrumix\lib\site-packages\pytest_asyncio\plugin.py:681: 
_ _ _ _ _ _ _ _ _ _ _ _ _ _ _ _ _ _ _ _ _ _ _ _ _ _ _ _ _ _ _ _ _ _ _ _ _ _ _ _
backend\tests\conftest.py:104: in test_user
    user = User(
..\..\anaconda3\envs\scrumix\lib\site-packages\sqlalchemy\orm\state.py:561: in _initialize_instance
    manager.dispatch.init(self, args, kwargs)
..\..\anaconda3\envs\scrumix\lib\site-packages\sqlalchemy\event\attr.py:487: in __call__
    fn(*args, **kw)
..\..\anaconda3\envs\scrumix\lib\site-packages\sqlalchemy\orm\mapper.py:4391: in _event_on_init
    instrumenting_mapper._check_configure()
..\..\anaconda3\envs\scrumix\lib\site-packages\sqlalchemy\orm\mapper.py:2386: in _check_configure
    _configure_registries({self.registry}, cascade=True)
..\..\anaconda3\envs\scrumix\lib\site-packages\sqlalchemy\orm\mapper.py:4199: in _configure_registries
    _do_configure_registries(registries, cascade)
_ _ _ _ _ _ _ _ _ _ _ _ _ _ _ _ _ _ _ _ _ _ _ _ _ _ _ _ _ _ _ _ _ _ _ _ _ _ _ _

registries = set(), cascade = True

    @util.preload_module("sqlalchemy.orm.decl_api")
    def _do_configure_registries(
        registries: Set[_RegistryType], cascade: bool
    ) -> None:
        registry = util.preloaded.orm_decl_api.registry
    
        orig = set(registries)
    
        for reg in registry._recurse_with_dependencies(registries):
            has_skip = False
    
            for mapper in reg._mappers_to_configure():
                run_configure = None
    
                for fn in mapper.dispatch.before_mapper_configured:
                    run_configure = fn(mapper, mapper.class_)
                    if run_configure is EXT_SKIP:
                        has_skip = True
                        break
                if run_configure is EXT_SKIP:
                    continue
    
                if getattr(mapper, "_configure_failed", False):
                    e = sa_exc.InvalidRequestError(
                        "One or more mappers failed to initialize - "
                        "can't proceed with initialization of other "
                        "mappers. Triggering mapper: '%s'. "
                        "Original exception was: %s"
                        % (mapper, mapper._configure_failed)
                    )
                    e._configure_failed = mapper._configure_failed  # type: ignore
>                   raise e
E                   sqlalchemy.exc.InvalidRequestError: One or more mappers failed to initialize - can't proceed with initialization of other mappers. Triggering mapper: 'Mapper[Sprint(sprints)]'. Original exception was: Mapper 'Mapper[Project(projects)]' has no property 'sprints'.  If this property was indicated from other mappers or configure events, ensure registry.configure() has been called.

..\..\anaconda3\envs\scrumix\lib\site-packages\sqlalchemy\orm\mapper.py:4236: InvalidRequestError
_ ERROR at setup of TestMeetingEndpoints.test_get_meetings_by_date_range_success _

fixturedef = <FixtureDef argname='test_user' scope='function' baseid='backend/tests'>
request = <SubRequest 'test_user' for <Function test_get_meetings_by_date_range_success>>

    @pytest.hookimpl(wrapper=True)
    def pytest_fixture_setup(fixturedef: FixtureDef, request) -> object | None:
        asyncio_mode = _get_asyncio_mode(request.config)
        if not _is_asyncio_fixture_function(fixturedef.func):
            if asyncio_mode == Mode.STRICT:
                # Ignore async fixtures without explicit asyncio mark in strict mode
                # This applies to pytest_trio fixtures, for example
>               return (yield)

..\..\anaconda3\envs\scrumix\lib\site-packages\pytest_asyncio\plugin.py:681: 
_ _ _ _ _ _ _ _ _ _ _ _ _ _ _ _ _ _ _ _ _ _ _ _ _ _ _ _ _ _ _ _ _ _ _ _ _ _ _ _
backend\tests\conftest.py:104: in test_user
    user = User(
..\..\anaconda3\envs\scrumix\lib\site-packages\sqlalchemy\orm\state.py:561: in _initialize_instance
    manager.dispatch.init(self, args, kwargs)
..\..\anaconda3\envs\scrumix\lib\site-packages\sqlalchemy\event\attr.py:487: in __call__
    fn(*args, **kw)
..\..\anaconda3\envs\scrumix\lib\site-packages\sqlalchemy\orm\mapper.py:4391: in _event_on_init
    instrumenting_mapper._check_configure()
..\..\anaconda3\envs\scrumix\lib\site-packages\sqlalchemy\orm\mapper.py:2386: in _check_configure
    _configure_registries({self.registry}, cascade=True)
..\..\anaconda3\envs\scrumix\lib\site-packages\sqlalchemy\orm\mapper.py:4199: in _configure_registries
    _do_configure_registries(registries, cascade)
_ _ _ _ _ _ _ _ _ _ _ _ _ _ _ _ _ _ _ _ _ _ _ _ _ _ _ _ _ _ _ _ _ _ _ _ _ _ _ _

registries = set(), cascade = True

    @util.preload_module("sqlalchemy.orm.decl_api")
    def _do_configure_registries(
        registries: Set[_RegistryType], cascade: bool
    ) -> None:
        registry = util.preloaded.orm_decl_api.registry
    
        orig = set(registries)
    
        for reg in registry._recurse_with_dependencies(registries):
            has_skip = False
    
            for mapper in reg._mappers_to_configure():
                run_configure = None
    
                for fn in mapper.dispatch.before_mapper_configured:
                    run_configure = fn(mapper, mapper.class_)
                    if run_configure is EXT_SKIP:
                        has_skip = True
                        break
                if run_configure is EXT_SKIP:
                    continue
    
                if getattr(mapper, "_configure_failed", False):
                    e = sa_exc.InvalidRequestError(
                        "One or more mappers failed to initialize - "
                        "can't proceed with initialization of other "
                        "mappers. Triggering mapper: '%s'. "
                        "Original exception was: %s"
                        % (mapper, mapper._configure_failed)
                    )
                    e._configure_failed = mapper._configure_failed  # type: ignore
>                   raise e
E                   sqlalchemy.exc.InvalidRequestError: One or more mappers failed to initialize - can't proceed with initialization of other mappers. Triggering mapper: 'Mapper[Sprint(sprints)]'. Original exception was: Mapper 'Mapper[Project(projects)]' has no property 'sprints'.  If this property was indicated from other mappers or configure events, ensure registry.configure() has been called.

..\..\anaconda3\envs\scrumix\lib\site-packages\sqlalchemy\orm\mapper.py:4236: InvalidRequestError
_ ERROR at setup of TestMeetingEndpoints.test_get_meetings_by_date_range_invalid _

fixturedef = <FixtureDef argname='test_user' scope='function' baseid='backend/tests'>
request = <SubRequest 'test_user' for <Function test_get_meetings_by_date_range_invalid>>

    @pytest.hookimpl(wrapper=True)
    def pytest_fixture_setup(fixturedef: FixtureDef, request) -> object | None:
        asyncio_mode = _get_asyncio_mode(request.config)
        if not _is_asyncio_fixture_function(fixturedef.func):
            if asyncio_mode == Mode.STRICT:
                # Ignore async fixtures without explicit asyncio mark in strict mode
                # This applies to pytest_trio fixtures, for example
>               return (yield)

..\..\anaconda3\envs\scrumix\lib\site-packages\pytest_asyncio\plugin.py:681: 
_ _ _ _ _ _ _ _ _ _ _ _ _ _ _ _ _ _ _ _ _ _ _ _ _ _ _ _ _ _ _ _ _ _ _ _ _ _ _ _
backend\tests\conftest.py:104: in test_user
    user = User(
..\..\anaconda3\envs\scrumix\lib\site-packages\sqlalchemy\orm\state.py:561: in _initialize_instance
    manager.dispatch.init(self, args, kwargs)
..\..\anaconda3\envs\scrumix\lib\site-packages\sqlalchemy\event\attr.py:487: in __call__
    fn(*args, **kw)
..\..\anaconda3\envs\scrumix\lib\site-packages\sqlalchemy\orm\mapper.py:4391: in _event_on_init
    instrumenting_mapper._check_configure()
..\..\anaconda3\envs\scrumix\lib\site-packages\sqlalchemy\orm\mapper.py:2386: in _check_configure
    _configure_registries({self.registry}, cascade=True)
..\..\anaconda3\envs\scrumix\lib\site-packages\sqlalchemy\orm\mapper.py:4199: in _configure_registries
    _do_configure_registries(registries, cascade)
_ _ _ _ _ _ _ _ _ _ _ _ _ _ _ _ _ _ _ _ _ _ _ _ _ _ _ _ _ _ _ _ _ _ _ _ _ _ _ _

registries = set(), cascade = True

    @util.preload_module("sqlalchemy.orm.decl_api")
    def _do_configure_registries(
        registries: Set[_RegistryType], cascade: bool
    ) -> None:
        registry = util.preloaded.orm_decl_api.registry
    
        orig = set(registries)
    
        for reg in registry._recurse_with_dependencies(registries):
            has_skip = False
    
            for mapper in reg._mappers_to_configure():
                run_configure = None
    
                for fn in mapper.dispatch.before_mapper_configured:
                    run_configure = fn(mapper, mapper.class_)
                    if run_configure is EXT_SKIP:
                        has_skip = True
                        break
                if run_configure is EXT_SKIP:
                    continue
    
                if getattr(mapper, "_configure_failed", False):
                    e = sa_exc.InvalidRequestError(
                        "One or more mappers failed to initialize - "
                        "can't proceed with initialization of other "
                        "mappers. Triggering mapper: '%s'. "
                        "Original exception was: %s"
                        % (mapper, mapper._configure_failed)
                    )
                    e._configure_failed = mapper._configure_failed  # type: ignore
>                   raise e
E                   sqlalchemy.exc.InvalidRequestError: One or more mappers failed to initialize - can't proceed with initialization of other mappers. Triggering mapper: 'Mapper[Sprint(sprints)]'. Original exception was: Mapper 'Mapper[Project(projects)]' has no property 'sprints'.  If this property was indicated from other mappers or configure events, ensure registry.configure() has been called.

..\..\anaconda3\envs\scrumix\lib\site-packages\sqlalchemy\orm\mapper.py:4236: InvalidRequestError
_____ ERROR at setup of TestMeetingEndpoints.test_get_meeting_statistics ______

fixturedef = <FixtureDef argname='test_user' scope='function' baseid='backend/tests'>
request = <SubRequest 'test_user' for <Function test_get_meeting_statistics>>

    @pytest.hookimpl(wrapper=True)
    def pytest_fixture_setup(fixturedef: FixtureDef, request) -> object | None:
        asyncio_mode = _get_asyncio_mode(request.config)
        if not _is_asyncio_fixture_function(fixturedef.func):
            if asyncio_mode == Mode.STRICT:
                # Ignore async fixtures without explicit asyncio mark in strict mode
                # This applies to pytest_trio fixtures, for example
>               return (yield)

..\..\anaconda3\envs\scrumix\lib\site-packages\pytest_asyncio\plugin.py:681: 
_ _ _ _ _ _ _ _ _ _ _ _ _ _ _ _ _ _ _ _ _ _ _ _ _ _ _ _ _ _ _ _ _ _ _ _ _ _ _ _
backend\tests\conftest.py:104: in test_user
    user = User(
..\..\anaconda3\envs\scrumix\lib\site-packages\sqlalchemy\orm\state.py:561: in _initialize_instance
    manager.dispatch.init(self, args, kwargs)
..\..\anaconda3\envs\scrumix\lib\site-packages\sqlalchemy\event\attr.py:487: in __call__
    fn(*args, **kw)
..\..\anaconda3\envs\scrumix\lib\site-packages\sqlalchemy\orm\mapper.py:4391: in _event_on_init
    instrumenting_mapper._check_configure()
..\..\anaconda3\envs\scrumix\lib\site-packages\sqlalchemy\orm\mapper.py:2386: in _check_configure
    _configure_registries({self.registry}, cascade=True)
..\..\anaconda3\envs\scrumix\lib\site-packages\sqlalchemy\orm\mapper.py:4199: in _configure_registries
    _do_configure_registries(registries, cascade)
_ _ _ _ _ _ _ _ _ _ _ _ _ _ _ _ _ _ _ _ _ _ _ _ _ _ _ _ _ _ _ _ _ _ _ _ _ _ _ _

registries = set(), cascade = True

    @util.preload_module("sqlalchemy.orm.decl_api")
    def _do_configure_registries(
        registries: Set[_RegistryType], cascade: bool
    ) -> None:
        registry = util.preloaded.orm_decl_api.registry
    
        orig = set(registries)
    
        for reg in registry._recurse_with_dependencies(registries):
            has_skip = False
    
            for mapper in reg._mappers_to_configure():
                run_configure = None
    
                for fn in mapper.dispatch.before_mapper_configured:
                    run_configure = fn(mapper, mapper.class_)
                    if run_configure is EXT_SKIP:
                        has_skip = True
                        break
                if run_configure is EXT_SKIP:
                    continue
    
                if getattr(mapper, "_configure_failed", False):
                    e = sa_exc.InvalidRequestError(
                        "One or more mappers failed to initialize - "
                        "can't proceed with initialization of other "
                        "mappers. Triggering mapper: '%s'. "
                        "Original exception was: %s"
                        % (mapper, mapper._configure_failed)
                    )
                    e._configure_failed = mapper._configure_failed  # type: ignore
>                   raise e
E                   sqlalchemy.exc.InvalidRequestError: One or more mappers failed to initialize - can't proceed with initialization of other mappers. Triggering mapper: 'Mapper[Sprint(sprints)]'. Original exception was: Mapper 'Mapper[Project(projects)]' has no property 'sprints'.  If this property was indicated from other mappers or configure events, ensure registry.configure() has been called.

..\..\anaconda3\envs\scrumix\lib\site-packages\sqlalchemy\orm\mapper.py:4236: InvalidRequestError
___ ERROR at setup of TestMeetingEndpoints.test_reschedule_meeting_success ____

fixturedef = <FixtureDef argname='test_user' scope='function' baseid='backend/tests'>
request = <SubRequest 'test_user' for <Function test_reschedule_meeting_success>>

    @pytest.hookimpl(wrapper=True)
    def pytest_fixture_setup(fixturedef: FixtureDef, request) -> object | None:
        asyncio_mode = _get_asyncio_mode(request.config)
        if not _is_asyncio_fixture_function(fixturedef.func):
            if asyncio_mode == Mode.STRICT:
                # Ignore async fixtures without explicit asyncio mark in strict mode
                # This applies to pytest_trio fixtures, for example
>               return (yield)

..\..\anaconda3\envs\scrumix\lib\site-packages\pytest_asyncio\plugin.py:681: 
_ _ _ _ _ _ _ _ _ _ _ _ _ _ _ _ _ _ _ _ _ _ _ _ _ _ _ _ _ _ _ _ _ _ _ _ _ _ _ _
backend\tests\conftest.py:104: in test_user
    user = User(
..\..\anaconda3\envs\scrumix\lib\site-packages\sqlalchemy\orm\state.py:561: in _initialize_instance
    manager.dispatch.init(self, args, kwargs)
..\..\anaconda3\envs\scrumix\lib\site-packages\sqlalchemy\event\attr.py:487: in __call__
    fn(*args, **kw)
..\..\anaconda3\envs\scrumix\lib\site-packages\sqlalchemy\orm\mapper.py:4391: in _event_on_init
    instrumenting_mapper._check_configure()
..\..\anaconda3\envs\scrumix\lib\site-packages\sqlalchemy\orm\mapper.py:2386: in _check_configure
    _configure_registries({self.registry}, cascade=True)
..\..\anaconda3\envs\scrumix\lib\site-packages\sqlalchemy\orm\mapper.py:4199: in _configure_registries
    _do_configure_registries(registries, cascade)
_ _ _ _ _ _ _ _ _ _ _ _ _ _ _ _ _ _ _ _ _ _ _ _ _ _ _ _ _ _ _ _ _ _ _ _ _ _ _ _

registries = set(), cascade = True

    @util.preload_module("sqlalchemy.orm.decl_api")
    def _do_configure_registries(
        registries: Set[_RegistryType], cascade: bool
    ) -> None:
        registry = util.preloaded.orm_decl_api.registry
    
        orig = set(registries)
    
        for reg in registry._recurse_with_dependencies(registries):
            has_skip = False
    
            for mapper in reg._mappers_to_configure():
                run_configure = None
    
                for fn in mapper.dispatch.before_mapper_configured:
                    run_configure = fn(mapper, mapper.class_)
                    if run_configure is EXT_SKIP:
                        has_skip = True
                        break
                if run_configure is EXT_SKIP:
                    continue
    
                if getattr(mapper, "_configure_failed", False):
                    e = sa_exc.InvalidRequestError(
                        "One or more mappers failed to initialize - "
                        "can't proceed with initialization of other "
                        "mappers. Triggering mapper: '%s'. "
                        "Original exception was: %s"
                        % (mapper, mapper._configure_failed)
                    )
                    e._configure_failed = mapper._configure_failed  # type: ignore
>                   raise e
E                   sqlalchemy.exc.InvalidRequestError: One or more mappers failed to initialize - can't proceed with initialization of other mappers. Triggering mapper: 'Mapper[Sprint(sprints)]'. Original exception was: Mapper 'Mapper[Project(projects)]' has no property 'sprints'.  If this property was indicated from other mappers or configure events, ensure registry.configure() has been called.

..\..\anaconda3\envs\scrumix\lib\site-packages\sqlalchemy\orm\mapper.py:4236: InvalidRequestError
__ ERROR at setup of TestMeetingEndpoints.test_reschedule_meeting_not_found ___

fixturedef = <FixtureDef argname='test_user' scope='function' baseid='backend/tests'>
request = <SubRequest 'test_user' for <Function test_reschedule_meeting_not_found>>

    @pytest.hookimpl(wrapper=True)
    def pytest_fixture_setup(fixturedef: FixtureDef, request) -> object | None:
        asyncio_mode = _get_asyncio_mode(request.config)
        if not _is_asyncio_fixture_function(fixturedef.func):
            if asyncio_mode == Mode.STRICT:
                # Ignore async fixtures without explicit asyncio mark in strict mode
                # This applies to pytest_trio fixtures, for example
>               return (yield)

..\..\anaconda3\envs\scrumix\lib\site-packages\pytest_asyncio\plugin.py:681: 
_ _ _ _ _ _ _ _ _ _ _ _ _ _ _ _ _ _ _ _ _ _ _ _ _ _ _ _ _ _ _ _ _ _ _ _ _ _ _ _
backend\tests\conftest.py:104: in test_user
    user = User(
..\..\anaconda3\envs\scrumix\lib\site-packages\sqlalchemy\orm\state.py:561: in _initialize_instance
    manager.dispatch.init(self, args, kwargs)
..\..\anaconda3\envs\scrumix\lib\site-packages\sqlalchemy\event\attr.py:487: in __call__
    fn(*args, **kw)
..\..\anaconda3\envs\scrumix\lib\site-packages\sqlalchemy\orm\mapper.py:4391: in _event_on_init
    instrumenting_mapper._check_configure()
..\..\anaconda3\envs\scrumix\lib\site-packages\sqlalchemy\orm\mapper.py:2386: in _check_configure
    _configure_registries({self.registry}, cascade=True)
..\..\anaconda3\envs\scrumix\lib\site-packages\sqlalchemy\orm\mapper.py:4199: in _configure_registries
    _do_configure_registries(registries, cascade)
_ _ _ _ _ _ _ _ _ _ _ _ _ _ _ _ _ _ _ _ _ _ _ _ _ _ _ _ _ _ _ _ _ _ _ _ _ _ _ _

registries = set(), cascade = True

    @util.preload_module("sqlalchemy.orm.decl_api")
    def _do_configure_registries(
        registries: Set[_RegistryType], cascade: bool
    ) -> None:
        registry = util.preloaded.orm_decl_api.registry
    
        orig = set(registries)
    
        for reg in registry._recurse_with_dependencies(registries):
            has_skip = False
    
            for mapper in reg._mappers_to_configure():
                run_configure = None
    
                for fn in mapper.dispatch.before_mapper_configured:
                    run_configure = fn(mapper, mapper.class_)
                    if run_configure is EXT_SKIP:
                        has_skip = True
                        break
                if run_configure is EXT_SKIP:
                    continue
    
                if getattr(mapper, "_configure_failed", False):
                    e = sa_exc.InvalidRequestError(
                        "One or more mappers failed to initialize - "
                        "can't proceed with initialization of other "
                        "mappers. Triggering mapper: '%s'. "
                        "Original exception was: %s"
                        % (mapper, mapper._configure_failed)
                    )
                    e._configure_failed = mapper._configure_failed  # type: ignore
>                   raise e
E                   sqlalchemy.exc.InvalidRequestError: One or more mappers failed to initialize - can't proceed with initialization of other mappers. Triggering mapper: 'Mapper[Sprint(sprints)]'. Original exception was: Mapper 'Mapper[Project(projects)]' has no property 'sprints'.  If this property was indicated from other mappers or configure events, ensure registry.configure() has been called.

..\..\anaconda3\envs\scrumix\lib\site-packages\sqlalchemy\orm\mapper.py:4236: InvalidRequestError
______ ERROR at setup of TestProjectEndpoints.test_get_projects_success _______

fixturedef = <FixtureDef argname='test_user' scope='function' baseid='backend/tests'>
request = <SubRequest 'test_user' for <Function test_get_projects_success>>

    @pytest.hookimpl(wrapper=True)
    def pytest_fixture_setup(fixturedef: FixtureDef, request) -> object | None:
        asyncio_mode = _get_asyncio_mode(request.config)
        if not _is_asyncio_fixture_function(fixturedef.func):
            if asyncio_mode == Mode.STRICT:
                # Ignore async fixtures without explicit asyncio mark in strict mode
                # This applies to pytest_trio fixtures, for example
>               return (yield)

..\..\anaconda3\envs\scrumix\lib\site-packages\pytest_asyncio\plugin.py:681: 
_ _ _ _ _ _ _ _ _ _ _ _ _ _ _ _ _ _ _ _ _ _ _ _ _ _ _ _ _ _ _ _ _ _ _ _ _ _ _ _
backend\tests\conftest.py:104: in test_user
    user = User(
..\..\anaconda3\envs\scrumix\lib\site-packages\sqlalchemy\orm\state.py:561: in _initialize_instance
    manager.dispatch.init(self, args, kwargs)
..\..\anaconda3\envs\scrumix\lib\site-packages\sqlalchemy\event\attr.py:487: in __call__
    fn(*args, **kw)
..\..\anaconda3\envs\scrumix\lib\site-packages\sqlalchemy\orm\mapper.py:4391: in _event_on_init
    instrumenting_mapper._check_configure()
..\..\anaconda3\envs\scrumix\lib\site-packages\sqlalchemy\orm\mapper.py:2386: in _check_configure
    _configure_registries({self.registry}, cascade=True)
..\..\anaconda3\envs\scrumix\lib\site-packages\sqlalchemy\orm\mapper.py:4199: in _configure_registries
    _do_configure_registries(registries, cascade)
_ _ _ _ _ _ _ _ _ _ _ _ _ _ _ _ _ _ _ _ _ _ _ _ _ _ _ _ _ _ _ _ _ _ _ _ _ _ _ _

registries = set(), cascade = True

    @util.preload_module("sqlalchemy.orm.decl_api")
    def _do_configure_registries(
        registries: Set[_RegistryType], cascade: bool
    ) -> None:
        registry = util.preloaded.orm_decl_api.registry
    
        orig = set(registries)
    
        for reg in registry._recurse_with_dependencies(registries):
            has_skip = False
    
            for mapper in reg._mappers_to_configure():
                run_configure = None
    
                for fn in mapper.dispatch.before_mapper_configured:
                    run_configure = fn(mapper, mapper.class_)
                    if run_configure is EXT_SKIP:
                        has_skip = True
                        break
                if run_configure is EXT_SKIP:
                    continue
    
                if getattr(mapper, "_configure_failed", False):
                    e = sa_exc.InvalidRequestError(
                        "One or more mappers failed to initialize - "
                        "can't proceed with initialization of other "
                        "mappers. Triggering mapper: '%s'. "
                        "Original exception was: %s"
                        % (mapper, mapper._configure_failed)
                    )
                    e._configure_failed = mapper._configure_failed  # type: ignore
>                   raise e
E                   sqlalchemy.exc.InvalidRequestError: One or more mappers failed to initialize - can't proceed with initialization of other mappers. Triggering mapper: 'Mapper[Sprint(sprints)]'. Original exception was: Mapper 'Mapper[Project(projects)]' has no property 'sprints'.  If this property was indicated from other mappers or configure events, ensure registry.configure() has been called.

..\..\anaconda3\envs\scrumix\lib\site-packages\sqlalchemy\orm\mapper.py:4236: InvalidRequestError
__ ERROR at setup of TestProjectEndpoints.test_get_projects_with_pagination ___

fixturedef = <FixtureDef argname='test_user' scope='function' baseid='backend/tests'>
request = <SubRequest 'test_user' for <Function test_get_projects_with_pagination>>

    @pytest.hookimpl(wrapper=True)
    def pytest_fixture_setup(fixturedef: FixtureDef, request) -> object | None:
        asyncio_mode = _get_asyncio_mode(request.config)
        if not _is_asyncio_fixture_function(fixturedef.func):
            if asyncio_mode == Mode.STRICT:
                # Ignore async fixtures without explicit asyncio mark in strict mode
                # This applies to pytest_trio fixtures, for example
>               return (yield)

..\..\anaconda3\envs\scrumix\lib\site-packages\pytest_asyncio\plugin.py:681: 
_ _ _ _ _ _ _ _ _ _ _ _ _ _ _ _ _ _ _ _ _ _ _ _ _ _ _ _ _ _ _ _ _ _ _ _ _ _ _ _
backend\tests\conftest.py:104: in test_user
    user = User(
..\..\anaconda3\envs\scrumix\lib\site-packages\sqlalchemy\orm\state.py:561: in _initialize_instance
    manager.dispatch.init(self, args, kwargs)
..\..\anaconda3\envs\scrumix\lib\site-packages\sqlalchemy\event\attr.py:487: in __call__
    fn(*args, **kw)
..\..\anaconda3\envs\scrumix\lib\site-packages\sqlalchemy\orm\mapper.py:4391: in _event_on_init
    instrumenting_mapper._check_configure()
..\..\anaconda3\envs\scrumix\lib\site-packages\sqlalchemy\orm\mapper.py:2386: in _check_configure
    _configure_registries({self.registry}, cascade=True)
..\..\anaconda3\envs\scrumix\lib\site-packages\sqlalchemy\orm\mapper.py:4199: in _configure_registries
    _do_configure_registries(registries, cascade)
_ _ _ _ _ _ _ _ _ _ _ _ _ _ _ _ _ _ _ _ _ _ _ _ _ _ _ _ _ _ _ _ _ _ _ _ _ _ _ _

registries = set(), cascade = True

    @util.preload_module("sqlalchemy.orm.decl_api")
    def _do_configure_registries(
        registries: Set[_RegistryType], cascade: bool
    ) -> None:
        registry = util.preloaded.orm_decl_api.registry
    
        orig = set(registries)
    
        for reg in registry._recurse_with_dependencies(registries):
            has_skip = False
    
            for mapper in reg._mappers_to_configure():
                run_configure = None
    
                for fn in mapper.dispatch.before_mapper_configured:
                    run_configure = fn(mapper, mapper.class_)
                    if run_configure is EXT_SKIP:
                        has_skip = True
                        break
                if run_configure is EXT_SKIP:
                    continue
    
                if getattr(mapper, "_configure_failed", False):
                    e = sa_exc.InvalidRequestError(
                        "One or more mappers failed to initialize - "
                        "can't proceed with initialization of other "
                        "mappers. Triggering mapper: '%s'. "
                        "Original exception was: %s"
                        % (mapper, mapper._configure_failed)
                    )
                    e._configure_failed = mapper._configure_failed  # type: ignore
>                   raise e
E                   sqlalchemy.exc.InvalidRequestError: One or more mappers failed to initialize - can't proceed with initialization of other mappers. Triggering mapper: 'Mapper[Sprint(sprints)]'. Original exception was: Mapper 'Mapper[Project(projects)]' has no property 'sprints'.  If this property was indicated from other mappers or configure events, ensure registry.configure() has been called.

..\..\anaconda3\envs\scrumix\lib\site-packages\sqlalchemy\orm\mapper.py:4236: InvalidRequestError
_ ERROR at setup of TestProjectEndpoints.test_get_projects_with_status_filter _

fixturedef = <FixtureDef argname='test_user' scope='function' baseid='backend/tests'>
request = <SubRequest 'test_user' for <Function test_get_projects_with_status_filter>>

    @pytest.hookimpl(wrapper=True)
    def pytest_fixture_setup(fixturedef: FixtureDef, request) -> object | None:
        asyncio_mode = _get_asyncio_mode(request.config)
        if not _is_asyncio_fixture_function(fixturedef.func):
            if asyncio_mode == Mode.STRICT:
                # Ignore async fixtures without explicit asyncio mark in strict mode
                # This applies to pytest_trio fixtures, for example
>               return (yield)

..\..\anaconda3\envs\scrumix\lib\site-packages\pytest_asyncio\plugin.py:681: 
_ _ _ _ _ _ _ _ _ _ _ _ _ _ _ _ _ _ _ _ _ _ _ _ _ _ _ _ _ _ _ _ _ _ _ _ _ _ _ _
backend\tests\conftest.py:104: in test_user
    user = User(
..\..\anaconda3\envs\scrumix\lib\site-packages\sqlalchemy\orm\state.py:561: in _initialize_instance
    manager.dispatch.init(self, args, kwargs)
..\..\anaconda3\envs\scrumix\lib\site-packages\sqlalchemy\event\attr.py:487: in __call__
    fn(*args, **kw)
..\..\anaconda3\envs\scrumix\lib\site-packages\sqlalchemy\orm\mapper.py:4391: in _event_on_init
    instrumenting_mapper._check_configure()
..\..\anaconda3\envs\scrumix\lib\site-packages\sqlalchemy\orm\mapper.py:2386: in _check_configure
    _configure_registries({self.registry}, cascade=True)
..\..\anaconda3\envs\scrumix\lib\site-packages\sqlalchemy\orm\mapper.py:4199: in _configure_registries
    _do_configure_registries(registries, cascade)
_ _ _ _ _ _ _ _ _ _ _ _ _ _ _ _ _ _ _ _ _ _ _ _ _ _ _ _ _ _ _ _ _ _ _ _ _ _ _ _

registries = set(), cascade = True

    @util.preload_module("sqlalchemy.orm.decl_api")
    def _do_configure_registries(
        registries: Set[_RegistryType], cascade: bool
    ) -> None:
        registry = util.preloaded.orm_decl_api.registry
    
        orig = set(registries)
    
        for reg in registry._recurse_with_dependencies(registries):
            has_skip = False
    
            for mapper in reg._mappers_to_configure():
                run_configure = None
    
                for fn in mapper.dispatch.before_mapper_configured:
                    run_configure = fn(mapper, mapper.class_)
                    if run_configure is EXT_SKIP:
                        has_skip = True
                        break
                if run_configure is EXT_SKIP:
                    continue
    
                if getattr(mapper, "_configure_failed", False):
                    e = sa_exc.InvalidRequestError(
                        "One or more mappers failed to initialize - "
                        "can't proceed with initialization of other "
                        "mappers. Triggering mapper: '%s'. "
                        "Original exception was: %s"
                        % (mapper, mapper._configure_failed)
                    )
                    e._configure_failed = mapper._configure_failed  # type: ignore
>                   raise e
E                   sqlalchemy.exc.InvalidRequestError: One or more mappers failed to initialize - can't proceed with initialization of other mappers. Triggering mapper: 'Mapper[Sprint(sprints)]'. Original exception was: Mapper 'Mapper[Project(projects)]' has no property 'sprints'.  If this property was indicated from other mappers or configure events, ensure registry.configure() has been called.

..\..\anaconda3\envs\scrumix\lib\site-packages\sqlalchemy\orm\mapper.py:4236: InvalidRequestError
_ ERROR at setup of TestProjectEndpoints.test_get_projects_with_invalid_status _

fixturedef = <FixtureDef argname='test_user' scope='function' baseid='backend/tests'>
request = <SubRequest 'test_user' for <Function test_get_projects_with_invalid_status>>

    @pytest.hookimpl(wrapper=True)
    def pytest_fixture_setup(fixturedef: FixtureDef, request) -> object | None:
        asyncio_mode = _get_asyncio_mode(request.config)
        if not _is_asyncio_fixture_function(fixturedef.func):
            if asyncio_mode == Mode.STRICT:
                # Ignore async fixtures without explicit asyncio mark in strict mode
                # This applies to pytest_trio fixtures, for example
>               return (yield)

..\..\anaconda3\envs\scrumix\lib\site-packages\pytest_asyncio\plugin.py:681: 
_ _ _ _ _ _ _ _ _ _ _ _ _ _ _ _ _ _ _ _ _ _ _ _ _ _ _ _ _ _ _ _ _ _ _ _ _ _ _ _
backend\tests\conftest.py:104: in test_user
    user = User(
..\..\anaconda3\envs\scrumix\lib\site-packages\sqlalchemy\orm\state.py:561: in _initialize_instance
    manager.dispatch.init(self, args, kwargs)
..\..\anaconda3\envs\scrumix\lib\site-packages\sqlalchemy\event\attr.py:487: in __call__
    fn(*args, **kw)
..\..\anaconda3\envs\scrumix\lib\site-packages\sqlalchemy\orm\mapper.py:4391: in _event_on_init
    instrumenting_mapper._check_configure()
..\..\anaconda3\envs\scrumix\lib\site-packages\sqlalchemy\orm\mapper.py:2386: in _check_configure
    _configure_registries({self.registry}, cascade=True)
..\..\anaconda3\envs\scrumix\lib\site-packages\sqlalchemy\orm\mapper.py:4199: in _configure_registries
    _do_configure_registries(registries, cascade)
_ _ _ _ _ _ _ _ _ _ _ _ _ _ _ _ _ _ _ _ _ _ _ _ _ _ _ _ _ _ _ _ _ _ _ _ _ _ _ _

registries = set(), cascade = True

    @util.preload_module("sqlalchemy.orm.decl_api")
    def _do_configure_registries(
        registries: Set[_RegistryType], cascade: bool
    ) -> None:
        registry = util.preloaded.orm_decl_api.registry
    
        orig = set(registries)
    
        for reg in registry._recurse_with_dependencies(registries):
            has_skip = False
    
            for mapper in reg._mappers_to_configure():
                run_configure = None
    
                for fn in mapper.dispatch.before_mapper_configured:
                    run_configure = fn(mapper, mapper.class_)
                    if run_configure is EXT_SKIP:
                        has_skip = True
                        break
                if run_configure is EXT_SKIP:
                    continue
    
                if getattr(mapper, "_configure_failed", False):
                    e = sa_exc.InvalidRequestError(
                        "One or more mappers failed to initialize - "
                        "can't proceed with initialization of other "
                        "mappers. Triggering mapper: '%s'. "
                        "Original exception was: %s"
                        % (mapper, mapper._configure_failed)
                    )
                    e._configure_failed = mapper._configure_failed  # type: ignore
>                   raise e
E                   sqlalchemy.exc.InvalidRequestError: One or more mappers failed to initialize - can't proceed with initialization of other mappers. Triggering mapper: 'Mapper[Sprint(sprints)]'. Original exception was: Mapper 'Mapper[Project(projects)]' has no property 'sprints'.  If this property was indicated from other mappers or configure events, ensure registry.configure() has been called.

..\..\anaconda3\envs\scrumix\lib\site-packages\sqlalchemy\orm\mapper.py:4236: InvalidRequestError
____ ERROR at setup of TestProjectEndpoints.test_get_projects_with_search _____

fixturedef = <FixtureDef argname='test_user' scope='function' baseid='backend/tests'>
request = <SubRequest 'test_user' for <Function test_get_projects_with_search>>

    @pytest.hookimpl(wrapper=True)
    def pytest_fixture_setup(fixturedef: FixtureDef, request) -> object | None:
        asyncio_mode = _get_asyncio_mode(request.config)
        if not _is_asyncio_fixture_function(fixturedef.func):
            if asyncio_mode == Mode.STRICT:
                # Ignore async fixtures without explicit asyncio mark in strict mode
                # This applies to pytest_trio fixtures, for example
>               return (yield)

..\..\anaconda3\envs\scrumix\lib\site-packages\pytest_asyncio\plugin.py:681: 
_ _ _ _ _ _ _ _ _ _ _ _ _ _ _ _ _ _ _ _ _ _ _ _ _ _ _ _ _ _ _ _ _ _ _ _ _ _ _ _
backend\tests\conftest.py:104: in test_user
    user = User(
..\..\anaconda3\envs\scrumix\lib\site-packages\sqlalchemy\orm\state.py:561: in _initialize_instance
    manager.dispatch.init(self, args, kwargs)
..\..\anaconda3\envs\scrumix\lib\site-packages\sqlalchemy\event\attr.py:487: in __call__
    fn(*args, **kw)
..\..\anaconda3\envs\scrumix\lib\site-packages\sqlalchemy\orm\mapper.py:4391: in _event_on_init
    instrumenting_mapper._check_configure()
..\..\anaconda3\envs\scrumix\lib\site-packages\sqlalchemy\orm\mapper.py:2386: in _check_configure
    _configure_registries({self.registry}, cascade=True)
..\..\anaconda3\envs\scrumix\lib\site-packages\sqlalchemy\orm\mapper.py:4199: in _configure_registries
    _do_configure_registries(registries, cascade)
_ _ _ _ _ _ _ _ _ _ _ _ _ _ _ _ _ _ _ _ _ _ _ _ _ _ _ _ _ _ _ _ _ _ _ _ _ _ _ _

registries = set(), cascade = True

    @util.preload_module("sqlalchemy.orm.decl_api")
    def _do_configure_registries(
        registries: Set[_RegistryType], cascade: bool
    ) -> None:
        registry = util.preloaded.orm_decl_api.registry
    
        orig = set(registries)
    
        for reg in registry._recurse_with_dependencies(registries):
            has_skip = False
    
            for mapper in reg._mappers_to_configure():
                run_configure = None
    
                for fn in mapper.dispatch.before_mapper_configured:
                    run_configure = fn(mapper, mapper.class_)
                    if run_configure is EXT_SKIP:
                        has_skip = True
                        break
                if run_configure is EXT_SKIP:
                    continue
    
                if getattr(mapper, "_configure_failed", False):
                    e = sa_exc.InvalidRequestError(
                        "One or more mappers failed to initialize - "
                        "can't proceed with initialization of other "
                        "mappers. Triggering mapper: '%s'. "
                        "Original exception was: %s"
                        % (mapper, mapper._configure_failed)
                    )
                    e._configure_failed = mapper._configure_failed  # type: ignore
>                   raise e
E                   sqlalchemy.exc.InvalidRequestError: One or more mappers failed to initialize - can't proceed with initialization of other mappers. Triggering mapper: 'Mapper[Sprint(sprints)]'. Original exception was: Mapper 'Mapper[Project(projects)]' has no property 'sprints'.  If this property was indicated from other mappers or configure events, ensure registry.configure() has been called.

..\..\anaconda3\envs\scrumix\lib\site-packages\sqlalchemy\orm\mapper.py:4236: InvalidRequestError
_____ ERROR at setup of TestProjectEndpoints.test_create_project_success ______

fixturedef = <FixtureDef argname='test_user' scope='function' baseid='backend/tests'>
request = <SubRequest 'test_user' for <Function test_create_project_success>>

    @pytest.hookimpl(wrapper=True)
    def pytest_fixture_setup(fixturedef: FixtureDef, request) -> object | None:
        asyncio_mode = _get_asyncio_mode(request.config)
        if not _is_asyncio_fixture_function(fixturedef.func):
            if asyncio_mode == Mode.STRICT:
                # Ignore async fixtures without explicit asyncio mark in strict mode
                # This applies to pytest_trio fixtures, for example
>               return (yield)

..\..\anaconda3\envs\scrumix\lib\site-packages\pytest_asyncio\plugin.py:681: 
_ _ _ _ _ _ _ _ _ _ _ _ _ _ _ _ _ _ _ _ _ _ _ _ _ _ _ _ _ _ _ _ _ _ _ _ _ _ _ _
backend\tests\conftest.py:104: in test_user
    user = User(
..\..\anaconda3\envs\scrumix\lib\site-packages\sqlalchemy\orm\state.py:561: in _initialize_instance
    manager.dispatch.init(self, args, kwargs)
..\..\anaconda3\envs\scrumix\lib\site-packages\sqlalchemy\event\attr.py:487: in __call__
    fn(*args, **kw)
..\..\anaconda3\envs\scrumix\lib\site-packages\sqlalchemy\orm\mapper.py:4391: in _event_on_init
    instrumenting_mapper._check_configure()
..\..\anaconda3\envs\scrumix\lib\site-packages\sqlalchemy\orm\mapper.py:2386: in _check_configure
    _configure_registries({self.registry}, cascade=True)
..\..\anaconda3\envs\scrumix\lib\site-packages\sqlalchemy\orm\mapper.py:4199: in _configure_registries
    _do_configure_registries(registries, cascade)
_ _ _ _ _ _ _ _ _ _ _ _ _ _ _ _ _ _ _ _ _ _ _ _ _ _ _ _ _ _ _ _ _ _ _ _ _ _ _ _

registries = set(), cascade = True

    @util.preload_module("sqlalchemy.orm.decl_api")
    def _do_configure_registries(
        registries: Set[_RegistryType], cascade: bool
    ) -> None:
        registry = util.preloaded.orm_decl_api.registry
    
        orig = set(registries)
    
        for reg in registry._recurse_with_dependencies(registries):
            has_skip = False
    
            for mapper in reg._mappers_to_configure():
                run_configure = None
    
                for fn in mapper.dispatch.before_mapper_configured:
                    run_configure = fn(mapper, mapper.class_)
                    if run_configure is EXT_SKIP:
                        has_skip = True
                        break
                if run_configure is EXT_SKIP:
                    continue
    
                if getattr(mapper, "_configure_failed", False):
                    e = sa_exc.InvalidRequestError(
                        "One or more mappers failed to initialize - "
                        "can't proceed with initialization of other "
                        "mappers. Triggering mapper: '%s'. "
                        "Original exception was: %s"
                        % (mapper, mapper._configure_failed)
                    )
                    e._configure_failed = mapper._configure_failed  # type: ignore
>                   raise e
E                   sqlalchemy.exc.InvalidRequestError: One or more mappers failed to initialize - can't proceed with initialization of other mappers. Triggering mapper: 'Mapper[Sprint(sprints)]'. Original exception was: Mapper 'Mapper[Project(projects)]' has no property 'sprints'.  If this property was indicated from other mappers or configure events, ensure registry.configure() has been called.

..\..\anaconda3\envs\scrumix\lib\site-packages\sqlalchemy\orm\mapper.py:4236: InvalidRequestError
__ ERROR at setup of TestProjectEndpoints.test_create_project_duplicate_name __

fixturedef = <FixtureDef argname='test_user' scope='function' baseid='backend/tests'>
request = <SubRequest 'test_user' for <Function test_create_project_duplicate_name>>

    @pytest.hookimpl(wrapper=True)
    def pytest_fixture_setup(fixturedef: FixtureDef, request) -> object | None:
        asyncio_mode = _get_asyncio_mode(request.config)
        if not _is_asyncio_fixture_function(fixturedef.func):
            if asyncio_mode == Mode.STRICT:
                # Ignore async fixtures without explicit asyncio mark in strict mode
                # This applies to pytest_trio fixtures, for example
>               return (yield)

..\..\anaconda3\envs\scrumix\lib\site-packages\pytest_asyncio\plugin.py:681: 
_ _ _ _ _ _ _ _ _ _ _ _ _ _ _ _ _ _ _ _ _ _ _ _ _ _ _ _ _ _ _ _ _ _ _ _ _ _ _ _
backend\tests\conftest.py:104: in test_user
    user = User(
..\..\anaconda3\envs\scrumix\lib\site-packages\sqlalchemy\orm\state.py:561: in _initialize_instance
    manager.dispatch.init(self, args, kwargs)
..\..\anaconda3\envs\scrumix\lib\site-packages\sqlalchemy\event\attr.py:487: in __call__
    fn(*args, **kw)
..\..\anaconda3\envs\scrumix\lib\site-packages\sqlalchemy\orm\mapper.py:4391: in _event_on_init
    instrumenting_mapper._check_configure()
..\..\anaconda3\envs\scrumix\lib\site-packages\sqlalchemy\orm\mapper.py:2386: in _check_configure
    _configure_registries({self.registry}, cascade=True)
..\..\anaconda3\envs\scrumix\lib\site-packages\sqlalchemy\orm\mapper.py:4199: in _configure_registries
    _do_configure_registries(registries, cascade)
_ _ _ _ _ _ _ _ _ _ _ _ _ _ _ _ _ _ _ _ _ _ _ _ _ _ _ _ _ _ _ _ _ _ _ _ _ _ _ _

registries = set(), cascade = True

    @util.preload_module("sqlalchemy.orm.decl_api")
    def _do_configure_registries(
        registries: Set[_RegistryType], cascade: bool
    ) -> None:
        registry = util.preloaded.orm_decl_api.registry
    
        orig = set(registries)
    
        for reg in registry._recurse_with_dependencies(registries):
            has_skip = False
    
            for mapper in reg._mappers_to_configure():
                run_configure = None
    
                for fn in mapper.dispatch.before_mapper_configured:
                    run_configure = fn(mapper, mapper.class_)
                    if run_configure is EXT_SKIP:
                        has_skip = True
                        break
                if run_configure is EXT_SKIP:
                    continue
    
                if getattr(mapper, "_configure_failed", False):
                    e = sa_exc.InvalidRequestError(
                        "One or more mappers failed to initialize - "
                        "can't proceed with initialization of other "
                        "mappers. Triggering mapper: '%s'. "
                        "Original exception was: %s"
                        % (mapper, mapper._configure_failed)
                    )
                    e._configure_failed = mapper._configure_failed  # type: ignore
>                   raise e
E                   sqlalchemy.exc.InvalidRequestError: One or more mappers failed to initialize - can't proceed with initialization of other mappers. Triggering mapper: 'Mapper[Sprint(sprints)]'. Original exception was: Mapper 'Mapper[Project(projects)]' has no property 'sprints'.  If this property was indicated from other mappers or configure events, ensure registry.configure() has been called.

..\..\anaconda3\envs\scrumix\lib\site-packages\sqlalchemy\orm\mapper.py:4236: InvalidRequestError
___ ERROR at setup of TestProjectEndpoints.test_create_project_invalid_data ___

fixturedef = <FixtureDef argname='test_user' scope='function' baseid='backend/tests'>
request = <SubRequest 'test_user' for <Function test_create_project_invalid_data>>

    @pytest.hookimpl(wrapper=True)
    def pytest_fixture_setup(fixturedef: FixtureDef, request) -> object | None:
        asyncio_mode = _get_asyncio_mode(request.config)
        if not _is_asyncio_fixture_function(fixturedef.func):
            if asyncio_mode == Mode.STRICT:
                # Ignore async fixtures without explicit asyncio mark in strict mode
                # This applies to pytest_trio fixtures, for example
>               return (yield)

..\..\anaconda3\envs\scrumix\lib\site-packages\pytest_asyncio\plugin.py:681: 
_ _ _ _ _ _ _ _ _ _ _ _ _ _ _ _ _ _ _ _ _ _ _ _ _ _ _ _ _ _ _ _ _ _ _ _ _ _ _ _
backend\tests\conftest.py:104: in test_user
    user = User(
..\..\anaconda3\envs\scrumix\lib\site-packages\sqlalchemy\orm\state.py:561: in _initialize_instance
    manager.dispatch.init(self, args, kwargs)
..\..\anaconda3\envs\scrumix\lib\site-packages\sqlalchemy\event\attr.py:487: in __call__
    fn(*args, **kw)
..\..\anaconda3\envs\scrumix\lib\site-packages\sqlalchemy\orm\mapper.py:4391: in _event_on_init
    instrumenting_mapper._check_configure()
..\..\anaconda3\envs\scrumix\lib\site-packages\sqlalchemy\orm\mapper.py:2386: in _check_configure
    _configure_registries({self.registry}, cascade=True)
..\..\anaconda3\envs\scrumix\lib\site-packages\sqlalchemy\orm\mapper.py:4199: in _configure_registries
    _do_configure_registries(registries, cascade)
_ _ _ _ _ _ _ _ _ _ _ _ _ _ _ _ _ _ _ _ _ _ _ _ _ _ _ _ _ _ _ _ _ _ _ _ _ _ _ _

registries = set(), cascade = True

    @util.preload_module("sqlalchemy.orm.decl_api")
    def _do_configure_registries(
        registries: Set[_RegistryType], cascade: bool
    ) -> None:
        registry = util.preloaded.orm_decl_api.registry
    
        orig = set(registries)
    
        for reg in registry._recurse_with_dependencies(registries):
            has_skip = False
    
            for mapper in reg._mappers_to_configure():
                run_configure = None
    
                for fn in mapper.dispatch.before_mapper_configured:
                    run_configure = fn(mapper, mapper.class_)
                    if run_configure is EXT_SKIP:
                        has_skip = True
                        break
                if run_configure is EXT_SKIP:
                    continue
    
                if getattr(mapper, "_configure_failed", False):
                    e = sa_exc.InvalidRequestError(
                        "One or more mappers failed to initialize - "
                        "can't proceed with initialization of other "
                        "mappers. Triggering mapper: '%s'. "
                        "Original exception was: %s"
                        % (mapper, mapper._configure_failed)
                    )
                    e._configure_failed = mapper._configure_failed  # type: ignore
>                   raise e
E                   sqlalchemy.exc.InvalidRequestError: One or more mappers failed to initialize - can't proceed with initialization of other mappers. Triggering mapper: 'Mapper[Sprint(sprints)]'. Original exception was: Mapper 'Mapper[Project(projects)]' has no property 'sprints'.  If this property was indicated from other mappers or configure events, ensure registry.configure() has been called.

..\..\anaconda3\envs\scrumix\lib\site-packages\sqlalchemy\orm\mapper.py:4236: InvalidRequestError
____ ERROR at setup of TestProjectEndpoints.test_get_project_by_id_success ____

fixturedef = <FixtureDef argname='test_user' scope='function' baseid='backend/tests'>
request = <SubRequest 'test_user' for <Function test_get_project_by_id_success>>

    @pytest.hookimpl(wrapper=True)
    def pytest_fixture_setup(fixturedef: FixtureDef, request) -> object | None:
        asyncio_mode = _get_asyncio_mode(request.config)
        if not _is_asyncio_fixture_function(fixturedef.func):
            if asyncio_mode == Mode.STRICT:
                # Ignore async fixtures without explicit asyncio mark in strict mode
                # This applies to pytest_trio fixtures, for example
>               return (yield)

..\..\anaconda3\envs\scrumix\lib\site-packages\pytest_asyncio\plugin.py:681: 
_ _ _ _ _ _ _ _ _ _ _ _ _ _ _ _ _ _ _ _ _ _ _ _ _ _ _ _ _ _ _ _ _ _ _ _ _ _ _ _
backend\tests\conftest.py:104: in test_user
    user = User(
..\..\anaconda3\envs\scrumix\lib\site-packages\sqlalchemy\orm\state.py:561: in _initialize_instance
    manager.dispatch.init(self, args, kwargs)
..\..\anaconda3\envs\scrumix\lib\site-packages\sqlalchemy\event\attr.py:487: in __call__
    fn(*args, **kw)
..\..\anaconda3\envs\scrumix\lib\site-packages\sqlalchemy\orm\mapper.py:4391: in _event_on_init
    instrumenting_mapper._check_configure()
..\..\anaconda3\envs\scrumix\lib\site-packages\sqlalchemy\orm\mapper.py:2386: in _check_configure
    _configure_registries({self.registry}, cascade=True)
..\..\anaconda3\envs\scrumix\lib\site-packages\sqlalchemy\orm\mapper.py:4199: in _configure_registries
    _do_configure_registries(registries, cascade)
_ _ _ _ _ _ _ _ _ _ _ _ _ _ _ _ _ _ _ _ _ _ _ _ _ _ _ _ _ _ _ _ _ _ _ _ _ _ _ _

registries = set(), cascade = True

    @util.preload_module("sqlalchemy.orm.decl_api")
    def _do_configure_registries(
        registries: Set[_RegistryType], cascade: bool
    ) -> None:
        registry = util.preloaded.orm_decl_api.registry
    
        orig = set(registries)
    
        for reg in registry._recurse_with_dependencies(registries):
            has_skip = False
    
            for mapper in reg._mappers_to_configure():
                run_configure = None
    
                for fn in mapper.dispatch.before_mapper_configured:
                    run_configure = fn(mapper, mapper.class_)
                    if run_configure is EXT_SKIP:
                        has_skip = True
                        break
                if run_configure is EXT_SKIP:
                    continue
    
                if getattr(mapper, "_configure_failed", False):
                    e = sa_exc.InvalidRequestError(
                        "One or more mappers failed to initialize - "
                        "can't proceed with initialization of other "
                        "mappers. Triggering mapper: '%s'. "
                        "Original exception was: %s"
                        % (mapper, mapper._configure_failed)
                    )
                    e._configure_failed = mapper._configure_failed  # type: ignore
>                   raise e
E                   sqlalchemy.exc.InvalidRequestError: One or more mappers failed to initialize - can't proceed with initialization of other mappers. Triggering mapper: 'Mapper[Sprint(sprints)]'. Original exception was: Mapper 'Mapper[Project(projects)]' has no property 'sprints'.  If this property was indicated from other mappers or configure events, ensure registry.configure() has been called.

..\..\anaconda3\envs\scrumix\lib\site-packages\sqlalchemy\orm\mapper.py:4236: InvalidRequestError
___ ERROR at setup of TestProjectEndpoints.test_get_project_by_id_not_found ___

fixturedef = <FixtureDef argname='test_user' scope='function' baseid='backend/tests'>
request = <SubRequest 'test_user' for <Function test_get_project_by_id_not_found>>

    @pytest.hookimpl(wrapper=True)
    def pytest_fixture_setup(fixturedef: FixtureDef, request) -> object | None:
        asyncio_mode = _get_asyncio_mode(request.config)
        if not _is_asyncio_fixture_function(fixturedef.func):
            if asyncio_mode == Mode.STRICT:
                # Ignore async fixtures without explicit asyncio mark in strict mode
                # This applies to pytest_trio fixtures, for example
>               return (yield)

..\..\anaconda3\envs\scrumix\lib\site-packages\pytest_asyncio\plugin.py:681: 
_ _ _ _ _ _ _ _ _ _ _ _ _ _ _ _ _ _ _ _ _ _ _ _ _ _ _ _ _ _ _ _ _ _ _ _ _ _ _ _
backend\tests\conftest.py:104: in test_user
    user = User(
..\..\anaconda3\envs\scrumix\lib\site-packages\sqlalchemy\orm\state.py:561: in _initialize_instance
    manager.dispatch.init(self, args, kwargs)
..\..\anaconda3\envs\scrumix\lib\site-packages\sqlalchemy\event\attr.py:487: in __call__
    fn(*args, **kw)
..\..\anaconda3\envs\scrumix\lib\site-packages\sqlalchemy\orm\mapper.py:4391: in _event_on_init
    instrumenting_mapper._check_configure()
..\..\anaconda3\envs\scrumix\lib\site-packages\sqlalchemy\orm\mapper.py:2386: in _check_configure
    _configure_registries({self.registry}, cascade=True)
..\..\anaconda3\envs\scrumix\lib\site-packages\sqlalchemy\orm\mapper.py:4199: in _configure_registries
    _do_configure_registries(registries, cascade)
_ _ _ _ _ _ _ _ _ _ _ _ _ _ _ _ _ _ _ _ _ _ _ _ _ _ _ _ _ _ _ _ _ _ _ _ _ _ _ _

registries = set(), cascade = True

    @util.preload_module("sqlalchemy.orm.decl_api")
    def _do_configure_registries(
        registries: Set[_RegistryType], cascade: bool
    ) -> None:
        registry = util.preloaded.orm_decl_api.registry
    
        orig = set(registries)
    
        for reg in registry._recurse_with_dependencies(registries):
            has_skip = False
    
            for mapper in reg._mappers_to_configure():
                run_configure = None
    
                for fn in mapper.dispatch.before_mapper_configured:
                    run_configure = fn(mapper, mapper.class_)
                    if run_configure is EXT_SKIP:
                        has_skip = True
                        break
                if run_configure is EXT_SKIP:
                    continue
    
                if getattr(mapper, "_configure_failed", False):
                    e = sa_exc.InvalidRequestError(
                        "One or more mappers failed to initialize - "
                        "can't proceed with initialization of other "
                        "mappers. Triggering mapper: '%s'. "
                        "Original exception was: %s"
                        % (mapper, mapper._configure_failed)
                    )
                    e._configure_failed = mapper._configure_failed  # type: ignore
>                   raise e
E                   sqlalchemy.exc.InvalidRequestError: One or more mappers failed to initialize - can't proceed with initialization of other mappers. Triggering mapper: 'Mapper[Sprint(sprints)]'. Original exception was: Mapper 'Mapper[Project(projects)]' has no property 'sprints'.  If this property was indicated from other mappers or configure events, ensure registry.configure() has been called.

..\..\anaconda3\envs\scrumix\lib\site-packages\sqlalchemy\orm\mapper.py:4236: InvalidRequestError
_____ ERROR at setup of TestProjectEndpoints.test_update_project_success ______

fixturedef = <FixtureDef argname='test_user' scope='function' baseid='backend/tests'>
request = <SubRequest 'test_user' for <Function test_update_project_success>>

    @pytest.hookimpl(wrapper=True)
    def pytest_fixture_setup(fixturedef: FixtureDef, request) -> object | None:
        asyncio_mode = _get_asyncio_mode(request.config)
        if not _is_asyncio_fixture_function(fixturedef.func):
            if asyncio_mode == Mode.STRICT:
                # Ignore async fixtures without explicit asyncio mark in strict mode
                # This applies to pytest_trio fixtures, for example
>               return (yield)

..\..\anaconda3\envs\scrumix\lib\site-packages\pytest_asyncio\plugin.py:681: 
_ _ _ _ _ _ _ _ _ _ _ _ _ _ _ _ _ _ _ _ _ _ _ _ _ _ _ _ _ _ _ _ _ _ _ _ _ _ _ _
backend\tests\conftest.py:104: in test_user
    user = User(
..\..\anaconda3\envs\scrumix\lib\site-packages\sqlalchemy\orm\state.py:561: in _initialize_instance
    manager.dispatch.init(self, args, kwargs)
..\..\anaconda3\envs\scrumix\lib\site-packages\sqlalchemy\event\attr.py:487: in __call__
    fn(*args, **kw)
..\..\anaconda3\envs\scrumix\lib\site-packages\sqlalchemy\orm\mapper.py:4391: in _event_on_init
    instrumenting_mapper._check_configure()
..\..\anaconda3\envs\scrumix\lib\site-packages\sqlalchemy\orm\mapper.py:2386: in _check_configure
    _configure_registries({self.registry}, cascade=True)
..\..\anaconda3\envs\scrumix\lib\site-packages\sqlalchemy\orm\mapper.py:4199: in _configure_registries
    _do_configure_registries(registries, cascade)
_ _ _ _ _ _ _ _ _ _ _ _ _ _ _ _ _ _ _ _ _ _ _ _ _ _ _ _ _ _ _ _ _ _ _ _ _ _ _ _

registries = set(), cascade = True

    @util.preload_module("sqlalchemy.orm.decl_api")
    def _do_configure_registries(
        registries: Set[_RegistryType], cascade: bool
    ) -> None:
        registry = util.preloaded.orm_decl_api.registry
    
        orig = set(registries)
    
        for reg in registry._recurse_with_dependencies(registries):
            has_skip = False
    
            for mapper in reg._mappers_to_configure():
                run_configure = None
    
                for fn in mapper.dispatch.before_mapper_configured:
                    run_configure = fn(mapper, mapper.class_)
                    if run_configure is EXT_SKIP:
                        has_skip = True
                        break
                if run_configure is EXT_SKIP:
                    continue
    
                if getattr(mapper, "_configure_failed", False):
                    e = sa_exc.InvalidRequestError(
                        "One or more mappers failed to initialize - "
                        "can't proceed with initialization of other "
                        "mappers. Triggering mapper: '%s'. "
                        "Original exception was: %s"
                        % (mapper, mapper._configure_failed)
                    )
                    e._configure_failed = mapper._configure_failed  # type: ignore
>                   raise e
E                   sqlalchemy.exc.InvalidRequestError: One or more mappers failed to initialize - can't proceed with initialization of other mappers. Triggering mapper: 'Mapper[Sprint(sprints)]'. Original exception was: Mapper 'Mapper[Project(projects)]' has no property 'sprints'.  If this property was indicated from other mappers or configure events, ensure registry.configure() has been called.

..\..\anaconda3\envs\scrumix\lib\site-packages\sqlalchemy\orm\mapper.py:4236: InvalidRequestError
____ ERROR at setup of TestProjectEndpoints.test_update_project_not_found _____

fixturedef = <FixtureDef argname='test_user' scope='function' baseid='backend/tests'>
request = <SubRequest 'test_user' for <Function test_update_project_not_found>>

    @pytest.hookimpl(wrapper=True)
    def pytest_fixture_setup(fixturedef: FixtureDef, request) -> object | None:
        asyncio_mode = _get_asyncio_mode(request.config)
        if not _is_asyncio_fixture_function(fixturedef.func):
            if asyncio_mode == Mode.STRICT:
                # Ignore async fixtures without explicit asyncio mark in strict mode
                # This applies to pytest_trio fixtures, for example
>               return (yield)

..\..\anaconda3\envs\scrumix\lib\site-packages\pytest_asyncio\plugin.py:681: 
_ _ _ _ _ _ _ _ _ _ _ _ _ _ _ _ _ _ _ _ _ _ _ _ _ _ _ _ _ _ _ _ _ _ _ _ _ _ _ _
backend\tests\conftest.py:104: in test_user
    user = User(
..\..\anaconda3\envs\scrumix\lib\site-packages\sqlalchemy\orm\state.py:561: in _initialize_instance
    manager.dispatch.init(self, args, kwargs)
..\..\anaconda3\envs\scrumix\lib\site-packages\sqlalchemy\event\attr.py:487: in __call__
    fn(*args, **kw)
..\..\anaconda3\envs\scrumix\lib\site-packages\sqlalchemy\orm\mapper.py:4391: in _event_on_init
    instrumenting_mapper._check_configure()
..\..\anaconda3\envs\scrumix\lib\site-packages\sqlalchemy\orm\mapper.py:2386: in _check_configure
    _configure_registries({self.registry}, cascade=True)
..\..\anaconda3\envs\scrumix\lib\site-packages\sqlalchemy\orm\mapper.py:4199: in _configure_registries
    _do_configure_registries(registries, cascade)
_ _ _ _ _ _ _ _ _ _ _ _ _ _ _ _ _ _ _ _ _ _ _ _ _ _ _ _ _ _ _ _ _ _ _ _ _ _ _ _

registries = set(), cascade = True

    @util.preload_module("sqlalchemy.orm.decl_api")
    def _do_configure_registries(
        registries: Set[_RegistryType], cascade: bool
    ) -> None:
        registry = util.preloaded.orm_decl_api.registry
    
        orig = set(registries)
    
        for reg in registry._recurse_with_dependencies(registries):
            has_skip = False
    
            for mapper in reg._mappers_to_configure():
                run_configure = None
    
                for fn in mapper.dispatch.before_mapper_configured:
                    run_configure = fn(mapper, mapper.class_)
                    if run_configure is EXT_SKIP:
                        has_skip = True
                        break
                if run_configure is EXT_SKIP:
                    continue
    
                if getattr(mapper, "_configure_failed", False):
                    e = sa_exc.InvalidRequestError(
                        "One or more mappers failed to initialize - "
                        "can't proceed with initialization of other "
                        "mappers. Triggering mapper: '%s'. "
                        "Original exception was: %s"
                        % (mapper, mapper._configure_failed)
                    )
                    e._configure_failed = mapper._configure_failed  # type: ignore
>                   raise e
E                   sqlalchemy.exc.InvalidRequestError: One or more mappers failed to initialize - can't proceed with initialization of other mappers. Triggering mapper: 'Mapper[Sprint(sprints)]'. Original exception was: Mapper 'Mapper[Project(projects)]' has no property 'sprints'.  If this property was indicated from other mappers or configure events, ensure registry.configure() has been called.

..\..\anaconda3\envs\scrumix\lib\site-packages\sqlalchemy\orm\mapper.py:4236: InvalidRequestError
_____ ERROR at setup of TestProjectEndpoints.test_delete_project_success ______

fixturedef = <FixtureDef argname='test_user' scope='function' baseid='backend/tests'>
request = <SubRequest 'test_user' for <Function test_delete_project_success>>

    @pytest.hookimpl(wrapper=True)
    def pytest_fixture_setup(fixturedef: FixtureDef, request) -> object | None:
        asyncio_mode = _get_asyncio_mode(request.config)
        if not _is_asyncio_fixture_function(fixturedef.func):
            if asyncio_mode == Mode.STRICT:
                # Ignore async fixtures without explicit asyncio mark in strict mode
                # This applies to pytest_trio fixtures, for example
>               return (yield)

..\..\anaconda3\envs\scrumix\lib\site-packages\pytest_asyncio\plugin.py:681: 
_ _ _ _ _ _ _ _ _ _ _ _ _ _ _ _ _ _ _ _ _ _ _ _ _ _ _ _ _ _ _ _ _ _ _ _ _ _ _ _
backend\tests\conftest.py:104: in test_user
    user = User(
..\..\anaconda3\envs\scrumix\lib\site-packages\sqlalchemy\orm\state.py:561: in _initialize_instance
    manager.dispatch.init(self, args, kwargs)
..\..\anaconda3\envs\scrumix\lib\site-packages\sqlalchemy\event\attr.py:487: in __call__
    fn(*args, **kw)
..\..\anaconda3\envs\scrumix\lib\site-packages\sqlalchemy\orm\mapper.py:4391: in _event_on_init
    instrumenting_mapper._check_configure()
..\..\anaconda3\envs\scrumix\lib\site-packages\sqlalchemy\orm\mapper.py:2386: in _check_configure
    _configure_registries({self.registry}, cascade=True)
..\..\anaconda3\envs\scrumix\lib\site-packages\sqlalchemy\orm\mapper.py:4199: in _configure_registries
    _do_configure_registries(registries, cascade)
_ _ _ _ _ _ _ _ _ _ _ _ _ _ _ _ _ _ _ _ _ _ _ _ _ _ _ _ _ _ _ _ _ _ _ _ _ _ _ _

registries = set(), cascade = True

    @util.preload_module("sqlalchemy.orm.decl_api")
    def _do_configure_registries(
        registries: Set[_RegistryType], cascade: bool
    ) -> None:
        registry = util.preloaded.orm_decl_api.registry
    
        orig = set(registries)
    
        for reg in registry._recurse_with_dependencies(registries):
            has_skip = False
    
            for mapper in reg._mappers_to_configure():
                run_configure = None
    
                for fn in mapper.dispatch.before_mapper_configured:
                    run_configure = fn(mapper, mapper.class_)
                    if run_configure is EXT_SKIP:
                        has_skip = True
                        break
                if run_configure is EXT_SKIP:
                    continue
    
                if getattr(mapper, "_configure_failed", False):
                    e = sa_exc.InvalidRequestError(
                        "One or more mappers failed to initialize - "
                        "can't proceed with initialization of other "
                        "mappers. Triggering mapper: '%s'. "
                        "Original exception was: %s"
                        % (mapper, mapper._configure_failed)
                    )
                    e._configure_failed = mapper._configure_failed  # type: ignore
>                   raise e
E                   sqlalchemy.exc.InvalidRequestError: One or more mappers failed to initialize - can't proceed with initialization of other mappers. Triggering mapper: 'Mapper[Sprint(sprints)]'. Original exception was: Mapper 'Mapper[Project(projects)]' has no property 'sprints'.  If this property was indicated from other mappers or configure events, ensure registry.configure() has been called.

..\..\anaconda3\envs\scrumix\lib\site-packages\sqlalchemy\orm\mapper.py:4236: InvalidRequestError
____ ERROR at setup of TestProjectEndpoints.test_delete_project_not_found _____

fixturedef = <FixtureDef argname='test_user' scope='function' baseid='backend/tests'>
request = <SubRequest 'test_user' for <Function test_delete_project_not_found>>

    @pytest.hookimpl(wrapper=True)
    def pytest_fixture_setup(fixturedef: FixtureDef, request) -> object | None:
        asyncio_mode = _get_asyncio_mode(request.config)
        if not _is_asyncio_fixture_function(fixturedef.func):
            if asyncio_mode == Mode.STRICT:
                # Ignore async fixtures without explicit asyncio mark in strict mode
                # This applies to pytest_trio fixtures, for example
>               return (yield)

..\..\anaconda3\envs\scrumix\lib\site-packages\pytest_asyncio\plugin.py:681: 
_ _ _ _ _ _ _ _ _ _ _ _ _ _ _ _ _ _ _ _ _ _ _ _ _ _ _ _ _ _ _ _ _ _ _ _ _ _ _ _
backend\tests\conftest.py:104: in test_user
    user = User(
..\..\anaconda3\envs\scrumix\lib\site-packages\sqlalchemy\orm\state.py:561: in _initialize_instance
    manager.dispatch.init(self, args, kwargs)
..\..\anaconda3\envs\scrumix\lib\site-packages\sqlalchemy\event\attr.py:487: in __call__
    fn(*args, **kw)
..\..\anaconda3\envs\scrumix\lib\site-packages\sqlalchemy\orm\mapper.py:4391: in _event_on_init
    instrumenting_mapper._check_configure()
..\..\anaconda3\envs\scrumix\lib\site-packages\sqlalchemy\orm\mapper.py:2386: in _check_configure
    _configure_registries({self.registry}, cascade=True)
..\..\anaconda3\envs\scrumix\lib\site-packages\sqlalchemy\orm\mapper.py:4199: in _configure_registries
    _do_configure_registries(registries, cascade)
_ _ _ _ _ _ _ _ _ _ _ _ _ _ _ _ _ _ _ _ _ _ _ _ _ _ _ _ _ _ _ _ _ _ _ _ _ _ _ _

registries = set(), cascade = True

    @util.preload_module("sqlalchemy.orm.decl_api")
    def _do_configure_registries(
        registries: Set[_RegistryType], cascade: bool
    ) -> None:
        registry = util.preloaded.orm_decl_api.registry
    
        orig = set(registries)
    
        for reg in registry._recurse_with_dependencies(registries):
            has_skip = False
    
            for mapper in reg._mappers_to_configure():
                run_configure = None
    
                for fn in mapper.dispatch.before_mapper_configured:
                    run_configure = fn(mapper, mapper.class_)
                    if run_configure is EXT_SKIP:
                        has_skip = True
                        break
                if run_configure is EXT_SKIP:
                    continue
    
                if getattr(mapper, "_configure_failed", False):
                    e = sa_exc.InvalidRequestError(
                        "One or more mappers failed to initialize - "
                        "can't proceed with initialization of other "
                        "mappers. Triggering mapper: '%s'. "
                        "Original exception was: %s"
                        % (mapper, mapper._configure_failed)
                    )
                    e._configure_failed = mapper._configure_failed  # type: ignore
>                   raise e
E                   sqlalchemy.exc.InvalidRequestError: One or more mappers failed to initialize - can't proceed with initialization of other mappers. Triggering mapper: 'Mapper[Sprint(sprints)]'. Original exception was: Mapper 'Mapper[Project(projects)]' has no property 'sprints'.  If this property was indicated from other mappers or configure events, ensure registry.configure() has been called.

..\..\anaconda3\envs\scrumix\lib\site-packages\sqlalchemy\orm\mapper.py:4236: InvalidRequestError
_______ ERROR at setup of TestSprintEndpoints.test_get_sprints_success ________

fixturedef = <FixtureDef argname='test_user' scope='function' baseid='backend/tests'>
request = <SubRequest 'test_user' for <Function test_get_sprints_success>>

    @pytest.hookimpl(wrapper=True)
    def pytest_fixture_setup(fixturedef: FixtureDef, request) -> object | None:
        asyncio_mode = _get_asyncio_mode(request.config)
        if not _is_asyncio_fixture_function(fixturedef.func):
            if asyncio_mode == Mode.STRICT:
                # Ignore async fixtures without explicit asyncio mark in strict mode
                # This applies to pytest_trio fixtures, for example
>               return (yield)

..\..\anaconda3\envs\scrumix\lib\site-packages\pytest_asyncio\plugin.py:681: 
_ _ _ _ _ _ _ _ _ _ _ _ _ _ _ _ _ _ _ _ _ _ _ _ _ _ _ _ _ _ _ _ _ _ _ _ _ _ _ _
backend\tests\conftest.py:104: in test_user
    user = User(
..\..\anaconda3\envs\scrumix\lib\site-packages\sqlalchemy\orm\state.py:561: in _initialize_instance
    manager.dispatch.init(self, args, kwargs)
..\..\anaconda3\envs\scrumix\lib\site-packages\sqlalchemy\event\attr.py:487: in __call__
    fn(*args, **kw)
..\..\anaconda3\envs\scrumix\lib\site-packages\sqlalchemy\orm\mapper.py:4391: in _event_on_init
    instrumenting_mapper._check_configure()
..\..\anaconda3\envs\scrumix\lib\site-packages\sqlalchemy\orm\mapper.py:2386: in _check_configure
    _configure_registries({self.registry}, cascade=True)
..\..\anaconda3\envs\scrumix\lib\site-packages\sqlalchemy\orm\mapper.py:4199: in _configure_registries
    _do_configure_registries(registries, cascade)
_ _ _ _ _ _ _ _ _ _ _ _ _ _ _ _ _ _ _ _ _ _ _ _ _ _ _ _ _ _ _ _ _ _ _ _ _ _ _ _

registries = set(), cascade = True

    @util.preload_module("sqlalchemy.orm.decl_api")
    def _do_configure_registries(
        registries: Set[_RegistryType], cascade: bool
    ) -> None:
        registry = util.preloaded.orm_decl_api.registry
    
        orig = set(registries)
    
        for reg in registry._recurse_with_dependencies(registries):
            has_skip = False
    
            for mapper in reg._mappers_to_configure():
                run_configure = None
    
                for fn in mapper.dispatch.before_mapper_configured:
                    run_configure = fn(mapper, mapper.class_)
                    if run_configure is EXT_SKIP:
                        has_skip = True
                        break
                if run_configure is EXT_SKIP:
                    continue
    
                if getattr(mapper, "_configure_failed", False):
                    e = sa_exc.InvalidRequestError(
                        "One or more mappers failed to initialize - "
                        "can't proceed with initialization of other "
                        "mappers. Triggering mapper: '%s'. "
                        "Original exception was: %s"
                        % (mapper, mapper._configure_failed)
                    )
                    e._configure_failed = mapper._configure_failed  # type: ignore
>                   raise e
E                   sqlalchemy.exc.InvalidRequestError: One or more mappers failed to initialize - can't proceed with initialization of other mappers. Triggering mapper: 'Mapper[Sprint(sprints)]'. Original exception was: Mapper 'Mapper[Project(projects)]' has no property 'sprints'.  If this property was indicated from other mappers or configure events, ensure registry.configure() has been called.

..\..\anaconda3\envs\scrumix\lib\site-packages\sqlalchemy\orm\mapper.py:4236: InvalidRequestError
___ ERROR at setup of TestSprintEndpoints.test_get_sprints_with_pagination ____

fixturedef = <FixtureDef argname='test_user' scope='function' baseid='backend/tests'>
request = <SubRequest 'test_user' for <Function test_get_sprints_with_pagination>>

    @pytest.hookimpl(wrapper=True)
    def pytest_fixture_setup(fixturedef: FixtureDef, request) -> object | None:
        asyncio_mode = _get_asyncio_mode(request.config)
        if not _is_asyncio_fixture_function(fixturedef.func):
            if asyncio_mode == Mode.STRICT:
                # Ignore async fixtures without explicit asyncio mark in strict mode
                # This applies to pytest_trio fixtures, for example
>               return (yield)

..\..\anaconda3\envs\scrumix\lib\site-packages\pytest_asyncio\plugin.py:681: 
_ _ _ _ _ _ _ _ _ _ _ _ _ _ _ _ _ _ _ _ _ _ _ _ _ _ _ _ _ _ _ _ _ _ _ _ _ _ _ _
backend\tests\conftest.py:104: in test_user
    user = User(
..\..\anaconda3\envs\scrumix\lib\site-packages\sqlalchemy\orm\state.py:561: in _initialize_instance
    manager.dispatch.init(self, args, kwargs)
..\..\anaconda3\envs\scrumix\lib\site-packages\sqlalchemy\event\attr.py:487: in __call__
    fn(*args, **kw)
..\..\anaconda3\envs\scrumix\lib\site-packages\sqlalchemy\orm\mapper.py:4391: in _event_on_init
    instrumenting_mapper._check_configure()
..\..\anaconda3\envs\scrumix\lib\site-packages\sqlalchemy\orm\mapper.py:2386: in _check_configure
    _configure_registries({self.registry}, cascade=True)
..\..\anaconda3\envs\scrumix\lib\site-packages\sqlalchemy\orm\mapper.py:4199: in _configure_registries
    _do_configure_registries(registries, cascade)
_ _ _ _ _ _ _ _ _ _ _ _ _ _ _ _ _ _ _ _ _ _ _ _ _ _ _ _ _ _ _ _ _ _ _ _ _ _ _ _

registries = set(), cascade = True

    @util.preload_module("sqlalchemy.orm.decl_api")
    def _do_configure_registries(
        registries: Set[_RegistryType], cascade: bool
    ) -> None:
        registry = util.preloaded.orm_decl_api.registry
    
        orig = set(registries)
    
        for reg in registry._recurse_with_dependencies(registries):
            has_skip = False
    
            for mapper in reg._mappers_to_configure():
                run_configure = None
    
                for fn in mapper.dispatch.before_mapper_configured:
                    run_configure = fn(mapper, mapper.class_)
                    if run_configure is EXT_SKIP:
                        has_skip = True
                        break
                if run_configure is EXT_SKIP:
                    continue
    
                if getattr(mapper, "_configure_failed", False):
                    e = sa_exc.InvalidRequestError(
                        "One or more mappers failed to initialize - "
                        "can't proceed with initialization of other "
                        "mappers. Triggering mapper: '%s'. "
                        "Original exception was: %s"
                        % (mapper, mapper._configure_failed)
                    )
                    e._configure_failed = mapper._configure_failed  # type: ignore
>                   raise e
E                   sqlalchemy.exc.InvalidRequestError: One or more mappers failed to initialize - can't proceed with initialization of other mappers. Triggering mapper: 'Mapper[Sprint(sprints)]'. Original exception was: Mapper 'Mapper[Project(projects)]' has no property 'sprints'.  If this property was indicated from other mappers or configure events, ensure registry.configure() has been called.

..\..\anaconda3\envs\scrumix\lib\site-packages\sqlalchemy\orm\mapper.py:4236: InvalidRequestError
__ ERROR at setup of TestSprintEndpoints.test_get_sprints_with_status_filter __

fixturedef = <FixtureDef argname='test_user' scope='function' baseid='backend/tests'>
request = <SubRequest 'test_user' for <Function test_get_sprints_with_status_filter>>

    @pytest.hookimpl(wrapper=True)
    def pytest_fixture_setup(fixturedef: FixtureDef, request) -> object | None:
        asyncio_mode = _get_asyncio_mode(request.config)
        if not _is_asyncio_fixture_function(fixturedef.func):
            if asyncio_mode == Mode.STRICT:
                # Ignore async fixtures without explicit asyncio mark in strict mode
                # This applies to pytest_trio fixtures, for example
>               return (yield)

..\..\anaconda3\envs\scrumix\lib\site-packages\pytest_asyncio\plugin.py:681: 
_ _ _ _ _ _ _ _ _ _ _ _ _ _ _ _ _ _ _ _ _ _ _ _ _ _ _ _ _ _ _ _ _ _ _ _ _ _ _ _
backend\tests\conftest.py:104: in test_user
    user = User(
..\..\anaconda3\envs\scrumix\lib\site-packages\sqlalchemy\orm\state.py:561: in _initialize_instance
    manager.dispatch.init(self, args, kwargs)
..\..\anaconda3\envs\scrumix\lib\site-packages\sqlalchemy\event\attr.py:487: in __call__
    fn(*args, **kw)
..\..\anaconda3\envs\scrumix\lib\site-packages\sqlalchemy\orm\mapper.py:4391: in _event_on_init
    instrumenting_mapper._check_configure()
..\..\anaconda3\envs\scrumix\lib\site-packages\sqlalchemy\orm\mapper.py:2386: in _check_configure
    _configure_registries({self.registry}, cascade=True)
..\..\anaconda3\envs\scrumix\lib\site-packages\sqlalchemy\orm\mapper.py:4199: in _configure_registries
    _do_configure_registries(registries, cascade)
_ _ _ _ _ _ _ _ _ _ _ _ _ _ _ _ _ _ _ _ _ _ _ _ _ _ _ _ _ _ _ _ _ _ _ _ _ _ _ _

registries = set(), cascade = True

    @util.preload_module("sqlalchemy.orm.decl_api")
    def _do_configure_registries(
        registries: Set[_RegistryType], cascade: bool
    ) -> None:
        registry = util.preloaded.orm_decl_api.registry
    
        orig = set(registries)
    
        for reg in registry._recurse_with_dependencies(registries):
            has_skip = False
    
            for mapper in reg._mappers_to_configure():
                run_configure = None
    
                for fn in mapper.dispatch.before_mapper_configured:
                    run_configure = fn(mapper, mapper.class_)
                    if run_configure is EXT_SKIP:
                        has_skip = True
                        break
                if run_configure is EXT_SKIP:
                    continue
    
                if getattr(mapper, "_configure_failed", False):
                    e = sa_exc.InvalidRequestError(
                        "One or more mappers failed to initialize - "
                        "can't proceed with initialization of other "
                        "mappers. Triggering mapper: '%s'. "
                        "Original exception was: %s"
                        % (mapper, mapper._configure_failed)
                    )
                    e._configure_failed = mapper._configure_failed  # type: ignore
>                   raise e
E                   sqlalchemy.exc.InvalidRequestError: One or more mappers failed to initialize - can't proceed with initialization of other mappers. Triggering mapper: 'Mapper[Sprint(sprints)]'. Original exception was: Mapper 'Mapper[Project(projects)]' has no property 'sprints'.  If this property was indicated from other mappers or configure events, ensure registry.configure() has been called.

..\..\anaconda3\envs\scrumix\lib\site-packages\sqlalchemy\orm\mapper.py:4236: InvalidRequestError
_____ ERROR at setup of TestSprintEndpoints.test_get_sprints_with_search ______

fixturedef = <FixtureDef argname='test_user' scope='function' baseid='backend/tests'>
request = <SubRequest 'test_user' for <Function test_get_sprints_with_search>>

    @pytest.hookimpl(wrapper=True)
    def pytest_fixture_setup(fixturedef: FixtureDef, request) -> object | None:
        asyncio_mode = _get_asyncio_mode(request.config)
        if not _is_asyncio_fixture_function(fixturedef.func):
            if asyncio_mode == Mode.STRICT:
                # Ignore async fixtures without explicit asyncio mark in strict mode
                # This applies to pytest_trio fixtures, for example
>               return (yield)

..\..\anaconda3\envs\scrumix\lib\site-packages\pytest_asyncio\plugin.py:681: 
_ _ _ _ _ _ _ _ _ _ _ _ _ _ _ _ _ _ _ _ _ _ _ _ _ _ _ _ _ _ _ _ _ _ _ _ _ _ _ _
backend\tests\conftest.py:104: in test_user
    user = User(
..\..\anaconda3\envs\scrumix\lib\site-packages\sqlalchemy\orm\state.py:561: in _initialize_instance
    manager.dispatch.init(self, args, kwargs)
..\..\anaconda3\envs\scrumix\lib\site-packages\sqlalchemy\event\attr.py:487: in __call__
    fn(*args, **kw)
..\..\anaconda3\envs\scrumix\lib\site-packages\sqlalchemy\orm\mapper.py:4391: in _event_on_init
    instrumenting_mapper._check_configure()
..\..\anaconda3\envs\scrumix\lib\site-packages\sqlalchemy\orm\mapper.py:2386: in _check_configure
    _configure_registries({self.registry}, cascade=True)
..\..\anaconda3\envs\scrumix\lib\site-packages\sqlalchemy\orm\mapper.py:4199: in _configure_registries
    _do_configure_registries(registries, cascade)
_ _ _ _ _ _ _ _ _ _ _ _ _ _ _ _ _ _ _ _ _ _ _ _ _ _ _ _ _ _ _ _ _ _ _ _ _ _ _ _

registries = set(), cascade = True

    @util.preload_module("sqlalchemy.orm.decl_api")
    def _do_configure_registries(
        registries: Set[_RegistryType], cascade: bool
    ) -> None:
        registry = util.preloaded.orm_decl_api.registry
    
        orig = set(registries)
    
        for reg in registry._recurse_with_dependencies(registries):
            has_skip = False
    
            for mapper in reg._mappers_to_configure():
                run_configure = None
    
                for fn in mapper.dispatch.before_mapper_configured:
                    run_configure = fn(mapper, mapper.class_)
                    if run_configure is EXT_SKIP:
                        has_skip = True
                        break
                if run_configure is EXT_SKIP:
                    continue
    
                if getattr(mapper, "_configure_failed", False):
                    e = sa_exc.InvalidRequestError(
                        "One or more mappers failed to initialize - "
                        "can't proceed with initialization of other "
                        "mappers. Triggering mapper: '%s'. "
                        "Original exception was: %s"
                        % (mapper, mapper._configure_failed)
                    )
                    e._configure_failed = mapper._configure_failed  # type: ignore
>                   raise e
E                   sqlalchemy.exc.InvalidRequestError: One or more mappers failed to initialize - can't proceed with initialization of other mappers. Triggering mapper: 'Mapper[Sprint(sprints)]'. Original exception was: Mapper 'Mapper[Project(projects)]' has no property 'sprints'.  If this property was indicated from other mappers or configure events, ensure registry.configure() has been called.

..\..\anaconda3\envs\scrumix\lib\site-packages\sqlalchemy\orm\mapper.py:4236: InvalidRequestError
______ ERROR at setup of TestSprintEndpoints.test_create_sprint_success _______

fixturedef = <FixtureDef argname='test_user' scope='function' baseid='backend/tests'>
request = <SubRequest 'test_user' for <Function test_create_sprint_success>>

    @pytest.hookimpl(wrapper=True)
    def pytest_fixture_setup(fixturedef: FixtureDef, request) -> object | None:
        asyncio_mode = _get_asyncio_mode(request.config)
        if not _is_asyncio_fixture_function(fixturedef.func):
            if asyncio_mode == Mode.STRICT:
                # Ignore async fixtures without explicit asyncio mark in strict mode
                # This applies to pytest_trio fixtures, for example
>               return (yield)

..\..\anaconda3\envs\scrumix\lib\site-packages\pytest_asyncio\plugin.py:681: 
_ _ _ _ _ _ _ _ _ _ _ _ _ _ _ _ _ _ _ _ _ _ _ _ _ _ _ _ _ _ _ _ _ _ _ _ _ _ _ _
backend\tests\conftest.py:104: in test_user
    user = User(
..\..\anaconda3\envs\scrumix\lib\site-packages\sqlalchemy\orm\state.py:561: in _initialize_instance
    manager.dispatch.init(self, args, kwargs)
..\..\anaconda3\envs\scrumix\lib\site-packages\sqlalchemy\event\attr.py:487: in __call__
    fn(*args, **kw)
..\..\anaconda3\envs\scrumix\lib\site-packages\sqlalchemy\orm\mapper.py:4391: in _event_on_init
    instrumenting_mapper._check_configure()
..\..\anaconda3\envs\scrumix\lib\site-packages\sqlalchemy\orm\mapper.py:2386: in _check_configure
    _configure_registries({self.registry}, cascade=True)
..\..\anaconda3\envs\scrumix\lib\site-packages\sqlalchemy\orm\mapper.py:4199: in _configure_registries
    _do_configure_registries(registries, cascade)
_ _ _ _ _ _ _ _ _ _ _ _ _ _ _ _ _ _ _ _ _ _ _ _ _ _ _ _ _ _ _ _ _ _ _ _ _ _ _ _

registries = set(), cascade = True

    @util.preload_module("sqlalchemy.orm.decl_api")
    def _do_configure_registries(
        registries: Set[_RegistryType], cascade: bool
    ) -> None:
        registry = util.preloaded.orm_decl_api.registry
    
        orig = set(registries)
    
        for reg in registry._recurse_with_dependencies(registries):
            has_skip = False
    
            for mapper in reg._mappers_to_configure():
                run_configure = None
    
                for fn in mapper.dispatch.before_mapper_configured:
                    run_configure = fn(mapper, mapper.class_)
                    if run_configure is EXT_SKIP:
                        has_skip = True
                        break
                if run_configure is EXT_SKIP:
                    continue
    
                if getattr(mapper, "_configure_failed", False):
                    e = sa_exc.InvalidRequestError(
                        "One or more mappers failed to initialize - "
                        "can't proceed with initialization of other "
                        "mappers. Triggering mapper: '%s'. "
                        "Original exception was: %s"
                        % (mapper, mapper._configure_failed)
                    )
                    e._configure_failed = mapper._configure_failed  # type: ignore
>                   raise e
E                   sqlalchemy.exc.InvalidRequestError: One or more mappers failed to initialize - can't proceed with initialization of other mappers. Triggering mapper: 'Mapper[Sprint(sprints)]'. Original exception was: Mapper 'Mapper[Project(projects)]' has no property 'sprints'.  If this property was indicated from other mappers or configure events, ensure registry.configure() has been called.

..\..\anaconda3\envs\scrumix\lib\site-packages\sqlalchemy\orm\mapper.py:4236: InvalidRequestError
____ ERROR at setup of TestSprintEndpoints.test_create_sprint_invalid_data ____

fixturedef = <FixtureDef argname='test_user' scope='function' baseid='backend/tests'>
request = <SubRequest 'test_user' for <Function test_create_sprint_invalid_data>>

    @pytest.hookimpl(wrapper=True)
    def pytest_fixture_setup(fixturedef: FixtureDef, request) -> object | None:
        asyncio_mode = _get_asyncio_mode(request.config)
        if not _is_asyncio_fixture_function(fixturedef.func):
            if asyncio_mode == Mode.STRICT:
                # Ignore async fixtures without explicit asyncio mark in strict mode
                # This applies to pytest_trio fixtures, for example
>               return (yield)

..\..\anaconda3\envs\scrumix\lib\site-packages\pytest_asyncio\plugin.py:681: 
_ _ _ _ _ _ _ _ _ _ _ _ _ _ _ _ _ _ _ _ _ _ _ _ _ _ _ _ _ _ _ _ _ _ _ _ _ _ _ _
backend\tests\conftest.py:104: in test_user
    user = User(
..\..\anaconda3\envs\scrumix\lib\site-packages\sqlalchemy\orm\state.py:561: in _initialize_instance
    manager.dispatch.init(self, args, kwargs)
..\..\anaconda3\envs\scrumix\lib\site-packages\sqlalchemy\event\attr.py:487: in __call__
    fn(*args, **kw)
..\..\anaconda3\envs\scrumix\lib\site-packages\sqlalchemy\orm\mapper.py:4391: in _event_on_init
    instrumenting_mapper._check_configure()
..\..\anaconda3\envs\scrumix\lib\site-packages\sqlalchemy\orm\mapper.py:2386: in _check_configure
    _configure_registries({self.registry}, cascade=True)
..\..\anaconda3\envs\scrumix\lib\site-packages\sqlalchemy\orm\mapper.py:4199: in _configure_registries
    _do_configure_registries(registries, cascade)
_ _ _ _ _ _ _ _ _ _ _ _ _ _ _ _ _ _ _ _ _ _ _ _ _ _ _ _ _ _ _ _ _ _ _ _ _ _ _ _

registries = set(), cascade = True

    @util.preload_module("sqlalchemy.orm.decl_api")
    def _do_configure_registries(
        registries: Set[_RegistryType], cascade: bool
    ) -> None:
        registry = util.preloaded.orm_decl_api.registry
    
        orig = set(registries)
    
        for reg in registry._recurse_with_dependencies(registries):
            has_skip = False
    
            for mapper in reg._mappers_to_configure():
                run_configure = None
    
                for fn in mapper.dispatch.before_mapper_configured:
                    run_configure = fn(mapper, mapper.class_)
                    if run_configure is EXT_SKIP:
                        has_skip = True
                        break
                if run_configure is EXT_SKIP:
                    continue
    
                if getattr(mapper, "_configure_failed", False):
                    e = sa_exc.InvalidRequestError(
                        "One or more mappers failed to initialize - "
                        "can't proceed with initialization of other "
                        "mappers. Triggering mapper: '%s'. "
                        "Original exception was: %s"
                        % (mapper, mapper._configure_failed)
                    )
                    e._configure_failed = mapper._configure_failed  # type: ignore
>                   raise e
E                   sqlalchemy.exc.InvalidRequestError: One or more mappers failed to initialize - can't proceed with initialization of other mappers. Triggering mapper: 'Mapper[Sprint(sprints)]'. Original exception was: Mapper 'Mapper[Project(projects)]' has no property 'sprints'.  If this property was indicated from other mappers or configure events, ensure registry.configure() has been called.

..\..\anaconda3\envs\scrumix\lib\site-packages\sqlalchemy\orm\mapper.py:4236: InvalidRequestError
___ ERROR at setup of TestSprintEndpoints.test_create_sprint_invalid_dates ____

fixturedef = <FixtureDef argname='test_user' scope='function' baseid='backend/tests'>
request = <SubRequest 'test_user' for <Function test_create_sprint_invalid_dates>>

    @pytest.hookimpl(wrapper=True)
    def pytest_fixture_setup(fixturedef: FixtureDef, request) -> object | None:
        asyncio_mode = _get_asyncio_mode(request.config)
        if not _is_asyncio_fixture_function(fixturedef.func):
            if asyncio_mode == Mode.STRICT:
                # Ignore async fixtures without explicit asyncio mark in strict mode
                # This applies to pytest_trio fixtures, for example
>               return (yield)

..\..\anaconda3\envs\scrumix\lib\site-packages\pytest_asyncio\plugin.py:681: 
_ _ _ _ _ _ _ _ _ _ _ _ _ _ _ _ _ _ _ _ _ _ _ _ _ _ _ _ _ _ _ _ _ _ _ _ _ _ _ _
backend\tests\conftest.py:104: in test_user
    user = User(
..\..\anaconda3\envs\scrumix\lib\site-packages\sqlalchemy\orm\state.py:561: in _initialize_instance
    manager.dispatch.init(self, args, kwargs)
..\..\anaconda3\envs\scrumix\lib\site-packages\sqlalchemy\event\attr.py:487: in __call__
    fn(*args, **kw)
..\..\anaconda3\envs\scrumix\lib\site-packages\sqlalchemy\orm\mapper.py:4391: in _event_on_init
    instrumenting_mapper._check_configure()
..\..\anaconda3\envs\scrumix\lib\site-packages\sqlalchemy\orm\mapper.py:2386: in _check_configure
    _configure_registries({self.registry}, cascade=True)
..\..\anaconda3\envs\scrumix\lib\site-packages\sqlalchemy\orm\mapper.py:4199: in _configure_registries
    _do_configure_registries(registries, cascade)
_ _ _ _ _ _ _ _ _ _ _ _ _ _ _ _ _ _ _ _ _ _ _ _ _ _ _ _ _ _ _ _ _ _ _ _ _ _ _ _

registries = set(), cascade = True

    @util.preload_module("sqlalchemy.orm.decl_api")
    def _do_configure_registries(
        registries: Set[_RegistryType], cascade: bool
    ) -> None:
        registry = util.preloaded.orm_decl_api.registry
    
        orig = set(registries)
    
        for reg in registry._recurse_with_dependencies(registries):
            has_skip = False
    
            for mapper in reg._mappers_to_configure():
                run_configure = None
    
                for fn in mapper.dispatch.before_mapper_configured:
                    run_configure = fn(mapper, mapper.class_)
                    if run_configure is EXT_SKIP:
                        has_skip = True
                        break
                if run_configure is EXT_SKIP:
                    continue
    
                if getattr(mapper, "_configure_failed", False):
                    e = sa_exc.InvalidRequestError(
                        "One or more mappers failed to initialize - "
                        "can't proceed with initialization of other "
                        "mappers. Triggering mapper: '%s'. "
                        "Original exception was: %s"
                        % (mapper, mapper._configure_failed)
                    )
                    e._configure_failed = mapper._configure_failed  # type: ignore
>                   raise e
E                   sqlalchemy.exc.InvalidRequestError: One or more mappers failed to initialize - can't proceed with initialization of other mappers. Triggering mapper: 'Mapper[Sprint(sprints)]'. Original exception was: Mapper 'Mapper[Project(projects)]' has no property 'sprints'.  If this property was indicated from other mappers or configure events, ensure registry.configure() has been called.

..\..\anaconda3\envs\scrumix\lib\site-packages\sqlalchemy\orm\mapper.py:4236: InvalidRequestError
_____ ERROR at setup of TestSprintEndpoints.test_get_sprint_by_id_success _____

fixturedef = <FixtureDef argname='test_user' scope='function' baseid='backend/tests'>
request = <SubRequest 'test_user' for <Function test_get_sprint_by_id_success>>

    @pytest.hookimpl(wrapper=True)
    def pytest_fixture_setup(fixturedef: FixtureDef, request) -> object | None:
        asyncio_mode = _get_asyncio_mode(request.config)
        if not _is_asyncio_fixture_function(fixturedef.func):
            if asyncio_mode == Mode.STRICT:
                # Ignore async fixtures without explicit asyncio mark in strict mode
                # This applies to pytest_trio fixtures, for example
>               return (yield)

..\..\anaconda3\envs\scrumix\lib\site-packages\pytest_asyncio\plugin.py:681: 
_ _ _ _ _ _ _ _ _ _ _ _ _ _ _ _ _ _ _ _ _ _ _ _ _ _ _ _ _ _ _ _ _ _ _ _ _ _ _ _
backend\tests\conftest.py:104: in test_user
    user = User(
..\..\anaconda3\envs\scrumix\lib\site-packages\sqlalchemy\orm\state.py:561: in _initialize_instance
    manager.dispatch.init(self, args, kwargs)
..\..\anaconda3\envs\scrumix\lib\site-packages\sqlalchemy\event\attr.py:487: in __call__
    fn(*args, **kw)
..\..\anaconda3\envs\scrumix\lib\site-packages\sqlalchemy\orm\mapper.py:4391: in _event_on_init
    instrumenting_mapper._check_configure()
..\..\anaconda3\envs\scrumix\lib\site-packages\sqlalchemy\orm\mapper.py:2386: in _check_configure
    _configure_registries({self.registry}, cascade=True)
..\..\anaconda3\envs\scrumix\lib\site-packages\sqlalchemy\orm\mapper.py:4199: in _configure_registries
    _do_configure_registries(registries, cascade)
_ _ _ _ _ _ _ _ _ _ _ _ _ _ _ _ _ _ _ _ _ _ _ _ _ _ _ _ _ _ _ _ _ _ _ _ _ _ _ _

registries = set(), cascade = True

    @util.preload_module("sqlalchemy.orm.decl_api")
    def _do_configure_registries(
        registries: Set[_RegistryType], cascade: bool
    ) -> None:
        registry = util.preloaded.orm_decl_api.registry
    
        orig = set(registries)
    
        for reg in registry._recurse_with_dependencies(registries):
            has_skip = False
    
            for mapper in reg._mappers_to_configure():
                run_configure = None
    
                for fn in mapper.dispatch.before_mapper_configured:
                    run_configure = fn(mapper, mapper.class_)
                    if run_configure is EXT_SKIP:
                        has_skip = True
                        break
                if run_configure is EXT_SKIP:
                    continue
    
                if getattr(mapper, "_configure_failed", False):
                    e = sa_exc.InvalidRequestError(
                        "One or more mappers failed to initialize - "
                        "can't proceed with initialization of other "
                        "mappers. Triggering mapper: '%s'. "
                        "Original exception was: %s"
                        % (mapper, mapper._configure_failed)
                    )
                    e._configure_failed = mapper._configure_failed  # type: ignore
>                   raise e
E                   sqlalchemy.exc.InvalidRequestError: One or more mappers failed to initialize - can't proceed with initialization of other mappers. Triggering mapper: 'Mapper[Sprint(sprints)]'. Original exception was: Mapper 'Mapper[Project(projects)]' has no property 'sprints'.  If this property was indicated from other mappers or configure events, ensure registry.configure() has been called.

..\..\anaconda3\envs\scrumix\lib\site-packages\sqlalchemy\orm\mapper.py:4236: InvalidRequestError
____ ERROR at setup of TestSprintEndpoints.test_get_sprint_by_id_not_found ____

fixturedef = <FixtureDef argname='test_user' scope='function' baseid='backend/tests'>
request = <SubRequest 'test_user' for <Function test_get_sprint_by_id_not_found>>

    @pytest.hookimpl(wrapper=True)
    def pytest_fixture_setup(fixturedef: FixtureDef, request) -> object | None:
        asyncio_mode = _get_asyncio_mode(request.config)
        if not _is_asyncio_fixture_function(fixturedef.func):
            if asyncio_mode == Mode.STRICT:
                # Ignore async fixtures without explicit asyncio mark in strict mode
                # This applies to pytest_trio fixtures, for example
>               return (yield)

..\..\anaconda3\envs\scrumix\lib\site-packages\pytest_asyncio\plugin.py:681: 
_ _ _ _ _ _ _ _ _ _ _ _ _ _ _ _ _ _ _ _ _ _ _ _ _ _ _ _ _ _ _ _ _ _ _ _ _ _ _ _
backend\tests\conftest.py:104: in test_user
    user = User(
..\..\anaconda3\envs\scrumix\lib\site-packages\sqlalchemy\orm\state.py:561: in _initialize_instance
    manager.dispatch.init(self, args, kwargs)
..\..\anaconda3\envs\scrumix\lib\site-packages\sqlalchemy\event\attr.py:487: in __call__
    fn(*args, **kw)
..\..\anaconda3\envs\scrumix\lib\site-packages\sqlalchemy\orm\mapper.py:4391: in _event_on_init
    instrumenting_mapper._check_configure()
..\..\anaconda3\envs\scrumix\lib\site-packages\sqlalchemy\orm\mapper.py:2386: in _check_configure
    _configure_registries({self.registry}, cascade=True)
..\..\anaconda3\envs\scrumix\lib\site-packages\sqlalchemy\orm\mapper.py:4199: in _configure_registries
    _do_configure_registries(registries, cascade)
_ _ _ _ _ _ _ _ _ _ _ _ _ _ _ _ _ _ _ _ _ _ _ _ _ _ _ _ _ _ _ _ _ _ _ _ _ _ _ _

registries = set(), cascade = True

    @util.preload_module("sqlalchemy.orm.decl_api")
    def _do_configure_registries(
        registries: Set[_RegistryType], cascade: bool
    ) -> None:
        registry = util.preloaded.orm_decl_api.registry
    
        orig = set(registries)
    
        for reg in registry._recurse_with_dependencies(registries):
            has_skip = False
    
            for mapper in reg._mappers_to_configure():
                run_configure = None
    
                for fn in mapper.dispatch.before_mapper_configured:
                    run_configure = fn(mapper, mapper.class_)
                    if run_configure is EXT_SKIP:
                        has_skip = True
                        break
                if run_configure is EXT_SKIP:
                    continue
    
                if getattr(mapper, "_configure_failed", False):
                    e = sa_exc.InvalidRequestError(
                        "One or more mappers failed to initialize - "
                        "can't proceed with initialization of other "
                        "mappers. Triggering mapper: '%s'. "
                        "Original exception was: %s"
                        % (mapper, mapper._configure_failed)
                    )
                    e._configure_failed = mapper._configure_failed  # type: ignore
>                   raise e
E                   sqlalchemy.exc.InvalidRequestError: One or more mappers failed to initialize - can't proceed with initialization of other mappers. Triggering mapper: 'Mapper[Sprint(sprints)]'. Original exception was: Mapper 'Mapper[Project(projects)]' has no property 'sprints'.  If this property was indicated from other mappers or configure events, ensure registry.configure() has been called.

..\..\anaconda3\envs\scrumix\lib\site-packages\sqlalchemy\orm\mapper.py:4236: InvalidRequestError
______ ERROR at setup of TestSprintEndpoints.test_update_sprint_success _______

fixturedef = <FixtureDef argname='test_user' scope='function' baseid='backend/tests'>
request = <SubRequest 'test_user' for <Function test_update_sprint_success>>

    @pytest.hookimpl(wrapper=True)
    def pytest_fixture_setup(fixturedef: FixtureDef, request) -> object | None:
        asyncio_mode = _get_asyncio_mode(request.config)
        if not _is_asyncio_fixture_function(fixturedef.func):
            if asyncio_mode == Mode.STRICT:
                # Ignore async fixtures without explicit asyncio mark in strict mode
                # This applies to pytest_trio fixtures, for example
>               return (yield)

..\..\anaconda3\envs\scrumix\lib\site-packages\pytest_asyncio\plugin.py:681: 
_ _ _ _ _ _ _ _ _ _ _ _ _ _ _ _ _ _ _ _ _ _ _ _ _ _ _ _ _ _ _ _ _ _ _ _ _ _ _ _
backend\tests\conftest.py:104: in test_user
    user = User(
..\..\anaconda3\envs\scrumix\lib\site-packages\sqlalchemy\orm\state.py:561: in _initialize_instance
    manager.dispatch.init(self, args, kwargs)
..\..\anaconda3\envs\scrumix\lib\site-packages\sqlalchemy\event\attr.py:487: in __call__
    fn(*args, **kw)
..\..\anaconda3\envs\scrumix\lib\site-packages\sqlalchemy\orm\mapper.py:4391: in _event_on_init
    instrumenting_mapper._check_configure()
..\..\anaconda3\envs\scrumix\lib\site-packages\sqlalchemy\orm\mapper.py:2386: in _check_configure
    _configure_registries({self.registry}, cascade=True)
..\..\anaconda3\envs\scrumix\lib\site-packages\sqlalchemy\orm\mapper.py:4199: in _configure_registries
    _do_configure_registries(registries, cascade)
_ _ _ _ _ _ _ _ _ _ _ _ _ _ _ _ _ _ _ _ _ _ _ _ _ _ _ _ _ _ _ _ _ _ _ _ _ _ _ _

registries = set(), cascade = True

    @util.preload_module("sqlalchemy.orm.decl_api")
    def _do_configure_registries(
        registries: Set[_RegistryType], cascade: bool
    ) -> None:
        registry = util.preloaded.orm_decl_api.registry
    
        orig = set(registries)
    
        for reg in registry._recurse_with_dependencies(registries):
            has_skip = False
    
            for mapper in reg._mappers_to_configure():
                run_configure = None
    
                for fn in mapper.dispatch.before_mapper_configured:
                    run_configure = fn(mapper, mapper.class_)
                    if run_configure is EXT_SKIP:
                        has_skip = True
                        break
                if run_configure is EXT_SKIP:
                    continue
    
                if getattr(mapper, "_configure_failed", False):
                    e = sa_exc.InvalidRequestError(
                        "One or more mappers failed to initialize - "
                        "can't proceed with initialization of other "
                        "mappers. Triggering mapper: '%s'. "
                        "Original exception was: %s"
                        % (mapper, mapper._configure_failed)
                    )
                    e._configure_failed = mapper._configure_failed  # type: ignore
>                   raise e
E                   sqlalchemy.exc.InvalidRequestError: One or more mappers failed to initialize - can't proceed with initialization of other mappers. Triggering mapper: 'Mapper[Sprint(sprints)]'. Original exception was: Mapper 'Mapper[Project(projects)]' has no property 'sprints'.  If this property was indicated from other mappers or configure events, ensure registry.configure() has been called.

..\..\anaconda3\envs\scrumix\lib\site-packages\sqlalchemy\orm\mapper.py:4236: InvalidRequestError
_____ ERROR at setup of TestSprintEndpoints.test_update_sprint_not_found ______

fixturedef = <FixtureDef argname='test_user' scope='function' baseid='backend/tests'>
request = <SubRequest 'test_user' for <Function test_update_sprint_not_found>>

    @pytest.hookimpl(wrapper=True)
    def pytest_fixture_setup(fixturedef: FixtureDef, request) -> object | None:
        asyncio_mode = _get_asyncio_mode(request.config)
        if not _is_asyncio_fixture_function(fixturedef.func):
            if asyncio_mode == Mode.STRICT:
                # Ignore async fixtures without explicit asyncio mark in strict mode
                # This applies to pytest_trio fixtures, for example
>               return (yield)

..\..\anaconda3\envs\scrumix\lib\site-packages\pytest_asyncio\plugin.py:681: 
_ _ _ _ _ _ _ _ _ _ _ _ _ _ _ _ _ _ _ _ _ _ _ _ _ _ _ _ _ _ _ _ _ _ _ _ _ _ _ _
backend\tests\conftest.py:104: in test_user
    user = User(
..\..\anaconda3\envs\scrumix\lib\site-packages\sqlalchemy\orm\state.py:561: in _initialize_instance
    manager.dispatch.init(self, args, kwargs)
..\..\anaconda3\envs\scrumix\lib\site-packages\sqlalchemy\event\attr.py:487: in __call__
    fn(*args, **kw)
..\..\anaconda3\envs\scrumix\lib\site-packages\sqlalchemy\orm\mapper.py:4391: in _event_on_init
    instrumenting_mapper._check_configure()
..\..\anaconda3\envs\scrumix\lib\site-packages\sqlalchemy\orm\mapper.py:2386: in _check_configure
    _configure_registries({self.registry}, cascade=True)
..\..\anaconda3\envs\scrumix\lib\site-packages\sqlalchemy\orm\mapper.py:4199: in _configure_registries
    _do_configure_registries(registries, cascade)
_ _ _ _ _ _ _ _ _ _ _ _ _ _ _ _ _ _ _ _ _ _ _ _ _ _ _ _ _ _ _ _ _ _ _ _ _ _ _ _

registries = set(), cascade = True

    @util.preload_module("sqlalchemy.orm.decl_api")
    def _do_configure_registries(
        registries: Set[_RegistryType], cascade: bool
    ) -> None:
        registry = util.preloaded.orm_decl_api.registry
    
        orig = set(registries)
    
        for reg in registry._recurse_with_dependencies(registries):
            has_skip = False
    
            for mapper in reg._mappers_to_configure():
                run_configure = None
    
                for fn in mapper.dispatch.before_mapper_configured:
                    run_configure = fn(mapper, mapper.class_)
                    if run_configure is EXT_SKIP:
                        has_skip = True
                        break
                if run_configure is EXT_SKIP:
                    continue
    
                if getattr(mapper, "_configure_failed", False):
                    e = sa_exc.InvalidRequestError(
                        "One or more mappers failed to initialize - "
                        "can't proceed with initialization of other "
                        "mappers. Triggering mapper: '%s'. "
                        "Original exception was: %s"
                        % (mapper, mapper._configure_failed)
                    )
                    e._configure_failed = mapper._configure_failed  # type: ignore
>                   raise e
E                   sqlalchemy.exc.InvalidRequestError: One or more mappers failed to initialize - can't proceed with initialization of other mappers. Triggering mapper: 'Mapper[Sprint(sprints)]'. Original exception was: Mapper 'Mapper[Project(projects)]' has no property 'sprints'.  If this property was indicated from other mappers or configure events, ensure registry.configure() has been called.

..\..\anaconda3\envs\scrumix\lib\site-packages\sqlalchemy\orm\mapper.py:4236: InvalidRequestError
______ ERROR at setup of TestSprintEndpoints.test_delete_sprint_success _______

fixturedef = <FixtureDef argname='test_user' scope='function' baseid='backend/tests'>
request = <SubRequest 'test_user' for <Function test_delete_sprint_success>>

    @pytest.hookimpl(wrapper=True)
    def pytest_fixture_setup(fixturedef: FixtureDef, request) -> object | None:
        asyncio_mode = _get_asyncio_mode(request.config)
        if not _is_asyncio_fixture_function(fixturedef.func):
            if asyncio_mode == Mode.STRICT:
                # Ignore async fixtures without explicit asyncio mark in strict mode
                # This applies to pytest_trio fixtures, for example
>               return (yield)

..\..\anaconda3\envs\scrumix\lib\site-packages\pytest_asyncio\plugin.py:681: 
_ _ _ _ _ _ _ _ _ _ _ _ _ _ _ _ _ _ _ _ _ _ _ _ _ _ _ _ _ _ _ _ _ _ _ _ _ _ _ _
backend\tests\conftest.py:104: in test_user
    user = User(
..\..\anaconda3\envs\scrumix\lib\site-packages\sqlalchemy\orm\state.py:561: in _initialize_instance
    manager.dispatch.init(self, args, kwargs)
..\..\anaconda3\envs\scrumix\lib\site-packages\sqlalchemy\event\attr.py:487: in __call__
    fn(*args, **kw)
..\..\anaconda3\envs\scrumix\lib\site-packages\sqlalchemy\orm\mapper.py:4391: in _event_on_init
    instrumenting_mapper._check_configure()
..\..\anaconda3\envs\scrumix\lib\site-packages\sqlalchemy\orm\mapper.py:2386: in _check_configure
    _configure_registries({self.registry}, cascade=True)
..\..\anaconda3\envs\scrumix\lib\site-packages\sqlalchemy\orm\mapper.py:4199: in _configure_registries
    _do_configure_registries(registries, cascade)
_ _ _ _ _ _ _ _ _ _ _ _ _ _ _ _ _ _ _ _ _ _ _ _ _ _ _ _ _ _ _ _ _ _ _ _ _ _ _ _

registries = set(), cascade = True

    @util.preload_module("sqlalchemy.orm.decl_api")
    def _do_configure_registries(
        registries: Set[_RegistryType], cascade: bool
    ) -> None:
        registry = util.preloaded.orm_decl_api.registry
    
        orig = set(registries)
    
        for reg in registry._recurse_with_dependencies(registries):
            has_skip = False
    
            for mapper in reg._mappers_to_configure():
                run_configure = None
    
                for fn in mapper.dispatch.before_mapper_configured:
                    run_configure = fn(mapper, mapper.class_)
                    if run_configure is EXT_SKIP:
                        has_skip = True
                        break
                if run_configure is EXT_SKIP:
                    continue
    
                if getattr(mapper, "_configure_failed", False):
                    e = sa_exc.InvalidRequestError(
                        "One or more mappers failed to initialize - "
                        "can't proceed with initialization of other "
                        "mappers. Triggering mapper: '%s'. "
                        "Original exception was: %s"
                        % (mapper, mapper._configure_failed)
                    )
                    e._configure_failed = mapper._configure_failed  # type: ignore
>                   raise e
E                   sqlalchemy.exc.InvalidRequestError: One or more mappers failed to initialize - can't proceed with initialization of other mappers. Triggering mapper: 'Mapper[Sprint(sprints)]'. Original exception was: Mapper 'Mapper[Project(projects)]' has no property 'sprints'.  If this property was indicated from other mappers or configure events, ensure registry.configure() has been called.

..\..\anaconda3\envs\scrumix\lib\site-packages\sqlalchemy\orm\mapper.py:4236: InvalidRequestError
_____ ERROR at setup of TestSprintEndpoints.test_delete_sprint_not_found ______

fixturedef = <FixtureDef argname='test_user' scope='function' baseid='backend/tests'>
request = <SubRequest 'test_user' for <Function test_delete_sprint_not_found>>

    @pytest.hookimpl(wrapper=True)
    def pytest_fixture_setup(fixturedef: FixtureDef, request) -> object | None:
        asyncio_mode = _get_asyncio_mode(request.config)
        if not _is_asyncio_fixture_function(fixturedef.func):
            if asyncio_mode == Mode.STRICT:
                # Ignore async fixtures without explicit asyncio mark in strict mode
                # This applies to pytest_trio fixtures, for example
>               return (yield)

..\..\anaconda3\envs\scrumix\lib\site-packages\pytest_asyncio\plugin.py:681: 
_ _ _ _ _ _ _ _ _ _ _ _ _ _ _ _ _ _ _ _ _ _ _ _ _ _ _ _ _ _ _ _ _ _ _ _ _ _ _ _
backend\tests\conftest.py:104: in test_user
    user = User(
..\..\anaconda3\envs\scrumix\lib\site-packages\sqlalchemy\orm\state.py:561: in _initialize_instance
    manager.dispatch.init(self, args, kwargs)
..\..\anaconda3\envs\scrumix\lib\site-packages\sqlalchemy\event\attr.py:487: in __call__
    fn(*args, **kw)
..\..\anaconda3\envs\scrumix\lib\site-packages\sqlalchemy\orm\mapper.py:4391: in _event_on_init
    instrumenting_mapper._check_configure()
..\..\anaconda3\envs\scrumix\lib\site-packages\sqlalchemy\orm\mapper.py:2386: in _check_configure
    _configure_registries({self.registry}, cascade=True)
..\..\anaconda3\envs\scrumix\lib\site-packages\sqlalchemy\orm\mapper.py:4199: in _configure_registries
    _do_configure_registries(registries, cascade)
_ _ _ _ _ _ _ _ _ _ _ _ _ _ _ _ _ _ _ _ _ _ _ _ _ _ _ _ _ _ _ _ _ _ _ _ _ _ _ _

registries = set(), cascade = True

    @util.preload_module("sqlalchemy.orm.decl_api")
    def _do_configure_registries(
        registries: Set[_RegistryType], cascade: bool
    ) -> None:
        registry = util.preloaded.orm_decl_api.registry
    
        orig = set(registries)
    
        for reg in registry._recurse_with_dependencies(registries):
            has_skip = False
    
            for mapper in reg._mappers_to_configure():
                run_configure = None
    
                for fn in mapper.dispatch.before_mapper_configured:
                    run_configure = fn(mapper, mapper.class_)
                    if run_configure is EXT_SKIP:
                        has_skip = True
                        break
                if run_configure is EXT_SKIP:
                    continue
    
                if getattr(mapper, "_configure_failed", False):
                    e = sa_exc.InvalidRequestError(
                        "One or more mappers failed to initialize - "
                        "can't proceed with initialization of other "
                        "mappers. Triggering mapper: '%s'. "
                        "Original exception was: %s"
                        % (mapper, mapper._configure_failed)
                    )
                    e._configure_failed = mapper._configure_failed  # type: ignore
>                   raise e
E                   sqlalchemy.exc.InvalidRequestError: One or more mappers failed to initialize - can't proceed with initialization of other mappers. Triggering mapper: 'Mapper[Sprint(sprints)]'. Original exception was: Mapper 'Mapper[Project(projects)]' has no property 'sprints'.  If this property was indicated from other mappers or configure events, ensure registry.configure() has been called.

..\..\anaconda3\envs\scrumix\lib\site-packages\sqlalchemy\orm\mapper.py:4236: InvalidRequestError
__________ ERROR at setup of TestTagEndpoints.test_get_tags_success ___________

fixturedef = <FixtureDef argname='test_user' scope='function' baseid='backend/tests'>
request = <SubRequest 'test_user' for <Function test_get_tags_success>>

    @pytest.hookimpl(wrapper=True)
    def pytest_fixture_setup(fixturedef: FixtureDef, request) -> object | None:
        asyncio_mode = _get_asyncio_mode(request.config)
        if not _is_asyncio_fixture_function(fixturedef.func):
            if asyncio_mode == Mode.STRICT:
                # Ignore async fixtures without explicit asyncio mark in strict mode
                # This applies to pytest_trio fixtures, for example
>               return (yield)

..\..\anaconda3\envs\scrumix\lib\site-packages\pytest_asyncio\plugin.py:681: 
_ _ _ _ _ _ _ _ _ _ _ _ _ _ _ _ _ _ _ _ _ _ _ _ _ _ _ _ _ _ _ _ _ _ _ _ _ _ _ _
backend\tests\conftest.py:104: in test_user
    user = User(
..\..\anaconda3\envs\scrumix\lib\site-packages\sqlalchemy\orm\state.py:561: in _initialize_instance
    manager.dispatch.init(self, args, kwargs)
..\..\anaconda3\envs\scrumix\lib\site-packages\sqlalchemy\event\attr.py:487: in __call__
    fn(*args, **kw)
..\..\anaconda3\envs\scrumix\lib\site-packages\sqlalchemy\orm\mapper.py:4391: in _event_on_init
    instrumenting_mapper._check_configure()
..\..\anaconda3\envs\scrumix\lib\site-packages\sqlalchemy\orm\mapper.py:2386: in _check_configure
    _configure_registries({self.registry}, cascade=True)
..\..\anaconda3\envs\scrumix\lib\site-packages\sqlalchemy\orm\mapper.py:4199: in _configure_registries
    _do_configure_registries(registries, cascade)
_ _ _ _ _ _ _ _ _ _ _ _ _ _ _ _ _ _ _ _ _ _ _ _ _ _ _ _ _ _ _ _ _ _ _ _ _ _ _ _

registries = set(), cascade = True

    @util.preload_module("sqlalchemy.orm.decl_api")
    def _do_configure_registries(
        registries: Set[_RegistryType], cascade: bool
    ) -> None:
        registry = util.preloaded.orm_decl_api.registry
    
        orig = set(registries)
    
        for reg in registry._recurse_with_dependencies(registries):
            has_skip = False
    
            for mapper in reg._mappers_to_configure():
                run_configure = None
    
                for fn in mapper.dispatch.before_mapper_configured:
                    run_configure = fn(mapper, mapper.class_)
                    if run_configure is EXT_SKIP:
                        has_skip = True
                        break
                if run_configure is EXT_SKIP:
                    continue
    
                if getattr(mapper, "_configure_failed", False):
                    e = sa_exc.InvalidRequestError(
                        "One or more mappers failed to initialize - "
                        "can't proceed with initialization of other "
                        "mappers. Triggering mapper: '%s'. "
                        "Original exception was: %s"
                        % (mapper, mapper._configure_failed)
                    )
                    e._configure_failed = mapper._configure_failed  # type: ignore
>                   raise e
E                   sqlalchemy.exc.InvalidRequestError: One or more mappers failed to initialize - can't proceed with initialization of other mappers. Triggering mapper: 'Mapper[Sprint(sprints)]'. Original exception was: Mapper 'Mapper[Project(projects)]' has no property 'sprints'.  If this property was indicated from other mappers or configure events, ensure registry.configure() has been called.

..\..\anaconda3\envs\scrumix\lib\site-packages\sqlalchemy\orm\mapper.py:4236: InvalidRequestError
______ ERROR at setup of TestTagEndpoints.test_get_tags_with_pagination _______

fixturedef = <FixtureDef argname='test_user' scope='function' baseid='backend/tests'>
request = <SubRequest 'test_user' for <Function test_get_tags_with_pagination>>

    @pytest.hookimpl(wrapper=True)
    def pytest_fixture_setup(fixturedef: FixtureDef, request) -> object | None:
        asyncio_mode = _get_asyncio_mode(request.config)
        if not _is_asyncio_fixture_function(fixturedef.func):
            if asyncio_mode == Mode.STRICT:
                # Ignore async fixtures without explicit asyncio mark in strict mode
                # This applies to pytest_trio fixtures, for example
>               return (yield)

..\..\anaconda3\envs\scrumix\lib\site-packages\pytest_asyncio\plugin.py:681: 
_ _ _ _ _ _ _ _ _ _ _ _ _ _ _ _ _ _ _ _ _ _ _ _ _ _ _ _ _ _ _ _ _ _ _ _ _ _ _ _
backend\tests\conftest.py:104: in test_user
    user = User(
..\..\anaconda3\envs\scrumix\lib\site-packages\sqlalchemy\orm\state.py:561: in _initialize_instance
    manager.dispatch.init(self, args, kwargs)
..\..\anaconda3\envs\scrumix\lib\site-packages\sqlalchemy\event\attr.py:487: in __call__
    fn(*args, **kw)
..\..\anaconda3\envs\scrumix\lib\site-packages\sqlalchemy\orm\mapper.py:4391: in _event_on_init
    instrumenting_mapper._check_configure()
..\..\anaconda3\envs\scrumix\lib\site-packages\sqlalchemy\orm\mapper.py:2386: in _check_configure
    _configure_registries({self.registry}, cascade=True)
..\..\anaconda3\envs\scrumix\lib\site-packages\sqlalchemy\orm\mapper.py:4199: in _configure_registries
    _do_configure_registries(registries, cascade)
_ _ _ _ _ _ _ _ _ _ _ _ _ _ _ _ _ _ _ _ _ _ _ _ _ _ _ _ _ _ _ _ _ _ _ _ _ _ _ _

registries = set(), cascade = True

    @util.preload_module("sqlalchemy.orm.decl_api")
    def _do_configure_registries(
        registries: Set[_RegistryType], cascade: bool
    ) -> None:
        registry = util.preloaded.orm_decl_api.registry
    
        orig = set(registries)
    
        for reg in registry._recurse_with_dependencies(registries):
            has_skip = False
    
            for mapper in reg._mappers_to_configure():
                run_configure = None
    
                for fn in mapper.dispatch.before_mapper_configured:
                    run_configure = fn(mapper, mapper.class_)
                    if run_configure is EXT_SKIP:
                        has_skip = True
                        break
                if run_configure is EXT_SKIP:
                    continue
    
                if getattr(mapper, "_configure_failed", False):
                    e = sa_exc.InvalidRequestError(
                        "One or more mappers failed to initialize - "
                        "can't proceed with initialization of other "
                        "mappers. Triggering mapper: '%s'. "
                        "Original exception was: %s"
                        % (mapper, mapper._configure_failed)
                    )
                    e._configure_failed = mapper._configure_failed  # type: ignore
>                   raise e
E                   sqlalchemy.exc.InvalidRequestError: One or more mappers failed to initialize - can't proceed with initialization of other mappers. Triggering mapper: 'Mapper[Sprint(sprints)]'. Original exception was: Mapper 'Mapper[Project(projects)]' has no property 'sprints'.  If this property was indicated from other mappers or configure events, ensure registry.configure() has been called.

..\..\anaconda3\envs\scrumix\lib\site-packages\sqlalchemy\orm\mapper.py:4236: InvalidRequestError
________ ERROR at setup of TestTagEndpoints.test_get_tags_with_search _________

fixturedef = <FixtureDef argname='test_user' scope='function' baseid='backend/tests'>
request = <SubRequest 'test_user' for <Function test_get_tags_with_search>>

    @pytest.hookimpl(wrapper=True)
    def pytest_fixture_setup(fixturedef: FixtureDef, request) -> object | None:
        asyncio_mode = _get_asyncio_mode(request.config)
        if not _is_asyncio_fixture_function(fixturedef.func):
            if asyncio_mode == Mode.STRICT:
                # Ignore async fixtures without explicit asyncio mark in strict mode
                # This applies to pytest_trio fixtures, for example
>               return (yield)

..\..\anaconda3\envs\scrumix\lib\site-packages\pytest_asyncio\plugin.py:681: 
_ _ _ _ _ _ _ _ _ _ _ _ _ _ _ _ _ _ _ _ _ _ _ _ _ _ _ _ _ _ _ _ _ _ _ _ _ _ _ _
backend\tests\conftest.py:104: in test_user
    user = User(
..\..\anaconda3\envs\scrumix\lib\site-packages\sqlalchemy\orm\state.py:561: in _initialize_instance
    manager.dispatch.init(self, args, kwargs)
..\..\anaconda3\envs\scrumix\lib\site-packages\sqlalchemy\event\attr.py:487: in __call__
    fn(*args, **kw)
..\..\anaconda3\envs\scrumix\lib\site-packages\sqlalchemy\orm\mapper.py:4391: in _event_on_init
    instrumenting_mapper._check_configure()
..\..\anaconda3\envs\scrumix\lib\site-packages\sqlalchemy\orm\mapper.py:2386: in _check_configure
    _configure_registries({self.registry}, cascade=True)
..\..\anaconda3\envs\scrumix\lib\site-packages\sqlalchemy\orm\mapper.py:4199: in _configure_registries
    _do_configure_registries(registries, cascade)
_ _ _ _ _ _ _ _ _ _ _ _ _ _ _ _ _ _ _ _ _ _ _ _ _ _ _ _ _ _ _ _ _ _ _ _ _ _ _ _

registries = set(), cascade = True

    @util.preload_module("sqlalchemy.orm.decl_api")
    def _do_configure_registries(
        registries: Set[_RegistryType], cascade: bool
    ) -> None:
        registry = util.preloaded.orm_decl_api.registry
    
        orig = set(registries)
    
        for reg in registry._recurse_with_dependencies(registries):
            has_skip = False
    
            for mapper in reg._mappers_to_configure():
                run_configure = None
    
                for fn in mapper.dispatch.before_mapper_configured:
                    run_configure = fn(mapper, mapper.class_)
                    if run_configure is EXT_SKIP:
                        has_skip = True
                        break
                if run_configure is EXT_SKIP:
                    continue
    
                if getattr(mapper, "_configure_failed", False):
                    e = sa_exc.InvalidRequestError(
                        "One or more mappers failed to initialize - "
                        "can't proceed with initialization of other "
                        "mappers. Triggering mapper: '%s'. "
                        "Original exception was: %s"
                        % (mapper, mapper._configure_failed)
                    )
                    e._configure_failed = mapper._configure_failed  # type: ignore
>                   raise e
E                   sqlalchemy.exc.InvalidRequestError: One or more mappers failed to initialize - can't proceed with initialization of other mappers. Triggering mapper: 'Mapper[Sprint(sprints)]'. Original exception was: Mapper 'Mapper[Project(projects)]' has no property 'sprints'.  If this property was indicated from other mappers or configure events, ensure registry.configure() has been called.

..\..\anaconda3\envs\scrumix\lib\site-packages\sqlalchemy\orm\mapper.py:4236: InvalidRequestError
_________ ERROR at setup of TestTagEndpoints.test_create_tag_success __________

fixturedef = <FixtureDef argname='test_user' scope='function' baseid='backend/tests'>
request = <SubRequest 'test_user' for <Function test_create_tag_success>>

    @pytest.hookimpl(wrapper=True)
    def pytest_fixture_setup(fixturedef: FixtureDef, request) -> object | None:
        asyncio_mode = _get_asyncio_mode(request.config)
        if not _is_asyncio_fixture_function(fixturedef.func):
            if asyncio_mode == Mode.STRICT:
                # Ignore async fixtures without explicit asyncio mark in strict mode
                # This applies to pytest_trio fixtures, for example
>               return (yield)

..\..\anaconda3\envs\scrumix\lib\site-packages\pytest_asyncio\plugin.py:681: 
_ _ _ _ _ _ _ _ _ _ _ _ _ _ _ _ _ _ _ _ _ _ _ _ _ _ _ _ _ _ _ _ _ _ _ _ _ _ _ _
backend\tests\conftest.py:104: in test_user
    user = User(
..\..\anaconda3\envs\scrumix\lib\site-packages\sqlalchemy\orm\state.py:561: in _initialize_instance
    manager.dispatch.init(self, args, kwargs)
..\..\anaconda3\envs\scrumix\lib\site-packages\sqlalchemy\event\attr.py:487: in __call__
    fn(*args, **kw)
..\..\anaconda3\envs\scrumix\lib\site-packages\sqlalchemy\orm\mapper.py:4391: in _event_on_init
    instrumenting_mapper._check_configure()
..\..\anaconda3\envs\scrumix\lib\site-packages\sqlalchemy\orm\mapper.py:2386: in _check_configure
    _configure_registries({self.registry}, cascade=True)
..\..\anaconda3\envs\scrumix\lib\site-packages\sqlalchemy\orm\mapper.py:4199: in _configure_registries
    _do_configure_registries(registries, cascade)
_ _ _ _ _ _ _ _ _ _ _ _ _ _ _ _ _ _ _ _ _ _ _ _ _ _ _ _ _ _ _ _ _ _ _ _ _ _ _ _

registries = set(), cascade = True

    @util.preload_module("sqlalchemy.orm.decl_api")
    def _do_configure_registries(
        registries: Set[_RegistryType], cascade: bool
    ) -> None:
        registry = util.preloaded.orm_decl_api.registry
    
        orig = set(registries)
    
        for reg in registry._recurse_with_dependencies(registries):
            has_skip = False
    
            for mapper in reg._mappers_to_configure():
                run_configure = None
    
                for fn in mapper.dispatch.before_mapper_configured:
                    run_configure = fn(mapper, mapper.class_)
                    if run_configure is EXT_SKIP:
                        has_skip = True
                        break
                if run_configure is EXT_SKIP:
                    continue
    
                if getattr(mapper, "_configure_failed", False):
                    e = sa_exc.InvalidRequestError(
                        "One or more mappers failed to initialize - "
                        "can't proceed with initialization of other "
                        "mappers. Triggering mapper: '%s'. "
                        "Original exception was: %s"
                        % (mapper, mapper._configure_failed)
                    )
                    e._configure_failed = mapper._configure_failed  # type: ignore
>                   raise e
E                   sqlalchemy.exc.InvalidRequestError: One or more mappers failed to initialize - can't proceed with initialization of other mappers. Triggering mapper: 'Mapper[Sprint(sprints)]'. Original exception was: Mapper 'Mapper[Project(projects)]' has no property 'sprints'.  If this property was indicated from other mappers or configure events, ensure registry.configure() has been called.

..\..\anaconda3\envs\scrumix\lib\site-packages\sqlalchemy\orm\mapper.py:4236: InvalidRequestError
_____ ERROR at setup of TestTagEndpoints.test_create_tag_duplicate_title ______

fixturedef = <FixtureDef argname='test_user' scope='function' baseid='backend/tests'>
request = <SubRequest 'test_user' for <Function test_create_tag_duplicate_title>>

    @pytest.hookimpl(wrapper=True)
    def pytest_fixture_setup(fixturedef: FixtureDef, request) -> object | None:
        asyncio_mode = _get_asyncio_mode(request.config)
        if not _is_asyncio_fixture_function(fixturedef.func):
            if asyncio_mode == Mode.STRICT:
                # Ignore async fixtures without explicit asyncio mark in strict mode
                # This applies to pytest_trio fixtures, for example
>               return (yield)

..\..\anaconda3\envs\scrumix\lib\site-packages\pytest_asyncio\plugin.py:681: 
_ _ _ _ _ _ _ _ _ _ _ _ _ _ _ _ _ _ _ _ _ _ _ _ _ _ _ _ _ _ _ _ _ _ _ _ _ _ _ _
backend\tests\conftest.py:104: in test_user
    user = User(
..\..\anaconda3\envs\scrumix\lib\site-packages\sqlalchemy\orm\state.py:561: in _initialize_instance
    manager.dispatch.init(self, args, kwargs)
..\..\anaconda3\envs\scrumix\lib\site-packages\sqlalchemy\event\attr.py:487: in __call__
    fn(*args, **kw)
..\..\anaconda3\envs\scrumix\lib\site-packages\sqlalchemy\orm\mapper.py:4391: in _event_on_init
    instrumenting_mapper._check_configure()
..\..\anaconda3\envs\scrumix\lib\site-packages\sqlalchemy\orm\mapper.py:2386: in _check_configure
    _configure_registries({self.registry}, cascade=True)
..\..\anaconda3\envs\scrumix\lib\site-packages\sqlalchemy\orm\mapper.py:4199: in _configure_registries
    _do_configure_registries(registries, cascade)
_ _ _ _ _ _ _ _ _ _ _ _ _ _ _ _ _ _ _ _ _ _ _ _ _ _ _ _ _ _ _ _ _ _ _ _ _ _ _ _

registries = set(), cascade = True

    @util.preload_module("sqlalchemy.orm.decl_api")
    def _do_configure_registries(
        registries: Set[_RegistryType], cascade: bool
    ) -> None:
        registry = util.preloaded.orm_decl_api.registry
    
        orig = set(registries)
    
        for reg in registry._recurse_with_dependencies(registries):
            has_skip = False
    
            for mapper in reg._mappers_to_configure():
                run_configure = None
    
                for fn in mapper.dispatch.before_mapper_configured:
                    run_configure = fn(mapper, mapper.class_)
                    if run_configure is EXT_SKIP:
                        has_skip = True
                        break
                if run_configure is EXT_SKIP:
                    continue
    
                if getattr(mapper, "_configure_failed", False):
                    e = sa_exc.InvalidRequestError(
                        "One or more mappers failed to initialize - "
                        "can't proceed with initialization of other "
                        "mappers. Triggering mapper: '%s'. "
                        "Original exception was: %s"
                        % (mapper, mapper._configure_failed)
                    )
                    e._configure_failed = mapper._configure_failed  # type: ignore
>                   raise e
E                   sqlalchemy.exc.InvalidRequestError: One or more mappers failed to initialize - can't proceed with initialization of other mappers. Triggering mapper: 'Mapper[Sprint(sprints)]'. Original exception was: Mapper 'Mapper[Project(projects)]' has no property 'sprints'.  If this property was indicated from other mappers or configure events, ensure registry.configure() has been called.

..\..\anaconda3\envs\scrumix\lib\site-packages\sqlalchemy\orm\mapper.py:4236: InvalidRequestError
_______ ERROR at setup of TestTagEndpoints.test_create_tag_invalid_data _______

fixturedef = <FixtureDef argname='test_user' scope='function' baseid='backend/tests'>
request = <SubRequest 'test_user' for <Function test_create_tag_invalid_data>>

    @pytest.hookimpl(wrapper=True)
    def pytest_fixture_setup(fixturedef: FixtureDef, request) -> object | None:
        asyncio_mode = _get_asyncio_mode(request.config)
        if not _is_asyncio_fixture_function(fixturedef.func):
            if asyncio_mode == Mode.STRICT:
                # Ignore async fixtures without explicit asyncio mark in strict mode
                # This applies to pytest_trio fixtures, for example
>               return (yield)

..\..\anaconda3\envs\scrumix\lib\site-packages\pytest_asyncio\plugin.py:681: 
_ _ _ _ _ _ _ _ _ _ _ _ _ _ _ _ _ _ _ _ _ _ _ _ _ _ _ _ _ _ _ _ _ _ _ _ _ _ _ _
backend\tests\conftest.py:104: in test_user
    user = User(
..\..\anaconda3\envs\scrumix\lib\site-packages\sqlalchemy\orm\state.py:561: in _initialize_instance
    manager.dispatch.init(self, args, kwargs)
..\..\anaconda3\envs\scrumix\lib\site-packages\sqlalchemy\event\attr.py:487: in __call__
    fn(*args, **kw)
..\..\anaconda3\envs\scrumix\lib\site-packages\sqlalchemy\orm\mapper.py:4391: in _event_on_init
    instrumenting_mapper._check_configure()
..\..\anaconda3\envs\scrumix\lib\site-packages\sqlalchemy\orm\mapper.py:2386: in _check_configure
    _configure_registries({self.registry}, cascade=True)
..\..\anaconda3\envs\scrumix\lib\site-packages\sqlalchemy\orm\mapper.py:4199: in _configure_registries
    _do_configure_registries(registries, cascade)
_ _ _ _ _ _ _ _ _ _ _ _ _ _ _ _ _ _ _ _ _ _ _ _ _ _ _ _ _ _ _ _ _ _ _ _ _ _ _ _

registries = set(), cascade = True

    @util.preload_module("sqlalchemy.orm.decl_api")
    def _do_configure_registries(
        registries: Set[_RegistryType], cascade: bool
    ) -> None:
        registry = util.preloaded.orm_decl_api.registry
    
        orig = set(registries)
    
        for reg in registry._recurse_with_dependencies(registries):
            has_skip = False
    
            for mapper in reg._mappers_to_configure():
                run_configure = None
    
                for fn in mapper.dispatch.before_mapper_configured:
                    run_configure = fn(mapper, mapper.class_)
                    if run_configure is EXT_SKIP:
                        has_skip = True
                        break
                if run_configure is EXT_SKIP:
                    continue
    
                if getattr(mapper, "_configure_failed", False):
                    e = sa_exc.InvalidRequestError(
                        "One or more mappers failed to initialize - "
                        "can't proceed with initialization of other "
                        "mappers. Triggering mapper: '%s'. "
                        "Original exception was: %s"
                        % (mapper, mapper._configure_failed)
                    )
                    e._configure_failed = mapper._configure_failed  # type: ignore
>                   raise e
E                   sqlalchemy.exc.InvalidRequestError: One or more mappers failed to initialize - can't proceed with initialization of other mappers. Triggering mapper: 'Mapper[Sprint(sprints)]'. Original exception was: Mapper 'Mapper[Project(projects)]' has no property 'sprints'.  If this property was indicated from other mappers or configure events, ensure registry.configure() has been called.

..\..\anaconda3\envs\scrumix\lib\site-packages\sqlalchemy\orm\mapper.py:4236: InvalidRequestError
________ ERROR at setup of TestTagEndpoints.test_get_tag_by_id_success ________

fixturedef = <FixtureDef argname='test_user' scope='function' baseid='backend/tests'>
request = <SubRequest 'test_user' for <Function test_get_tag_by_id_success>>

    @pytest.hookimpl(wrapper=True)
    def pytest_fixture_setup(fixturedef: FixtureDef, request) -> object | None:
        asyncio_mode = _get_asyncio_mode(request.config)
        if not _is_asyncio_fixture_function(fixturedef.func):
            if asyncio_mode == Mode.STRICT:
                # Ignore async fixtures without explicit asyncio mark in strict mode
                # This applies to pytest_trio fixtures, for example
>               return (yield)

..\..\anaconda3\envs\scrumix\lib\site-packages\pytest_asyncio\plugin.py:681: 
_ _ _ _ _ _ _ _ _ _ _ _ _ _ _ _ _ _ _ _ _ _ _ _ _ _ _ _ _ _ _ _ _ _ _ _ _ _ _ _
backend\tests\conftest.py:104: in test_user
    user = User(
..\..\anaconda3\envs\scrumix\lib\site-packages\sqlalchemy\orm\state.py:561: in _initialize_instance
    manager.dispatch.init(self, args, kwargs)
..\..\anaconda3\envs\scrumix\lib\site-packages\sqlalchemy\event\attr.py:487: in __call__
    fn(*args, **kw)
..\..\anaconda3\envs\scrumix\lib\site-packages\sqlalchemy\orm\mapper.py:4391: in _event_on_init
    instrumenting_mapper._check_configure()
..\..\anaconda3\envs\scrumix\lib\site-packages\sqlalchemy\orm\mapper.py:2386: in _check_configure
    _configure_registries({self.registry}, cascade=True)
..\..\anaconda3\envs\scrumix\lib\site-packages\sqlalchemy\orm\mapper.py:4199: in _configure_registries
    _do_configure_registries(registries, cascade)
_ _ _ _ _ _ _ _ _ _ _ _ _ _ _ _ _ _ _ _ _ _ _ _ _ _ _ _ _ _ _ _ _ _ _ _ _ _ _ _

registries = set(), cascade = True

    @util.preload_module("sqlalchemy.orm.decl_api")
    def _do_configure_registries(
        registries: Set[_RegistryType], cascade: bool
    ) -> None:
        registry = util.preloaded.orm_decl_api.registry
    
        orig = set(registries)
    
        for reg in registry._recurse_with_dependencies(registries):
            has_skip = False
    
            for mapper in reg._mappers_to_configure():
                run_configure = None
    
                for fn in mapper.dispatch.before_mapper_configured:
                    run_configure = fn(mapper, mapper.class_)
                    if run_configure is EXT_SKIP:
                        has_skip = True
                        break
                if run_configure is EXT_SKIP:
                    continue
    
                if getattr(mapper, "_configure_failed", False):
                    e = sa_exc.InvalidRequestError(
                        "One or more mappers failed to initialize - "
                        "can't proceed with initialization of other "
                        "mappers. Triggering mapper: '%s'. "
                        "Original exception was: %s"
                        % (mapper, mapper._configure_failed)
                    )
                    e._configure_failed = mapper._configure_failed  # type: ignore
>                   raise e
E                   sqlalchemy.exc.InvalidRequestError: One or more mappers failed to initialize - can't proceed with initialization of other mappers. Triggering mapper: 'Mapper[Sprint(sprints)]'. Original exception was: Mapper 'Mapper[Project(projects)]' has no property 'sprints'.  If this property was indicated from other mappers or configure events, ensure registry.configure() has been called.

..\..\anaconda3\envs\scrumix\lib\site-packages\sqlalchemy\orm\mapper.py:4236: InvalidRequestError
_______ ERROR at setup of TestTagEndpoints.test_get_tag_by_id_not_found _______

fixturedef = <FixtureDef argname='test_user' scope='function' baseid='backend/tests'>
request = <SubRequest 'test_user' for <Function test_get_tag_by_id_not_found>>

    @pytest.hookimpl(wrapper=True)
    def pytest_fixture_setup(fixturedef: FixtureDef, request) -> object | None:
        asyncio_mode = _get_asyncio_mode(request.config)
        if not _is_asyncio_fixture_function(fixturedef.func):
            if asyncio_mode == Mode.STRICT:
                # Ignore async fixtures without explicit asyncio mark in strict mode
                # This applies to pytest_trio fixtures, for example
>               return (yield)

..\..\anaconda3\envs\scrumix\lib\site-packages\pytest_asyncio\plugin.py:681: 
_ _ _ _ _ _ _ _ _ _ _ _ _ _ _ _ _ _ _ _ _ _ _ _ _ _ _ _ _ _ _ _ _ _ _ _ _ _ _ _
backend\tests\conftest.py:104: in test_user
    user = User(
..\..\anaconda3\envs\scrumix\lib\site-packages\sqlalchemy\orm\state.py:561: in _initialize_instance
    manager.dispatch.init(self, args, kwargs)
..\..\anaconda3\envs\scrumix\lib\site-packages\sqlalchemy\event\attr.py:487: in __call__
    fn(*args, **kw)
..\..\anaconda3\envs\scrumix\lib\site-packages\sqlalchemy\orm\mapper.py:4391: in _event_on_init
    instrumenting_mapper._check_configure()
..\..\anaconda3\envs\scrumix\lib\site-packages\sqlalchemy\orm\mapper.py:2386: in _check_configure
    _configure_registries({self.registry}, cascade=True)
..\..\anaconda3\envs\scrumix\lib\site-packages\sqlalchemy\orm\mapper.py:4199: in _configure_registries
    _do_configure_registries(registries, cascade)
_ _ _ _ _ _ _ _ _ _ _ _ _ _ _ _ _ _ _ _ _ _ _ _ _ _ _ _ _ _ _ _ _ _ _ _ _ _ _ _

registries = set(), cascade = True

    @util.preload_module("sqlalchemy.orm.decl_api")
    def _do_configure_registries(
        registries: Set[_RegistryType], cascade: bool
    ) -> None:
        registry = util.preloaded.orm_decl_api.registry
    
        orig = set(registries)
    
        for reg in registry._recurse_with_dependencies(registries):
            has_skip = False
    
            for mapper in reg._mappers_to_configure():
                run_configure = None
    
                for fn in mapper.dispatch.before_mapper_configured:
                    run_configure = fn(mapper, mapper.class_)
                    if run_configure is EXT_SKIP:
                        has_skip = True
                        break
                if run_configure is EXT_SKIP:
                    continue
    
                if getattr(mapper, "_configure_failed", False):
                    e = sa_exc.InvalidRequestError(
                        "One or more mappers failed to initialize - "
                        "can't proceed with initialization of other "
                        "mappers. Triggering mapper: '%s'. "
                        "Original exception was: %s"
                        % (mapper, mapper._configure_failed)
                    )
                    e._configure_failed = mapper._configure_failed  # type: ignore
>                   raise e
E                   sqlalchemy.exc.InvalidRequestError: One or more mappers failed to initialize - can't proceed with initialization of other mappers. Triggering mapper: 'Mapper[Sprint(sprints)]'. Original exception was: Mapper 'Mapper[Project(projects)]' has no property 'sprints'.  If this property was indicated from other mappers or configure events, ensure registry.configure() has been called.

..\..\anaconda3\envs\scrumix\lib\site-packages\sqlalchemy\orm\mapper.py:4236: InvalidRequestError
_________ ERROR at setup of TestTagEndpoints.test_update_tag_success __________

fixturedef = <FixtureDef argname='test_user' scope='function' baseid='backend/tests'>
request = <SubRequest 'test_user' for <Function test_update_tag_success>>

    @pytest.hookimpl(wrapper=True)
    def pytest_fixture_setup(fixturedef: FixtureDef, request) -> object | None:
        asyncio_mode = _get_asyncio_mode(request.config)
        if not _is_asyncio_fixture_function(fixturedef.func):
            if asyncio_mode == Mode.STRICT:
                # Ignore async fixtures without explicit asyncio mark in strict mode
                # This applies to pytest_trio fixtures, for example
>               return (yield)

..\..\anaconda3\envs\scrumix\lib\site-packages\pytest_asyncio\plugin.py:681: 
_ _ _ _ _ _ _ _ _ _ _ _ _ _ _ _ _ _ _ _ _ _ _ _ _ _ _ _ _ _ _ _ _ _ _ _ _ _ _ _
backend\tests\conftest.py:104: in test_user
    user = User(
..\..\anaconda3\envs\scrumix\lib\site-packages\sqlalchemy\orm\state.py:561: in _initialize_instance
    manager.dispatch.init(self, args, kwargs)
..\..\anaconda3\envs\scrumix\lib\site-packages\sqlalchemy\event\attr.py:487: in __call__
    fn(*args, **kw)
..\..\anaconda3\envs\scrumix\lib\site-packages\sqlalchemy\orm\mapper.py:4391: in _event_on_init
    instrumenting_mapper._check_configure()
..\..\anaconda3\envs\scrumix\lib\site-packages\sqlalchemy\orm\mapper.py:2386: in _check_configure
    _configure_registries({self.registry}, cascade=True)
..\..\anaconda3\envs\scrumix\lib\site-packages\sqlalchemy\orm\mapper.py:4199: in _configure_registries
    _do_configure_registries(registries, cascade)
_ _ _ _ _ _ _ _ _ _ _ _ _ _ _ _ _ _ _ _ _ _ _ _ _ _ _ _ _ _ _ _ _ _ _ _ _ _ _ _

registries = set(), cascade = True

    @util.preload_module("sqlalchemy.orm.decl_api")
    def _do_configure_registries(
        registries: Set[_RegistryType], cascade: bool
    ) -> None:
        registry = util.preloaded.orm_decl_api.registry
    
        orig = set(registries)
    
        for reg in registry._recurse_with_dependencies(registries):
            has_skip = False
    
            for mapper in reg._mappers_to_configure():
                run_configure = None
    
                for fn in mapper.dispatch.before_mapper_configured:
                    run_configure = fn(mapper, mapper.class_)
                    if run_configure is EXT_SKIP:
                        has_skip = True
                        break
                if run_configure is EXT_SKIP:
                    continue
    
                if getattr(mapper, "_configure_failed", False):
                    e = sa_exc.InvalidRequestError(
                        "One or more mappers failed to initialize - "
                        "can't proceed with initialization of other "
                        "mappers. Triggering mapper: '%s'. "
                        "Original exception was: %s"
                        % (mapper, mapper._configure_failed)
                    )
                    e._configure_failed = mapper._configure_failed  # type: ignore
>                   raise e
E                   sqlalchemy.exc.InvalidRequestError: One or more mappers failed to initialize - can't proceed with initialization of other mappers. Triggering mapper: 'Mapper[Sprint(sprints)]'. Original exception was: Mapper 'Mapper[Project(projects)]' has no property 'sprints'.  If this property was indicated from other mappers or configure events, ensure registry.configure() has been called.

..\..\anaconda3\envs\scrumix\lib\site-packages\sqlalchemy\orm\mapper.py:4236: InvalidRequestError
________ ERROR at setup of TestTagEndpoints.test_update_tag_not_found _________

fixturedef = <FixtureDef argname='test_user' scope='function' baseid='backend/tests'>
request = <SubRequest 'test_user' for <Function test_update_tag_not_found>>

    @pytest.hookimpl(wrapper=True)
    def pytest_fixture_setup(fixturedef: FixtureDef, request) -> object | None:
        asyncio_mode = _get_asyncio_mode(request.config)
        if not _is_asyncio_fixture_function(fixturedef.func):
            if asyncio_mode == Mode.STRICT:
                # Ignore async fixtures without explicit asyncio mark in strict mode
                # This applies to pytest_trio fixtures, for example
>               return (yield)

..\..\anaconda3\envs\scrumix\lib\site-packages\pytest_asyncio\plugin.py:681: 
_ _ _ _ _ _ _ _ _ _ _ _ _ _ _ _ _ _ _ _ _ _ _ _ _ _ _ _ _ _ _ _ _ _ _ _ _ _ _ _
backend\tests\conftest.py:104: in test_user
    user = User(
..\..\anaconda3\envs\scrumix\lib\site-packages\sqlalchemy\orm\state.py:561: in _initialize_instance
    manager.dispatch.init(self, args, kwargs)
..\..\anaconda3\envs\scrumix\lib\site-packages\sqlalchemy\event\attr.py:487: in __call__
    fn(*args, **kw)
..\..\anaconda3\envs\scrumix\lib\site-packages\sqlalchemy\orm\mapper.py:4391: in _event_on_init
    instrumenting_mapper._check_configure()
..\..\anaconda3\envs\scrumix\lib\site-packages\sqlalchemy\orm\mapper.py:2386: in _check_configure
    _configure_registries({self.registry}, cascade=True)
..\..\anaconda3\envs\scrumix\lib\site-packages\sqlalchemy\orm\mapper.py:4199: in _configure_registries
    _do_configure_registries(registries, cascade)
_ _ _ _ _ _ _ _ _ _ _ _ _ _ _ _ _ _ _ _ _ _ _ _ _ _ _ _ _ _ _ _ _ _ _ _ _ _ _ _

registries = set(), cascade = True

    @util.preload_module("sqlalchemy.orm.decl_api")
    def _do_configure_registries(
        registries: Set[_RegistryType], cascade: bool
    ) -> None:
        registry = util.preloaded.orm_decl_api.registry
    
        orig = set(registries)
    
        for reg in registry._recurse_with_dependencies(registries):
            has_skip = False
    
            for mapper in reg._mappers_to_configure():
                run_configure = None
    
                for fn in mapper.dispatch.before_mapper_configured:
                    run_configure = fn(mapper, mapper.class_)
                    if run_configure is EXT_SKIP:
                        has_skip = True
                        break
                if run_configure is EXT_SKIP:
                    continue
    
                if getattr(mapper, "_configure_failed", False):
                    e = sa_exc.InvalidRequestError(
                        "One or more mappers failed to initialize - "
                        "can't proceed with initialization of other "
                        "mappers. Triggering mapper: '%s'. "
                        "Original exception was: %s"
                        % (mapper, mapper._configure_failed)
                    )
                    e._configure_failed = mapper._configure_failed  # type: ignore
>                   raise e
E                   sqlalchemy.exc.InvalidRequestError: One or more mappers failed to initialize - can't proceed with initialization of other mappers. Triggering mapper: 'Mapper[Sprint(sprints)]'. Original exception was: Mapper 'Mapper[Project(projects)]' has no property 'sprints'.  If this property was indicated from other mappers or configure events, ensure registry.configure() has been called.

..\..\anaconda3\envs\scrumix\lib\site-packages\sqlalchemy\orm\mapper.py:4236: InvalidRequestError
_________ ERROR at setup of TestTagEndpoints.test_delete_tag_success __________

fixturedef = <FixtureDef argname='test_user' scope='function' baseid='backend/tests'>
request = <SubRequest 'test_user' for <Function test_delete_tag_success>>

    @pytest.hookimpl(wrapper=True)
    def pytest_fixture_setup(fixturedef: FixtureDef, request) -> object | None:
        asyncio_mode = _get_asyncio_mode(request.config)
        if not _is_asyncio_fixture_function(fixturedef.func):
            if asyncio_mode == Mode.STRICT:
                # Ignore async fixtures without explicit asyncio mark in strict mode
                # This applies to pytest_trio fixtures, for example
>               return (yield)

..\..\anaconda3\envs\scrumix\lib\site-packages\pytest_asyncio\plugin.py:681: 
_ _ _ _ _ _ _ _ _ _ _ _ _ _ _ _ _ _ _ _ _ _ _ _ _ _ _ _ _ _ _ _ _ _ _ _ _ _ _ _
backend\tests\conftest.py:104: in test_user
    user = User(
..\..\anaconda3\envs\scrumix\lib\site-packages\sqlalchemy\orm\state.py:561: in _initialize_instance
    manager.dispatch.init(self, args, kwargs)
..\..\anaconda3\envs\scrumix\lib\site-packages\sqlalchemy\event\attr.py:487: in __call__
    fn(*args, **kw)
..\..\anaconda3\envs\scrumix\lib\site-packages\sqlalchemy\orm\mapper.py:4391: in _event_on_init
    instrumenting_mapper._check_configure()
..\..\anaconda3\envs\scrumix\lib\site-packages\sqlalchemy\orm\mapper.py:2386: in _check_configure
    _configure_registries({self.registry}, cascade=True)
..\..\anaconda3\envs\scrumix\lib\site-packages\sqlalchemy\orm\mapper.py:4199: in _configure_registries
    _do_configure_registries(registries, cascade)
_ _ _ _ _ _ _ _ _ _ _ _ _ _ _ _ _ _ _ _ _ _ _ _ _ _ _ _ _ _ _ _ _ _ _ _ _ _ _ _

registries = set(), cascade = True

    @util.preload_module("sqlalchemy.orm.decl_api")
    def _do_configure_registries(
        registries: Set[_RegistryType], cascade: bool
    ) -> None:
        registry = util.preloaded.orm_decl_api.registry
    
        orig = set(registries)
    
        for reg in registry._recurse_with_dependencies(registries):
            has_skip = False
    
            for mapper in reg._mappers_to_configure():
                run_configure = None
    
                for fn in mapper.dispatch.before_mapper_configured:
                    run_configure = fn(mapper, mapper.class_)
                    if run_configure is EXT_SKIP:
                        has_skip = True
                        break
                if run_configure is EXT_SKIP:
                    continue
    
                if getattr(mapper, "_configure_failed", False):
                    e = sa_exc.InvalidRequestError(
                        "One or more mappers failed to initialize - "
                        "can't proceed with initialization of other "
                        "mappers. Triggering mapper: '%s'. "
                        "Original exception was: %s"
                        % (mapper, mapper._configure_failed)
                    )
                    e._configure_failed = mapper._configure_failed  # type: ignore
>                   raise e
E                   sqlalchemy.exc.InvalidRequestError: One or more mappers failed to initialize - can't proceed with initialization of other mappers. Triggering mapper: 'Mapper[Sprint(sprints)]'. Original exception was: Mapper 'Mapper[Project(projects)]' has no property 'sprints'.  If this property was indicated from other mappers or configure events, ensure registry.configure() has been called.

..\..\anaconda3\envs\scrumix\lib\site-packages\sqlalchemy\orm\mapper.py:4236: InvalidRequestError
________ ERROR at setup of TestTagEndpoints.test_delete_tag_not_found _________

fixturedef = <FixtureDef argname='test_user' scope='function' baseid='backend/tests'>
request = <SubRequest 'test_user' for <Function test_delete_tag_not_found>>

    @pytest.hookimpl(wrapper=True)
    def pytest_fixture_setup(fixturedef: FixtureDef, request) -> object | None:
        asyncio_mode = _get_asyncio_mode(request.config)
        if not _is_asyncio_fixture_function(fixturedef.func):
            if asyncio_mode == Mode.STRICT:
                # Ignore async fixtures without explicit asyncio mark in strict mode
                # This applies to pytest_trio fixtures, for example
>               return (yield)

..\..\anaconda3\envs\scrumix\lib\site-packages\pytest_asyncio\plugin.py:681: 
_ _ _ _ _ _ _ _ _ _ _ _ _ _ _ _ _ _ _ _ _ _ _ _ _ _ _ _ _ _ _ _ _ _ _ _ _ _ _ _
backend\tests\conftest.py:104: in test_user
    user = User(
..\..\anaconda3\envs\scrumix\lib\site-packages\sqlalchemy\orm\state.py:561: in _initialize_instance
    manager.dispatch.init(self, args, kwargs)
..\..\anaconda3\envs\scrumix\lib\site-packages\sqlalchemy\event\attr.py:487: in __call__
    fn(*args, **kw)
..\..\anaconda3\envs\scrumix\lib\site-packages\sqlalchemy\orm\mapper.py:4391: in _event_on_init
    instrumenting_mapper._check_configure()
..\..\anaconda3\envs\scrumix\lib\site-packages\sqlalchemy\orm\mapper.py:2386: in _check_configure
    _configure_registries({self.registry}, cascade=True)
..\..\anaconda3\envs\scrumix\lib\site-packages\sqlalchemy\orm\mapper.py:4199: in _configure_registries
    _do_configure_registries(registries, cascade)
_ _ _ _ _ _ _ _ _ _ _ _ _ _ _ _ _ _ _ _ _ _ _ _ _ _ _ _ _ _ _ _ _ _ _ _ _ _ _ _

registries = set(), cascade = True

    @util.preload_module("sqlalchemy.orm.decl_api")
    def _do_configure_registries(
        registries: Set[_RegistryType], cascade: bool
    ) -> None:
        registry = util.preloaded.orm_decl_api.registry
    
        orig = set(registries)
    
        for reg in registry._recurse_with_dependencies(registries):
            has_skip = False
    
            for mapper in reg._mappers_to_configure():
                run_configure = None
    
                for fn in mapper.dispatch.before_mapper_configured:
                    run_configure = fn(mapper, mapper.class_)
                    if run_configure is EXT_SKIP:
                        has_skip = True
                        break
                if run_configure is EXT_SKIP:
                    continue
    
                if getattr(mapper, "_configure_failed", False):
                    e = sa_exc.InvalidRequestError(
                        "One or more mappers failed to initialize - "
                        "can't proceed with initialization of other "
                        "mappers. Triggering mapper: '%s'. "
                        "Original exception was: %s"
                        % (mapper, mapper._configure_failed)
                    )
                    e._configure_failed = mapper._configure_failed  # type: ignore
>                   raise e
E                   sqlalchemy.exc.InvalidRequestError: One or more mappers failed to initialize - can't proceed with initialization of other mappers. Triggering mapper: 'Mapper[Sprint(sprints)]'. Original exception was: Mapper 'Mapper[Project(projects)]' has no property 'sprints'.  If this property was indicated from other mappers or configure events, ensure registry.configure() has been called.

..\..\anaconda3\envs\scrumix\lib\site-packages\sqlalchemy\orm\mapper.py:4236: InvalidRequestError
______ ERROR at setup of TestTagEndpoints.test_get_tag_by_title_success _______

fixturedef = <FixtureDef argname='test_user' scope='function' baseid='backend/tests'>
request = <SubRequest 'test_user' for <Function test_get_tag_by_title_success>>

    @pytest.hookimpl(wrapper=True)
    def pytest_fixture_setup(fixturedef: FixtureDef, request) -> object | None:
        asyncio_mode = _get_asyncio_mode(request.config)
        if not _is_asyncio_fixture_function(fixturedef.func):
            if asyncio_mode == Mode.STRICT:
                # Ignore async fixtures without explicit asyncio mark in strict mode
                # This applies to pytest_trio fixtures, for example
>               return (yield)

..\..\anaconda3\envs\scrumix\lib\site-packages\pytest_asyncio\plugin.py:681: 
_ _ _ _ _ _ _ _ _ _ _ _ _ _ _ _ _ _ _ _ _ _ _ _ _ _ _ _ _ _ _ _ _ _ _ _ _ _ _ _
backend\tests\conftest.py:104: in test_user
    user = User(
..\..\anaconda3\envs\scrumix\lib\site-packages\sqlalchemy\orm\state.py:561: in _initialize_instance
    manager.dispatch.init(self, args, kwargs)
..\..\anaconda3\envs\scrumix\lib\site-packages\sqlalchemy\event\attr.py:487: in __call__
    fn(*args, **kw)
..\..\anaconda3\envs\scrumix\lib\site-packages\sqlalchemy\orm\mapper.py:4391: in _event_on_init
    instrumenting_mapper._check_configure()
..\..\anaconda3\envs\scrumix\lib\site-packages\sqlalchemy\orm\mapper.py:2386: in _check_configure
    _configure_registries({self.registry}, cascade=True)
..\..\anaconda3\envs\scrumix\lib\site-packages\sqlalchemy\orm\mapper.py:4199: in _configure_registries
    _do_configure_registries(registries, cascade)
_ _ _ _ _ _ _ _ _ _ _ _ _ _ _ _ _ _ _ _ _ _ _ _ _ _ _ _ _ _ _ _ _ _ _ _ _ _ _ _

registries = set(), cascade = True

    @util.preload_module("sqlalchemy.orm.decl_api")
    def _do_configure_registries(
        registries: Set[_RegistryType], cascade: bool
    ) -> None:
        registry = util.preloaded.orm_decl_api.registry
    
        orig = set(registries)
    
        for reg in registry._recurse_with_dependencies(registries):
            has_skip = False
    
            for mapper in reg._mappers_to_configure():
                run_configure = None
    
                for fn in mapper.dispatch.before_mapper_configured:
                    run_configure = fn(mapper, mapper.class_)
                    if run_configure is EXT_SKIP:
                        has_skip = True
                        break
                if run_configure is EXT_SKIP:
                    continue
    
                if getattr(mapper, "_configure_failed", False):
                    e = sa_exc.InvalidRequestError(
                        "One or more mappers failed to initialize - "
                        "can't proceed with initialization of other "
                        "mappers. Triggering mapper: '%s'. "
                        "Original exception was: %s"
                        % (mapper, mapper._configure_failed)
                    )
                    e._configure_failed = mapper._configure_failed  # type: ignore
>                   raise e
E                   sqlalchemy.exc.InvalidRequestError: One or more mappers failed to initialize - can't proceed with initialization of other mappers. Triggering mapper: 'Mapper[Sprint(sprints)]'. Original exception was: Mapper 'Mapper[Project(projects)]' has no property 'sprints'.  If this property was indicated from other mappers or configure events, ensure registry.configure() has been called.

..\..\anaconda3\envs\scrumix\lib\site-packages\sqlalchemy\orm\mapper.py:4236: InvalidRequestError
_____ ERROR at setup of TestTagEndpoints.test_get_tag_by_title_not_found ______

fixturedef = <FixtureDef argname='test_user' scope='function' baseid='backend/tests'>
request = <SubRequest 'test_user' for <Function test_get_tag_by_title_not_found>>

    @pytest.hookimpl(wrapper=True)
    def pytest_fixture_setup(fixturedef: FixtureDef, request) -> object | None:
        asyncio_mode = _get_asyncio_mode(request.config)
        if not _is_asyncio_fixture_function(fixturedef.func):
            if asyncio_mode == Mode.STRICT:
                # Ignore async fixtures without explicit asyncio mark in strict mode
                # This applies to pytest_trio fixtures, for example
>               return (yield)

..\..\anaconda3\envs\scrumix\lib\site-packages\pytest_asyncio\plugin.py:681: 
_ _ _ _ _ _ _ _ _ _ _ _ _ _ _ _ _ _ _ _ _ _ _ _ _ _ _ _ _ _ _ _ _ _ _ _ _ _ _ _
backend\tests\conftest.py:104: in test_user
    user = User(
..\..\anaconda3\envs\scrumix\lib\site-packages\sqlalchemy\orm\state.py:561: in _initialize_instance
    manager.dispatch.init(self, args, kwargs)
..\..\anaconda3\envs\scrumix\lib\site-packages\sqlalchemy\event\attr.py:487: in __call__
    fn(*args, **kw)
..\..\anaconda3\envs\scrumix\lib\site-packages\sqlalchemy\orm\mapper.py:4391: in _event_on_init
    instrumenting_mapper._check_configure()
..\..\anaconda3\envs\scrumix\lib\site-packages\sqlalchemy\orm\mapper.py:2386: in _check_configure
    _configure_registries({self.registry}, cascade=True)
..\..\anaconda3\envs\scrumix\lib\site-packages\sqlalchemy\orm\mapper.py:4199: in _configure_registries
    _do_configure_registries(registries, cascade)
_ _ _ _ _ _ _ _ _ _ _ _ _ _ _ _ _ _ _ _ _ _ _ _ _ _ _ _ _ _ _ _ _ _ _ _ _ _ _ _

registries = set(), cascade = True

    @util.preload_module("sqlalchemy.orm.decl_api")
    def _do_configure_registries(
        registries: Set[_RegistryType], cascade: bool
    ) -> None:
        registry = util.preloaded.orm_decl_api.registry
    
        orig = set(registries)
    
        for reg in registry._recurse_with_dependencies(registries):
            has_skip = False
    
            for mapper in reg._mappers_to_configure():
                run_configure = None
    
                for fn in mapper.dispatch.before_mapper_configured:
                    run_configure = fn(mapper, mapper.class_)
                    if run_configure is EXT_SKIP:
                        has_skip = True
                        break
                if run_configure is EXT_SKIP:
                    continue
    
                if getattr(mapper, "_configure_failed", False):
                    e = sa_exc.InvalidRequestError(
                        "One or more mappers failed to initialize - "
                        "can't proceed with initialization of other "
                        "mappers. Triggering mapper: '%s'. "
                        "Original exception was: %s"
                        % (mapper, mapper._configure_failed)
                    )
                    e._configure_failed = mapper._configure_failed  # type: ignore
>                   raise e
E                   sqlalchemy.exc.InvalidRequestError: One or more mappers failed to initialize - can't proceed with initialization of other mappers. Triggering mapper: 'Mapper[Sprint(sprints)]'. Original exception was: Mapper 'Mapper[Project(projects)]' has no property 'sprints'.  If this property was indicated from other mappers or configure events, ensure registry.configure() has been called.

..\..\anaconda3\envs\scrumix\lib\site-packages\sqlalchemy\orm\mapper.py:4236: InvalidRequestError
_____ ERROR at setup of TestTagEndpoints.test_get_or_create_tag_existing ______

fixturedef = <FixtureDef argname='test_user' scope='function' baseid='backend/tests'>
request = <SubRequest 'test_user' for <Function test_get_or_create_tag_existing>>

    @pytest.hookimpl(wrapper=True)
    def pytest_fixture_setup(fixturedef: FixtureDef, request) -> object | None:
        asyncio_mode = _get_asyncio_mode(request.config)
        if not _is_asyncio_fixture_function(fixturedef.func):
            if asyncio_mode == Mode.STRICT:
                # Ignore async fixtures without explicit asyncio mark in strict mode
                # This applies to pytest_trio fixtures, for example
>               return (yield)

..\..\anaconda3\envs\scrumix\lib\site-packages\pytest_asyncio\plugin.py:681: 
_ _ _ _ _ _ _ _ _ _ _ _ _ _ _ _ _ _ _ _ _ _ _ _ _ _ _ _ _ _ _ _ _ _ _ _ _ _ _ _
backend\tests\conftest.py:104: in test_user
    user = User(
..\..\anaconda3\envs\scrumix\lib\site-packages\sqlalchemy\orm\state.py:561: in _initialize_instance
    manager.dispatch.init(self, args, kwargs)
..\..\anaconda3\envs\scrumix\lib\site-packages\sqlalchemy\event\attr.py:487: in __call__
    fn(*args, **kw)
..\..\anaconda3\envs\scrumix\lib\site-packages\sqlalchemy\orm\mapper.py:4391: in _event_on_init
    instrumenting_mapper._check_configure()
..\..\anaconda3\envs\scrumix\lib\site-packages\sqlalchemy\orm\mapper.py:2386: in _check_configure
    _configure_registries({self.registry}, cascade=True)
..\..\anaconda3\envs\scrumix\lib\site-packages\sqlalchemy\orm\mapper.py:4199: in _configure_registries
    _do_configure_registries(registries, cascade)
_ _ _ _ _ _ _ _ _ _ _ _ _ _ _ _ _ _ _ _ _ _ _ _ _ _ _ _ _ _ _ _ _ _ _ _ _ _ _ _

registries = set(), cascade = True

    @util.preload_module("sqlalchemy.orm.decl_api")
    def _do_configure_registries(
        registries: Set[_RegistryType], cascade: bool
    ) -> None:
        registry = util.preloaded.orm_decl_api.registry
    
        orig = set(registries)
    
        for reg in registry._recurse_with_dependencies(registries):
            has_skip = False
    
            for mapper in reg._mappers_to_configure():
                run_configure = None
    
                for fn in mapper.dispatch.before_mapper_configured:
                    run_configure = fn(mapper, mapper.class_)
                    if run_configure is EXT_SKIP:
                        has_skip = True
                        break
                if run_configure is EXT_SKIP:
                    continue
    
                if getattr(mapper, "_configure_failed", False):
                    e = sa_exc.InvalidRequestError(
                        "One or more mappers failed to initialize - "
                        "can't proceed with initialization of other "
                        "mappers. Triggering mapper: '%s'. "
                        "Original exception was: %s"
                        % (mapper, mapper._configure_failed)
                    )
                    e._configure_failed = mapper._configure_failed  # type: ignore
>                   raise e
E                   sqlalchemy.exc.InvalidRequestError: One or more mappers failed to initialize - can't proceed with initialization of other mappers. Triggering mapper: 'Mapper[Sprint(sprints)]'. Original exception was: Mapper 'Mapper[Project(projects)]' has no property 'sprints'.  If this property was indicated from other mappers or configure events, ensure registry.configure() has been called.

..\..\anaconda3\envs\scrumix\lib\site-packages\sqlalchemy\orm\mapper.py:4236: InvalidRequestError
________ ERROR at setup of TestTagEndpoints.test_get_or_create_tag_new ________

fixturedef = <FixtureDef argname='test_user' scope='function' baseid='backend/tests'>
request = <SubRequest 'test_user' for <Function test_get_or_create_tag_new>>

    @pytest.hookimpl(wrapper=True)
    def pytest_fixture_setup(fixturedef: FixtureDef, request) -> object | None:
        asyncio_mode = _get_asyncio_mode(request.config)
        if not _is_asyncio_fixture_function(fixturedef.func):
            if asyncio_mode == Mode.STRICT:
                # Ignore async fixtures without explicit asyncio mark in strict mode
                # This applies to pytest_trio fixtures, for example
>               return (yield)

..\..\anaconda3\envs\scrumix\lib\site-packages\pytest_asyncio\plugin.py:681: 
_ _ _ _ _ _ _ _ _ _ _ _ _ _ _ _ _ _ _ _ _ _ _ _ _ _ _ _ _ _ _ _ _ _ _ _ _ _ _ _
backend\tests\conftest.py:104: in test_user
    user = User(
..\..\anaconda3\envs\scrumix\lib\site-packages\sqlalchemy\orm\state.py:561: in _initialize_instance
    manager.dispatch.init(self, args, kwargs)
..\..\anaconda3\envs\scrumix\lib\site-packages\sqlalchemy\event\attr.py:487: in __call__
    fn(*args, **kw)
..\..\anaconda3\envs\scrumix\lib\site-packages\sqlalchemy\orm\mapper.py:4391: in _event_on_init
    instrumenting_mapper._check_configure()
..\..\anaconda3\envs\scrumix\lib\site-packages\sqlalchemy\orm\mapper.py:2386: in _check_configure
    _configure_registries({self.registry}, cascade=True)
..\..\anaconda3\envs\scrumix\lib\site-packages\sqlalchemy\orm\mapper.py:4199: in _configure_registries
    _do_configure_registries(registries, cascade)
_ _ _ _ _ _ _ _ _ _ _ _ _ _ _ _ _ _ _ _ _ _ _ _ _ _ _ _ _ _ _ _ _ _ _ _ _ _ _ _

registries = set(), cascade = True

    @util.preload_module("sqlalchemy.orm.decl_api")
    def _do_configure_registries(
        registries: Set[_RegistryType], cascade: bool
    ) -> None:
        registry = util.preloaded.orm_decl_api.registry
    
        orig = set(registries)
    
        for reg in registry._recurse_with_dependencies(registries):
            has_skip = False
    
            for mapper in reg._mappers_to_configure():
                run_configure = None
    
                for fn in mapper.dispatch.before_mapper_configured:
                    run_configure = fn(mapper, mapper.class_)
                    if run_configure is EXT_SKIP:
                        has_skip = True
                        break
                if run_configure is EXT_SKIP:
                    continue
    
                if getattr(mapper, "_configure_failed", False):
                    e = sa_exc.InvalidRequestError(
                        "One or more mappers failed to initialize - "
                        "can't proceed with initialization of other "
                        "mappers. Triggering mapper: '%s'. "
                        "Original exception was: %s"
                        % (mapper, mapper._configure_failed)
                    )
                    e._configure_failed = mapper._configure_failed  # type: ignore
>                   raise e
E                   sqlalchemy.exc.InvalidRequestError: One or more mappers failed to initialize - can't proceed with initialization of other mappers. Triggering mapper: 'Mapper[Sprint(sprints)]'. Original exception was: Mapper 'Mapper[Project(projects)]' has no property 'sprints'.  If this property was indicated from other mappers or configure events, ensure registry.configure() has been called.

..\..\anaconda3\envs\scrumix\lib\site-packages\sqlalchemy\orm\mapper.py:4236: InvalidRequestError
_________ ERROR at setup of TestTagEndpoints.test_search_tags_success _________

fixturedef = <FixtureDef argname='test_user' scope='function' baseid='backend/tests'>
request = <SubRequest 'test_user' for <Function test_search_tags_success>>

    @pytest.hookimpl(wrapper=True)
    def pytest_fixture_setup(fixturedef: FixtureDef, request) -> object | None:
        asyncio_mode = _get_asyncio_mode(request.config)
        if not _is_asyncio_fixture_function(fixturedef.func):
            if asyncio_mode == Mode.STRICT:
                # Ignore async fixtures without explicit asyncio mark in strict mode
                # This applies to pytest_trio fixtures, for example
>               return (yield)

..\..\anaconda3\envs\scrumix\lib\site-packages\pytest_asyncio\plugin.py:681: 
_ _ _ _ _ _ _ _ _ _ _ _ _ _ _ _ _ _ _ _ _ _ _ _ _ _ _ _ _ _ _ _ _ _ _ _ _ _ _ _
backend\tests\conftest.py:104: in test_user
    user = User(
..\..\anaconda3\envs\scrumix\lib\site-packages\sqlalchemy\orm\state.py:561: in _initialize_instance
    manager.dispatch.init(self, args, kwargs)
..\..\anaconda3\envs\scrumix\lib\site-packages\sqlalchemy\event\attr.py:487: in __call__
    fn(*args, **kw)
..\..\anaconda3\envs\scrumix\lib\site-packages\sqlalchemy\orm\mapper.py:4391: in _event_on_init
    instrumenting_mapper._check_configure()
..\..\anaconda3\envs\scrumix\lib\site-packages\sqlalchemy\orm\mapper.py:2386: in _check_configure
    _configure_registries({self.registry}, cascade=True)
..\..\anaconda3\envs\scrumix\lib\site-packages\sqlalchemy\orm\mapper.py:4199: in _configure_registries
    _do_configure_registries(registries, cascade)
_ _ _ _ _ _ _ _ _ _ _ _ _ _ _ _ _ _ _ _ _ _ _ _ _ _ _ _ _ _ _ _ _ _ _ _ _ _ _ _

registries = set(), cascade = True

    @util.preload_module("sqlalchemy.orm.decl_api")
    def _do_configure_registries(
        registries: Set[_RegistryType], cascade: bool
    ) -> None:
        registry = util.preloaded.orm_decl_api.registry
    
        orig = set(registries)
    
        for reg in registry._recurse_with_dependencies(registries):
            has_skip = False
    
            for mapper in reg._mappers_to_configure():
                run_configure = None
    
                for fn in mapper.dispatch.before_mapper_configured:
                    run_configure = fn(mapper, mapper.class_)
                    if run_configure is EXT_SKIP:
                        has_skip = True
                        break
                if run_configure is EXT_SKIP:
                    continue
    
                if getattr(mapper, "_configure_failed", False):
                    e = sa_exc.InvalidRequestError(
                        "One or more mappers failed to initialize - "
                        "can't proceed with initialization of other "
                        "mappers. Triggering mapper: '%s'. "
                        "Original exception was: %s"
                        % (mapper, mapper._configure_failed)
                    )
                    e._configure_failed = mapper._configure_failed  # type: ignore
>                   raise e
E                   sqlalchemy.exc.InvalidRequestError: One or more mappers failed to initialize - can't proceed with initialization of other mappers. Triggering mapper: 'Mapper[Sprint(sprints)]'. Original exception was: Mapper 'Mapper[Project(projects)]' has no property 'sprints'.  If this property was indicated from other mappers or configure events, ensure registry.configure() has been called.

..\..\anaconda3\envs\scrumix\lib\site-packages\sqlalchemy\orm\mapper.py:4236: InvalidRequestError
_____ ERROR at setup of TestTagEndpoints.test_search_tags_with_pagination _____

fixturedef = <FixtureDef argname='test_user' scope='function' baseid='backend/tests'>
request = <SubRequest 'test_user' for <Function test_search_tags_with_pagination>>

    @pytest.hookimpl(wrapper=True)
    def pytest_fixture_setup(fixturedef: FixtureDef, request) -> object | None:
        asyncio_mode = _get_asyncio_mode(request.config)
        if not _is_asyncio_fixture_function(fixturedef.func):
            if asyncio_mode == Mode.STRICT:
                # Ignore async fixtures without explicit asyncio mark in strict mode
                # This applies to pytest_trio fixtures, for example
>               return (yield)

..\..\anaconda3\envs\scrumix\lib\site-packages\pytest_asyncio\plugin.py:681: 
_ _ _ _ _ _ _ _ _ _ _ _ _ _ _ _ _ _ _ _ _ _ _ _ _ _ _ _ _ _ _ _ _ _ _ _ _ _ _ _
backend\tests\conftest.py:104: in test_user
    user = User(
..\..\anaconda3\envs\scrumix\lib\site-packages\sqlalchemy\orm\state.py:561: in _initialize_instance
    manager.dispatch.init(self, args, kwargs)
..\..\anaconda3\envs\scrumix\lib\site-packages\sqlalchemy\event\attr.py:487: in __call__
    fn(*args, **kw)
..\..\anaconda3\envs\scrumix\lib\site-packages\sqlalchemy\orm\mapper.py:4391: in _event_on_init
    instrumenting_mapper._check_configure()
..\..\anaconda3\envs\scrumix\lib\site-packages\sqlalchemy\orm\mapper.py:2386: in _check_configure
    _configure_registries({self.registry}, cascade=True)
..\..\anaconda3\envs\scrumix\lib\site-packages\sqlalchemy\orm\mapper.py:4199: in _configure_registries
    _do_configure_registries(registries, cascade)
_ _ _ _ _ _ _ _ _ _ _ _ _ _ _ _ _ _ _ _ _ _ _ _ _ _ _ _ _ _ _ _ _ _ _ _ _ _ _ _

registries = set(), cascade = True

    @util.preload_module("sqlalchemy.orm.decl_api")
    def _do_configure_registries(
        registries: Set[_RegistryType], cascade: bool
    ) -> None:
        registry = util.preloaded.orm_decl_api.registry
    
        orig = set(registries)
    
        for reg in registry._recurse_with_dependencies(registries):
            has_skip = False
    
            for mapper in reg._mappers_to_configure():
                run_configure = None
    
                for fn in mapper.dispatch.before_mapper_configured:
                    run_configure = fn(mapper, mapper.class_)
                    if run_configure is EXT_SKIP:
                        has_skip = True
                        break
                if run_configure is EXT_SKIP:
                    continue
    
                if getattr(mapper, "_configure_failed", False):
                    e = sa_exc.InvalidRequestError(
                        "One or more mappers failed to initialize - "
                        "can't proceed with initialization of other "
                        "mappers. Triggering mapper: '%s'. "
                        "Original exception was: %s"
                        % (mapper, mapper._configure_failed)
                    )
                    e._configure_failed = mapper._configure_failed  # type: ignore
>                   raise e
E                   sqlalchemy.exc.InvalidRequestError: One or more mappers failed to initialize - can't proceed with initialization of other mappers. Triggering mapper: 'Mapper[Sprint(sprints)]'. Original exception was: Mapper 'Mapper[Project(projects)]' has no property 'sprints'.  If this property was indicated from other mappers or configure events, ensure registry.configure() has been called.

..\..\anaconda3\envs\scrumix\lib\site-packages\sqlalchemy\orm\mapper.py:4236: InvalidRequestError
______ ERROR at setup of TestTagEndpoints.test_autocomplete_tags_success ______

fixturedef = <FixtureDef argname='test_user' scope='function' baseid='backend/tests'>
request = <SubRequest 'test_user' for <Function test_autocomplete_tags_success>>

    @pytest.hookimpl(wrapper=True)
    def pytest_fixture_setup(fixturedef: FixtureDef, request) -> object | None:
        asyncio_mode = _get_asyncio_mode(request.config)
        if not _is_asyncio_fixture_function(fixturedef.func):
            if asyncio_mode == Mode.STRICT:
                # Ignore async fixtures without explicit asyncio mark in strict mode
                # This applies to pytest_trio fixtures, for example
>               return (yield)

..\..\anaconda3\envs\scrumix\lib\site-packages\pytest_asyncio\plugin.py:681: 
_ _ _ _ _ _ _ _ _ _ _ _ _ _ _ _ _ _ _ _ _ _ _ _ _ _ _ _ _ _ _ _ _ _ _ _ _ _ _ _
backend\tests\conftest.py:104: in test_user
    user = User(
..\..\anaconda3\envs\scrumix\lib\site-packages\sqlalchemy\orm\state.py:561: in _initialize_instance
    manager.dispatch.init(self, args, kwargs)
..\..\anaconda3\envs\scrumix\lib\site-packages\sqlalchemy\event\attr.py:487: in __call__
    fn(*args, **kw)
..\..\anaconda3\envs\scrumix\lib\site-packages\sqlalchemy\orm\mapper.py:4391: in _event_on_init
    instrumenting_mapper._check_configure()
..\..\anaconda3\envs\scrumix\lib\site-packages\sqlalchemy\orm\mapper.py:2386: in _check_configure
    _configure_registries({self.registry}, cascade=True)
..\..\anaconda3\envs\scrumix\lib\site-packages\sqlalchemy\orm\mapper.py:4199: in _configure_registries
    _do_configure_registries(registries, cascade)
_ _ _ _ _ _ _ _ _ _ _ _ _ _ _ _ _ _ _ _ _ _ _ _ _ _ _ _ _ _ _ _ _ _ _ _ _ _ _ _

registries = set(), cascade = True

    @util.preload_module("sqlalchemy.orm.decl_api")
    def _do_configure_registries(
        registries: Set[_RegistryType], cascade: bool
    ) -> None:
        registry = util.preloaded.orm_decl_api.registry
    
        orig = set(registries)
    
        for reg in registry._recurse_with_dependencies(registries):
            has_skip = False
    
            for mapper in reg._mappers_to_configure():
                run_configure = None
    
                for fn in mapper.dispatch.before_mapper_configured:
                    run_configure = fn(mapper, mapper.class_)
                    if run_configure is EXT_SKIP:
                        has_skip = True
                        break
                if run_configure is EXT_SKIP:
                    continue
    
                if getattr(mapper, "_configure_failed", False):
                    e = sa_exc.InvalidRequestError(
                        "One or more mappers failed to initialize - "
                        "can't proceed with initialization of other "
                        "mappers. Triggering mapper: '%s'. "
                        "Original exception was: %s"
                        % (mapper, mapper._configure_failed)
                    )
                    e._configure_failed = mapper._configure_failed  # type: ignore
>                   raise e
E                   sqlalchemy.exc.InvalidRequestError: One or more mappers failed to initialize - can't proceed with initialization of other mappers. Triggering mapper: 'Mapper[Sprint(sprints)]'. Original exception was: Mapper 'Mapper[Project(projects)]' has no property 'sprints'.  If this property was indicated from other mappers or configure events, ensure registry.configure() has been called.

..\..\anaconda3\envs\scrumix\lib\site-packages\sqlalchemy\orm\mapper.py:4236: InvalidRequestError
____ ERROR at setup of TestTagEndpoints.test_autocomplete_tags_with_limit _____

fixturedef = <FixtureDef argname='test_user' scope='function' baseid='backend/tests'>
request = <SubRequest 'test_user' for <Function test_autocomplete_tags_with_limit>>

    @pytest.hookimpl(wrapper=True)
    def pytest_fixture_setup(fixturedef: FixtureDef, request) -> object | None:
        asyncio_mode = _get_asyncio_mode(request.config)
        if not _is_asyncio_fixture_function(fixturedef.func):
            if asyncio_mode == Mode.STRICT:
                # Ignore async fixtures without explicit asyncio mark in strict mode
                # This applies to pytest_trio fixtures, for example
>               return (yield)

..\..\anaconda3\envs\scrumix\lib\site-packages\pytest_asyncio\plugin.py:681: 
_ _ _ _ _ _ _ _ _ _ _ _ _ _ _ _ _ _ _ _ _ _ _ _ _ _ _ _ _ _ _ _ _ _ _ _ _ _ _ _
backend\tests\conftest.py:104: in test_user
    user = User(
..\..\anaconda3\envs\scrumix\lib\site-packages\sqlalchemy\orm\state.py:561: in _initialize_instance
    manager.dispatch.init(self, args, kwargs)
..\..\anaconda3\envs\scrumix\lib\site-packages\sqlalchemy\event\attr.py:487: in __call__
    fn(*args, **kw)
..\..\anaconda3\envs\scrumix\lib\site-packages\sqlalchemy\orm\mapper.py:4391: in _event_on_init
    instrumenting_mapper._check_configure()
..\..\anaconda3\envs\scrumix\lib\site-packages\sqlalchemy\orm\mapper.py:2386: in _check_configure
    _configure_registries({self.registry}, cascade=True)
..\..\anaconda3\envs\scrumix\lib\site-packages\sqlalchemy\orm\mapper.py:4199: in _configure_registries
    _do_configure_registries(registries, cascade)
_ _ _ _ _ _ _ _ _ _ _ _ _ _ _ _ _ _ _ _ _ _ _ _ _ _ _ _ _ _ _ _ _ _ _ _ _ _ _ _

registries = set(), cascade = True

    @util.preload_module("sqlalchemy.orm.decl_api")
    def _do_configure_registries(
        registries: Set[_RegistryType], cascade: bool
    ) -> None:
        registry = util.preloaded.orm_decl_api.registry
    
        orig = set(registries)
    
        for reg in registry._recurse_with_dependencies(registries):
            has_skip = False
    
            for mapper in reg._mappers_to_configure():
                run_configure = None
    
                for fn in mapper.dispatch.before_mapper_configured:
                    run_configure = fn(mapper, mapper.class_)
                    if run_configure is EXT_SKIP:
                        has_skip = True
                        break
                if run_configure is EXT_SKIP:
                    continue
    
                if getattr(mapper, "_configure_failed", False):
                    e = sa_exc.InvalidRequestError(
                        "One or more mappers failed to initialize - "
                        "can't proceed with initialization of other "
                        "mappers. Triggering mapper: '%s'. "
                        "Original exception was: %s"
                        % (mapper, mapper._configure_failed)
                    )
                    e._configure_failed = mapper._configure_failed  # type: ignore
>                   raise e
E                   sqlalchemy.exc.InvalidRequestError: One or more mappers failed to initialize - can't proceed with initialization of other mappers. Triggering mapper: 'Mapper[Sprint(sprints)]'. Original exception was: Mapper 'Mapper[Project(projects)]' has no property 'sprints'.  If this property was indicated from other mappers or configure events, ensure registry.configure() has been called.

..\..\anaconda3\envs\scrumix\lib\site-packages\sqlalchemy\orm\mapper.py:4236: InvalidRequestError
______ ERROR at setup of TestTagEndpoints.test_get_popular_tags_success _______

fixturedef = <FixtureDef argname='test_user' scope='function' baseid='backend/tests'>
request = <SubRequest 'test_user' for <Function test_get_popular_tags_success>>

    @pytest.hookimpl(wrapper=True)
    def pytest_fixture_setup(fixturedef: FixtureDef, request) -> object | None:
        asyncio_mode = _get_asyncio_mode(request.config)
        if not _is_asyncio_fixture_function(fixturedef.func):
            if asyncio_mode == Mode.STRICT:
                # Ignore async fixtures without explicit asyncio mark in strict mode
                # This applies to pytest_trio fixtures, for example
>               return (yield)

..\..\anaconda3\envs\scrumix\lib\site-packages\pytest_asyncio\plugin.py:681: 
_ _ _ _ _ _ _ _ _ _ _ _ _ _ _ _ _ _ _ _ _ _ _ _ _ _ _ _ _ _ _ _ _ _ _ _ _ _ _ _
backend\tests\conftest.py:104: in test_user
    user = User(
..\..\anaconda3\envs\scrumix\lib\site-packages\sqlalchemy\orm\state.py:561: in _initialize_instance
    manager.dispatch.init(self, args, kwargs)
..\..\anaconda3\envs\scrumix\lib\site-packages\sqlalchemy\event\attr.py:487: in __call__
    fn(*args, **kw)
..\..\anaconda3\envs\scrumix\lib\site-packages\sqlalchemy\orm\mapper.py:4391: in _event_on_init
    instrumenting_mapper._check_configure()
..\..\anaconda3\envs\scrumix\lib\site-packages\sqlalchemy\orm\mapper.py:2386: in _check_configure
    _configure_registries({self.registry}, cascade=True)
..\..\anaconda3\envs\scrumix\lib\site-packages\sqlalchemy\orm\mapper.py:4199: in _configure_registries
    _do_configure_registries(registries, cascade)
_ _ _ _ _ _ _ _ _ _ _ _ _ _ _ _ _ _ _ _ _ _ _ _ _ _ _ _ _ _ _ _ _ _ _ _ _ _ _ _

registries = set(), cascade = True

    @util.preload_module("sqlalchemy.orm.decl_api")
    def _do_configure_registries(
        registries: Set[_RegistryType], cascade: bool
    ) -> None:
        registry = util.preloaded.orm_decl_api.registry
    
        orig = set(registries)
    
        for reg in registry._recurse_with_dependencies(registries):
            has_skip = False
    
            for mapper in reg._mappers_to_configure():
                run_configure = None
    
                for fn in mapper.dispatch.before_mapper_configured:
                    run_configure = fn(mapper, mapper.class_)
                    if run_configure is EXT_SKIP:
                        has_skip = True
                        break
                if run_configure is EXT_SKIP:
                    continue
    
                if getattr(mapper, "_configure_failed", False):
                    e = sa_exc.InvalidRequestError(
                        "One or more mappers failed to initialize - "
                        "can't proceed with initialization of other "
                        "mappers. Triggering mapper: '%s'. "
                        "Original exception was: %s"
                        % (mapper, mapper._configure_failed)
                    )
                    e._configure_failed = mapper._configure_failed  # type: ignore
>                   raise e
E                   sqlalchemy.exc.InvalidRequestError: One or more mappers failed to initialize - can't proceed with initialization of other mappers. Triggering mapper: 'Mapper[Sprint(sprints)]'. Original exception was: Mapper 'Mapper[Project(projects)]' has no property 'sprints'.  If this property was indicated from other mappers or configure events, ensure registry.configure() has been called.

..\..\anaconda3\envs\scrumix\lib\site-packages\sqlalchemy\orm\mapper.py:4236: InvalidRequestError
_____ ERROR at setup of TestTagEndpoints.test_get_popular_tags_with_limit _____

fixturedef = <FixtureDef argname='test_user' scope='function' baseid='backend/tests'>
request = <SubRequest 'test_user' for <Function test_get_popular_tags_with_limit>>

    @pytest.hookimpl(wrapper=True)
    def pytest_fixture_setup(fixturedef: FixtureDef, request) -> object | None:
        asyncio_mode = _get_asyncio_mode(request.config)
        if not _is_asyncio_fixture_function(fixturedef.func):
            if asyncio_mode == Mode.STRICT:
                # Ignore async fixtures without explicit asyncio mark in strict mode
                # This applies to pytest_trio fixtures, for example
>               return (yield)

..\..\anaconda3\envs\scrumix\lib\site-packages\pytest_asyncio\plugin.py:681: 
_ _ _ _ _ _ _ _ _ _ _ _ _ _ _ _ _ _ _ _ _ _ _ _ _ _ _ _ _ _ _ _ _ _ _ _ _ _ _ _
backend\tests\conftest.py:104: in test_user
    user = User(
..\..\anaconda3\envs\scrumix\lib\site-packages\sqlalchemy\orm\state.py:561: in _initialize_instance
    manager.dispatch.init(self, args, kwargs)
..\..\anaconda3\envs\scrumix\lib\site-packages\sqlalchemy\event\attr.py:487: in __call__
    fn(*args, **kw)
..\..\anaconda3\envs\scrumix\lib\site-packages\sqlalchemy\orm\mapper.py:4391: in _event_on_init
    instrumenting_mapper._check_configure()
..\..\anaconda3\envs\scrumix\lib\site-packages\sqlalchemy\orm\mapper.py:2386: in _check_configure
    _configure_registries({self.registry}, cascade=True)
..\..\anaconda3\envs\scrumix\lib\site-packages\sqlalchemy\orm\mapper.py:4199: in _configure_registries
    _do_configure_registries(registries, cascade)
_ _ _ _ _ _ _ _ _ _ _ _ _ _ _ _ _ _ _ _ _ _ _ _ _ _ _ _ _ _ _ _ _ _ _ _ _ _ _ _

registries = set(), cascade = True

    @util.preload_module("sqlalchemy.orm.decl_api")
    def _do_configure_registries(
        registries: Set[_RegistryType], cascade: bool
    ) -> None:
        registry = util.preloaded.orm_decl_api.registry
    
        orig = set(registries)
    
        for reg in registry._recurse_with_dependencies(registries):
            has_skip = False
    
            for mapper in reg._mappers_to_configure():
                run_configure = None
    
                for fn in mapper.dispatch.before_mapper_configured:
                    run_configure = fn(mapper, mapper.class_)
                    if run_configure is EXT_SKIP:
                        has_skip = True
                        break
                if run_configure is EXT_SKIP:
                    continue
    
                if getattr(mapper, "_configure_failed", False):
                    e = sa_exc.InvalidRequestError(
                        "One or more mappers failed to initialize - "
                        "can't proceed with initialization of other "
                        "mappers. Triggering mapper: '%s'. "
                        "Original exception was: %s"
                        % (mapper, mapper._configure_failed)
                    )
                    e._configure_failed = mapper._configure_failed  # type: ignore
>                   raise e
E                   sqlalchemy.exc.InvalidRequestError: One or more mappers failed to initialize - can't proceed with initialization of other mappers. Triggering mapper: 'Mapper[Sprint(sprints)]'. Original exception was: Mapper 'Mapper[Project(projects)]' has no property 'sprints'.  If this property was indicated from other mappers or configure events, ensure registry.configure() has been called.

..\..\anaconda3\envs\scrumix\lib\site-packages\sqlalchemy\orm\mapper.py:4236: InvalidRequestError
_________ ERROR at setup of TestTaskEndpoints.test_get_tasks_success __________

fixturedef = <FixtureDef argname='test_user' scope='function' baseid='backend/tests'>
request = <SubRequest 'test_user' for <Function test_get_tasks_success>>

    @pytest.hookimpl(wrapper=True)
    def pytest_fixture_setup(fixturedef: FixtureDef, request) -> object | None:
        asyncio_mode = _get_asyncio_mode(request.config)
        if not _is_asyncio_fixture_function(fixturedef.func):
            if asyncio_mode == Mode.STRICT:
                # Ignore async fixtures without explicit asyncio mark in strict mode
                # This applies to pytest_trio fixtures, for example
>               return (yield)

..\..\anaconda3\envs\scrumix\lib\site-packages\pytest_asyncio\plugin.py:681: 
_ _ _ _ _ _ _ _ _ _ _ _ _ _ _ _ _ _ _ _ _ _ _ _ _ _ _ _ _ _ _ _ _ _ _ _ _ _ _ _
backend\tests\conftest.py:104: in test_user
    user = User(
..\..\anaconda3\envs\scrumix\lib\site-packages\sqlalchemy\orm\state.py:561: in _initialize_instance
    manager.dispatch.init(self, args, kwargs)
..\..\anaconda3\envs\scrumix\lib\site-packages\sqlalchemy\event\attr.py:487: in __call__
    fn(*args, **kw)
..\..\anaconda3\envs\scrumix\lib\site-packages\sqlalchemy\orm\mapper.py:4391: in _event_on_init
    instrumenting_mapper._check_configure()
..\..\anaconda3\envs\scrumix\lib\site-packages\sqlalchemy\orm\mapper.py:2386: in _check_configure
    _configure_registries({self.registry}, cascade=True)
..\..\anaconda3\envs\scrumix\lib\site-packages\sqlalchemy\orm\mapper.py:4199: in _configure_registries
    _do_configure_registries(registries, cascade)
_ _ _ _ _ _ _ _ _ _ _ _ _ _ _ _ _ _ _ _ _ _ _ _ _ _ _ _ _ _ _ _ _ _ _ _ _ _ _ _

registries = set(), cascade = True

    @util.preload_module("sqlalchemy.orm.decl_api")
    def _do_configure_registries(
        registries: Set[_RegistryType], cascade: bool
    ) -> None:
        registry = util.preloaded.orm_decl_api.registry
    
        orig = set(registries)
    
        for reg in registry._recurse_with_dependencies(registries):
            has_skip = False
    
            for mapper in reg._mappers_to_configure():
                run_configure = None
    
                for fn in mapper.dispatch.before_mapper_configured:
                    run_configure = fn(mapper, mapper.class_)
                    if run_configure is EXT_SKIP:
                        has_skip = True
                        break
                if run_configure is EXT_SKIP:
                    continue
    
                if getattr(mapper, "_configure_failed", False):
                    e = sa_exc.InvalidRequestError(
                        "One or more mappers failed to initialize - "
                        "can't proceed with initialization of other "
                        "mappers. Triggering mapper: '%s'. "
                        "Original exception was: %s"
                        % (mapper, mapper._configure_failed)
                    )
                    e._configure_failed = mapper._configure_failed  # type: ignore
>                   raise e
E                   sqlalchemy.exc.InvalidRequestError: One or more mappers failed to initialize - can't proceed with initialization of other mappers. Triggering mapper: 'Mapper[Sprint(sprints)]'. Original exception was: Mapper 'Mapper[Project(projects)]' has no property 'sprints'.  If this property was indicated from other mappers or configure events, ensure registry.configure() has been called.

..\..\anaconda3\envs\scrumix\lib\site-packages\sqlalchemy\orm\mapper.py:4236: InvalidRequestError
_____ ERROR at setup of TestTaskEndpoints.test_get_tasks_with_pagination ______

fixturedef = <FixtureDef argname='test_user' scope='function' baseid='backend/tests'>
request = <SubRequest 'test_user' for <Function test_get_tasks_with_pagination>>

    @pytest.hookimpl(wrapper=True)
    def pytest_fixture_setup(fixturedef: FixtureDef, request) -> object | None:
        asyncio_mode = _get_asyncio_mode(request.config)
        if not _is_asyncio_fixture_function(fixturedef.func):
            if asyncio_mode == Mode.STRICT:
                # Ignore async fixtures without explicit asyncio mark in strict mode
                # This applies to pytest_trio fixtures, for example
>               return (yield)

..\..\anaconda3\envs\scrumix\lib\site-packages\pytest_asyncio\plugin.py:681: 
_ _ _ _ _ _ _ _ _ _ _ _ _ _ _ _ _ _ _ _ _ _ _ _ _ _ _ _ _ _ _ _ _ _ _ _ _ _ _ _
backend\tests\conftest.py:104: in test_user
    user = User(
..\..\anaconda3\envs\scrumix\lib\site-packages\sqlalchemy\orm\state.py:561: in _initialize_instance
    manager.dispatch.init(self, args, kwargs)
..\..\anaconda3\envs\scrumix\lib\site-packages\sqlalchemy\event\attr.py:487: in __call__
    fn(*args, **kw)
..\..\anaconda3\envs\scrumix\lib\site-packages\sqlalchemy\orm\mapper.py:4391: in _event_on_init
    instrumenting_mapper._check_configure()
..\..\anaconda3\envs\scrumix\lib\site-packages\sqlalchemy\orm\mapper.py:2386: in _check_configure
    _configure_registries({self.registry}, cascade=True)
..\..\anaconda3\envs\scrumix\lib\site-packages\sqlalchemy\orm\mapper.py:4199: in _configure_registries
    _do_configure_registries(registries, cascade)
_ _ _ _ _ _ _ _ _ _ _ _ _ _ _ _ _ _ _ _ _ _ _ _ _ _ _ _ _ _ _ _ _ _ _ _ _ _ _ _

registries = set(), cascade = True

    @util.preload_module("sqlalchemy.orm.decl_api")
    def _do_configure_registries(
        registries: Set[_RegistryType], cascade: bool
    ) -> None:
        registry = util.preloaded.orm_decl_api.registry
    
        orig = set(registries)
    
        for reg in registry._recurse_with_dependencies(registries):
            has_skip = False
    
            for mapper in reg._mappers_to_configure():
                run_configure = None
    
                for fn in mapper.dispatch.before_mapper_configured:
                    run_configure = fn(mapper, mapper.class_)
                    if run_configure is EXT_SKIP:
                        has_skip = True
                        break
                if run_configure is EXT_SKIP:
                    continue
    
                if getattr(mapper, "_configure_failed", False):
                    e = sa_exc.InvalidRequestError(
                        "One or more mappers failed to initialize - "
                        "can't proceed with initialization of other "
                        "mappers. Triggering mapper: '%s'. "
                        "Original exception was: %s"
                        % (mapper, mapper._configure_failed)
                    )
                    e._configure_failed = mapper._configure_failed  # type: ignore
>                   raise e
E                   sqlalchemy.exc.InvalidRequestError: One or more mappers failed to initialize - can't proceed with initialization of other mappers. Triggering mapper: 'Mapper[Sprint(sprints)]'. Original exception was: Mapper 'Mapper[Project(projects)]' has no property 'sprints'.  If this property was indicated from other mappers or configure events, ensure registry.configure() has been called.

..\..\anaconda3\envs\scrumix\lib\site-packages\sqlalchemy\orm\mapper.py:4236: InvalidRequestError
____ ERROR at setup of TestTaskEndpoints.test_get_tasks_with_status_filter ____

fixturedef = <FixtureDef argname='test_user' scope='function' baseid='backend/tests'>
request = <SubRequest 'test_user' for <Function test_get_tasks_with_status_filter>>

    @pytest.hookimpl(wrapper=True)
    def pytest_fixture_setup(fixturedef: FixtureDef, request) -> object | None:
        asyncio_mode = _get_asyncio_mode(request.config)
        if not _is_asyncio_fixture_function(fixturedef.func):
            if asyncio_mode == Mode.STRICT:
                # Ignore async fixtures without explicit asyncio mark in strict mode
                # This applies to pytest_trio fixtures, for example
>               return (yield)

..\..\anaconda3\envs\scrumix\lib\site-packages\pytest_asyncio\plugin.py:681: 
_ _ _ _ _ _ _ _ _ _ _ _ _ _ _ _ _ _ _ _ _ _ _ _ _ _ _ _ _ _ _ _ _ _ _ _ _ _ _ _
backend\tests\conftest.py:104: in test_user
    user = User(
..\..\anaconda3\envs\scrumix\lib\site-packages\sqlalchemy\orm\state.py:561: in _initialize_instance
    manager.dispatch.init(self, args, kwargs)
..\..\anaconda3\envs\scrumix\lib\site-packages\sqlalchemy\event\attr.py:487: in __call__
    fn(*args, **kw)
..\..\anaconda3\envs\scrumix\lib\site-packages\sqlalchemy\orm\mapper.py:4391: in _event_on_init
    instrumenting_mapper._check_configure()
..\..\anaconda3\envs\scrumix\lib\site-packages\sqlalchemy\orm\mapper.py:2386: in _check_configure
    _configure_registries({self.registry}, cascade=True)
..\..\anaconda3\envs\scrumix\lib\site-packages\sqlalchemy\orm\mapper.py:4199: in _configure_registries
    _do_configure_registries(registries, cascade)
_ _ _ _ _ _ _ _ _ _ _ _ _ _ _ _ _ _ _ _ _ _ _ _ _ _ _ _ _ _ _ _ _ _ _ _ _ _ _ _

registries = set(), cascade = True

    @util.preload_module("sqlalchemy.orm.decl_api")
    def _do_configure_registries(
        registries: Set[_RegistryType], cascade: bool
    ) -> None:
        registry = util.preloaded.orm_decl_api.registry
    
        orig = set(registries)
    
        for reg in registry._recurse_with_dependencies(registries):
            has_skip = False
    
            for mapper in reg._mappers_to_configure():
                run_configure = None
    
                for fn in mapper.dispatch.before_mapper_configured:
                    run_configure = fn(mapper, mapper.class_)
                    if run_configure is EXT_SKIP:
                        has_skip = True
                        break
                if run_configure is EXT_SKIP:
                    continue
    
                if getattr(mapper, "_configure_failed", False):
                    e = sa_exc.InvalidRequestError(
                        "One or more mappers failed to initialize - "
                        "can't proceed with initialization of other "
                        "mappers. Triggering mapper: '%s'. "
                        "Original exception was: %s"
                        % (mapper, mapper._configure_failed)
                    )
                    e._configure_failed = mapper._configure_failed  # type: ignore
>                   raise e
E                   sqlalchemy.exc.InvalidRequestError: One or more mappers failed to initialize - can't proceed with initialization of other mappers. Triggering mapper: 'Mapper[Sprint(sprints)]'. Original exception was: Mapper 'Mapper[Project(projects)]' has no property 'sprints'.  If this property was indicated from other mappers or configure events, ensure registry.configure() has been called.

..\..\anaconda3\envs\scrumix\lib\site-packages\sqlalchemy\orm\mapper.py:4236: InvalidRequestError
_______ ERROR at setup of TestTaskEndpoints.test_get_tasks_with_search ________

fixturedef = <FixtureDef argname='test_user' scope='function' baseid='backend/tests'>
request = <SubRequest 'test_user' for <Function test_get_tasks_with_search>>

    @pytest.hookimpl(wrapper=True)
    def pytest_fixture_setup(fixturedef: FixtureDef, request) -> object | None:
        asyncio_mode = _get_asyncio_mode(request.config)
        if not _is_asyncio_fixture_function(fixturedef.func):
            if asyncio_mode == Mode.STRICT:
                # Ignore async fixtures without explicit asyncio mark in strict mode
                # This applies to pytest_trio fixtures, for example
>               return (yield)

..\..\anaconda3\envs\scrumix\lib\site-packages\pytest_asyncio\plugin.py:681: 
_ _ _ _ _ _ _ _ _ _ _ _ _ _ _ _ _ _ _ _ _ _ _ _ _ _ _ _ _ _ _ _ _ _ _ _ _ _ _ _
backend\tests\conftest.py:104: in test_user
    user = User(
..\..\anaconda3\envs\scrumix\lib\site-packages\sqlalchemy\orm\state.py:561: in _initialize_instance
    manager.dispatch.init(self, args, kwargs)
..\..\anaconda3\envs\scrumix\lib\site-packages\sqlalchemy\event\attr.py:487: in __call__
    fn(*args, **kw)
..\..\anaconda3\envs\scrumix\lib\site-packages\sqlalchemy\orm\mapper.py:4391: in _event_on_init
    instrumenting_mapper._check_configure()
..\..\anaconda3\envs\scrumix\lib\site-packages\sqlalchemy\orm\mapper.py:2386: in _check_configure
    _configure_registries({self.registry}, cascade=True)
..\..\anaconda3\envs\scrumix\lib\site-packages\sqlalchemy\orm\mapper.py:4199: in _configure_registries
    _do_configure_registries(registries, cascade)
_ _ _ _ _ _ _ _ _ _ _ _ _ _ _ _ _ _ _ _ _ _ _ _ _ _ _ _ _ _ _ _ _ _ _ _ _ _ _ _

registries = set(), cascade = True

    @util.preload_module("sqlalchemy.orm.decl_api")
    def _do_configure_registries(
        registries: Set[_RegistryType], cascade: bool
    ) -> None:
        registry = util.preloaded.orm_decl_api.registry
    
        orig = set(registries)
    
        for reg in registry._recurse_with_dependencies(registries):
            has_skip = False
    
            for mapper in reg._mappers_to_configure():
                run_configure = None
    
                for fn in mapper.dispatch.before_mapper_configured:
                    run_configure = fn(mapper, mapper.class_)
                    if run_configure is EXT_SKIP:
                        has_skip = True
                        break
                if run_configure is EXT_SKIP:
                    continue
    
                if getattr(mapper, "_configure_failed", False):
                    e = sa_exc.InvalidRequestError(
                        "One or more mappers failed to initialize - "
                        "can't proceed with initialization of other "
                        "mappers. Triggering mapper: '%s'. "
                        "Original exception was: %s"
                        % (mapper, mapper._configure_failed)
                    )
                    e._configure_failed = mapper._configure_failed  # type: ignore
>                   raise e
E                   sqlalchemy.exc.InvalidRequestError: One or more mappers failed to initialize - can't proceed with initialization of other mappers. Triggering mapper: 'Mapper[Sprint(sprints)]'. Original exception was: Mapper 'Mapper[Project(projects)]' has no property 'sprints'.  If this property was indicated from other mappers or configure events, ensure registry.configure() has been called.

..\..\anaconda3\envs\scrumix\lib\site-packages\sqlalchemy\orm\mapper.py:4236: InvalidRequestError
________ ERROR at setup of TestTaskEndpoints.test_create_task_success _________

fixturedef = <FixtureDef argname='test_user' scope='function' baseid='backend/tests'>
request = <SubRequest 'test_user' for <Function test_create_task_success>>

    @pytest.hookimpl(wrapper=True)
    def pytest_fixture_setup(fixturedef: FixtureDef, request) -> object | None:
        asyncio_mode = _get_asyncio_mode(request.config)
        if not _is_asyncio_fixture_function(fixturedef.func):
            if asyncio_mode == Mode.STRICT:
                # Ignore async fixtures without explicit asyncio mark in strict mode
                # This applies to pytest_trio fixtures, for example
>               return (yield)

..\..\anaconda3\envs\scrumix\lib\site-packages\pytest_asyncio\plugin.py:681: 
_ _ _ _ _ _ _ _ _ _ _ _ _ _ _ _ _ _ _ _ _ _ _ _ _ _ _ _ _ _ _ _ _ _ _ _ _ _ _ _
backend\tests\conftest.py:104: in test_user
    user = User(
..\..\anaconda3\envs\scrumix\lib\site-packages\sqlalchemy\orm\state.py:561: in _initialize_instance
    manager.dispatch.init(self, args, kwargs)
..\..\anaconda3\envs\scrumix\lib\site-packages\sqlalchemy\event\attr.py:487: in __call__
    fn(*args, **kw)
..\..\anaconda3\envs\scrumix\lib\site-packages\sqlalchemy\orm\mapper.py:4391: in _event_on_init
    instrumenting_mapper._check_configure()
..\..\anaconda3\envs\scrumix\lib\site-packages\sqlalchemy\orm\mapper.py:2386: in _check_configure
    _configure_registries({self.registry}, cascade=True)
..\..\anaconda3\envs\scrumix\lib\site-packages\sqlalchemy\orm\mapper.py:4199: in _configure_registries
    _do_configure_registries(registries, cascade)
_ _ _ _ _ _ _ _ _ _ _ _ _ _ _ _ _ _ _ _ _ _ _ _ _ _ _ _ _ _ _ _ _ _ _ _ _ _ _ _

registries = set(), cascade = True

    @util.preload_module("sqlalchemy.orm.decl_api")
    def _do_configure_registries(
        registries: Set[_RegistryType], cascade: bool
    ) -> None:
        registry = util.preloaded.orm_decl_api.registry
    
        orig = set(registries)
    
        for reg in registry._recurse_with_dependencies(registries):
            has_skip = False
    
            for mapper in reg._mappers_to_configure():
                run_configure = None
    
                for fn in mapper.dispatch.before_mapper_configured:
                    run_configure = fn(mapper, mapper.class_)
                    if run_configure is EXT_SKIP:
                        has_skip = True
                        break
                if run_configure is EXT_SKIP:
                    continue
    
                if getattr(mapper, "_configure_failed", False):
                    e = sa_exc.InvalidRequestError(
                        "One or more mappers failed to initialize - "
                        "can't proceed with initialization of other "
                        "mappers. Triggering mapper: '%s'. "
                        "Original exception was: %s"
                        % (mapper, mapper._configure_failed)
                    )
                    e._configure_failed = mapper._configure_failed  # type: ignore
>                   raise e
E                   sqlalchemy.exc.InvalidRequestError: One or more mappers failed to initialize - can't proceed with initialization of other mappers. Triggering mapper: 'Mapper[Sprint(sprints)]'. Original exception was: Mapper 'Mapper[Project(projects)]' has no property 'sprints'.  If this property was indicated from other mappers or configure events, ensure registry.configure() has been called.

..\..\anaconda3\envs\scrumix\lib\site-packages\sqlalchemy\orm\mapper.py:4236: InvalidRequestError
______ ERROR at setup of TestTaskEndpoints.test_create_task_invalid_data ______

fixturedef = <FixtureDef argname='test_user' scope='function' baseid='backend/tests'>
request = <SubRequest 'test_user' for <Function test_create_task_invalid_data>>

    @pytest.hookimpl(wrapper=True)
    def pytest_fixture_setup(fixturedef: FixtureDef, request) -> object | None:
        asyncio_mode = _get_asyncio_mode(request.config)
        if not _is_asyncio_fixture_function(fixturedef.func):
            if asyncio_mode == Mode.STRICT:
                # Ignore async fixtures without explicit asyncio mark in strict mode
                # This applies to pytest_trio fixtures, for example
>               return (yield)

..\..\anaconda3\envs\scrumix\lib\site-packages\pytest_asyncio\plugin.py:681: 
_ _ _ _ _ _ _ _ _ _ _ _ _ _ _ _ _ _ _ _ _ _ _ _ _ _ _ _ _ _ _ _ _ _ _ _ _ _ _ _
backend\tests\conftest.py:104: in test_user
    user = User(
..\..\anaconda3\envs\scrumix\lib\site-packages\sqlalchemy\orm\state.py:561: in _initialize_instance
    manager.dispatch.init(self, args, kwargs)
..\..\anaconda3\envs\scrumix\lib\site-packages\sqlalchemy\event\attr.py:487: in __call__
    fn(*args, **kw)
..\..\anaconda3\envs\scrumix\lib\site-packages\sqlalchemy\orm\mapper.py:4391: in _event_on_init
    instrumenting_mapper._check_configure()
..\..\anaconda3\envs\scrumix\lib\site-packages\sqlalchemy\orm\mapper.py:2386: in _check_configure
    _configure_registries({self.registry}, cascade=True)
..\..\anaconda3\envs\scrumix\lib\site-packages\sqlalchemy\orm\mapper.py:4199: in _configure_registries
    _do_configure_registries(registries, cascade)
_ _ _ _ _ _ _ _ _ _ _ _ _ _ _ _ _ _ _ _ _ _ _ _ _ _ _ _ _ _ _ _ _ _ _ _ _ _ _ _

registries = set(), cascade = True

    @util.preload_module("sqlalchemy.orm.decl_api")
    def _do_configure_registries(
        registries: Set[_RegistryType], cascade: bool
    ) -> None:
        registry = util.preloaded.orm_decl_api.registry
    
        orig = set(registries)
    
        for reg in registry._recurse_with_dependencies(registries):
            has_skip = False
    
            for mapper in reg._mappers_to_configure():
                run_configure = None
    
                for fn in mapper.dispatch.before_mapper_configured:
                    run_configure = fn(mapper, mapper.class_)
                    if run_configure is EXT_SKIP:
                        has_skip = True
                        break
                if run_configure is EXT_SKIP:
                    continue
    
                if getattr(mapper, "_configure_failed", False):
                    e = sa_exc.InvalidRequestError(
                        "One or more mappers failed to initialize - "
                        "can't proceed with initialization of other "
                        "mappers. Triggering mapper: '%s'. "
                        "Original exception was: %s"
                        % (mapper, mapper._configure_failed)
                    )
                    e._configure_failed = mapper._configure_failed  # type: ignore
>                   raise e
E                   sqlalchemy.exc.InvalidRequestError: One or more mappers failed to initialize - can't proceed with initialization of other mappers. Triggering mapper: 'Mapper[Sprint(sprints)]'. Original exception was: Mapper 'Mapper[Project(projects)]' has no property 'sprints'.  If this property was indicated from other mappers or configure events, ensure registry.configure() has been called.

..\..\anaconda3\envs\scrumix\lib\site-packages\sqlalchemy\orm\mapper.py:4236: InvalidRequestError
_______ ERROR at setup of TestTaskEndpoints.test_get_task_by_id_success _______

fixturedef = <FixtureDef argname='test_user' scope='function' baseid='backend/tests'>
request = <SubRequest 'test_user' for <Function test_get_task_by_id_success>>

    @pytest.hookimpl(wrapper=True)
    def pytest_fixture_setup(fixturedef: FixtureDef, request) -> object | None:
        asyncio_mode = _get_asyncio_mode(request.config)
        if not _is_asyncio_fixture_function(fixturedef.func):
            if asyncio_mode == Mode.STRICT:
                # Ignore async fixtures without explicit asyncio mark in strict mode
                # This applies to pytest_trio fixtures, for example
>               return (yield)

..\..\anaconda3\envs\scrumix\lib\site-packages\pytest_asyncio\plugin.py:681: 
_ _ _ _ _ _ _ _ _ _ _ _ _ _ _ _ _ _ _ _ _ _ _ _ _ _ _ _ _ _ _ _ _ _ _ _ _ _ _ _
backend\tests\conftest.py:104: in test_user
    user = User(
..\..\anaconda3\envs\scrumix\lib\site-packages\sqlalchemy\orm\state.py:561: in _initialize_instance
    manager.dispatch.init(self, args, kwargs)
..\..\anaconda3\envs\scrumix\lib\site-packages\sqlalchemy\event\attr.py:487: in __call__
    fn(*args, **kw)
..\..\anaconda3\envs\scrumix\lib\site-packages\sqlalchemy\orm\mapper.py:4391: in _event_on_init
    instrumenting_mapper._check_configure()
..\..\anaconda3\envs\scrumix\lib\site-packages\sqlalchemy\orm\mapper.py:2386: in _check_configure
    _configure_registries({self.registry}, cascade=True)
..\..\anaconda3\envs\scrumix\lib\site-packages\sqlalchemy\orm\mapper.py:4199: in _configure_registries
    _do_configure_registries(registries, cascade)
_ _ _ _ _ _ _ _ _ _ _ _ _ _ _ _ _ _ _ _ _ _ _ _ _ _ _ _ _ _ _ _ _ _ _ _ _ _ _ _

registries = set(), cascade = True

    @util.preload_module("sqlalchemy.orm.decl_api")
    def _do_configure_registries(
        registries: Set[_RegistryType], cascade: bool
    ) -> None:
        registry = util.preloaded.orm_decl_api.registry
    
        orig = set(registries)
    
        for reg in registry._recurse_with_dependencies(registries):
            has_skip = False
    
            for mapper in reg._mappers_to_configure():
                run_configure = None
    
                for fn in mapper.dispatch.before_mapper_configured:
                    run_configure = fn(mapper, mapper.class_)
                    if run_configure is EXT_SKIP:
                        has_skip = True
                        break
                if run_configure is EXT_SKIP:
                    continue
    
                if getattr(mapper, "_configure_failed", False):
                    e = sa_exc.InvalidRequestError(
                        "One or more mappers failed to initialize - "
                        "can't proceed with initialization of other "
                        "mappers. Triggering mapper: '%s'. "
                        "Original exception was: %s"
                        % (mapper, mapper._configure_failed)
                    )
                    e._configure_failed = mapper._configure_failed  # type: ignore
>                   raise e
E                   sqlalchemy.exc.InvalidRequestError: One or more mappers failed to initialize - can't proceed with initialization of other mappers. Triggering mapper: 'Mapper[Sprint(sprints)]'. Original exception was: Mapper 'Mapper[Project(projects)]' has no property 'sprints'.  If this property was indicated from other mappers or configure events, ensure registry.configure() has been called.

..\..\anaconda3\envs\scrumix\lib\site-packages\sqlalchemy\orm\mapper.py:4236: InvalidRequestError
______ ERROR at setup of TestTaskEndpoints.test_get_task_by_id_not_found ______

fixturedef = <FixtureDef argname='test_user' scope='function' baseid='backend/tests'>
request = <SubRequest 'test_user' for <Function test_get_task_by_id_not_found>>

    @pytest.hookimpl(wrapper=True)
    def pytest_fixture_setup(fixturedef: FixtureDef, request) -> object | None:
        asyncio_mode = _get_asyncio_mode(request.config)
        if not _is_asyncio_fixture_function(fixturedef.func):
            if asyncio_mode == Mode.STRICT:
                # Ignore async fixtures without explicit asyncio mark in strict mode
                # This applies to pytest_trio fixtures, for example
>               return (yield)

..\..\anaconda3\envs\scrumix\lib\site-packages\pytest_asyncio\plugin.py:681: 
_ _ _ _ _ _ _ _ _ _ _ _ _ _ _ _ _ _ _ _ _ _ _ _ _ _ _ _ _ _ _ _ _ _ _ _ _ _ _ _
backend\tests\conftest.py:104: in test_user
    user = User(
..\..\anaconda3\envs\scrumix\lib\site-packages\sqlalchemy\orm\state.py:561: in _initialize_instance
    manager.dispatch.init(self, args, kwargs)
..\..\anaconda3\envs\scrumix\lib\site-packages\sqlalchemy\event\attr.py:487: in __call__
    fn(*args, **kw)
..\..\anaconda3\envs\scrumix\lib\site-packages\sqlalchemy\orm\mapper.py:4391: in _event_on_init
    instrumenting_mapper._check_configure()
..\..\anaconda3\envs\scrumix\lib\site-packages\sqlalchemy\orm\mapper.py:2386: in _check_configure
    _configure_registries({self.registry}, cascade=True)
..\..\anaconda3\envs\scrumix\lib\site-packages\sqlalchemy\orm\mapper.py:4199: in _configure_registries
    _do_configure_registries(registries, cascade)
_ _ _ _ _ _ _ _ _ _ _ _ _ _ _ _ _ _ _ _ _ _ _ _ _ _ _ _ _ _ _ _ _ _ _ _ _ _ _ _

registries = set(), cascade = True

    @util.preload_module("sqlalchemy.orm.decl_api")
    def _do_configure_registries(
        registries: Set[_RegistryType], cascade: bool
    ) -> None:
        registry = util.preloaded.orm_decl_api.registry
    
        orig = set(registries)
    
        for reg in registry._recurse_with_dependencies(registries):
            has_skip = False
    
            for mapper in reg._mappers_to_configure():
                run_configure = None
    
                for fn in mapper.dispatch.before_mapper_configured:
                    run_configure = fn(mapper, mapper.class_)
                    if run_configure is EXT_SKIP:
                        has_skip = True
                        break
                if run_configure is EXT_SKIP:
                    continue
    
                if getattr(mapper, "_configure_failed", False):
                    e = sa_exc.InvalidRequestError(
                        "One or more mappers failed to initialize - "
                        "can't proceed with initialization of other "
                        "mappers. Triggering mapper: '%s'. "
                        "Original exception was: %s"
                        % (mapper, mapper._configure_failed)
                    )
                    e._configure_failed = mapper._configure_failed  # type: ignore
>                   raise e
E                   sqlalchemy.exc.InvalidRequestError: One or more mappers failed to initialize - can't proceed with initialization of other mappers. Triggering mapper: 'Mapper[Sprint(sprints)]'. Original exception was: Mapper 'Mapper[Project(projects)]' has no property 'sprints'.  If this property was indicated from other mappers or configure events, ensure registry.configure() has been called.

..\..\anaconda3\envs\scrumix\lib\site-packages\sqlalchemy\orm\mapper.py:4236: InvalidRequestError
________ ERROR at setup of TestTaskEndpoints.test_update_task_success _________

fixturedef = <FixtureDef argname='test_user' scope='function' baseid='backend/tests'>
request = <SubRequest 'test_user' for <Function test_update_task_success>>

    @pytest.hookimpl(wrapper=True)
    def pytest_fixture_setup(fixturedef: FixtureDef, request) -> object | None:
        asyncio_mode = _get_asyncio_mode(request.config)
        if not _is_asyncio_fixture_function(fixturedef.func):
            if asyncio_mode == Mode.STRICT:
                # Ignore async fixtures without explicit asyncio mark in strict mode
                # This applies to pytest_trio fixtures, for example
>               return (yield)

..\..\anaconda3\envs\scrumix\lib\site-packages\pytest_asyncio\plugin.py:681: 
_ _ _ _ _ _ _ _ _ _ _ _ _ _ _ _ _ _ _ _ _ _ _ _ _ _ _ _ _ _ _ _ _ _ _ _ _ _ _ _
backend\tests\conftest.py:104: in test_user
    user = User(
..\..\anaconda3\envs\scrumix\lib\site-packages\sqlalchemy\orm\state.py:561: in _initialize_instance
    manager.dispatch.init(self, args, kwargs)
..\..\anaconda3\envs\scrumix\lib\site-packages\sqlalchemy\event\attr.py:487: in __call__
    fn(*args, **kw)
..\..\anaconda3\envs\scrumix\lib\site-packages\sqlalchemy\orm\mapper.py:4391: in _event_on_init
    instrumenting_mapper._check_configure()
..\..\anaconda3\envs\scrumix\lib\site-packages\sqlalchemy\orm\mapper.py:2386: in _check_configure
    _configure_registries({self.registry}, cascade=True)
..\..\anaconda3\envs\scrumix\lib\site-packages\sqlalchemy\orm\mapper.py:4199: in _configure_registries
    _do_configure_registries(registries, cascade)
_ _ _ _ _ _ _ _ _ _ _ _ _ _ _ _ _ _ _ _ _ _ _ _ _ _ _ _ _ _ _ _ _ _ _ _ _ _ _ _

registries = set(), cascade = True

    @util.preload_module("sqlalchemy.orm.decl_api")
    def _do_configure_registries(
        registries: Set[_RegistryType], cascade: bool
    ) -> None:
        registry = util.preloaded.orm_decl_api.registry
    
        orig = set(registries)
    
        for reg in registry._recurse_with_dependencies(registries):
            has_skip = False
    
            for mapper in reg._mappers_to_configure():
                run_configure = None
    
                for fn in mapper.dispatch.before_mapper_configured:
                    run_configure = fn(mapper, mapper.class_)
                    if run_configure is EXT_SKIP:
                        has_skip = True
                        break
                if run_configure is EXT_SKIP:
                    continue
    
                if getattr(mapper, "_configure_failed", False):
                    e = sa_exc.InvalidRequestError(
                        "One or more mappers failed to initialize - "
                        "can't proceed with initialization of other "
                        "mappers. Triggering mapper: '%s'. "
                        "Original exception was: %s"
                        % (mapper, mapper._configure_failed)
                    )
                    e._configure_failed = mapper._configure_failed  # type: ignore
>                   raise e
E                   sqlalchemy.exc.InvalidRequestError: One or more mappers failed to initialize - can't proceed with initialization of other mappers. Triggering mapper: 'Mapper[Sprint(sprints)]'. Original exception was: Mapper 'Mapper[Project(projects)]' has no property 'sprints'.  If this property was indicated from other mappers or configure events, ensure registry.configure() has been called.

..\..\anaconda3\envs\scrumix\lib\site-packages\sqlalchemy\orm\mapper.py:4236: InvalidRequestError
_______ ERROR at setup of TestTaskEndpoints.test_update_task_not_found ________

fixturedef = <FixtureDef argname='test_user' scope='function' baseid='backend/tests'>
request = <SubRequest 'test_user' for <Function test_update_task_not_found>>

    @pytest.hookimpl(wrapper=True)
    def pytest_fixture_setup(fixturedef: FixtureDef, request) -> object | None:
        asyncio_mode = _get_asyncio_mode(request.config)
        if not _is_asyncio_fixture_function(fixturedef.func):
            if asyncio_mode == Mode.STRICT:
                # Ignore async fixtures without explicit asyncio mark in strict mode
                # This applies to pytest_trio fixtures, for example
>               return (yield)

..\..\anaconda3\envs\scrumix\lib\site-packages\pytest_asyncio\plugin.py:681: 
_ _ _ _ _ _ _ _ _ _ _ _ _ _ _ _ _ _ _ _ _ _ _ _ _ _ _ _ _ _ _ _ _ _ _ _ _ _ _ _
backend\tests\conftest.py:104: in test_user
    user = User(
..\..\anaconda3\envs\scrumix\lib\site-packages\sqlalchemy\orm\state.py:561: in _initialize_instance
    manager.dispatch.init(self, args, kwargs)
..\..\anaconda3\envs\scrumix\lib\site-packages\sqlalchemy\event\attr.py:487: in __call__
    fn(*args, **kw)
..\..\anaconda3\envs\scrumix\lib\site-packages\sqlalchemy\orm\mapper.py:4391: in _event_on_init
    instrumenting_mapper._check_configure()
..\..\anaconda3\envs\scrumix\lib\site-packages\sqlalchemy\orm\mapper.py:2386: in _check_configure
    _configure_registries({self.registry}, cascade=True)
..\..\anaconda3\envs\scrumix\lib\site-packages\sqlalchemy\orm\mapper.py:4199: in _configure_registries
    _do_configure_registries(registries, cascade)
_ _ _ _ _ _ _ _ _ _ _ _ _ _ _ _ _ _ _ _ _ _ _ _ _ _ _ _ _ _ _ _ _ _ _ _ _ _ _ _

registries = set(), cascade = True

    @util.preload_module("sqlalchemy.orm.decl_api")
    def _do_configure_registries(
        registries: Set[_RegistryType], cascade: bool
    ) -> None:
        registry = util.preloaded.orm_decl_api.registry
    
        orig = set(registries)
    
        for reg in registry._recurse_with_dependencies(registries):
            has_skip = False
    
            for mapper in reg._mappers_to_configure():
                run_configure = None
    
                for fn in mapper.dispatch.before_mapper_configured:
                    run_configure = fn(mapper, mapper.class_)
                    if run_configure is EXT_SKIP:
                        has_skip = True
                        break
                if run_configure is EXT_SKIP:
                    continue
    
                if getattr(mapper, "_configure_failed", False):
                    e = sa_exc.InvalidRequestError(
                        "One or more mappers failed to initialize - "
                        "can't proceed with initialization of other "
                        "mappers. Triggering mapper: '%s'. "
                        "Original exception was: %s"
                        % (mapper, mapper._configure_failed)
                    )
                    e._configure_failed = mapper._configure_failed  # type: ignore
>                   raise e
E                   sqlalchemy.exc.InvalidRequestError: One or more mappers failed to initialize - can't proceed with initialization of other mappers. Triggering mapper: 'Mapper[Sprint(sprints)]'. Original exception was: Mapper 'Mapper[Project(projects)]' has no property 'sprints'.  If this property was indicated from other mappers or configure events, ensure registry.configure() has been called.

..\..\anaconda3\envs\scrumix\lib\site-packages\sqlalchemy\orm\mapper.py:4236: InvalidRequestError
________ ERROR at setup of TestTaskEndpoints.test_delete_task_success _________

fixturedef = <FixtureDef argname='test_user' scope='function' baseid='backend/tests'>
request = <SubRequest 'test_user' for <Function test_delete_task_success>>

    @pytest.hookimpl(wrapper=True)
    def pytest_fixture_setup(fixturedef: FixtureDef, request) -> object | None:
        asyncio_mode = _get_asyncio_mode(request.config)
        if not _is_asyncio_fixture_function(fixturedef.func):
            if asyncio_mode == Mode.STRICT:
                # Ignore async fixtures without explicit asyncio mark in strict mode
                # This applies to pytest_trio fixtures, for example
>               return (yield)

..\..\anaconda3\envs\scrumix\lib\site-packages\pytest_asyncio\plugin.py:681: 
_ _ _ _ _ _ _ _ _ _ _ _ _ _ _ _ _ _ _ _ _ _ _ _ _ _ _ _ _ _ _ _ _ _ _ _ _ _ _ _
backend\tests\conftest.py:104: in test_user
    user = User(
..\..\anaconda3\envs\scrumix\lib\site-packages\sqlalchemy\orm\state.py:561: in _initialize_instance
    manager.dispatch.init(self, args, kwargs)
..\..\anaconda3\envs\scrumix\lib\site-packages\sqlalchemy\event\attr.py:487: in __call__
    fn(*args, **kw)
..\..\anaconda3\envs\scrumix\lib\site-packages\sqlalchemy\orm\mapper.py:4391: in _event_on_init
    instrumenting_mapper._check_configure()
..\..\anaconda3\envs\scrumix\lib\site-packages\sqlalchemy\orm\mapper.py:2386: in _check_configure
    _configure_registries({self.registry}, cascade=True)
..\..\anaconda3\envs\scrumix\lib\site-packages\sqlalchemy\orm\mapper.py:4199: in _configure_registries
    _do_configure_registries(registries, cascade)
_ _ _ _ _ _ _ _ _ _ _ _ _ _ _ _ _ _ _ _ _ _ _ _ _ _ _ _ _ _ _ _ _ _ _ _ _ _ _ _

registries = set(), cascade = True

    @util.preload_module("sqlalchemy.orm.decl_api")
    def _do_configure_registries(
        registries: Set[_RegistryType], cascade: bool
    ) -> None:
        registry = util.preloaded.orm_decl_api.registry
    
        orig = set(registries)
    
        for reg in registry._recurse_with_dependencies(registries):
            has_skip = False
    
            for mapper in reg._mappers_to_configure():
                run_configure = None
    
                for fn in mapper.dispatch.before_mapper_configured:
                    run_configure = fn(mapper, mapper.class_)
                    if run_configure is EXT_SKIP:
                        has_skip = True
                        break
                if run_configure is EXT_SKIP:
                    continue
    
                if getattr(mapper, "_configure_failed", False):
                    e = sa_exc.InvalidRequestError(
                        "One or more mappers failed to initialize - "
                        "can't proceed with initialization of other "
                        "mappers. Triggering mapper: '%s'. "
                        "Original exception was: %s"
                        % (mapper, mapper._configure_failed)
                    )
                    e._configure_failed = mapper._configure_failed  # type: ignore
>                   raise e
E                   sqlalchemy.exc.InvalidRequestError: One or more mappers failed to initialize - can't proceed with initialization of other mappers. Triggering mapper: 'Mapper[Sprint(sprints)]'. Original exception was: Mapper 'Mapper[Project(projects)]' has no property 'sprints'.  If this property was indicated from other mappers or configure events, ensure registry.configure() has been called.

..\..\anaconda3\envs\scrumix\lib\site-packages\sqlalchemy\orm\mapper.py:4236: InvalidRequestError
_______ ERROR at setup of TestTaskEndpoints.test_delete_task_not_found ________

fixturedef = <FixtureDef argname='test_user' scope='function' baseid='backend/tests'>
request = <SubRequest 'test_user' for <Function test_delete_task_not_found>>

    @pytest.hookimpl(wrapper=True)
    def pytest_fixture_setup(fixturedef: FixtureDef, request) -> object | None:
        asyncio_mode = _get_asyncio_mode(request.config)
        if not _is_asyncio_fixture_function(fixturedef.func):
            if asyncio_mode == Mode.STRICT:
                # Ignore async fixtures without explicit asyncio mark in strict mode
                # This applies to pytest_trio fixtures, for example
>               return (yield)

..\..\anaconda3\envs\scrumix\lib\site-packages\pytest_asyncio\plugin.py:681: 
_ _ _ _ _ _ _ _ _ _ _ _ _ _ _ _ _ _ _ _ _ _ _ _ _ _ _ _ _ _ _ _ _ _ _ _ _ _ _ _
backend\tests\conftest.py:104: in test_user
    user = User(
..\..\anaconda3\envs\scrumix\lib\site-packages\sqlalchemy\orm\state.py:561: in _initialize_instance
    manager.dispatch.init(self, args, kwargs)
..\..\anaconda3\envs\scrumix\lib\site-packages\sqlalchemy\event\attr.py:487: in __call__
    fn(*args, **kw)
..\..\anaconda3\envs\scrumix\lib\site-packages\sqlalchemy\orm\mapper.py:4391: in _event_on_init
    instrumenting_mapper._check_configure()
..\..\anaconda3\envs\scrumix\lib\site-packages\sqlalchemy\orm\mapper.py:2386: in _check_configure
    _configure_registries({self.registry}, cascade=True)
..\..\anaconda3\envs\scrumix\lib\site-packages\sqlalchemy\orm\mapper.py:4199: in _configure_registries
    _do_configure_registries(registries, cascade)
_ _ _ _ _ _ _ _ _ _ _ _ _ _ _ _ _ _ _ _ _ _ _ _ _ _ _ _ _ _ _ _ _ _ _ _ _ _ _ _

registries = set(), cascade = True

    @util.preload_module("sqlalchemy.orm.decl_api")
    def _do_configure_registries(
        registries: Set[_RegistryType], cascade: bool
    ) -> None:
        registry = util.preloaded.orm_decl_api.registry
    
        orig = set(registries)
    
        for reg in registry._recurse_with_dependencies(registries):
            has_skip = False
    
            for mapper in reg._mappers_to_configure():
                run_configure = None
    
                for fn in mapper.dispatch.before_mapper_configured:
                    run_configure = fn(mapper, mapper.class_)
                    if run_configure is EXT_SKIP:
                        has_skip = True
                        break
                if run_configure is EXT_SKIP:
                    continue
    
                if getattr(mapper, "_configure_failed", False):
                    e = sa_exc.InvalidRequestError(
                        "One or more mappers failed to initialize - "
                        "can't proceed with initialization of other "
                        "mappers. Triggering mapper: '%s'. "
                        "Original exception was: %s"
                        % (mapper, mapper._configure_failed)
                    )
                    e._configure_failed = mapper._configure_failed  # type: ignore
>                   raise e
E                   sqlalchemy.exc.InvalidRequestError: One or more mappers failed to initialize - can't proceed with initialization of other mappers. Triggering mapper: 'Mapper[Sprint(sprints)]'. Original exception was: Mapper 'Mapper[Project(projects)]' has no property 'sprints'.  If this property was indicated from other mappers or configure events, ensure registry.configure() has been called.

..\..\anaconda3\envs\scrumix\lib\site-packages\sqlalchemy\orm\mapper.py:4236: InvalidRequestError
______ ERROR at setup of TestUserEndpoints.test_get_current_user_profile ______

fixturedef = <FixtureDef argname='test_user' scope='function' baseid='backend/tests'>
request = <SubRequest 'test_user' for <Function test_get_current_user_profile>>

    @pytest.hookimpl(wrapper=True)
    def pytest_fixture_setup(fixturedef: FixtureDef, request) -> object | None:
        asyncio_mode = _get_asyncio_mode(request.config)
        if not _is_asyncio_fixture_function(fixturedef.func):
            if asyncio_mode == Mode.STRICT:
                # Ignore async fixtures without explicit asyncio mark in strict mode
                # This applies to pytest_trio fixtures, for example
>               return (yield)

..\..\anaconda3\envs\scrumix\lib\site-packages\pytest_asyncio\plugin.py:681: 
_ _ _ _ _ _ _ _ _ _ _ _ _ _ _ _ _ _ _ _ _ _ _ _ _ _ _ _ _ _ _ _ _ _ _ _ _ _ _ _
backend\tests\conftest.py:104: in test_user
    user = User(
..\..\anaconda3\envs\scrumix\lib\site-packages\sqlalchemy\orm\state.py:561: in _initialize_instance
    manager.dispatch.init(self, args, kwargs)
..\..\anaconda3\envs\scrumix\lib\site-packages\sqlalchemy\event\attr.py:487: in __call__
    fn(*args, **kw)
..\..\anaconda3\envs\scrumix\lib\site-packages\sqlalchemy\orm\mapper.py:4391: in _event_on_init
    instrumenting_mapper._check_configure()
..\..\anaconda3\envs\scrumix\lib\site-packages\sqlalchemy\orm\mapper.py:2386: in _check_configure
    _configure_registries({self.registry}, cascade=True)
..\..\anaconda3\envs\scrumix\lib\site-packages\sqlalchemy\orm\mapper.py:4199: in _configure_registries
    _do_configure_registries(registries, cascade)
_ _ _ _ _ _ _ _ _ _ _ _ _ _ _ _ _ _ _ _ _ _ _ _ _ _ _ _ _ _ _ _ _ _ _ _ _ _ _ _

registries = set(), cascade = True

    @util.preload_module("sqlalchemy.orm.decl_api")
    def _do_configure_registries(
        registries: Set[_RegistryType], cascade: bool
    ) -> None:
        registry = util.preloaded.orm_decl_api.registry
    
        orig = set(registries)
    
        for reg in registry._recurse_with_dependencies(registries):
            has_skip = False
    
            for mapper in reg._mappers_to_configure():
                run_configure = None
    
                for fn in mapper.dispatch.before_mapper_configured:
                    run_configure = fn(mapper, mapper.class_)
                    if run_configure is EXT_SKIP:
                        has_skip = True
                        break
                if run_configure is EXT_SKIP:
                    continue
    
                if getattr(mapper, "_configure_failed", False):
                    e = sa_exc.InvalidRequestError(
                        "One or more mappers failed to initialize - "
                        "can't proceed with initialization of other "
                        "mappers. Triggering mapper: '%s'. "
                        "Original exception was: %s"
                        % (mapper, mapper._configure_failed)
                    )
                    e._configure_failed = mapper._configure_failed  # type: ignore
>                   raise e
E                   sqlalchemy.exc.InvalidRequestError: One or more mappers failed to initialize - can't proceed with initialization of other mappers. Triggering mapper: 'Mapper[Sprint(sprints)]'. Original exception was: Mapper 'Mapper[Project(projects)]' has no property 'sprints'.  If this property was indicated from other mappers or configure events, ensure registry.configure() has been called.

..\..\anaconda3\envs\scrumix\lib\site-packages\sqlalchemy\orm\mapper.py:4236: InvalidRequestError
____ ERROR at setup of TestUserEndpoints.test_update_current_user_profile _____

fixturedef = <FixtureDef argname='test_user' scope='function' baseid='backend/tests'>
request = <SubRequest 'test_user' for <Function test_update_current_user_profile>>

    @pytest.hookimpl(wrapper=True)
    def pytest_fixture_setup(fixturedef: FixtureDef, request) -> object | None:
        asyncio_mode = _get_asyncio_mode(request.config)
        if not _is_asyncio_fixture_function(fixturedef.func):
            if asyncio_mode == Mode.STRICT:
                # Ignore async fixtures without explicit asyncio mark in strict mode
                # This applies to pytest_trio fixtures, for example
>               return (yield)

..\..\anaconda3\envs\scrumix\lib\site-packages\pytest_asyncio\plugin.py:681: 
_ _ _ _ _ _ _ _ _ _ _ _ _ _ _ _ _ _ _ _ _ _ _ _ _ _ _ _ _ _ _ _ _ _ _ _ _ _ _ _
backend\tests\conftest.py:104: in test_user
    user = User(
..\..\anaconda3\envs\scrumix\lib\site-packages\sqlalchemy\orm\state.py:561: in _initialize_instance
    manager.dispatch.init(self, args, kwargs)
..\..\anaconda3\envs\scrumix\lib\site-packages\sqlalchemy\event\attr.py:487: in __call__
    fn(*args, **kw)
..\..\anaconda3\envs\scrumix\lib\site-packages\sqlalchemy\orm\mapper.py:4391: in _event_on_init
    instrumenting_mapper._check_configure()
..\..\anaconda3\envs\scrumix\lib\site-packages\sqlalchemy\orm\mapper.py:2386: in _check_configure
    _configure_registries({self.registry}, cascade=True)
..\..\anaconda3\envs\scrumix\lib\site-packages\sqlalchemy\orm\mapper.py:4199: in _configure_registries
    _do_configure_registries(registries, cascade)
_ _ _ _ _ _ _ _ _ _ _ _ _ _ _ _ _ _ _ _ _ _ _ _ _ _ _ _ _ _ _ _ _ _ _ _ _ _ _ _

registries = set(), cascade = True

    @util.preload_module("sqlalchemy.orm.decl_api")
    def _do_configure_registries(
        registries: Set[_RegistryType], cascade: bool
    ) -> None:
        registry = util.preloaded.orm_decl_api.registry
    
        orig = set(registries)
    
        for reg in registry._recurse_with_dependencies(registries):
            has_skip = False
    
            for mapper in reg._mappers_to_configure():
                run_configure = None
    
                for fn in mapper.dispatch.before_mapper_configured:
                    run_configure = fn(mapper, mapper.class_)
                    if run_configure is EXT_SKIP:
                        has_skip = True
                        break
                if run_configure is EXT_SKIP:
                    continue
    
                if getattr(mapper, "_configure_failed", False):
                    e = sa_exc.InvalidRequestError(
                        "One or more mappers failed to initialize - "
                        "can't proceed with initialization of other "
                        "mappers. Triggering mapper: '%s'. "
                        "Original exception was: %s"
                        % (mapper, mapper._configure_failed)
                    )
                    e._configure_failed = mapper._configure_failed  # type: ignore
>                   raise e
E                   sqlalchemy.exc.InvalidRequestError: One or more mappers failed to initialize - can't proceed with initialization of other mappers. Triggering mapper: 'Mapper[Sprint(sprints)]'. Original exception was: Mapper 'Mapper[Project(projects)]' has no property 'sprints'.  If this property was indicated from other mappers or configure events, ensure registry.configure() has been called.

..\..\anaconda3\envs\scrumix\lib\site-packages\sqlalchemy\orm\mapper.py:4236: InvalidRequestError
__ ERROR at setup of TestUserEndpoints.test_update_current_user_invalid_data __

fixturedef = <FixtureDef argname='test_user' scope='function' baseid='backend/tests'>
request = <SubRequest 'test_user' for <Function test_update_current_user_invalid_data>>

    @pytest.hookimpl(wrapper=True)
    def pytest_fixture_setup(fixturedef: FixtureDef, request) -> object | None:
        asyncio_mode = _get_asyncio_mode(request.config)
        if not _is_asyncio_fixture_function(fixturedef.func):
            if asyncio_mode == Mode.STRICT:
                # Ignore async fixtures without explicit asyncio mark in strict mode
                # This applies to pytest_trio fixtures, for example
>               return (yield)

..\..\anaconda3\envs\scrumix\lib\site-packages\pytest_asyncio\plugin.py:681: 
_ _ _ _ _ _ _ _ _ _ _ _ _ _ _ _ _ _ _ _ _ _ _ _ _ _ _ _ _ _ _ _ _ _ _ _ _ _ _ _
backend\tests\conftest.py:104: in test_user
    user = User(
..\..\anaconda3\envs\scrumix\lib\site-packages\sqlalchemy\orm\state.py:561: in _initialize_instance
    manager.dispatch.init(self, args, kwargs)
..\..\anaconda3\envs\scrumix\lib\site-packages\sqlalchemy\event\attr.py:487: in __call__
    fn(*args, **kw)
..\..\anaconda3\envs\scrumix\lib\site-packages\sqlalchemy\orm\mapper.py:4391: in _event_on_init
    instrumenting_mapper._check_configure()
..\..\anaconda3\envs\scrumix\lib\site-packages\sqlalchemy\orm\mapper.py:2386: in _check_configure
    _configure_registries({self.registry}, cascade=True)
..\..\anaconda3\envs\scrumix\lib\site-packages\sqlalchemy\orm\mapper.py:4199: in _configure_registries
    _do_configure_registries(registries, cascade)
_ _ _ _ _ _ _ _ _ _ _ _ _ _ _ _ _ _ _ _ _ _ _ _ _ _ _ _ _ _ _ _ _ _ _ _ _ _ _ _

registries = set(), cascade = True

    @util.preload_module("sqlalchemy.orm.decl_api")
    def _do_configure_registries(
        registries: Set[_RegistryType], cascade: bool
    ) -> None:
        registry = util.preloaded.orm_decl_api.registry
    
        orig = set(registries)
    
        for reg in registry._recurse_with_dependencies(registries):
            has_skip = False
    
            for mapper in reg._mappers_to_configure():
                run_configure = None
    
                for fn in mapper.dispatch.before_mapper_configured:
                    run_configure = fn(mapper, mapper.class_)
                    if run_configure is EXT_SKIP:
                        has_skip = True
                        break
                if run_configure is EXT_SKIP:
                    continue
    
                if getattr(mapper, "_configure_failed", False):
                    e = sa_exc.InvalidRequestError(
                        "One or more mappers failed to initialize - "
                        "can't proceed with initialization of other "
                        "mappers. Triggering mapper: '%s'. "
                        "Original exception was: %s"
                        % (mapper, mapper._configure_failed)
                    )
                    e._configure_failed = mapper._configure_failed  # type: ignore
>                   raise e
E                   sqlalchemy.exc.InvalidRequestError: One or more mappers failed to initialize - can't proceed with initialization of other mappers. Triggering mapper: 'Mapper[Sprint(sprints)]'. Original exception was: Mapper 'Mapper[Project(projects)]' has no property 'sprints'.  If this property was indicated from other mappers or configure events, ensure registry.configure() has been called.

..\..\anaconda3\envs\scrumix\lib\site-packages\sqlalchemy\orm\mapper.py:4236: InvalidRequestError
_________ ERROR at setup of TestUserEndpoints.test_get_user_sessions __________

fixturedef = <FixtureDef argname='test_user' scope='function' baseid='backend/tests'>
request = <SubRequest 'test_user' for <Function test_get_user_sessions>>

    @pytest.hookimpl(wrapper=True)
    def pytest_fixture_setup(fixturedef: FixtureDef, request) -> object | None:
        asyncio_mode = _get_asyncio_mode(request.config)
        if not _is_asyncio_fixture_function(fixturedef.func):
            if asyncio_mode == Mode.STRICT:
                # Ignore async fixtures without explicit asyncio mark in strict mode
                # This applies to pytest_trio fixtures, for example
>               return (yield)

..\..\anaconda3\envs\scrumix\lib\site-packages\pytest_asyncio\plugin.py:681: 
_ _ _ _ _ _ _ _ _ _ _ _ _ _ _ _ _ _ _ _ _ _ _ _ _ _ _ _ _ _ _ _ _ _ _ _ _ _ _ _
backend\tests\conftest.py:104: in test_user
    user = User(
..\..\anaconda3\envs\scrumix\lib\site-packages\sqlalchemy\orm\state.py:561: in _initialize_instance
    manager.dispatch.init(self, args, kwargs)
..\..\anaconda3\envs\scrumix\lib\site-packages\sqlalchemy\event\attr.py:487: in __call__
    fn(*args, **kw)
..\..\anaconda3\envs\scrumix\lib\site-packages\sqlalchemy\orm\mapper.py:4391: in _event_on_init
    instrumenting_mapper._check_configure()
..\..\anaconda3\envs\scrumix\lib\site-packages\sqlalchemy\orm\mapper.py:2386: in _check_configure
    _configure_registries({self.registry}, cascade=True)
..\..\anaconda3\envs\scrumix\lib\site-packages\sqlalchemy\orm\mapper.py:4199: in _configure_registries
    _do_configure_registries(registries, cascade)
_ _ _ _ _ _ _ _ _ _ _ _ _ _ _ _ _ _ _ _ _ _ _ _ _ _ _ _ _ _ _ _ _ _ _ _ _ _ _ _

registries = set(), cascade = True

    @util.preload_module("sqlalchemy.orm.decl_api")
    def _do_configure_registries(
        registries: Set[_RegistryType], cascade: bool
    ) -> None:
        registry = util.preloaded.orm_decl_api.registry
    
        orig = set(registries)
    
        for reg in registry._recurse_with_dependencies(registries):
            has_skip = False
    
            for mapper in reg._mappers_to_configure():
                run_configure = None
    
                for fn in mapper.dispatch.before_mapper_configured:
                    run_configure = fn(mapper, mapper.class_)
                    if run_configure is EXT_SKIP:
                        has_skip = True
                        break
                if run_configure is EXT_SKIP:
                    continue
    
                if getattr(mapper, "_configure_failed", False):
                    e = sa_exc.InvalidRequestError(
                        "One or more mappers failed to initialize - "
                        "can't proceed with initialization of other "
                        "mappers. Triggering mapper: '%s'. "
                        "Original exception was: %s"
                        % (mapper, mapper._configure_failed)
                    )
                    e._configure_failed = mapper._configure_failed  # type: ignore
>                   raise e
E                   sqlalchemy.exc.InvalidRequestError: One or more mappers failed to initialize - can't proceed with initialization of other mappers. Triggering mapper: 'Mapper[Sprint(sprints)]'. Original exception was: Mapper 'Mapper[Project(projects)]' has no property 'sprints'.  If this property was indicated from other mappers or configure events, ensure registry.configure() has been called.

..\..\anaconda3\envs\scrumix\lib\site-packages\sqlalchemy\orm\mapper.py:4236: InvalidRequestError
________ ERROR at setup of TestUserEndpoints.test_revoke_user_session _________

fixturedef = <FixtureDef argname='test_user' scope='function' baseid='backend/tests'>
request = <SubRequest 'test_user' for <Function test_revoke_user_session>>

    @pytest.hookimpl(wrapper=True)
    def pytest_fixture_setup(fixturedef: FixtureDef, request) -> object | None:
        asyncio_mode = _get_asyncio_mode(request.config)
        if not _is_asyncio_fixture_function(fixturedef.func):
            if asyncio_mode == Mode.STRICT:
                # Ignore async fixtures without explicit asyncio mark in strict mode
                # This applies to pytest_trio fixtures, for example
>               return (yield)

..\..\anaconda3\envs\scrumix\lib\site-packages\pytest_asyncio\plugin.py:681: 
_ _ _ _ _ _ _ _ _ _ _ _ _ _ _ _ _ _ _ _ _ _ _ _ _ _ _ _ _ _ _ _ _ _ _ _ _ _ _ _
backend\tests\conftest.py:104: in test_user
    user = User(
..\..\anaconda3\envs\scrumix\lib\site-packages\sqlalchemy\orm\state.py:561: in _initialize_instance
    manager.dispatch.init(self, args, kwargs)
..\..\anaconda3\envs\scrumix\lib\site-packages\sqlalchemy\event\attr.py:487: in __call__
    fn(*args, **kw)
..\..\anaconda3\envs\scrumix\lib\site-packages\sqlalchemy\orm\mapper.py:4391: in _event_on_init
    instrumenting_mapper._check_configure()
..\..\anaconda3\envs\scrumix\lib\site-packages\sqlalchemy\orm\mapper.py:2386: in _check_configure
    _configure_registries({self.registry}, cascade=True)
..\..\anaconda3\envs\scrumix\lib\site-packages\sqlalchemy\orm\mapper.py:4199: in _configure_registries
    _do_configure_registries(registries, cascade)
_ _ _ _ _ _ _ _ _ _ _ _ _ _ _ _ _ _ _ _ _ _ _ _ _ _ _ _ _ _ _ _ _ _ _ _ _ _ _ _

registries = set(), cascade = True

    @util.preload_module("sqlalchemy.orm.decl_api")
    def _do_configure_registries(
        registries: Set[_RegistryType], cascade: bool
    ) -> None:
        registry = util.preloaded.orm_decl_api.registry
    
        orig = set(registries)
    
        for reg in registry._recurse_with_dependencies(registries):
            has_skip = False
    
            for mapper in reg._mappers_to_configure():
                run_configure = None
    
                for fn in mapper.dispatch.before_mapper_configured:
                    run_configure = fn(mapper, mapper.class_)
                    if run_configure is EXT_SKIP:
                        has_skip = True
                        break
                if run_configure is EXT_SKIP:
                    continue
    
                if getattr(mapper, "_configure_failed", False):
                    e = sa_exc.InvalidRequestError(
                        "One or more mappers failed to initialize - "
                        "can't proceed with initialization of other "
                        "mappers. Triggering mapper: '%s'. "
                        "Original exception was: %s"
                        % (mapper, mapper._configure_failed)
                    )
                    e._configure_failed = mapper._configure_failed  # type: ignore
>                   raise e
E                   sqlalchemy.exc.InvalidRequestError: One or more mappers failed to initialize - can't proceed with initialization of other mappers. Triggering mapper: 'Mapper[Sprint(sprints)]'. Original exception was: Mapper 'Mapper[Project(projects)]' has no property 'sprints'.  If this property was indicated from other mappers or configure events, ensure registry.configure() has been called.

..\..\anaconda3\envs\scrumix\lib\site-packages\sqlalchemy\orm\mapper.py:4236: InvalidRequestError
_____ ERROR at setup of TestUserEndpoints.test_revoke_nonexistent_session _____

fixturedef = <FixtureDef argname='test_user' scope='function' baseid='backend/tests'>
request = <SubRequest 'test_user' for <Function test_revoke_nonexistent_session>>

    @pytest.hookimpl(wrapper=True)
    def pytest_fixture_setup(fixturedef: FixtureDef, request) -> object | None:
        asyncio_mode = _get_asyncio_mode(request.config)
        if not _is_asyncio_fixture_function(fixturedef.func):
            if asyncio_mode == Mode.STRICT:
                # Ignore async fixtures without explicit asyncio mark in strict mode
                # This applies to pytest_trio fixtures, for example
>               return (yield)

..\..\anaconda3\envs\scrumix\lib\site-packages\pytest_asyncio\plugin.py:681: 
_ _ _ _ _ _ _ _ _ _ _ _ _ _ _ _ _ _ _ _ _ _ _ _ _ _ _ _ _ _ _ _ _ _ _ _ _ _ _ _
backend\tests\conftest.py:104: in test_user
    user = User(
..\..\anaconda3\envs\scrumix\lib\site-packages\sqlalchemy\orm\state.py:561: in _initialize_instance
    manager.dispatch.init(self, args, kwargs)
..\..\anaconda3\envs\scrumix\lib\site-packages\sqlalchemy\event\attr.py:487: in __call__
    fn(*args, **kw)
..\..\anaconda3\envs\scrumix\lib\site-packages\sqlalchemy\orm\mapper.py:4391: in _event_on_init
    instrumenting_mapper._check_configure()
..\..\anaconda3\envs\scrumix\lib\site-packages\sqlalchemy\orm\mapper.py:2386: in _check_configure
    _configure_registries({self.registry}, cascade=True)
..\..\anaconda3\envs\scrumix\lib\site-packages\sqlalchemy\orm\mapper.py:4199: in _configure_registries
    _do_configure_registries(registries, cascade)
_ _ _ _ _ _ _ _ _ _ _ _ _ _ _ _ _ _ _ _ _ _ _ _ _ _ _ _ _ _ _ _ _ _ _ _ _ _ _ _

registries = set(), cascade = True

    @util.preload_module("sqlalchemy.orm.decl_api")
    def _do_configure_registries(
        registries: Set[_RegistryType], cascade: bool
    ) -> None:
        registry = util.preloaded.orm_decl_api.registry
    
        orig = set(registries)
    
        for reg in registry._recurse_with_dependencies(registries):
            has_skip = False
    
            for mapper in reg._mappers_to_configure():
                run_configure = None
    
                for fn in mapper.dispatch.before_mapper_configured:
                    run_configure = fn(mapper, mapper.class_)
                    if run_configure is EXT_SKIP:
                        has_skip = True
                        break
                if run_configure is EXT_SKIP:
                    continue
    
                if getattr(mapper, "_configure_failed", False):
                    e = sa_exc.InvalidRequestError(
                        "One or more mappers failed to initialize - "
                        "can't proceed with initialization of other "
                        "mappers. Triggering mapper: '%s'. "
                        "Original exception was: %s"
                        % (mapper, mapper._configure_failed)
                    )
                    e._configure_failed = mapper._configure_failed  # type: ignore
>                   raise e
E                   sqlalchemy.exc.InvalidRequestError: One or more mappers failed to initialize - can't proceed with initialization of other mappers. Triggering mapper: 'Mapper[Sprint(sprints)]'. Original exception was: Mapper 'Mapper[Project(projects)]' has no property 'sprints'.  If this property was indicated from other mappers or configure events, ensure registry.configure() has been called.

..\..\anaconda3\envs\scrumix\lib\site-packages\sqlalchemy\orm\mapper.py:4236: InvalidRequestError
_______ ERROR at setup of TestUserEndpoints.test_get_users_as_superuser _______

fixturedef = <FixtureDef argname='test_superuser' scope='function' baseid='backend/tests'>
request = <SubRequest 'test_superuser' for <Function test_get_users_as_superuser>>

    @pytest.hookimpl(wrapper=True)
    def pytest_fixture_setup(fixturedef: FixtureDef, request) -> object | None:
        asyncio_mode = _get_asyncio_mode(request.config)
        if not _is_asyncio_fixture_function(fixturedef.func):
            if asyncio_mode == Mode.STRICT:
                # Ignore async fixtures without explicit asyncio mark in strict mode
                # This applies to pytest_trio fixtures, for example
>               return (yield)

..\..\anaconda3\envs\scrumix\lib\site-packages\pytest_asyncio\plugin.py:681: 
_ _ _ _ _ _ _ _ _ _ _ _ _ _ _ _ _ _ _ _ _ _ _ _ _ _ _ _ _ _ _ _ _ _ _ _ _ _ _ _
backend\tests\conftest.py:138: in test_superuser
    user = User(
..\..\anaconda3\envs\scrumix\lib\site-packages\sqlalchemy\orm\state.py:561: in _initialize_instance
    manager.dispatch.init(self, args, kwargs)
..\..\anaconda3\envs\scrumix\lib\site-packages\sqlalchemy\event\attr.py:487: in __call__
    fn(*args, **kw)
..\..\anaconda3\envs\scrumix\lib\site-packages\sqlalchemy\orm\mapper.py:4391: in _event_on_init
    instrumenting_mapper._check_configure()
..\..\anaconda3\envs\scrumix\lib\site-packages\sqlalchemy\orm\mapper.py:2386: in _check_configure
    _configure_registries({self.registry}, cascade=True)
..\..\anaconda3\envs\scrumix\lib\site-packages\sqlalchemy\orm\mapper.py:4199: in _configure_registries
    _do_configure_registries(registries, cascade)
_ _ _ _ _ _ _ _ _ _ _ _ _ _ _ _ _ _ _ _ _ _ _ _ _ _ _ _ _ _ _ _ _ _ _ _ _ _ _ _

registries = set(), cascade = True

    @util.preload_module("sqlalchemy.orm.decl_api")
    def _do_configure_registries(
        registries: Set[_RegistryType], cascade: bool
    ) -> None:
        registry = util.preloaded.orm_decl_api.registry
    
        orig = set(registries)
    
        for reg in registry._recurse_with_dependencies(registries):
            has_skip = False
    
            for mapper in reg._mappers_to_configure():
                run_configure = None
    
                for fn in mapper.dispatch.before_mapper_configured:
                    run_configure = fn(mapper, mapper.class_)
                    if run_configure is EXT_SKIP:
                        has_skip = True
                        break
                if run_configure is EXT_SKIP:
                    continue
    
                if getattr(mapper, "_configure_failed", False):
                    e = sa_exc.InvalidRequestError(
                        "One or more mappers failed to initialize - "
                        "can't proceed with initialization of other "
                        "mappers. Triggering mapper: '%s'. "
                        "Original exception was: %s"
                        % (mapper, mapper._configure_failed)
                    )
                    e._configure_failed = mapper._configure_failed  # type: ignore
>                   raise e
E                   sqlalchemy.exc.InvalidRequestError: One or more mappers failed to initialize - can't proceed with initialization of other mappers. Triggering mapper: 'Mapper[Sprint(sprints)]'. Original exception was: Mapper 'Mapper[Project(projects)]' has no property 'sprints'.  If this property was indicated from other mappers or configure events, ensure registry.configure() has been called.

..\..\anaconda3\envs\scrumix\lib\site-packages\sqlalchemy\orm\mapper.py:4236: InvalidRequestError
_____ ERROR at setup of TestUserEndpoints.test_get_users_as_regular_user ______

fixturedef = <FixtureDef argname='test_user' scope='function' baseid='backend/tests'>
request = <SubRequest 'test_user' for <Function test_get_users_as_regular_user>>

    @pytest.hookimpl(wrapper=True)
    def pytest_fixture_setup(fixturedef: FixtureDef, request) -> object | None:
        asyncio_mode = _get_asyncio_mode(request.config)
        if not _is_asyncio_fixture_function(fixturedef.func):
            if asyncio_mode == Mode.STRICT:
                # Ignore async fixtures without explicit asyncio mark in strict mode
                # This applies to pytest_trio fixtures, for example
>               return (yield)

..\..\anaconda3\envs\scrumix\lib\site-packages\pytest_asyncio\plugin.py:681: 
_ _ _ _ _ _ _ _ _ _ _ _ _ _ _ _ _ _ _ _ _ _ _ _ _ _ _ _ _ _ _ _ _ _ _ _ _ _ _ _
backend\tests\conftest.py:104: in test_user
    user = User(
..\..\anaconda3\envs\scrumix\lib\site-packages\sqlalchemy\orm\state.py:561: in _initialize_instance
    manager.dispatch.init(self, args, kwargs)
..\..\anaconda3\envs\scrumix\lib\site-packages\sqlalchemy\event\attr.py:487: in __call__
    fn(*args, **kw)
..\..\anaconda3\envs\scrumix\lib\site-packages\sqlalchemy\orm\mapper.py:4391: in _event_on_init
    instrumenting_mapper._check_configure()
..\..\anaconda3\envs\scrumix\lib\site-packages\sqlalchemy\orm\mapper.py:2386: in _check_configure
    _configure_registries({self.registry}, cascade=True)
..\..\anaconda3\envs\scrumix\lib\site-packages\sqlalchemy\orm\mapper.py:4199: in _configure_registries
    _do_configure_registries(registries, cascade)
_ _ _ _ _ _ _ _ _ _ _ _ _ _ _ _ _ _ _ _ _ _ _ _ _ _ _ _ _ _ _ _ _ _ _ _ _ _ _ _

registries = set(), cascade = True

    @util.preload_module("sqlalchemy.orm.decl_api")
    def _do_configure_registries(
        registries: Set[_RegistryType], cascade: bool
    ) -> None:
        registry = util.preloaded.orm_decl_api.registry
    
        orig = set(registries)
    
        for reg in registry._recurse_with_dependencies(registries):
            has_skip = False
    
            for mapper in reg._mappers_to_configure():
                run_configure = None
    
                for fn in mapper.dispatch.before_mapper_configured:
                    run_configure = fn(mapper, mapper.class_)
                    if run_configure is EXT_SKIP:
                        has_skip = True
                        break
                if run_configure is EXT_SKIP:
                    continue
    
                if getattr(mapper, "_configure_failed", False):
                    e = sa_exc.InvalidRequestError(
                        "One or more mappers failed to initialize - "
                        "can't proceed with initialization of other "
                        "mappers. Triggering mapper: '%s'. "
                        "Original exception was: %s"
                        % (mapper, mapper._configure_failed)
                    )
                    e._configure_failed = mapper._configure_failed  # type: ignore
>                   raise e
E                   sqlalchemy.exc.InvalidRequestError: One or more mappers failed to initialize - can't proceed with initialization of other mappers. Triggering mapper: 'Mapper[Sprint(sprints)]'. Original exception was: Mapper 'Mapper[Project(projects)]' has no property 'sprints'.  If this property was indicated from other mappers or configure events, ensure registry.configure() has been called.

..\..\anaconda3\envs\scrumix\lib\site-packages\sqlalchemy\orm\mapper.py:4236: InvalidRequestError
____ ERROR at setup of TestUserEndpoints.test_get_user_by_id_as_superuser _____

fixturedef = <FixtureDef argname='test_superuser' scope='function' baseid='backend/tests'>
request = <SubRequest 'test_superuser' for <Function test_get_user_by_id_as_superuser>>

    @pytest.hookimpl(wrapper=True)
    def pytest_fixture_setup(fixturedef: FixtureDef, request) -> object | None:
        asyncio_mode = _get_asyncio_mode(request.config)
        if not _is_asyncio_fixture_function(fixturedef.func):
            if asyncio_mode == Mode.STRICT:
                # Ignore async fixtures without explicit asyncio mark in strict mode
                # This applies to pytest_trio fixtures, for example
>               return (yield)

..\..\anaconda3\envs\scrumix\lib\site-packages\pytest_asyncio\plugin.py:681: 
_ _ _ _ _ _ _ _ _ _ _ _ _ _ _ _ _ _ _ _ _ _ _ _ _ _ _ _ _ _ _ _ _ _ _ _ _ _ _ _
backend\tests\conftest.py:138: in test_superuser
    user = User(
..\..\anaconda3\envs\scrumix\lib\site-packages\sqlalchemy\orm\state.py:561: in _initialize_instance
    manager.dispatch.init(self, args, kwargs)
..\..\anaconda3\envs\scrumix\lib\site-packages\sqlalchemy\event\attr.py:487: in __call__
    fn(*args, **kw)
..\..\anaconda3\envs\scrumix\lib\site-packages\sqlalchemy\orm\mapper.py:4391: in _event_on_init
    instrumenting_mapper._check_configure()
..\..\anaconda3\envs\scrumix\lib\site-packages\sqlalchemy\orm\mapper.py:2386: in _check_configure
    _configure_registries({self.registry}, cascade=True)
..\..\anaconda3\envs\scrumix\lib\site-packages\sqlalchemy\orm\mapper.py:4199: in _configure_registries
    _do_configure_registries(registries, cascade)
_ _ _ _ _ _ _ _ _ _ _ _ _ _ _ _ _ _ _ _ _ _ _ _ _ _ _ _ _ _ _ _ _ _ _ _ _ _ _ _

registries = set(), cascade = True

    @util.preload_module("sqlalchemy.orm.decl_api")
    def _do_configure_registries(
        registries: Set[_RegistryType], cascade: bool
    ) -> None:
        registry = util.preloaded.orm_decl_api.registry
    
        orig = set(registries)
    
        for reg in registry._recurse_with_dependencies(registries):
            has_skip = False
    
            for mapper in reg._mappers_to_configure():
                run_configure = None
    
                for fn in mapper.dispatch.before_mapper_configured:
                    run_configure = fn(mapper, mapper.class_)
                    if run_configure is EXT_SKIP:
                        has_skip = True
                        break
                if run_configure is EXT_SKIP:
                    continue
    
                if getattr(mapper, "_configure_failed", False):
                    e = sa_exc.InvalidRequestError(
                        "One or more mappers failed to initialize - "
                        "can't proceed with initialization of other "
                        "mappers. Triggering mapper: '%s'. "
                        "Original exception was: %s"
                        % (mapper, mapper._configure_failed)
                    )
                    e._configure_failed = mapper._configure_failed  # type: ignore
>                   raise e
E                   sqlalchemy.exc.InvalidRequestError: One or more mappers failed to initialize - can't proceed with initialization of other mappers. Triggering mapper: 'Mapper[Sprint(sprints)]'. Original exception was: Mapper 'Mapper[Project(projects)]' has no property 'sprints'.  If this property was indicated from other mappers or configure events, ensure registry.configure() has been called.

..\..\anaconda3\envs\scrumix\lib\site-packages\sqlalchemy\orm\mapper.py:4236: InvalidRequestError
___ ERROR at setup of TestUserEndpoints.test_get_user_by_id_as_regular_user ___

fixturedef = <FixtureDef argname='test_user' scope='function' baseid='backend/tests'>
request = <SubRequest 'test_user' for <Function test_get_user_by_id_as_regular_user>>

    @pytest.hookimpl(wrapper=True)
    def pytest_fixture_setup(fixturedef: FixtureDef, request) -> object | None:
        asyncio_mode = _get_asyncio_mode(request.config)
        if not _is_asyncio_fixture_function(fixturedef.func):
            if asyncio_mode == Mode.STRICT:
                # Ignore async fixtures without explicit asyncio mark in strict mode
                # This applies to pytest_trio fixtures, for example
>               return (yield)

..\..\anaconda3\envs\scrumix\lib\site-packages\pytest_asyncio\plugin.py:681: 
_ _ _ _ _ _ _ _ _ _ _ _ _ _ _ _ _ _ _ _ _ _ _ _ _ _ _ _ _ _ _ _ _ _ _ _ _ _ _ _
backend\tests\conftest.py:104: in test_user
    user = User(
..\..\anaconda3\envs\scrumix\lib\site-packages\sqlalchemy\orm\state.py:561: in _initialize_instance
    manager.dispatch.init(self, args, kwargs)
..\..\anaconda3\envs\scrumix\lib\site-packages\sqlalchemy\event\attr.py:487: in __call__
    fn(*args, **kw)
..\..\anaconda3\envs\scrumix\lib\site-packages\sqlalchemy\orm\mapper.py:4391: in _event_on_init
    instrumenting_mapper._check_configure()
..\..\anaconda3\envs\scrumix\lib\site-packages\sqlalchemy\orm\mapper.py:2386: in _check_configure
    _configure_registries({self.registry}, cascade=True)
..\..\anaconda3\envs\scrumix\lib\site-packages\sqlalchemy\orm\mapper.py:4199: in _configure_registries
    _do_configure_registries(registries, cascade)
_ _ _ _ _ _ _ _ _ _ _ _ _ _ _ _ _ _ _ _ _ _ _ _ _ _ _ _ _ _ _ _ _ _ _ _ _ _ _ _

registries = set(), cascade = True

    @util.preload_module("sqlalchemy.orm.decl_api")
    def _do_configure_registries(
        registries: Set[_RegistryType], cascade: bool
    ) -> None:
        registry = util.preloaded.orm_decl_api.registry
    
        orig = set(registries)
    
        for reg in registry._recurse_with_dependencies(registries):
            has_skip = False
    
            for mapper in reg._mappers_to_configure():
                run_configure = None
    
                for fn in mapper.dispatch.before_mapper_configured:
                    run_configure = fn(mapper, mapper.class_)
                    if run_configure is EXT_SKIP:
                        has_skip = True
                        break
                if run_configure is EXT_SKIP:
                    continue
    
                if getattr(mapper, "_configure_failed", False):
                    e = sa_exc.InvalidRequestError(
                        "One or more mappers failed to initialize - "
                        "can't proceed with initialization of other "
                        "mappers. Triggering mapper: '%s'. "
                        "Original exception was: %s"
                        % (mapper, mapper._configure_failed)
                    )
                    e._configure_failed = mapper._configure_failed  # type: ignore
>                   raise e
E                   sqlalchemy.exc.InvalidRequestError: One or more mappers failed to initialize - can't proceed with initialization of other mappers. Triggering mapper: 'Mapper[Sprint(sprints)]'. Original exception was: Mapper 'Mapper[Project(projects)]' has no property 'sprints'.  If this property was indicated from other mappers or configure events, ensure registry.configure() has been called.

..\..\anaconda3\envs\scrumix\lib\site-packages\sqlalchemy\orm\mapper.py:4236: InvalidRequestError
________ ERROR at setup of TestUserEndpoints.test_get_nonexistent_user ________

fixturedef = <FixtureDef argname='test_superuser' scope='function' baseid='backend/tests'>
request = <SubRequest 'test_superuser' for <Function test_get_nonexistent_user>>

    @pytest.hookimpl(wrapper=True)
    def pytest_fixture_setup(fixturedef: FixtureDef, request) -> object | None:
        asyncio_mode = _get_asyncio_mode(request.config)
        if not _is_asyncio_fixture_function(fixturedef.func):
            if asyncio_mode == Mode.STRICT:
                # Ignore async fixtures without explicit asyncio mark in strict mode
                # This applies to pytest_trio fixtures, for example
>               return (yield)

..\..\anaconda3\envs\scrumix\lib\site-packages\pytest_asyncio\plugin.py:681: 
_ _ _ _ _ _ _ _ _ _ _ _ _ _ _ _ _ _ _ _ _ _ _ _ _ _ _ _ _ _ _ _ _ _ _ _ _ _ _ _
backend\tests\conftest.py:138: in test_superuser
    user = User(
..\..\anaconda3\envs\scrumix\lib\site-packages\sqlalchemy\orm\state.py:561: in _initialize_instance
    manager.dispatch.init(self, args, kwargs)
..\..\anaconda3\envs\scrumix\lib\site-packages\sqlalchemy\event\attr.py:487: in __call__
    fn(*args, **kw)
..\..\anaconda3\envs\scrumix\lib\site-packages\sqlalchemy\orm\mapper.py:4391: in _event_on_init
    instrumenting_mapper._check_configure()
..\..\anaconda3\envs\scrumix\lib\site-packages\sqlalchemy\orm\mapper.py:2386: in _check_configure
    _configure_registries({self.registry}, cascade=True)
..\..\anaconda3\envs\scrumix\lib\site-packages\sqlalchemy\orm\mapper.py:4199: in _configure_registries
    _do_configure_registries(registries, cascade)
_ _ _ _ _ _ _ _ _ _ _ _ _ _ _ _ _ _ _ _ _ _ _ _ _ _ _ _ _ _ _ _ _ _ _ _ _ _ _ _

registries = set(), cascade = True

    @util.preload_module("sqlalchemy.orm.decl_api")
    def _do_configure_registries(
        registries: Set[_RegistryType], cascade: bool
    ) -> None:
        registry = util.preloaded.orm_decl_api.registry
    
        orig = set(registries)
    
        for reg in registry._recurse_with_dependencies(registries):
            has_skip = False
    
            for mapper in reg._mappers_to_configure():
                run_configure = None
    
                for fn in mapper.dispatch.before_mapper_configured:
                    run_configure = fn(mapper, mapper.class_)
                    if run_configure is EXT_SKIP:
                        has_skip = True
                        break
                if run_configure is EXT_SKIP:
                    continue
    
                if getattr(mapper, "_configure_failed", False):
                    e = sa_exc.InvalidRequestError(
                        "One or more mappers failed to initialize - "
                        "can't proceed with initialization of other "
                        "mappers. Triggering mapper: '%s'. "
                        "Original exception was: %s"
                        % (mapper, mapper._configure_failed)
                    )
                    e._configure_failed = mapper._configure_failed  # type: ignore
>                   raise e
E                   sqlalchemy.exc.InvalidRequestError: One or more mappers failed to initialize - can't proceed with initialization of other mappers. Triggering mapper: 'Mapper[Sprint(sprints)]'. Original exception was: Mapper 'Mapper[Project(projects)]' has no property 'sprints'.  If this property was indicated from other mappers or configure events, ensure registry.configure() has been called.

..\..\anaconda3\envs\scrumix\lib\site-packages\sqlalchemy\orm\mapper.py:4236: InvalidRequestError
______ ERROR at setup of TestUserEndpoints.test_update_user_as_superuser ______

fixturedef = <FixtureDef argname='test_superuser' scope='function' baseid='backend/tests'>
request = <SubRequest 'test_superuser' for <Function test_update_user_as_superuser>>

    @pytest.hookimpl(wrapper=True)
    def pytest_fixture_setup(fixturedef: FixtureDef, request) -> object | None:
        asyncio_mode = _get_asyncio_mode(request.config)
        if not _is_asyncio_fixture_function(fixturedef.func):
            if asyncio_mode == Mode.STRICT:
                # Ignore async fixtures without explicit asyncio mark in strict mode
                # This applies to pytest_trio fixtures, for example
>               return (yield)

..\..\anaconda3\envs\scrumix\lib\site-packages\pytest_asyncio\plugin.py:681: 
_ _ _ _ _ _ _ _ _ _ _ _ _ _ _ _ _ _ _ _ _ _ _ _ _ _ _ _ _ _ _ _ _ _ _ _ _ _ _ _
backend\tests\conftest.py:138: in test_superuser
    user = User(
..\..\anaconda3\envs\scrumix\lib\site-packages\sqlalchemy\orm\state.py:561: in _initialize_instance
    manager.dispatch.init(self, args, kwargs)
..\..\anaconda3\envs\scrumix\lib\site-packages\sqlalchemy\event\attr.py:487: in __call__
    fn(*args, **kw)
..\..\anaconda3\envs\scrumix\lib\site-packages\sqlalchemy\orm\mapper.py:4391: in _event_on_init
    instrumenting_mapper._check_configure()
..\..\anaconda3\envs\scrumix\lib\site-packages\sqlalchemy\orm\mapper.py:2386: in _check_configure
    _configure_registries({self.registry}, cascade=True)
..\..\anaconda3\envs\scrumix\lib\site-packages\sqlalchemy\orm\mapper.py:4199: in _configure_registries
    _do_configure_registries(registries, cascade)
_ _ _ _ _ _ _ _ _ _ _ _ _ _ _ _ _ _ _ _ _ _ _ _ _ _ _ _ _ _ _ _ _ _ _ _ _ _ _ _

registries = set(), cascade = True

    @util.preload_module("sqlalchemy.orm.decl_api")
    def _do_configure_registries(
        registries: Set[_RegistryType], cascade: bool
    ) -> None:
        registry = util.preloaded.orm_decl_api.registry
    
        orig = set(registries)
    
        for reg in registry._recurse_with_dependencies(registries):
            has_skip = False
    
            for mapper in reg._mappers_to_configure():
                run_configure = None
    
                for fn in mapper.dispatch.before_mapper_configured:
                    run_configure = fn(mapper, mapper.class_)
                    if run_configure is EXT_SKIP:
                        has_skip = True
                        break
                if run_configure is EXT_SKIP:
                    continue
    
                if getattr(mapper, "_configure_failed", False):
                    e = sa_exc.InvalidRequestError(
                        "One or more mappers failed to initialize - "
                        "can't proceed with initialization of other "
                        "mappers. Triggering mapper: '%s'. "
                        "Original exception was: %s"
                        % (mapper, mapper._configure_failed)
                    )
                    e._configure_failed = mapper._configure_failed  # type: ignore
>                   raise e
E                   sqlalchemy.exc.InvalidRequestError: One or more mappers failed to initialize - can't proceed with initialization of other mappers. Triggering mapper: 'Mapper[Sprint(sprints)]'. Original exception was: Mapper 'Mapper[Project(projects)]' has no property 'sprints'.  If this property was indicated from other mappers or configure events, ensure registry.configure() has been called.

..\..\anaconda3\envs\scrumix\lib\site-packages\sqlalchemy\orm\mapper.py:4236: InvalidRequestError
____ ERROR at setup of TestUserEndpoints.test_update_user_as_regular_user _____

fixturedef = <FixtureDef argname='test_user' scope='function' baseid='backend/tests'>
request = <SubRequest 'test_user' for <Function test_update_user_as_regular_user>>

    @pytest.hookimpl(wrapper=True)
    def pytest_fixture_setup(fixturedef: FixtureDef, request) -> object | None:
        asyncio_mode = _get_asyncio_mode(request.config)
        if not _is_asyncio_fixture_function(fixturedef.func):
            if asyncio_mode == Mode.STRICT:
                # Ignore async fixtures without explicit asyncio mark in strict mode
                # This applies to pytest_trio fixtures, for example
>               return (yield)

..\..\anaconda3\envs\scrumix\lib\site-packages\pytest_asyncio\plugin.py:681: 
_ _ _ _ _ _ _ _ _ _ _ _ _ _ _ _ _ _ _ _ _ _ _ _ _ _ _ _ _ _ _ _ _ _ _ _ _ _ _ _
backend\tests\conftest.py:104: in test_user
    user = User(
..\..\anaconda3\envs\scrumix\lib\site-packages\sqlalchemy\orm\state.py:561: in _initialize_instance
    manager.dispatch.init(self, args, kwargs)
..\..\anaconda3\envs\scrumix\lib\site-packages\sqlalchemy\event\attr.py:487: in __call__
    fn(*args, **kw)
..\..\anaconda3\envs\scrumix\lib\site-packages\sqlalchemy\orm\mapper.py:4391: in _event_on_init
    instrumenting_mapper._check_configure()
..\..\anaconda3\envs\scrumix\lib\site-packages\sqlalchemy\orm\mapper.py:2386: in _check_configure
    _configure_registries({self.registry}, cascade=True)
..\..\anaconda3\envs\scrumix\lib\site-packages\sqlalchemy\orm\mapper.py:4199: in _configure_registries
    _do_configure_registries(registries, cascade)
_ _ _ _ _ _ _ _ _ _ _ _ _ _ _ _ _ _ _ _ _ _ _ _ _ _ _ _ _ _ _ _ _ _ _ _ _ _ _ _

registries = set(), cascade = True

    @util.preload_module("sqlalchemy.orm.decl_api")
    def _do_configure_registries(
        registries: Set[_RegistryType], cascade: bool
    ) -> None:
        registry = util.preloaded.orm_decl_api.registry
    
        orig = set(registries)
    
        for reg in registry._recurse_with_dependencies(registries):
            has_skip = False
    
            for mapper in reg._mappers_to_configure():
                run_configure = None
    
                for fn in mapper.dispatch.before_mapper_configured:
                    run_configure = fn(mapper, mapper.class_)
                    if run_configure is EXT_SKIP:
                        has_skip = True
                        break
                if run_configure is EXT_SKIP:
                    continue
    
                if getattr(mapper, "_configure_failed", False):
                    e = sa_exc.InvalidRequestError(
                        "One or more mappers failed to initialize - "
                        "can't proceed with initialization of other "
                        "mappers. Triggering mapper: '%s'. "
                        "Original exception was: %s"
                        % (mapper, mapper._configure_failed)
                    )
                    e._configure_failed = mapper._configure_failed  # type: ignore
>                   raise e
E                   sqlalchemy.exc.InvalidRequestError: One or more mappers failed to initialize - can't proceed with initialization of other mappers. Triggering mapper: 'Mapper[Sprint(sprints)]'. Original exception was: Mapper 'Mapper[Project(projects)]' has no property 'sprints'.  If this property was indicated from other mappers or configure events, ensure registry.configure() has been called.

..\..\anaconda3\envs\scrumix\lib\site-packages\sqlalchemy\orm\mapper.py:4236: InvalidRequestError
______ ERROR at setup of TestUserEndpoints.test_delete_user_as_superuser ______

fixturedef = <FixtureDef argname='test_superuser' scope='function' baseid='backend/tests'>
request = <SubRequest 'test_superuser' for <Function test_delete_user_as_superuser>>

    @pytest.hookimpl(wrapper=True)
    def pytest_fixture_setup(fixturedef: FixtureDef, request) -> object | None:
        asyncio_mode = _get_asyncio_mode(request.config)
        if not _is_asyncio_fixture_function(fixturedef.func):
            if asyncio_mode == Mode.STRICT:
                # Ignore async fixtures without explicit asyncio mark in strict mode
                # This applies to pytest_trio fixtures, for example
>               return (yield)

..\..\anaconda3\envs\scrumix\lib\site-packages\pytest_asyncio\plugin.py:681: 
_ _ _ _ _ _ _ _ _ _ _ _ _ _ _ _ _ _ _ _ _ _ _ _ _ _ _ _ _ _ _ _ _ _ _ _ _ _ _ _
backend\tests\conftest.py:138: in test_superuser
    user = User(
..\..\anaconda3\envs\scrumix\lib\site-packages\sqlalchemy\orm\state.py:561: in _initialize_instance
    manager.dispatch.init(self, args, kwargs)
..\..\anaconda3\envs\scrumix\lib\site-packages\sqlalchemy\event\attr.py:487: in __call__
    fn(*args, **kw)
..\..\anaconda3\envs\scrumix\lib\site-packages\sqlalchemy\orm\mapper.py:4391: in _event_on_init
    instrumenting_mapper._check_configure()
..\..\anaconda3\envs\scrumix\lib\site-packages\sqlalchemy\orm\mapper.py:2386: in _check_configure
    _configure_registries({self.registry}, cascade=True)
..\..\anaconda3\envs\scrumix\lib\site-packages\sqlalchemy\orm\mapper.py:4199: in _configure_registries
    _do_configure_registries(registries, cascade)
_ _ _ _ _ _ _ _ _ _ _ _ _ _ _ _ _ _ _ _ _ _ _ _ _ _ _ _ _ _ _ _ _ _ _ _ _ _ _ _

registries = set(), cascade = True

    @util.preload_module("sqlalchemy.orm.decl_api")
    def _do_configure_registries(
        registries: Set[_RegistryType], cascade: bool
    ) -> None:
        registry = util.preloaded.orm_decl_api.registry
    
        orig = set(registries)
    
        for reg in registry._recurse_with_dependencies(registries):
            has_skip = False
    
            for mapper in reg._mappers_to_configure():
                run_configure = None
    
                for fn in mapper.dispatch.before_mapper_configured:
                    run_configure = fn(mapper, mapper.class_)
                    if run_configure is EXT_SKIP:
                        has_skip = True
                        break
                if run_configure is EXT_SKIP:
                    continue
    
                if getattr(mapper, "_configure_failed", False):
                    e = sa_exc.InvalidRequestError(
                        "One or more mappers failed to initialize - "
                        "can't proceed with initialization of other "
                        "mappers. Triggering mapper: '%s'. "
                        "Original exception was: %s"
                        % (mapper, mapper._configure_failed)
                    )
                    e._configure_failed = mapper._configure_failed  # type: ignore
>                   raise e
E                   sqlalchemy.exc.InvalidRequestError: One or more mappers failed to initialize - can't proceed with initialization of other mappers. Triggering mapper: 'Mapper[Sprint(sprints)]'. Original exception was: Mapper 'Mapper[Project(projects)]' has no property 'sprints'.  If this property was indicated from other mappers or configure events, ensure registry.configure() has been called.

..\..\anaconda3\envs\scrumix\lib\site-packages\sqlalchemy\orm\mapper.py:4236: InvalidRequestError
____ ERROR at setup of TestUserEndpoints.test_delete_user_as_regular_user _____

fixturedef = <FixtureDef argname='test_user' scope='function' baseid='backend/tests'>
request = <SubRequest 'test_user' for <Function test_delete_user_as_regular_user>>

    @pytest.hookimpl(wrapper=True)
    def pytest_fixture_setup(fixturedef: FixtureDef, request) -> object | None:
        asyncio_mode = _get_asyncio_mode(request.config)
        if not _is_asyncio_fixture_function(fixturedef.func):
            if asyncio_mode == Mode.STRICT:
                # Ignore async fixtures without explicit asyncio mark in strict mode
                # This applies to pytest_trio fixtures, for example
>               return (yield)

..\..\anaconda3\envs\scrumix\lib\site-packages\pytest_asyncio\plugin.py:681: 
_ _ _ _ _ _ _ _ _ _ _ _ _ _ _ _ _ _ _ _ _ _ _ _ _ _ _ _ _ _ _ _ _ _ _ _ _ _ _ _
backend\tests\conftest.py:104: in test_user
    user = User(
..\..\anaconda3\envs\scrumix\lib\site-packages\sqlalchemy\orm\state.py:561: in _initialize_instance
    manager.dispatch.init(self, args, kwargs)
..\..\anaconda3\envs\scrumix\lib\site-packages\sqlalchemy\event\attr.py:487: in __call__
    fn(*args, **kw)
..\..\anaconda3\envs\scrumix\lib\site-packages\sqlalchemy\orm\mapper.py:4391: in _event_on_init
    instrumenting_mapper._check_configure()
..\..\anaconda3\envs\scrumix\lib\site-packages\sqlalchemy\orm\mapper.py:2386: in _check_configure
    _configure_registries({self.registry}, cascade=True)
..\..\anaconda3\envs\scrumix\lib\site-packages\sqlalchemy\orm\mapper.py:4199: in _configure_registries
    _do_configure_registries(registries, cascade)
_ _ _ _ _ _ _ _ _ _ _ _ _ _ _ _ _ _ _ _ _ _ _ _ _ _ _ _ _ _ _ _ _ _ _ _ _ _ _ _

registries = set(), cascade = True

    @util.preload_module("sqlalchemy.orm.decl_api")
    def _do_configure_registries(
        registries: Set[_RegistryType], cascade: bool
    ) -> None:
        registry = util.preloaded.orm_decl_api.registry
    
        orig = set(registries)
    
        for reg in registry._recurse_with_dependencies(registries):
            has_skip = False
    
            for mapper in reg._mappers_to_configure():
                run_configure = None
    
                for fn in mapper.dispatch.before_mapper_configured:
                    run_configure = fn(mapper, mapper.class_)
                    if run_configure is EXT_SKIP:
                        has_skip = True
                        break
                if run_configure is EXT_SKIP:
                    continue
    
                if getattr(mapper, "_configure_failed", False):
                    e = sa_exc.InvalidRequestError(
                        "One or more mappers failed to initialize - "
                        "can't proceed with initialization of other "
                        "mappers. Triggering mapper: '%s'. "
                        "Original exception was: %s"
                        % (mapper, mapper._configure_failed)
                    )
                    e._configure_failed = mapper._configure_failed  # type: ignore
>                   raise e
E                   sqlalchemy.exc.InvalidRequestError: One or more mappers failed to initialize - can't proceed with initialization of other mappers. Triggering mapper: 'Mapper[Sprint(sprints)]'. Original exception was: Mapper 'Mapper[Project(projects)]' has no property 'sprints'.  If this property was indicated from other mappers or configure events, ensure registry.configure() has been called.

..\..\anaconda3\envs\scrumix\lib\site-packages\sqlalchemy\orm\mapper.py:4236: InvalidRequestError
______ ERROR at setup of TestUserEndpoints.test_delete_nonexistent_user _______

fixturedef = <FixtureDef argname='test_superuser' scope='function' baseid='backend/tests'>
request = <SubRequest 'test_superuser' for <Function test_delete_nonexistent_user>>

    @pytest.hookimpl(wrapper=True)
    def pytest_fixture_setup(fixturedef: FixtureDef, request) -> object | None:
        asyncio_mode = _get_asyncio_mode(request.config)
        if not _is_asyncio_fixture_function(fixturedef.func):
            if asyncio_mode == Mode.STRICT:
                # Ignore async fixtures without explicit asyncio mark in strict mode
                # This applies to pytest_trio fixtures, for example
>               return (yield)

..\..\anaconda3\envs\scrumix\lib\site-packages\pytest_asyncio\plugin.py:681: 
_ _ _ _ _ _ _ _ _ _ _ _ _ _ _ _ _ _ _ _ _ _ _ _ _ _ _ _ _ _ _ _ _ _ _ _ _ _ _ _
backend\tests\conftest.py:138: in test_superuser
    user = User(
..\..\anaconda3\envs\scrumix\lib\site-packages\sqlalchemy\orm\state.py:561: in _initialize_instance
    manager.dispatch.init(self, args, kwargs)
..\..\anaconda3\envs\scrumix\lib\site-packages\sqlalchemy\event\attr.py:487: in __call__
    fn(*args, **kw)
..\..\anaconda3\envs\scrumix\lib\site-packages\sqlalchemy\orm\mapper.py:4391: in _event_on_init
    instrumenting_mapper._check_configure()
..\..\anaconda3\envs\scrumix\lib\site-packages\sqlalchemy\orm\mapper.py:2386: in _check_configure
    _configure_registries({self.registry}, cascade=True)
..\..\anaconda3\envs\scrumix\lib\site-packages\sqlalchemy\orm\mapper.py:4199: in _configure_registries
    _do_configure_registries(registries, cascade)
_ _ _ _ _ _ _ _ _ _ _ _ _ _ _ _ _ _ _ _ _ _ _ _ _ _ _ _ _ _ _ _ _ _ _ _ _ _ _ _

registries = set(), cascade = True

    @util.preload_module("sqlalchemy.orm.decl_api")
    def _do_configure_registries(
        registries: Set[_RegistryType], cascade: bool
    ) -> None:
        registry = util.preloaded.orm_decl_api.registry
    
        orig = set(registries)
    
        for reg in registry._recurse_with_dependencies(registries):
            has_skip = False
    
            for mapper in reg._mappers_to_configure():
                run_configure = None
    
                for fn in mapper.dispatch.before_mapper_configured:
                    run_configure = fn(mapper, mapper.class_)
                    if run_configure is EXT_SKIP:
                        has_skip = True
                        break
                if run_configure is EXT_SKIP:
                    continue
    
                if getattr(mapper, "_configure_failed", False):
                    e = sa_exc.InvalidRequestError(
                        "One or more mappers failed to initialize - "
                        "can't proceed with initialization of other "
                        "mappers. Triggering mapper: '%s'. "
                        "Original exception was: %s"
                        % (mapper, mapper._configure_failed)
                    )
                    e._configure_failed = mapper._configure_failed  # type: ignore
>                   raise e
E                   sqlalchemy.exc.InvalidRequestError: One or more mappers failed to initialize - can't proceed with initialization of other mappers. Triggering mapper: 'Mapper[Sprint(sprints)]'. Original exception was: Mapper 'Mapper[Project(projects)]' has no property 'sprints'.  If this property was indicated from other mappers or configure events, ensure registry.configure() has been called.

..\..\anaconda3\envs\scrumix\lib\site-packages\sqlalchemy\orm\mapper.py:4236: InvalidRequestError
_______ ERROR at setup of TestUserCRUD.test_create_user_duplicate_email _______

fixturedef = <FixtureDef argname='test_user' scope='function' baseid='backend/tests'>
request = <SubRequest 'test_user' for <Function test_create_user_duplicate_email>>

    @pytest.hookimpl(wrapper=True)
    def pytest_fixture_setup(fixturedef: FixtureDef, request) -> object | None:
        asyncio_mode = _get_asyncio_mode(request.config)
        if not _is_asyncio_fixture_function(fixturedef.func):
            if asyncio_mode == Mode.STRICT:
                # Ignore async fixtures without explicit asyncio mark in strict mode
                # This applies to pytest_trio fixtures, for example
>               return (yield)

..\..\anaconda3\envs\scrumix\lib\site-packages\pytest_asyncio\plugin.py:681: 
_ _ _ _ _ _ _ _ _ _ _ _ _ _ _ _ _ _ _ _ _ _ _ _ _ _ _ _ _ _ _ _ _ _ _ _ _ _ _ _
backend\tests\conftest.py:104: in test_user
    user = User(
..\..\anaconda3\envs\scrumix\lib\site-packages\sqlalchemy\orm\state.py:561: in _initialize_instance
    manager.dispatch.init(self, args, kwargs)
..\..\anaconda3\envs\scrumix\lib\site-packages\sqlalchemy\event\attr.py:487: in __call__
    fn(*args, **kw)
..\..\anaconda3\envs\scrumix\lib\site-packages\sqlalchemy\orm\mapper.py:4391: in _event_on_init
    instrumenting_mapper._check_configure()
..\..\anaconda3\envs\scrumix\lib\site-packages\sqlalchemy\orm\mapper.py:2386: in _check_configure
    _configure_registries({self.registry}, cascade=True)
..\..\anaconda3\envs\scrumix\lib\site-packages\sqlalchemy\orm\mapper.py:4199: in _configure_registries
    _do_configure_registries(registries, cascade)
_ _ _ _ _ _ _ _ _ _ _ _ _ _ _ _ _ _ _ _ _ _ _ _ _ _ _ _ _ _ _ _ _ _ _ _ _ _ _ _

registries = set(), cascade = True

    @util.preload_module("sqlalchemy.orm.decl_api")
    def _do_configure_registries(
        registries: Set[_RegistryType], cascade: bool
    ) -> None:
        registry = util.preloaded.orm_decl_api.registry
    
        orig = set(registries)
    
        for reg in registry._recurse_with_dependencies(registries):
            has_skip = False
    
            for mapper in reg._mappers_to_configure():
                run_configure = None
    
                for fn in mapper.dispatch.before_mapper_configured:
                    run_configure = fn(mapper, mapper.class_)
                    if run_configure is EXT_SKIP:
                        has_skip = True
                        break
                if run_configure is EXT_SKIP:
                    continue
    
                if getattr(mapper, "_configure_failed", False):
                    e = sa_exc.InvalidRequestError(
                        "One or more mappers failed to initialize - "
                        "can't proceed with initialization of other "
                        "mappers. Triggering mapper: '%s'. "
                        "Original exception was: %s"
                        % (mapper, mapper._configure_failed)
                    )
                    e._configure_failed = mapper._configure_failed  # type: ignore
>                   raise e
E                   sqlalchemy.exc.InvalidRequestError: One or more mappers failed to initialize - can't proceed with initialization of other mappers. Triggering mapper: 'Mapper[Sprint(sprints)]'. Original exception was: Mapper 'Mapper[Project(projects)]' has no property 'sprints'.  If this property was indicated from other mappers or configure events, ensure registry.configure() has been called.

..\..\anaconda3\envs\scrumix\lib\site-packages\sqlalchemy\orm\mapper.py:4236: InvalidRequestError
_____ ERROR at setup of TestUserCRUD.test_create_user_duplicate_username ______

fixturedef = <FixtureDef argname='test_user' scope='function' baseid='backend/tests'>
request = <SubRequest 'test_user' for <Function test_create_user_duplicate_username>>

    @pytest.hookimpl(wrapper=True)
    def pytest_fixture_setup(fixturedef: FixtureDef, request) -> object | None:
        asyncio_mode = _get_asyncio_mode(request.config)
        if not _is_asyncio_fixture_function(fixturedef.func):
            if asyncio_mode == Mode.STRICT:
                # Ignore async fixtures without explicit asyncio mark in strict mode
                # This applies to pytest_trio fixtures, for example
>               return (yield)

..\..\anaconda3\envs\scrumix\lib\site-packages\pytest_asyncio\plugin.py:681: 
_ _ _ _ _ _ _ _ _ _ _ _ _ _ _ _ _ _ _ _ _ _ _ _ _ _ _ _ _ _ _ _ _ _ _ _ _ _ _ _
backend\tests\conftest.py:104: in test_user
    user = User(
..\..\anaconda3\envs\scrumix\lib\site-packages\sqlalchemy\orm\state.py:561: in _initialize_instance
    manager.dispatch.init(self, args, kwargs)
..\..\anaconda3\envs\scrumix\lib\site-packages\sqlalchemy\event\attr.py:487: in __call__
    fn(*args, **kw)
..\..\anaconda3\envs\scrumix\lib\site-packages\sqlalchemy\orm\mapper.py:4391: in _event_on_init
    instrumenting_mapper._check_configure()
..\..\anaconda3\envs\scrumix\lib\site-packages\sqlalchemy\orm\mapper.py:2386: in _check_configure
    _configure_registries({self.registry}, cascade=True)
..\..\anaconda3\envs\scrumix\lib\site-packages\sqlalchemy\orm\mapper.py:4199: in _configure_registries
    _do_configure_registries(registries, cascade)
_ _ _ _ _ _ _ _ _ _ _ _ _ _ _ _ _ _ _ _ _ _ _ _ _ _ _ _ _ _ _ _ _ _ _ _ _ _ _ _

registries = set(), cascade = True

    @util.preload_module("sqlalchemy.orm.decl_api")
    def _do_configure_registries(
        registries: Set[_RegistryType], cascade: bool
    ) -> None:
        registry = util.preloaded.orm_decl_api.registry
    
        orig = set(registries)
    
        for reg in registry._recurse_with_dependencies(registries):
            has_skip = False
    
            for mapper in reg._mappers_to_configure():
                run_configure = None
    
                for fn in mapper.dispatch.before_mapper_configured:
                    run_configure = fn(mapper, mapper.class_)
                    if run_configure is EXT_SKIP:
                        has_skip = True
                        break
                if run_configure is EXT_SKIP:
                    continue
    
                if getattr(mapper, "_configure_failed", False):
                    e = sa_exc.InvalidRequestError(
                        "One or more mappers failed to initialize - "
                        "can't proceed with initialization of other "
                        "mappers. Triggering mapper: '%s'. "
                        "Original exception was: %s"
                        % (mapper, mapper._configure_failed)
                    )
                    e._configure_failed = mapper._configure_failed  # type: ignore
>                   raise e
E                   sqlalchemy.exc.InvalidRequestError: One or more mappers failed to initialize - can't proceed with initialization of other mappers. Triggering mapper: 'Mapper[Sprint(sprints)]'. Original exception was: Mapper 'Mapper[Project(projects)]' has no property 'sprints'.  If this property was indicated from other mappers or configure events, ensure registry.configure() has been called.

..\..\anaconda3\envs\scrumix\lib\site-packages\sqlalchemy\orm\mapper.py:4236: InvalidRequestError
_____________ ERROR at setup of TestUserCRUD.test_get_user_by_id ______________

fixturedef = <FixtureDef argname='test_user' scope='function' baseid='backend/tests'>
request = <SubRequest 'test_user' for <Function test_get_user_by_id>>

    @pytest.hookimpl(wrapper=True)
    def pytest_fixture_setup(fixturedef: FixtureDef, request) -> object | None:
        asyncio_mode = _get_asyncio_mode(request.config)
        if not _is_asyncio_fixture_function(fixturedef.func):
            if asyncio_mode == Mode.STRICT:
                # Ignore async fixtures without explicit asyncio mark in strict mode
                # This applies to pytest_trio fixtures, for example
>               return (yield)

..\..\anaconda3\envs\scrumix\lib\site-packages\pytest_asyncio\plugin.py:681: 
_ _ _ _ _ _ _ _ _ _ _ _ _ _ _ _ _ _ _ _ _ _ _ _ _ _ _ _ _ _ _ _ _ _ _ _ _ _ _ _
backend\tests\conftest.py:104: in test_user
    user = User(
..\..\anaconda3\envs\scrumix\lib\site-packages\sqlalchemy\orm\state.py:561: in _initialize_instance
    manager.dispatch.init(self, args, kwargs)
..\..\anaconda3\envs\scrumix\lib\site-packages\sqlalchemy\event\attr.py:487: in __call__
    fn(*args, **kw)
..\..\anaconda3\envs\scrumix\lib\site-packages\sqlalchemy\orm\mapper.py:4391: in _event_on_init
    instrumenting_mapper._check_configure()
..\..\anaconda3\envs\scrumix\lib\site-packages\sqlalchemy\orm\mapper.py:2386: in _check_configure
    _configure_registries({self.registry}, cascade=True)
..\..\anaconda3\envs\scrumix\lib\site-packages\sqlalchemy\orm\mapper.py:4199: in _configure_registries
    _do_configure_registries(registries, cascade)
_ _ _ _ _ _ _ _ _ _ _ _ _ _ _ _ _ _ _ _ _ _ _ _ _ _ _ _ _ _ _ _ _ _ _ _ _ _ _ _

registries = set(), cascade = True

    @util.preload_module("sqlalchemy.orm.decl_api")
    def _do_configure_registries(
        registries: Set[_RegistryType], cascade: bool
    ) -> None:
        registry = util.preloaded.orm_decl_api.registry
    
        orig = set(registries)
    
        for reg in registry._recurse_with_dependencies(registries):
            has_skip = False
    
            for mapper in reg._mappers_to_configure():
                run_configure = None
    
                for fn in mapper.dispatch.before_mapper_configured:
                    run_configure = fn(mapper, mapper.class_)
                    if run_configure is EXT_SKIP:
                        has_skip = True
                        break
                if run_configure is EXT_SKIP:
                    continue
    
                if getattr(mapper, "_configure_failed", False):
                    e = sa_exc.InvalidRequestError(
                        "One or more mappers failed to initialize - "
                        "can't proceed with initialization of other "
                        "mappers. Triggering mapper: '%s'. "
                        "Original exception was: %s"
                        % (mapper, mapper._configure_failed)
                    )
                    e._configure_failed = mapper._configure_failed  # type: ignore
>                   raise e
E                   sqlalchemy.exc.InvalidRequestError: One or more mappers failed to initialize - can't proceed with initialization of other mappers. Triggering mapper: 'Mapper[Sprint(sprints)]'. Original exception was: Mapper 'Mapper[Project(projects)]' has no property 'sprints'.  If this property was indicated from other mappers or configure events, ensure registry.configure() has been called.

..\..\anaconda3\envs\scrumix\lib\site-packages\sqlalchemy\orm\mapper.py:4236: InvalidRequestError
____________ ERROR at setup of TestUserCRUD.test_get_user_by_email ____________

fixturedef = <FixtureDef argname='test_user' scope='function' baseid='backend/tests'>
request = <SubRequest 'test_user' for <Function test_get_user_by_email>>

    @pytest.hookimpl(wrapper=True)
    def pytest_fixture_setup(fixturedef: FixtureDef, request) -> object | None:
        asyncio_mode = _get_asyncio_mode(request.config)
        if not _is_asyncio_fixture_function(fixturedef.func):
            if asyncio_mode == Mode.STRICT:
                # Ignore async fixtures without explicit asyncio mark in strict mode
                # This applies to pytest_trio fixtures, for example
>               return (yield)

..\..\anaconda3\envs\scrumix\lib\site-packages\pytest_asyncio\plugin.py:681: 
_ _ _ _ _ _ _ _ _ _ _ _ _ _ _ _ _ _ _ _ _ _ _ _ _ _ _ _ _ _ _ _ _ _ _ _ _ _ _ _
backend\tests\conftest.py:104: in test_user
    user = User(
..\..\anaconda3\envs\scrumix\lib\site-packages\sqlalchemy\orm\state.py:561: in _initialize_instance
    manager.dispatch.init(self, args, kwargs)
..\..\anaconda3\envs\scrumix\lib\site-packages\sqlalchemy\event\attr.py:487: in __call__
    fn(*args, **kw)
..\..\anaconda3\envs\scrumix\lib\site-packages\sqlalchemy\orm\mapper.py:4391: in _event_on_init
    instrumenting_mapper._check_configure()
..\..\anaconda3\envs\scrumix\lib\site-packages\sqlalchemy\orm\mapper.py:2386: in _check_configure
    _configure_registries({self.registry}, cascade=True)
..\..\anaconda3\envs\scrumix\lib\site-packages\sqlalchemy\orm\mapper.py:4199: in _configure_registries
    _do_configure_registries(registries, cascade)
_ _ _ _ _ _ _ _ _ _ _ _ _ _ _ _ _ _ _ _ _ _ _ _ _ _ _ _ _ _ _ _ _ _ _ _ _ _ _ _

registries = set(), cascade = True

    @util.preload_module("sqlalchemy.orm.decl_api")
    def _do_configure_registries(
        registries: Set[_RegistryType], cascade: bool
    ) -> None:
        registry = util.preloaded.orm_decl_api.registry
    
        orig = set(registries)
    
        for reg in registry._recurse_with_dependencies(registries):
            has_skip = False
    
            for mapper in reg._mappers_to_configure():
                run_configure = None
    
                for fn in mapper.dispatch.before_mapper_configured:
                    run_configure = fn(mapper, mapper.class_)
                    if run_configure is EXT_SKIP:
                        has_skip = True
                        break
                if run_configure is EXT_SKIP:
                    continue
    
                if getattr(mapper, "_configure_failed", False):
                    e = sa_exc.InvalidRequestError(
                        "One or more mappers failed to initialize - "
                        "can't proceed with initialization of other "
                        "mappers. Triggering mapper: '%s'. "
                        "Original exception was: %s"
                        % (mapper, mapper._configure_failed)
                    )
                    e._configure_failed = mapper._configure_failed  # type: ignore
>                   raise e
E                   sqlalchemy.exc.InvalidRequestError: One or more mappers failed to initialize - can't proceed with initialization of other mappers. Triggering mapper: 'Mapper[Sprint(sprints)]'. Original exception was: Mapper 'Mapper[Project(projects)]' has no property 'sprints'.  If this property was indicated from other mappers or configure events, ensure registry.configure() has been called.

..\..\anaconda3\envs\scrumix\lib\site-packages\sqlalchemy\orm\mapper.py:4236: InvalidRequestError
__________ ERROR at setup of TestUserCRUD.test_get_user_by_username ___________

fixturedef = <FixtureDef argname='test_user' scope='function' baseid='backend/tests'>
request = <SubRequest 'test_user' for <Function test_get_user_by_username>>

    @pytest.hookimpl(wrapper=True)
    def pytest_fixture_setup(fixturedef: FixtureDef, request) -> object | None:
        asyncio_mode = _get_asyncio_mode(request.config)
        if not _is_asyncio_fixture_function(fixturedef.func):
            if asyncio_mode == Mode.STRICT:
                # Ignore async fixtures without explicit asyncio mark in strict mode
                # This applies to pytest_trio fixtures, for example
>               return (yield)

..\..\anaconda3\envs\scrumix\lib\site-packages\pytest_asyncio\plugin.py:681: 
_ _ _ _ _ _ _ _ _ _ _ _ _ _ _ _ _ _ _ _ _ _ _ _ _ _ _ _ _ _ _ _ _ _ _ _ _ _ _ _
backend\tests\conftest.py:104: in test_user
    user = User(
..\..\anaconda3\envs\scrumix\lib\site-packages\sqlalchemy\orm\state.py:561: in _initialize_instance
    manager.dispatch.init(self, args, kwargs)
..\..\anaconda3\envs\scrumix\lib\site-packages\sqlalchemy\event\attr.py:487: in __call__
    fn(*args, **kw)
..\..\anaconda3\envs\scrumix\lib\site-packages\sqlalchemy\orm\mapper.py:4391: in _event_on_init
    instrumenting_mapper._check_configure()
..\..\anaconda3\envs\scrumix\lib\site-packages\sqlalchemy\orm\mapper.py:2386: in _check_configure
    _configure_registries({self.registry}, cascade=True)
..\..\anaconda3\envs\scrumix\lib\site-packages\sqlalchemy\orm\mapper.py:4199: in _configure_registries
    _do_configure_registries(registries, cascade)
_ _ _ _ _ _ _ _ _ _ _ _ _ _ _ _ _ _ _ _ _ _ _ _ _ _ _ _ _ _ _ _ _ _ _ _ _ _ _ _

registries = set(), cascade = True

    @util.preload_module("sqlalchemy.orm.decl_api")
    def _do_configure_registries(
        registries: Set[_RegistryType], cascade: bool
    ) -> None:
        registry = util.preloaded.orm_decl_api.registry
    
        orig = set(registries)
    
        for reg in registry._recurse_with_dependencies(registries):
            has_skip = False
    
            for mapper in reg._mappers_to_configure():
                run_configure = None
    
                for fn in mapper.dispatch.before_mapper_configured:
                    run_configure = fn(mapper, mapper.class_)
                    if run_configure is EXT_SKIP:
                        has_skip = True
                        break
                if run_configure is EXT_SKIP:
                    continue
    
                if getattr(mapper, "_configure_failed", False):
                    e = sa_exc.InvalidRequestError(
                        "One or more mappers failed to initialize - "
                        "can't proceed with initialization of other "
                        "mappers. Triggering mapper: '%s'. "
                        "Original exception was: %s"
                        % (mapper, mapper._configure_failed)
                    )
                    e._configure_failed = mapper._configure_failed  # type: ignore
>                   raise e
E                   sqlalchemy.exc.InvalidRequestError: One or more mappers failed to initialize - can't proceed with initialization of other mappers. Triggering mapper: 'Mapper[Sprint(sprints)]'. Original exception was: Mapper 'Mapper[Project(projects)]' has no property 'sprints'.  If this property was indicated from other mappers or configure events, ensure registry.configure() has been called.

..\..\anaconda3\envs\scrumix\lib\site-packages\sqlalchemy\orm\mapper.py:4236: InvalidRequestError
________ ERROR at setup of TestUserCRUD.test_authenticate_user_success ________

fixturedef = <FixtureDef argname='test_user' scope='function' baseid='backend/tests'>
request = <SubRequest 'test_user' for <Function test_authenticate_user_success>>

    @pytest.hookimpl(wrapper=True)
    def pytest_fixture_setup(fixturedef: FixtureDef, request) -> object | None:
        asyncio_mode = _get_asyncio_mode(request.config)
        if not _is_asyncio_fixture_function(fixturedef.func):
            if asyncio_mode == Mode.STRICT:
                # Ignore async fixtures without explicit asyncio mark in strict mode
                # This applies to pytest_trio fixtures, for example
>               return (yield)

..\..\anaconda3\envs\scrumix\lib\site-packages\pytest_asyncio\plugin.py:681: 
_ _ _ _ _ _ _ _ _ _ _ _ _ _ _ _ _ _ _ _ _ _ _ _ _ _ _ _ _ _ _ _ _ _ _ _ _ _ _ _
backend\tests\conftest.py:104: in test_user
    user = User(
..\..\anaconda3\envs\scrumix\lib\site-packages\sqlalchemy\orm\state.py:561: in _initialize_instance
    manager.dispatch.init(self, args, kwargs)
..\..\anaconda3\envs\scrumix\lib\site-packages\sqlalchemy\event\attr.py:487: in __call__
    fn(*args, **kw)
..\..\anaconda3\envs\scrumix\lib\site-packages\sqlalchemy\orm\mapper.py:4391: in _event_on_init
    instrumenting_mapper._check_configure()
..\..\anaconda3\envs\scrumix\lib\site-packages\sqlalchemy\orm\mapper.py:2386: in _check_configure
    _configure_registries({self.registry}, cascade=True)
..\..\anaconda3\envs\scrumix\lib\site-packages\sqlalchemy\orm\mapper.py:4199: in _configure_registries
    _do_configure_registries(registries, cascade)
_ _ _ _ _ _ _ _ _ _ _ _ _ _ _ _ _ _ _ _ _ _ _ _ _ _ _ _ _ _ _ _ _ _ _ _ _ _ _ _

registries = set(), cascade = True

    @util.preload_module("sqlalchemy.orm.decl_api")
    def _do_configure_registries(
        registries: Set[_RegistryType], cascade: bool
    ) -> None:
        registry = util.preloaded.orm_decl_api.registry
    
        orig = set(registries)
    
        for reg in registry._recurse_with_dependencies(registries):
            has_skip = False
    
            for mapper in reg._mappers_to_configure():
                run_configure = None
    
                for fn in mapper.dispatch.before_mapper_configured:
                    run_configure = fn(mapper, mapper.class_)
                    if run_configure is EXT_SKIP:
                        has_skip = True
                        break
                if run_configure is EXT_SKIP:
                    continue
    
                if getattr(mapper, "_configure_failed", False):
                    e = sa_exc.InvalidRequestError(
                        "One or more mappers failed to initialize - "
                        "can't proceed with initialization of other "
                        "mappers. Triggering mapper: '%s'. "
                        "Original exception was: %s"
                        % (mapper, mapper._configure_failed)
                    )
                    e._configure_failed = mapper._configure_failed  # type: ignore
>                   raise e
E                   sqlalchemy.exc.InvalidRequestError: One or more mappers failed to initialize - can't proceed with initialization of other mappers. Triggering mapper: 'Mapper[Sprint(sprints)]'. Original exception was: Mapper 'Mapper[Project(projects)]' has no property 'sprints'.  If this property was indicated from other mappers or configure events, ensure registry.configure() has been called.

..\..\anaconda3\envs\scrumix\lib\site-packages\sqlalchemy\orm\mapper.py:4236: InvalidRequestError
____ ERROR at setup of TestUserCRUD.test_authenticate_user_wrong_password _____

fixturedef = <FixtureDef argname='test_user' scope='function' baseid='backend/tests'>
request = <SubRequest 'test_user' for <Function test_authenticate_user_wrong_password>>

    @pytest.hookimpl(wrapper=True)
    def pytest_fixture_setup(fixturedef: FixtureDef, request) -> object | None:
        asyncio_mode = _get_asyncio_mode(request.config)
        if not _is_asyncio_fixture_function(fixturedef.func):
            if asyncio_mode == Mode.STRICT:
                # Ignore async fixtures without explicit asyncio mark in strict mode
                # This applies to pytest_trio fixtures, for example
>               return (yield)

..\..\anaconda3\envs\scrumix\lib\site-packages\pytest_asyncio\plugin.py:681: 
_ _ _ _ _ _ _ _ _ _ _ _ _ _ _ _ _ _ _ _ _ _ _ _ _ _ _ _ _ _ _ _ _ _ _ _ _ _ _ _
backend\tests\conftest.py:104: in test_user
    user = User(
..\..\anaconda3\envs\scrumix\lib\site-packages\sqlalchemy\orm\state.py:561: in _initialize_instance
    manager.dispatch.init(self, args, kwargs)
..\..\anaconda3\envs\scrumix\lib\site-packages\sqlalchemy\event\attr.py:487: in __call__
    fn(*args, **kw)
..\..\anaconda3\envs\scrumix\lib\site-packages\sqlalchemy\orm\mapper.py:4391: in _event_on_init
    instrumenting_mapper._check_configure()
..\..\anaconda3\envs\scrumix\lib\site-packages\sqlalchemy\orm\mapper.py:2386: in _check_configure
    _configure_registries({self.registry}, cascade=True)
..\..\anaconda3\envs\scrumix\lib\site-packages\sqlalchemy\orm\mapper.py:4199: in _configure_registries
    _do_configure_registries(registries, cascade)
_ _ _ _ _ _ _ _ _ _ _ _ _ _ _ _ _ _ _ _ _ _ _ _ _ _ _ _ _ _ _ _ _ _ _ _ _ _ _ _

registries = set(), cascade = True

    @util.preload_module("sqlalchemy.orm.decl_api")
    def _do_configure_registries(
        registries: Set[_RegistryType], cascade: bool
    ) -> None:
        registry = util.preloaded.orm_decl_api.registry
    
        orig = set(registries)
    
        for reg in registry._recurse_with_dependencies(registries):
            has_skip = False
    
            for mapper in reg._mappers_to_configure():
                run_configure = None
    
                for fn in mapper.dispatch.before_mapper_configured:
                    run_configure = fn(mapper, mapper.class_)
                    if run_configure is EXT_SKIP:
                        has_skip = True
                        break
                if run_configure is EXT_SKIP:
                    continue
    
                if getattr(mapper, "_configure_failed", False):
                    e = sa_exc.InvalidRequestError(
                        "One or more mappers failed to initialize - "
                        "can't proceed with initialization of other "
                        "mappers. Triggering mapper: '%s'. "
                        "Original exception was: %s"
                        % (mapper, mapper._configure_failed)
                    )
                    e._configure_failed = mapper._configure_failed  # type: ignore
>                   raise e
E                   sqlalchemy.exc.InvalidRequestError: One or more mappers failed to initialize - can't proceed with initialization of other mappers. Triggering mapper: 'Mapper[Sprint(sprints)]'. Original exception was: Mapper 'Mapper[Project(projects)]' has no property 'sprints'.  If this property was indicated from other mappers or configure events, ensure registry.configure() has been called.

..\..\anaconda3\envs\scrumix\lib\site-packages\sqlalchemy\orm\mapper.py:4236: InvalidRequestError
_______________ ERROR at setup of TestUserCRUD.test_update_user _______________

fixturedef = <FixtureDef argname='test_user' scope='function' baseid='backend/tests'>
request = <SubRequest 'test_user' for <Function test_update_user>>

    @pytest.hookimpl(wrapper=True)
    def pytest_fixture_setup(fixturedef: FixtureDef, request) -> object | None:
        asyncio_mode = _get_asyncio_mode(request.config)
        if not _is_asyncio_fixture_function(fixturedef.func):
            if asyncio_mode == Mode.STRICT:
                # Ignore async fixtures without explicit asyncio mark in strict mode
                # This applies to pytest_trio fixtures, for example
>               return (yield)

..\..\anaconda3\envs\scrumix\lib\site-packages\pytest_asyncio\plugin.py:681: 
_ _ _ _ _ _ _ _ _ _ _ _ _ _ _ _ _ _ _ _ _ _ _ _ _ _ _ _ _ _ _ _ _ _ _ _ _ _ _ _
backend\tests\conftest.py:104: in test_user
    user = User(
..\..\anaconda3\envs\scrumix\lib\site-packages\sqlalchemy\orm\state.py:561: in _initialize_instance
    manager.dispatch.init(self, args, kwargs)
..\..\anaconda3\envs\scrumix\lib\site-packages\sqlalchemy\event\attr.py:487: in __call__
    fn(*args, **kw)
..\..\anaconda3\envs\scrumix\lib\site-packages\sqlalchemy\orm\mapper.py:4391: in _event_on_init
    instrumenting_mapper._check_configure()
..\..\anaconda3\envs\scrumix\lib\site-packages\sqlalchemy\orm\mapper.py:2386: in _check_configure
    _configure_registries({self.registry}, cascade=True)
..\..\anaconda3\envs\scrumix\lib\site-packages\sqlalchemy\orm\mapper.py:4199: in _configure_registries
    _do_configure_registries(registries, cascade)
_ _ _ _ _ _ _ _ _ _ _ _ _ _ _ _ _ _ _ _ _ _ _ _ _ _ _ _ _ _ _ _ _ _ _ _ _ _ _ _

registries = set(), cascade = True

    @util.preload_module("sqlalchemy.orm.decl_api")
    def _do_configure_registries(
        registries: Set[_RegistryType], cascade: bool
    ) -> None:
        registry = util.preloaded.orm_decl_api.registry
    
        orig = set(registries)
    
        for reg in registry._recurse_with_dependencies(registries):
            has_skip = False
    
            for mapper in reg._mappers_to_configure():
                run_configure = None
    
                for fn in mapper.dispatch.before_mapper_configured:
                    run_configure = fn(mapper, mapper.class_)
                    if run_configure is EXT_SKIP:
                        has_skip = True
                        break
                if run_configure is EXT_SKIP:
                    continue
    
                if getattr(mapper, "_configure_failed", False):
                    e = sa_exc.InvalidRequestError(
                        "One or more mappers failed to initialize - "
                        "can't proceed with initialization of other "
                        "mappers. Triggering mapper: '%s'. "
                        "Original exception was: %s"
                        % (mapper, mapper._configure_failed)
                    )
                    e._configure_failed = mapper._configure_failed  # type: ignore
>                   raise e
E                   sqlalchemy.exc.InvalidRequestError: One or more mappers failed to initialize - can't proceed with initialization of other mappers. Triggering mapper: 'Mapper[Sprint(sprints)]'. Original exception was: Mapper 'Mapper[Project(projects)]' has no property 'sprints'.  If this property was indicated from other mappers or configure events, ensure registry.configure() has been called.

..\..\anaconda3\envs\scrumix\lib\site-packages\sqlalchemy\orm\mapper.py:4236: InvalidRequestError
___________ ERROR at setup of TestUserCRUD.test_get_users_paginated ___________

fixturedef = <FixtureDef argname='test_user' scope='function' baseid='backend/tests'>
request = <SubRequest 'test_user' for <Function test_get_users_paginated>>

    @pytest.hookimpl(wrapper=True)
    def pytest_fixture_setup(fixturedef: FixtureDef, request) -> object | None:
        asyncio_mode = _get_asyncio_mode(request.config)
        if not _is_asyncio_fixture_function(fixturedef.func):
            if asyncio_mode == Mode.STRICT:
                # Ignore async fixtures without explicit asyncio mark in strict mode
                # This applies to pytest_trio fixtures, for example
>               return (yield)

..\..\anaconda3\envs\scrumix\lib\site-packages\pytest_asyncio\plugin.py:681: 
_ _ _ _ _ _ _ _ _ _ _ _ _ _ _ _ _ _ _ _ _ _ _ _ _ _ _ _ _ _ _ _ _ _ _ _ _ _ _ _
backend\tests\conftest.py:104: in test_user
    user = User(
..\..\anaconda3\envs\scrumix\lib\site-packages\sqlalchemy\orm\state.py:561: in _initialize_instance
    manager.dispatch.init(self, args, kwargs)
..\..\anaconda3\envs\scrumix\lib\site-packages\sqlalchemy\event\attr.py:487: in __call__
    fn(*args, **kw)
..\..\anaconda3\envs\scrumix\lib\site-packages\sqlalchemy\orm\mapper.py:4391: in _event_on_init
    instrumenting_mapper._check_configure()
..\..\anaconda3\envs\scrumix\lib\site-packages\sqlalchemy\orm\mapper.py:2386: in _check_configure
    _configure_registries({self.registry}, cascade=True)
..\..\anaconda3\envs\scrumix\lib\site-packages\sqlalchemy\orm\mapper.py:4199: in _configure_registries
    _do_configure_registries(registries, cascade)
_ _ _ _ _ _ _ _ _ _ _ _ _ _ _ _ _ _ _ _ _ _ _ _ _ _ _ _ _ _ _ _ _ _ _ _ _ _ _ _

registries = set(), cascade = True

    @util.preload_module("sqlalchemy.orm.decl_api")
    def _do_configure_registries(
        registries: Set[_RegistryType], cascade: bool
    ) -> None:
        registry = util.preloaded.orm_decl_api.registry
    
        orig = set(registries)
    
        for reg in registry._recurse_with_dependencies(registries):
            has_skip = False
    
            for mapper in reg._mappers_to_configure():
                run_configure = None
    
                for fn in mapper.dispatch.before_mapper_configured:
                    run_configure = fn(mapper, mapper.class_)
                    if run_configure is EXT_SKIP:
                        has_skip = True
                        break
                if run_configure is EXT_SKIP:
                    continue
    
                if getattr(mapper, "_configure_failed", False):
                    e = sa_exc.InvalidRequestError(
                        "One or more mappers failed to initialize - "
                        "can't proceed with initialization of other "
                        "mappers. Triggering mapper: '%s'. "
                        "Original exception was: %s"
                        % (mapper, mapper._configure_failed)
                    )
                    e._configure_failed = mapper._configure_failed  # type: ignore
>                   raise e
E                   sqlalchemy.exc.InvalidRequestError: One or more mappers failed to initialize - can't proceed with initialization of other mappers. Triggering mapper: 'Mapper[Sprint(sprints)]'. Original exception was: Mapper 'Mapper[Project(projects)]' has no property 'sprints'.  If this property was indicated from other mappers or configure events, ensure registry.configure() has been called.

..\..\anaconda3\envs\scrumix\lib\site-packages\sqlalchemy\orm\mapper.py:4236: InvalidRequestError
_____________ ERROR at setup of TestUserCRUD.test_is_active_user ______________

fixturedef = <FixtureDef argname='test_user' scope='function' baseid='backend/tests'>
request = <SubRequest 'test_user' for <Function test_is_active_user>>

    @pytest.hookimpl(wrapper=True)
    def pytest_fixture_setup(fixturedef: FixtureDef, request) -> object | None:
        asyncio_mode = _get_asyncio_mode(request.config)
        if not _is_asyncio_fixture_function(fixturedef.func):
            if asyncio_mode == Mode.STRICT:
                # Ignore async fixtures without explicit asyncio mark in strict mode
                # This applies to pytest_trio fixtures, for example
>               return (yield)

..\..\anaconda3\envs\scrumix\lib\site-packages\pytest_asyncio\plugin.py:681: 
_ _ _ _ _ _ _ _ _ _ _ _ _ _ _ _ _ _ _ _ _ _ _ _ _ _ _ _ _ _ _ _ _ _ _ _ _ _ _ _
backend\tests\conftest.py:104: in test_user
    user = User(
..\..\anaconda3\envs\scrumix\lib\site-packages\sqlalchemy\orm\state.py:561: in _initialize_instance
    manager.dispatch.init(self, args, kwargs)
..\..\anaconda3\envs\scrumix\lib\site-packages\sqlalchemy\event\attr.py:487: in __call__
    fn(*args, **kw)
..\..\anaconda3\envs\scrumix\lib\site-packages\sqlalchemy\orm\mapper.py:4391: in _event_on_init
    instrumenting_mapper._check_configure()
..\..\anaconda3\envs\scrumix\lib\site-packages\sqlalchemy\orm\mapper.py:2386: in _check_configure
    _configure_registries({self.registry}, cascade=True)
..\..\anaconda3\envs\scrumix\lib\site-packages\sqlalchemy\orm\mapper.py:4199: in _configure_registries
    _do_configure_registries(registries, cascade)
_ _ _ _ _ _ _ _ _ _ _ _ _ _ _ _ _ _ _ _ _ _ _ _ _ _ _ _ _ _ _ _ _ _ _ _ _ _ _ _

registries = set(), cascade = True

    @util.preload_module("sqlalchemy.orm.decl_api")
    def _do_configure_registries(
        registries: Set[_RegistryType], cascade: bool
    ) -> None:
        registry = util.preloaded.orm_decl_api.registry
    
        orig = set(registries)
    
        for reg in registry._recurse_with_dependencies(registries):
            has_skip = False
    
            for mapper in reg._mappers_to_configure():
                run_configure = None
    
                for fn in mapper.dispatch.before_mapper_configured:
                    run_configure = fn(mapper, mapper.class_)
                    if run_configure is EXT_SKIP:
                        has_skip = True
                        break
                if run_configure is EXT_SKIP:
                    continue
    
                if getattr(mapper, "_configure_failed", False):
                    e = sa_exc.InvalidRequestError(
                        "One or more mappers failed to initialize - "
                        "can't proceed with initialization of other "
                        "mappers. Triggering mapper: '%s'. "
                        "Original exception was: %s"
                        % (mapper, mapper._configure_failed)
                    )
                    e._configure_failed = mapper._configure_failed  # type: ignore
>                   raise e
E                   sqlalchemy.exc.InvalidRequestError: One or more mappers failed to initialize - can't proceed with initialization of other mappers. Triggering mapper: 'Mapper[Sprint(sprints)]'. Original exception was: Mapper 'Mapper[Project(projects)]' has no property 'sprints'.  If this property was indicated from other mappers or configure events, ensure registry.configure() has been called.

..\..\anaconda3\envs\scrumix\lib\site-packages\sqlalchemy\orm\mapper.py:4236: InvalidRequestError
______________ ERROR at setup of TestUserCRUD.test_is_superuser _______________

fixturedef = <FixtureDef argname='test_user' scope='function' baseid='backend/tests'>
request = <SubRequest 'test_user' for <Function test_is_superuser>>

    @pytest.hookimpl(wrapper=True)
    def pytest_fixture_setup(fixturedef: FixtureDef, request) -> object | None:
        asyncio_mode = _get_asyncio_mode(request.config)
        if not _is_asyncio_fixture_function(fixturedef.func):
            if asyncio_mode == Mode.STRICT:
                # Ignore async fixtures without explicit asyncio mark in strict mode
                # This applies to pytest_trio fixtures, for example
>               return (yield)

..\..\anaconda3\envs\scrumix\lib\site-packages\pytest_asyncio\plugin.py:681: 
_ _ _ _ _ _ _ _ _ _ _ _ _ _ _ _ _ _ _ _ _ _ _ _ _ _ _ _ _ _ _ _ _ _ _ _ _ _ _ _
backend\tests\conftest.py:104: in test_user
    user = User(
..\..\anaconda3\envs\scrumix\lib\site-packages\sqlalchemy\orm\state.py:561: in _initialize_instance
    manager.dispatch.init(self, args, kwargs)
..\..\anaconda3\envs\scrumix\lib\site-packages\sqlalchemy\event\attr.py:487: in __call__
    fn(*args, **kw)
..\..\anaconda3\envs\scrumix\lib\site-packages\sqlalchemy\orm\mapper.py:4391: in _event_on_init
    instrumenting_mapper._check_configure()
..\..\anaconda3\envs\scrumix\lib\site-packages\sqlalchemy\orm\mapper.py:2386: in _check_configure
    _configure_registries({self.registry}, cascade=True)
..\..\anaconda3\envs\scrumix\lib\site-packages\sqlalchemy\orm\mapper.py:4199: in _configure_registries
    _do_configure_registries(registries, cascade)
_ _ _ _ _ _ _ _ _ _ _ _ _ _ _ _ _ _ _ _ _ _ _ _ _ _ _ _ _ _ _ _ _ _ _ _ _ _ _ _

registries = set(), cascade = True

    @util.preload_module("sqlalchemy.orm.decl_api")
    def _do_configure_registries(
        registries: Set[_RegistryType], cascade: bool
    ) -> None:
        registry = util.preloaded.orm_decl_api.registry
    
        orig = set(registries)
    
        for reg in registry._recurse_with_dependencies(registries):
            has_skip = False
    
            for mapper in reg._mappers_to_configure():
                run_configure = None
    
                for fn in mapper.dispatch.before_mapper_configured:
                    run_configure = fn(mapper, mapper.class_)
                    if run_configure is EXT_SKIP:
                        has_skip = True
                        break
                if run_configure is EXT_SKIP:
                    continue
    
                if getattr(mapper, "_configure_failed", False):
                    e = sa_exc.InvalidRequestError(
                        "One or more mappers failed to initialize - "
                        "can't proceed with initialization of other "
                        "mappers. Triggering mapper: '%s'. "
                        "Original exception was: %s"
                        % (mapper, mapper._configure_failed)
                    )
                    e._configure_failed = mapper._configure_failed  # type: ignore
>                   raise e
E                   sqlalchemy.exc.InvalidRequestError: One or more mappers failed to initialize - can't proceed with initialization of other mappers. Triggering mapper: 'Mapper[Sprint(sprints)]'. Original exception was: Mapper 'Mapper[Project(projects)]' has no property 'sprints'.  If this property was indicated from other mappers or configure events, ensure registry.configure() has been called.

..\..\anaconda3\envs\scrumix\lib\site-packages\sqlalchemy\orm\mapper.py:4236: InvalidRequestError
================================== FAILURES ===================================
_____ TestAcceptanceCriteriaCRUD.test_create_acceptance_criteria_success ______

self = <tests.test_acceptance_criteria.TestAcceptanceCriteriaCRUD object at 0x0000025E2AAFB9D0>
db_session = <sqlalchemy.orm.session.Session object at 0x0000025E2C25FAF0>

    def test_create_acceptance_criteria_success(self, db_session):
        """Test successful acceptance criteria creation"""
        from scrumix.api.crud.acceptance_criteria import acceptance_criteria
        from scrumix.api.schemas.acceptance_criteria import AcceptanceCriteriaCreate
        from scrumix.api.models.backlog import Backlog
        from scrumix.api.models.project import Project
    
        # Create a project and backlog first
>       project = Project(
            name="Test Project",
            description="A test project",
            status="active"
        )

backend\tests\test_acceptance_criteria.py:577: 
_ _ _ _ _ _ _ _ _ _ _ _ _ _ _ _ _ _ _ _ _ _ _ _ _ _ _ _ _ _ _ _ _ _ _ _ _ _ _ _
<string>:4: in __init__
    ???
..\..\anaconda3\envs\scrumix\lib\site-packages\sqlalchemy\orm\state.py:561: in _initialize_instance
    manager.dispatch.init(self, args, kwargs)
..\..\anaconda3\envs\scrumix\lib\site-packages\sqlalchemy\event\attr.py:487: in __call__
    fn(*args, **kw)
..\..\anaconda3\envs\scrumix\lib\site-packages\sqlalchemy\orm\mapper.py:4391: in _event_on_init
    instrumenting_mapper._check_configure()
..\..\anaconda3\envs\scrumix\lib\site-packages\sqlalchemy\orm\mapper.py:2386: in _check_configure
    _configure_registries({self.registry}, cascade=True)
..\..\anaconda3\envs\scrumix\lib\site-packages\sqlalchemy\orm\mapper.py:4199: in _configure_registries
    _do_configure_registries(registries, cascade)
_ _ _ _ _ _ _ _ _ _ _ _ _ _ _ _ _ _ _ _ _ _ _ _ _ _ _ _ _ _ _ _ _ _ _ _ _ _ _ _

registries = set(), cascade = True

    @util.preload_module("sqlalchemy.orm.decl_api")
    def _do_configure_registries(
        registries: Set[_RegistryType], cascade: bool
    ) -> None:
        registry = util.preloaded.orm_decl_api.registry
    
        orig = set(registries)
    
        for reg in registry._recurse_with_dependencies(registries):
            has_skip = False
    
            for mapper in reg._mappers_to_configure():
                run_configure = None
    
                for fn in mapper.dispatch.before_mapper_configured:
                    run_configure = fn(mapper, mapper.class_)
                    if run_configure is EXT_SKIP:
                        has_skip = True
                        break
                if run_configure is EXT_SKIP:
                    continue
    
                if getattr(mapper, "_configure_failed", False):
                    e = sa_exc.InvalidRequestError(
                        "One or more mappers failed to initialize - "
                        "can't proceed with initialization of other "
                        "mappers. Triggering mapper: '%s'. "
                        "Original exception was: %s"
                        % (mapper, mapper._configure_failed)
                    )
                    e._configure_failed = mapper._configure_failed  # type: ignore
>                   raise e
E                   sqlalchemy.exc.InvalidRequestError: One or more mappers failed to initialize - can't proceed with initialization of other mappers. Triggering mapper: 'Mapper[Sprint(sprints)]'. Original exception was: Mapper 'Mapper[Project(projects)]' has no property 'sprints'.  If this property was indicated from other mappers or configure events, ensure registry.configure() has been called.

..\..\anaconda3\envs\scrumix\lib\site-packages\sqlalchemy\orm\mapper.py:4236: InvalidRequestError
________ TestAcceptanceCriteriaCRUD.test_get_acceptance_criteria_by_id ________

self = <tests.test_acceptance_criteria.TestAcceptanceCriteriaCRUD object at 0x0000025E2AAFB220>
db_session = <sqlalchemy.orm.session.Session object at 0x0000025E2C240B80>

    def test_get_acceptance_criteria_by_id(self, db_session):
        """Test getting acceptance criteria by ID"""
        from scrumix.api.crud.acceptance_criteria import acceptance_criteria
        from scrumix.api.schemas.acceptance_criteria import AcceptanceCriteriaCreate
        from scrumix.api.models.backlog import Backlog
        from scrumix.api.models.project import Project
    
        # Create a project and backlog first
>       project = Project(
            name="Test Project",
            description="A test project",
            status="active"
        )

backend\tests\test_acceptance_criteria.py:616: 
_ _ _ _ _ _ _ _ _ _ _ _ _ _ _ _ _ _ _ _ _ _ _ _ _ _ _ _ _ _ _ _ _ _ _ _ _ _ _ _
<string>:4: in __init__
    ???
..\..\anaconda3\envs\scrumix\lib\site-packages\sqlalchemy\orm\state.py:561: in _initialize_instance
    manager.dispatch.init(self, args, kwargs)
..\..\anaconda3\envs\scrumix\lib\site-packages\sqlalchemy\event\attr.py:487: in __call__
    fn(*args, **kw)
..\..\anaconda3\envs\scrumix\lib\site-packages\sqlalchemy\orm\mapper.py:4391: in _event_on_init
    instrumenting_mapper._check_configure()
..\..\anaconda3\envs\scrumix\lib\site-packages\sqlalchemy\orm\mapper.py:2386: in _check_configure
    _configure_registries({self.registry}, cascade=True)
..\..\anaconda3\envs\scrumix\lib\site-packages\sqlalchemy\orm\mapper.py:4199: in _configure_registries
    _do_configure_registries(registries, cascade)
_ _ _ _ _ _ _ _ _ _ _ _ _ _ _ _ _ _ _ _ _ _ _ _ _ _ _ _ _ _ _ _ _ _ _ _ _ _ _ _

registries = set(), cascade = True

    @util.preload_module("sqlalchemy.orm.decl_api")
    def _do_configure_registries(
        registries: Set[_RegistryType], cascade: bool
    ) -> None:
        registry = util.preloaded.orm_decl_api.registry
    
        orig = set(registries)
    
        for reg in registry._recurse_with_dependencies(registries):
            has_skip = False
    
            for mapper in reg._mappers_to_configure():
                run_configure = None
    
                for fn in mapper.dispatch.before_mapper_configured:
                    run_configure = fn(mapper, mapper.class_)
                    if run_configure is EXT_SKIP:
                        has_skip = True
                        break
                if run_configure is EXT_SKIP:
                    continue
    
                if getattr(mapper, "_configure_failed", False):
                    e = sa_exc.InvalidRequestError(
                        "One or more mappers failed to initialize - "
                        "can't proceed with initialization of other "
                        "mappers. Triggering mapper: '%s'. "
                        "Original exception was: %s"
                        % (mapper, mapper._configure_failed)
                    )
                    e._configure_failed = mapper._configure_failed  # type: ignore
>                   raise e
E                   sqlalchemy.exc.InvalidRequestError: One or more mappers failed to initialize - can't proceed with initialization of other mappers. Triggering mapper: 'Mapper[Sprint(sprints)]'. Original exception was: Mapper 'Mapper[Project(projects)]' has no property 'sprints'.  If this property was indicated from other mappers or configure events, ensure registry.configure() has been called.

..\..\anaconda3\envs\scrumix\lib\site-packages\sqlalchemy\orm\mapper.py:4236: InvalidRequestError
___ TestAcceptanceCriteriaCRUD.test_get_acceptance_criteria_with_pagination ___

self = <tests.test_acceptance_criteria.TestAcceptanceCriteriaCRUD object at 0x0000025E2AAFA290>
db_session = <sqlalchemy.orm.session.Session object at 0x0000025E2C65E440>

    def test_get_acceptance_criteria_with_pagination(self, db_session):
        """Test getting acceptance criteria with pagination"""
        from scrumix.api.crud.acceptance_criteria import acceptance_criteria
        from scrumix.api.schemas.acceptance_criteria import AcceptanceCriteriaCreate
        from scrumix.api.models.backlog import Backlog
        from scrumix.api.models.project import Project
    
        # Create a project and backlog first
>       project = Project(
            name="Test Project",
            description="A test project",
            status="active"
        )

backend\tests\test_acceptance_criteria.py:656: 
_ _ _ _ _ _ _ _ _ _ _ _ _ _ _ _ _ _ _ _ _ _ _ _ _ _ _ _ _ _ _ _ _ _ _ _ _ _ _ _
<string>:4: in __init__
    ???
..\..\anaconda3\envs\scrumix\lib\site-packages\sqlalchemy\orm\state.py:561: in _initialize_instance
    manager.dispatch.init(self, args, kwargs)
..\..\anaconda3\envs\scrumix\lib\site-packages\sqlalchemy\event\attr.py:487: in __call__
    fn(*args, **kw)
..\..\anaconda3\envs\scrumix\lib\site-packages\sqlalchemy\orm\mapper.py:4391: in _event_on_init
    instrumenting_mapper._check_configure()
..\..\anaconda3\envs\scrumix\lib\site-packages\sqlalchemy\orm\mapper.py:2386: in _check_configure
    _configure_registries({self.registry}, cascade=True)
..\..\anaconda3\envs\scrumix\lib\site-packages\sqlalchemy\orm\mapper.py:4199: in _configure_registries
    _do_configure_registries(registries, cascade)
_ _ _ _ _ _ _ _ _ _ _ _ _ _ _ _ _ _ _ _ _ _ _ _ _ _ _ _ _ _ _ _ _ _ _ _ _ _ _ _

registries = set(), cascade = True

    @util.preload_module("sqlalchemy.orm.decl_api")
    def _do_configure_registries(
        registries: Set[_RegistryType], cascade: bool
    ) -> None:
        registry = util.preloaded.orm_decl_api.registry
    
        orig = set(registries)
    
        for reg in registry._recurse_with_dependencies(registries):
            has_skip = False
    
            for mapper in reg._mappers_to_configure():
                run_configure = None
    
                for fn in mapper.dispatch.before_mapper_configured:
                    run_configure = fn(mapper, mapper.class_)
                    if run_configure is EXT_SKIP:
                        has_skip = True
                        break
                if run_configure is EXT_SKIP:
                    continue
    
                if getattr(mapper, "_configure_failed", False):
                    e = sa_exc.InvalidRequestError(
                        "One or more mappers failed to initialize - "
                        "can't proceed with initialization of other "
                        "mappers. Triggering mapper: '%s'. "
                        "Original exception was: %s"
                        % (mapper, mapper._configure_failed)
                    )
                    e._configure_failed = mapper._configure_failed  # type: ignore
>                   raise e
E                   sqlalchemy.exc.InvalidRequestError: One or more mappers failed to initialize - can't proceed with initialization of other mappers. Triggering mapper: 'Mapper[Sprint(sprints)]'. Original exception was: Mapper 'Mapper[Project(projects)]' has no property 'sprints'.  If this property was indicated from other mappers or configure events, ensure registry.configure() has been called.

..\..\anaconda3\envs\scrumix\lib\site-packages\sqlalchemy\orm\mapper.py:4236: InvalidRequestError
____ TestAcceptanceCriteriaCRUD.test_get_acceptance_criteria_by_backlog_id ____

self = <tests.test_acceptance_criteria.TestAcceptanceCriteriaCRUD object at 0x0000025E2AB30DC0>
db_session = <sqlalchemy.orm.session.Session object at 0x0000025E2C170760>

    def test_get_acceptance_criteria_by_backlog_id(self, db_session):
        """Test getting acceptance criteria by backlog ID"""
        from scrumix.api.crud.acceptance_criteria import acceptance_criteria
        from scrumix.api.schemas.acceptance_criteria import AcceptanceCriteriaCreate
        from scrumix.api.models.backlog import Backlog
        from scrumix.api.models.project import Project
    
        # Create a project and backlog first
>       project = Project(
            name="Test Project",
            description="A test project",
            status="active"
        )

backend\tests\test_acceptance_criteria.py:696: 
_ _ _ _ _ _ _ _ _ _ _ _ _ _ _ _ _ _ _ _ _ _ _ _ _ _ _ _ _ _ _ _ _ _ _ _ _ _ _ _
<string>:4: in __init__
    ???
..\..\anaconda3\envs\scrumix\lib\site-packages\sqlalchemy\orm\state.py:561: in _initialize_instance
    manager.dispatch.init(self, args, kwargs)
..\..\anaconda3\envs\scrumix\lib\site-packages\sqlalchemy\event\attr.py:487: in __call__
    fn(*args, **kw)
..\..\anaconda3\envs\scrumix\lib\site-packages\sqlalchemy\orm\mapper.py:4391: in _event_on_init
    instrumenting_mapper._check_configure()
..\..\anaconda3\envs\scrumix\lib\site-packages\sqlalchemy\orm\mapper.py:2386: in _check_configure
    _configure_registries({self.registry}, cascade=True)
..\..\anaconda3\envs\scrumix\lib\site-packages\sqlalchemy\orm\mapper.py:4199: in _configure_registries
    _do_configure_registries(registries, cascade)
_ _ _ _ _ _ _ _ _ _ _ _ _ _ _ _ _ _ _ _ _ _ _ _ _ _ _ _ _ _ _ _ _ _ _ _ _ _ _ _

registries = set(), cascade = True

    @util.preload_module("sqlalchemy.orm.decl_api")
    def _do_configure_registries(
        registries: Set[_RegistryType], cascade: bool
    ) -> None:
        registry = util.preloaded.orm_decl_api.registry
    
        orig = set(registries)
    
        for reg in registry._recurse_with_dependencies(registries):
            has_skip = False
    
            for mapper in reg._mappers_to_configure():
                run_configure = None
    
                for fn in mapper.dispatch.before_mapper_configured:
                    run_configure = fn(mapper, mapper.class_)
                    if run_configure is EXT_SKIP:
                        has_skip = True
                        break
                if run_configure is EXT_SKIP:
                    continue
    
                if getattr(mapper, "_configure_failed", False):
                    e = sa_exc.InvalidRequestError(
                        "One or more mappers failed to initialize - "
                        "can't proceed with initialization of other "
                        "mappers. Triggering mapper: '%s'. "
                        "Original exception was: %s"
                        % (mapper, mapper._configure_failed)
                    )
                    e._configure_failed = mapper._configure_failed  # type: ignore
>                   raise e
E                   sqlalchemy.exc.InvalidRequestError: One or more mappers failed to initialize - can't proceed with initialization of other mappers. Triggering mapper: 'Mapper[Sprint(sprints)]'. Original exception was: Mapper 'Mapper[Project(projects)]' has no property 'sprints'.  If this property was indicated from other mappers or configure events, ensure registry.configure() has been called.

..\..\anaconda3\envs\scrumix\lib\site-packages\sqlalchemy\orm\mapper.py:4236: InvalidRequestError
___ TestAcceptanceCriteriaCRUD.test_count_acceptance_criteria_by_backlog_id ___

self = <tests.test_acceptance_criteria.TestAcceptanceCriteriaCRUD object at 0x0000025E2AB30640>
db_session = <sqlalchemy.orm.session.Session object at 0x0000025E2C669060>

    def test_count_acceptance_criteria_by_backlog_id(self, db_session):
        """Test counting acceptance criteria by backlog ID"""
        from scrumix.api.crud.acceptance_criteria import acceptance_criteria
        from scrumix.api.schemas.acceptance_criteria import AcceptanceCriteriaCreate
        from scrumix.api.models.backlog import Backlog
        from scrumix.api.models.project import Project
    
        # Create a project and backlog first
>       project = Project(
            name="Test Project",
            description="A test project",
            status="active"
        )

backend\tests\test_acceptance_criteria.py:736: 
_ _ _ _ _ _ _ _ _ _ _ _ _ _ _ _ _ _ _ _ _ _ _ _ _ _ _ _ _ _ _ _ _ _ _ _ _ _ _ _
<string>:4: in __init__
    ???
..\..\anaconda3\envs\scrumix\lib\site-packages\sqlalchemy\orm\state.py:561: in _initialize_instance
    manager.dispatch.init(self, args, kwargs)
..\..\anaconda3\envs\scrumix\lib\site-packages\sqlalchemy\event\attr.py:487: in __call__
    fn(*args, **kw)
..\..\anaconda3\envs\scrumix\lib\site-packages\sqlalchemy\orm\mapper.py:4391: in _event_on_init
    instrumenting_mapper._check_configure()
..\..\anaconda3\envs\scrumix\lib\site-packages\sqlalchemy\orm\mapper.py:2386: in _check_configure
    _configure_registries({self.registry}, cascade=True)
..\..\anaconda3\envs\scrumix\lib\site-packages\sqlalchemy\orm\mapper.py:4199: in _configure_registries
    _do_configure_registries(registries, cascade)
_ _ _ _ _ _ _ _ _ _ _ _ _ _ _ _ _ _ _ _ _ _ _ _ _ _ _ _ _ _ _ _ _ _ _ _ _ _ _ _

registries = set(), cascade = True

    @util.preload_module("sqlalchemy.orm.decl_api")
    def _do_configure_registries(
        registries: Set[_RegistryType], cascade: bool
    ) -> None:
        registry = util.preloaded.orm_decl_api.registry
    
        orig = set(registries)
    
        for reg in registry._recurse_with_dependencies(registries):
            has_skip = False
    
            for mapper in reg._mappers_to_configure():
                run_configure = None
    
                for fn in mapper.dispatch.before_mapper_configured:
                    run_configure = fn(mapper, mapper.class_)
                    if run_configure is EXT_SKIP:
                        has_skip = True
                        break
                if run_configure is EXT_SKIP:
                    continue
    
                if getattr(mapper, "_configure_failed", False):
                    e = sa_exc.InvalidRequestError(
                        "One or more mappers failed to initialize - "
                        "can't proceed with initialization of other "
                        "mappers. Triggering mapper: '%s'. "
                        "Original exception was: %s"
                        % (mapper, mapper._configure_failed)
                    )
                    e._configure_failed = mapper._configure_failed  # type: ignore
>                   raise e
E                   sqlalchemy.exc.InvalidRequestError: One or more mappers failed to initialize - can't proceed with initialization of other mappers. Triggering mapper: 'Mapper[Sprint(sprints)]'. Original exception was: Mapper 'Mapper[Project(projects)]' has no property 'sprints'.  If this property was indicated from other mappers or configure events, ensure registry.configure() has been called.

..\..\anaconda3\envs\scrumix\lib\site-packages\sqlalchemy\orm\mapper.py:4236: InvalidRequestError
_______ TestAcceptanceCriteriaCRUD.test_bulk_create_acceptance_criteria _______

self = <tests.test_acceptance_criteria.TestAcceptanceCriteriaCRUD object at 0x0000025E2AB31360>
db_session = <sqlalchemy.orm.session.Session object at 0x0000025E2C1F7580>

    def test_bulk_create_acceptance_criteria(self, db_session):
        """Test bulk creation of acceptance criteria"""
        from scrumix.api.crud.acceptance_criteria import acceptance_criteria
        from scrumix.api.models.backlog import Backlog
        from scrumix.api.models.project import Project
    
        # Create a project and backlog first
>       project = Project(
            name="Test Project",
            description="A test project",
            status="active"
        )

backend\tests\test_acceptance_criteria.py:775: 
_ _ _ _ _ _ _ _ _ _ _ _ _ _ _ _ _ _ _ _ _ _ _ _ _ _ _ _ _ _ _ _ _ _ _ _ _ _ _ _
<string>:4: in __init__
    ???
..\..\anaconda3\envs\scrumix\lib\site-packages\sqlalchemy\orm\state.py:561: in _initialize_instance
    manager.dispatch.init(self, args, kwargs)
..\..\anaconda3\envs\scrumix\lib\site-packages\sqlalchemy\event\attr.py:487: in __call__
    fn(*args, **kw)
..\..\anaconda3\envs\scrumix\lib\site-packages\sqlalchemy\orm\mapper.py:4391: in _event_on_init
    instrumenting_mapper._check_configure()
..\..\anaconda3\envs\scrumix\lib\site-packages\sqlalchemy\orm\mapper.py:2386: in _check_configure
    _configure_registries({self.registry}, cascade=True)
..\..\anaconda3\envs\scrumix\lib\site-packages\sqlalchemy\orm\mapper.py:4199: in _configure_registries
    _do_configure_registries(registries, cascade)
_ _ _ _ _ _ _ _ _ _ _ _ _ _ _ _ _ _ _ _ _ _ _ _ _ _ _ _ _ _ _ _ _ _ _ _ _ _ _ _

registries = set(), cascade = True

    @util.preload_module("sqlalchemy.orm.decl_api")
    def _do_configure_registries(
        registries: Set[_RegistryType], cascade: bool
    ) -> None:
        registry = util.preloaded.orm_decl_api.registry
    
        orig = set(registries)
    
        for reg in registry._recurse_with_dependencies(registries):
            has_skip = False
    
            for mapper in reg._mappers_to_configure():
                run_configure = None
    
                for fn in mapper.dispatch.before_mapper_configured:
                    run_configure = fn(mapper, mapper.class_)
                    if run_configure is EXT_SKIP:
                        has_skip = True
                        break
                if run_configure is EXT_SKIP:
                    continue
    
                if getattr(mapper, "_configure_failed", False):
                    e = sa_exc.InvalidRequestError(
                        "One or more mappers failed to initialize - "
                        "can't proceed with initialization of other "
                        "mappers. Triggering mapper: '%s'. "
                        "Original exception was: %s"
                        % (mapper, mapper._configure_failed)
                    )
                    e._configure_failed = mapper._configure_failed  # type: ignore
>                   raise e
E                   sqlalchemy.exc.InvalidRequestError: One or more mappers failed to initialize - can't proceed with initialization of other mappers. Triggering mapper: 'Mapper[Sprint(sprints)]'. Original exception was: Mapper 'Mapper[Project(projects)]' has no property 'sprints'.  If this property was indicated from other mappers or configure events, ensure registry.configure() has been called.

..\..\anaconda3\envs\scrumix\lib\site-packages\sqlalchemy\orm\mapper.py:4236: InvalidRequestError
_________ TestAcceptanceCriteriaCRUD.test_search_acceptance_criteria __________

self = <tests.test_acceptance_criteria.TestAcceptanceCriteriaCRUD object at 0x0000025E2AB31540>
db_session = <sqlalchemy.orm.session.Session object at 0x0000025E2C688D60>

    def test_search_acceptance_criteria(self, db_session):
        """Test searching acceptance criteria"""
        from scrumix.api.crud.acceptance_criteria import acceptance_criteria
        from scrumix.api.schemas.acceptance_criteria import AcceptanceCriteriaCreate
        from scrumix.api.models.backlog import Backlog
        from scrumix.api.models.project import Project
    
        # Create a project and backlog first
>       project = Project(
            name="Test Project",
            description="A test project",
            status="active"
        )

backend\tests\test_acceptance_criteria.py:810: 
_ _ _ _ _ _ _ _ _ _ _ _ _ _ _ _ _ _ _ _ _ _ _ _ _ _ _ _ _ _ _ _ _ _ _ _ _ _ _ _
<string>:4: in __init__
    ???
..\..\anaconda3\envs\scrumix\lib\site-packages\sqlalchemy\orm\state.py:561: in _initialize_instance
    manager.dispatch.init(self, args, kwargs)
..\..\anaconda3\envs\scrumix\lib\site-packages\sqlalchemy\event\attr.py:487: in __call__
    fn(*args, **kw)
..\..\anaconda3\envs\scrumix\lib\site-packages\sqlalchemy\orm\mapper.py:4391: in _event_on_init
    instrumenting_mapper._check_configure()
..\..\anaconda3\envs\scrumix\lib\site-packages\sqlalchemy\orm\mapper.py:2386: in _check_configure
    _configure_registries({self.registry}, cascade=True)
..\..\anaconda3\envs\scrumix\lib\site-packages\sqlalchemy\orm\mapper.py:4199: in _configure_registries
    _do_configure_registries(registries, cascade)
_ _ _ _ _ _ _ _ _ _ _ _ _ _ _ _ _ _ _ _ _ _ _ _ _ _ _ _ _ _ _ _ _ _ _ _ _ _ _ _

registries = set(), cascade = True

    @util.preload_module("sqlalchemy.orm.decl_api")
    def _do_configure_registries(
        registries: Set[_RegistryType], cascade: bool
    ) -> None:
        registry = util.preloaded.orm_decl_api.registry
    
        orig = set(registries)
    
        for reg in registry._recurse_with_dependencies(registries):
            has_skip = False
    
            for mapper in reg._mappers_to_configure():
                run_configure = None
    
                for fn in mapper.dispatch.before_mapper_configured:
                    run_configure = fn(mapper, mapper.class_)
                    if run_configure is EXT_SKIP:
                        has_skip = True
                        break
                if run_configure is EXT_SKIP:
                    continue
    
                if getattr(mapper, "_configure_failed", False):
                    e = sa_exc.InvalidRequestError(
                        "One or more mappers failed to initialize - "
                        "can't proceed with initialization of other "
                        "mappers. Triggering mapper: '%s'. "
                        "Original exception was: %s"
                        % (mapper, mapper._configure_failed)
                    )
                    e._configure_failed = mapper._configure_failed  # type: ignore
>                   raise e
E                   sqlalchemy.exc.InvalidRequestError: One or more mappers failed to initialize - can't proceed with initialization of other mappers. Triggering mapper: 'Mapper[Sprint(sprints)]'. Original exception was: Mapper 'Mapper[Project(projects)]' has no property 'sprints'.  If this property was indicated from other mappers or configure events, ensure registry.configure() has been called.

..\..\anaconda3\envs\scrumix\lib\site-packages\sqlalchemy\orm\mapper.py:4236: InvalidRequestError
_________ TestAcceptanceCriteriaCRUD.test_update_acceptance_criteria __________

self = <tests.test_acceptance_criteria.TestAcceptanceCriteriaCRUD object at 0x0000025E2AB31720>
db_session = <sqlalchemy.orm.session.Session object at 0x0000025E2AAF9DB0>

    def test_update_acceptance_criteria(self, db_session):
        """Test updating acceptance criteria"""
        from scrumix.api.crud.acceptance_criteria import acceptance_criteria
        from scrumix.api.schemas.acceptance_criteria import AcceptanceCriteriaCreate, AcceptanceCriteriaUpdate
        from scrumix.api.models.backlog import Backlog
        from scrumix.api.models.project import Project
    
        # Create a project and backlog first
>       project = Project(
            name="Test Project",
            description="A test project",
            status="active"
        )

backend\tests\test_acceptance_criteria.py:851: 
_ _ _ _ _ _ _ _ _ _ _ _ _ _ _ _ _ _ _ _ _ _ _ _ _ _ _ _ _ _ _ _ _ _ _ _ _ _ _ _
<string>:4: in __init__
    ???
..\..\anaconda3\envs\scrumix\lib\site-packages\sqlalchemy\orm\state.py:561: in _initialize_instance
    manager.dispatch.init(self, args, kwargs)
..\..\anaconda3\envs\scrumix\lib\site-packages\sqlalchemy\event\attr.py:487: in __call__
    fn(*args, **kw)
..\..\anaconda3\envs\scrumix\lib\site-packages\sqlalchemy\orm\mapper.py:4391: in _event_on_init
    instrumenting_mapper._check_configure()
..\..\anaconda3\envs\scrumix\lib\site-packages\sqlalchemy\orm\mapper.py:2386: in _check_configure
    _configure_registries({self.registry}, cascade=True)
..\..\anaconda3\envs\scrumix\lib\site-packages\sqlalchemy\orm\mapper.py:4199: in _configure_registries
    _do_configure_registries(registries, cascade)
_ _ _ _ _ _ _ _ _ _ _ _ _ _ _ _ _ _ _ _ _ _ _ _ _ _ _ _ _ _ _ _ _ _ _ _ _ _ _ _

registries = set(), cascade = True

    @util.preload_module("sqlalchemy.orm.decl_api")
    def _do_configure_registries(
        registries: Set[_RegistryType], cascade: bool
    ) -> None:
        registry = util.preloaded.orm_decl_api.registry
    
        orig = set(registries)
    
        for reg in registry._recurse_with_dependencies(registries):
            has_skip = False
    
            for mapper in reg._mappers_to_configure():
                run_configure = None
    
                for fn in mapper.dispatch.before_mapper_configured:
                    run_configure = fn(mapper, mapper.class_)
                    if run_configure is EXT_SKIP:
                        has_skip = True
                        break
                if run_configure is EXT_SKIP:
                    continue
    
                if getattr(mapper, "_configure_failed", False):
                    e = sa_exc.InvalidRequestError(
                        "One or more mappers failed to initialize - "
                        "can't proceed with initialization of other "
                        "mappers. Triggering mapper: '%s'. "
                        "Original exception was: %s"
                        % (mapper, mapper._configure_failed)
                    )
                    e._configure_failed = mapper._configure_failed  # type: ignore
>                   raise e
E                   sqlalchemy.exc.InvalidRequestError: One or more mappers failed to initialize - can't proceed with initialization of other mappers. Triggering mapper: 'Mapper[Sprint(sprints)]'. Original exception was: Mapper 'Mapper[Project(projects)]' has no property 'sprints'.  If this property was indicated from other mappers or configure events, ensure registry.configure() has been called.

..\..\anaconda3\envs\scrumix\lib\site-packages\sqlalchemy\orm\mapper.py:4236: InvalidRequestError
_________ TestAcceptanceCriteriaCRUD.test_delete_acceptance_criteria __________

self = <tests.test_acceptance_criteria.TestAcceptanceCriteriaCRUD object at 0x0000025E2AB31900>
db_session = <sqlalchemy.orm.session.Session object at 0x0000025E2C32B160>

    def test_delete_acceptance_criteria(self, db_session):
        """Test deleting acceptance criteria"""
        from scrumix.api.crud.acceptance_criteria import acceptance_criteria
        from scrumix.api.schemas.acceptance_criteria import AcceptanceCriteriaCreate
        from scrumix.api.models.backlog import Backlog
        from scrumix.api.models.project import Project
    
        # Create a project and backlog first
>       project = Project(
            name="Test Project",
            description="A test project",
            status="active"
        )

backend\tests\test_acceptance_criteria.py:897: 
_ _ _ _ _ _ _ _ _ _ _ _ _ _ _ _ _ _ _ _ _ _ _ _ _ _ _ _ _ _ _ _ _ _ _ _ _ _ _ _
<string>:4: in __init__
    ???
..\..\anaconda3\envs\scrumix\lib\site-packages\sqlalchemy\orm\state.py:561: in _initialize_instance
    manager.dispatch.init(self, args, kwargs)
..\..\anaconda3\envs\scrumix\lib\site-packages\sqlalchemy\event\attr.py:487: in __call__
    fn(*args, **kw)
..\..\anaconda3\envs\scrumix\lib\site-packages\sqlalchemy\orm\mapper.py:4391: in _event_on_init
    instrumenting_mapper._check_configure()
..\..\anaconda3\envs\scrumix\lib\site-packages\sqlalchemy\orm\mapper.py:2386: in _check_configure
    _configure_registries({self.registry}, cascade=True)
..\..\anaconda3\envs\scrumix\lib\site-packages\sqlalchemy\orm\mapper.py:4199: in _configure_registries
    _do_configure_registries(registries, cascade)
_ _ _ _ _ _ _ _ _ _ _ _ _ _ _ _ _ _ _ _ _ _ _ _ _ _ _ _ _ _ _ _ _ _ _ _ _ _ _ _

registries = set(), cascade = True

    @util.preload_module("sqlalchemy.orm.decl_api")
    def _do_configure_registries(
        registries: Set[_RegistryType], cascade: bool
    ) -> None:
        registry = util.preloaded.orm_decl_api.registry
    
        orig = set(registries)
    
        for reg in registry._recurse_with_dependencies(registries):
            has_skip = False
    
            for mapper in reg._mappers_to_configure():
                run_configure = None
    
                for fn in mapper.dispatch.before_mapper_configured:
                    run_configure = fn(mapper, mapper.class_)
                    if run_configure is EXT_SKIP:
                        has_skip = True
                        break
                if run_configure is EXT_SKIP:
                    continue
    
                if getattr(mapper, "_configure_failed", False):
                    e = sa_exc.InvalidRequestError(
                        "One or more mappers failed to initialize - "
                        "can't proceed with initialization of other "
                        "mappers. Triggering mapper: '%s'. "
                        "Original exception was: %s"
                        % (mapper, mapper._configure_failed)
                    )
                    e._configure_failed = mapper._configure_failed  # type: ignore
>                   raise e
E                   sqlalchemy.exc.InvalidRequestError: One or more mappers failed to initialize - can't proceed with initialization of other mappers. Triggering mapper: 'Mapper[Sprint(sprints)]'. Original exception was: Mapper 'Mapper[Project(projects)]' has no property 'sprints'.  If this property was indicated from other mappers or configure events, ensure registry.configure() has been called.

..\..\anaconda3\envs\scrumix\lib\site-packages\sqlalchemy\orm\mapper.py:4236: InvalidRequestError
_ TestAcceptanceCriteriaCRUD.test_delete_all_acceptance_criteria_by_backlog_id _

self = <tests.test_acceptance_criteria.TestAcceptanceCriteriaCRUD object at 0x0000025E2AB31AE0>
db_session = <sqlalchemy.orm.session.Session object at 0x0000025E2C1FFA00>

    def test_delete_all_acceptance_criteria_by_backlog_id(self, db_session):
        """Test deleting all acceptance criteria by backlog ID"""
        from scrumix.api.crud.acceptance_criteria import acceptance_criteria
        from scrumix.api.schemas.acceptance_criteria import AcceptanceCriteriaCreate
        from scrumix.api.models.backlog import Backlog
        from scrumix.api.models.project import Project
    
        # Create a project and backlog first
>       project = Project(
            name="Test Project",
            description="A test project",
            status="active"
        )

backend\tests\test_acceptance_criteria.py:939: 
_ _ _ _ _ _ _ _ _ _ _ _ _ _ _ _ _ _ _ _ _ _ _ _ _ _ _ _ _ _ _ _ _ _ _ _ _ _ _ _
<string>:4: in __init__
    ???
..\..\anaconda3\envs\scrumix\lib\site-packages\sqlalchemy\orm\state.py:561: in _initialize_instance
    manager.dispatch.init(self, args, kwargs)
..\..\anaconda3\envs\scrumix\lib\site-packages\sqlalchemy\event\attr.py:487: in __call__
    fn(*args, **kw)
..\..\anaconda3\envs\scrumix\lib\site-packages\sqlalchemy\orm\mapper.py:4391: in _event_on_init
    instrumenting_mapper._check_configure()
..\..\anaconda3\envs\scrumix\lib\site-packages\sqlalchemy\orm\mapper.py:2386: in _check_configure
    _configure_registries({self.registry}, cascade=True)
..\..\anaconda3\envs\scrumix\lib\site-packages\sqlalchemy\orm\mapper.py:4199: in _configure_registries
    _do_configure_registries(registries, cascade)
_ _ _ _ _ _ _ _ _ _ _ _ _ _ _ _ _ _ _ _ _ _ _ _ _ _ _ _ _ _ _ _ _ _ _ _ _ _ _ _

registries = set(), cascade = True

    @util.preload_module("sqlalchemy.orm.decl_api")
    def _do_configure_registries(
        registries: Set[_RegistryType], cascade: bool
    ) -> None:
        registry = util.preloaded.orm_decl_api.registry
    
        orig = set(registries)
    
        for reg in registry._recurse_with_dependencies(registries):
            has_skip = False
    
            for mapper in reg._mappers_to_configure():
                run_configure = None
    
                for fn in mapper.dispatch.before_mapper_configured:
                    run_configure = fn(mapper, mapper.class_)
                    if run_configure is EXT_SKIP:
                        has_skip = True
                        break
                if run_configure is EXT_SKIP:
                    continue
    
                if getattr(mapper, "_configure_failed", False):
                    e = sa_exc.InvalidRequestError(
                        "One or more mappers failed to initialize - "
                        "can't proceed with initialization of other "
                        "mappers. Triggering mapper: '%s'. "
                        "Original exception was: %s"
                        % (mapper, mapper._configure_failed)
                    )
                    e._configure_failed = mapper._configure_failed  # type: ignore
>                   raise e
E                   sqlalchemy.exc.InvalidRequestError: One or more mappers failed to initialize - can't proceed with initialization of other mappers. Triggering mapper: 'Mapper[Sprint(sprints)]'. Original exception was: Mapper 'Mapper[Project(projects)]' has no property 'sprints'.  If this property was indicated from other mappers or configure events, ensure registry.configure() has been called.

..\..\anaconda3\envs\scrumix\lib\site-packages\sqlalchemy\orm\mapper.py:4236: InvalidRequestError
_______________ TestCoreFunctionality.test_jwt_token_operations _______________

self = <tests.test_api_coverage.TestCoreFunctionality object at 0x0000025E2AB31A50>

    def test_jwt_token_operations(self):
        """Test JWT token creation and verification"""
        user_data = {"sub": "test@example.com", "user_id": 1}
    
        # Test token creation
        token = create_access_token(data=user_data)
        assert token is not None
        assert isinstance(token, str)
    
        # Test token verification
        payload = verify_token(token)
        assert payload is not None
>       assert payload.get("sub") == "test@example.com"

backend\tests\test_api_coverage.py:79: 
_ _ _ _ _ _ _ _ _ _ _ _ _ _ _ _ _ _ _ _ _ _ _ _ _ _ _ _ _ _ _ _ _ _ _ _ _ _ _ _

self = TokenData(user_id='test@example.com', email=None, scopes=[], full_name=None, username=None, avatar_url=None, provider='local')
item = 'get'

    def __getattr__(self, item: str) -> Any:
        private_attributes = object.__getattribute__(self, '__private_attributes__')
        if item in private_attributes:
            attribute = private_attributes[item]
            if hasattr(attribute, '__get__'):
                return attribute.__get__(self, type(self))  # type: ignore
    
            try:
                # Note: self.__pydantic_private__ cannot be None if self.__private_attributes__ has items
                return self.__pydantic_private__[item]  # type: ignore
            except KeyError as exc:
                raise AttributeError(f'{type(self).__name__!r} object has no attribute {item!r}') from exc
        else:
            # `__pydantic_extra__` can fail to be set if the model is not yet fully initialized.
            # See `BaseModel.__repr_args__` for more details
            try:
                pydantic_extra = object.__getattribute__(self, '__pydantic_extra__')
            except AttributeError:
                pydantic_extra = None
    
            if pydantic_extra:
                try:
                    return pydantic_extra[item]
                except KeyError as exc:
                    raise AttributeError(f'{type(self).__name__!r} object has no attribute {item!r}') from exc
            else:
                if hasattr(self.__class__, item):
                    return super().__getattribute__(item)  # Raises AttributeError if appropriate
                else:
                    # this is the current error
>                   raise AttributeError(f'{type(self).__name__!r} object has no attribute {item!r}')
E                   AttributeError: 'TokenData' object has no attribute 'get'

..\..\anaconda3\envs\scrumix\lib\site-packages\pydantic\main.py:991: AttributeError
_________________ TestModelCoverage.test_user_model_creation __________________

self = <tests.test_api_coverage.TestModelCoverage object at 0x0000025E2AB33340>

    def test_user_model_creation(self):
        """Test User model creation and properties"""
>       user = User(
            email="test@example.com",
            username="testuser",
            full_name="Test User",
            hashed_password="hashed_password",
            is_active=True,
            is_verified=False,
            is_superuser=False,
            status=UserStatus.ACTIVE
        )

backend\tests\test_api_coverage.py:102: 
_ _ _ _ _ _ _ _ _ _ _ _ _ _ _ _ _ _ _ _ _ _ _ _ _ _ _ _ _ _ _ _ _ _ _ _ _ _ _ _
<string>:4: in __init__
    ???
..\..\anaconda3\envs\scrumix\lib\site-packages\sqlalchemy\orm\state.py:561: in _initialize_instance
    manager.dispatch.init(self, args, kwargs)
..\..\anaconda3\envs\scrumix\lib\site-packages\sqlalchemy\event\attr.py:487: in __call__
    fn(*args, **kw)
..\..\anaconda3\envs\scrumix\lib\site-packages\sqlalchemy\orm\mapper.py:4391: in _event_on_init
    instrumenting_mapper._check_configure()
..\..\anaconda3\envs\scrumix\lib\site-packages\sqlalchemy\orm\mapper.py:2386: in _check_configure
    _configure_registries({self.registry}, cascade=True)
..\..\anaconda3\envs\scrumix\lib\site-packages\sqlalchemy\orm\mapper.py:4199: in _configure_registries
    _do_configure_registries(registries, cascade)
_ _ _ _ _ _ _ _ _ _ _ _ _ _ _ _ _ _ _ _ _ _ _ _ _ _ _ _ _ _ _ _ _ _ _ _ _ _ _ _

registries = set(), cascade = True

    @util.preload_module("sqlalchemy.orm.decl_api")
    def _do_configure_registries(
        registries: Set[_RegistryType], cascade: bool
    ) -> None:
        registry = util.preloaded.orm_decl_api.registry
    
        orig = set(registries)
    
        for reg in registry._recurse_with_dependencies(registries):
            has_skip = False
    
            for mapper in reg._mappers_to_configure():
                run_configure = None
    
                for fn in mapper.dispatch.before_mapper_configured:
                    run_configure = fn(mapper, mapper.class_)
                    if run_configure is EXT_SKIP:
                        has_skip = True
                        break
                if run_configure is EXT_SKIP:
                    continue
    
                if getattr(mapper, "_configure_failed", False):
                    e = sa_exc.InvalidRequestError(
                        "One or more mappers failed to initialize - "
                        "can't proceed with initialization of other "
                        "mappers. Triggering mapper: '%s'. "
                        "Original exception was: %s"
                        % (mapper, mapper._configure_failed)
                    )
                    e._configure_failed = mapper._configure_failed  # type: ignore
>                   raise e
E                   sqlalchemy.exc.InvalidRequestError: One or more mappers failed to initialize - can't proceed with initialization of other mappers. Triggering mapper: 'Mapper[Sprint(sprints)]'. Original exception was: Mapper 'Mapper[Project(projects)]' has no property 'sprints'.  If this property was indicated from other mappers or configure events, ensure registry.configure() has been called.

..\..\anaconda3\envs\scrumix\lib\site-packages\sqlalchemy\orm\mapper.py:4236: InvalidRequestError
________________ TestModelCoverage.test_project_model_creation ________________

self = <tests.test_api_coverage.TestModelCoverage object at 0x0000025E2AB334F0>

    def test_project_model_creation(self):
        """Test Project model creation"""
>       project = Project(
            name="Test Project",
            description="A test project",
            status=ProjectStatus.ACTIVE,
            start_date=datetime.now(),
            end_date=datetime.now() + timedelta(days=30),
            color="bg-blue-500"
        )

backend\tests\test_api_coverage.py:120: 
_ _ _ _ _ _ _ _ _ _ _ _ _ _ _ _ _ _ _ _ _ _ _ _ _ _ _ _ _ _ _ _ _ _ _ _ _ _ _ _
<string>:4: in __init__
    ???
..\..\anaconda3\envs\scrumix\lib\site-packages\sqlalchemy\orm\state.py:561: in _initialize_instance
    manager.dispatch.init(self, args, kwargs)
..\..\anaconda3\envs\scrumix\lib\site-packages\sqlalchemy\event\attr.py:487: in __call__
    fn(*args, **kw)
..\..\anaconda3\envs\scrumix\lib\site-packages\sqlalchemy\orm\mapper.py:4391: in _event_on_init
    instrumenting_mapper._check_configure()
..\..\anaconda3\envs\scrumix\lib\site-packages\sqlalchemy\orm\mapper.py:2386: in _check_configure
    _configure_registries({self.registry}, cascade=True)
..\..\anaconda3\envs\scrumix\lib\site-packages\sqlalchemy\orm\mapper.py:4199: in _configure_registries
    _do_configure_registries(registries, cascade)
_ _ _ _ _ _ _ _ _ _ _ _ _ _ _ _ _ _ _ _ _ _ _ _ _ _ _ _ _ _ _ _ _ _ _ _ _ _ _ _

registries = set(), cascade = True

    @util.preload_module("sqlalchemy.orm.decl_api")
    def _do_configure_registries(
        registries: Set[_RegistryType], cascade: bool
    ) -> None:
        registry = util.preloaded.orm_decl_api.registry
    
        orig = set(registries)
    
        for reg in registry._recurse_with_dependencies(registries):
            has_skip = False
    
            for mapper in reg._mappers_to_configure():
                run_configure = None
    
                for fn in mapper.dispatch.before_mapper_configured:
                    run_configure = fn(mapper, mapper.class_)
                    if run_configure is EXT_SKIP:
                        has_skip = True
                        break
                if run_configure is EXT_SKIP:
                    continue
    
                if getattr(mapper, "_configure_failed", False):
                    e = sa_exc.InvalidRequestError(
                        "One or more mappers failed to initialize - "
                        "can't proceed with initialization of other "
                        "mappers. Triggering mapper: '%s'. "
                        "Original exception was: %s"
                        % (mapper, mapper._configure_failed)
                    )
                    e._configure_failed = mapper._configure_failed  # type: ignore
>                   raise e
E                   sqlalchemy.exc.InvalidRequestError: One or more mappers failed to initialize - can't proceed with initialization of other mappers. Triggering mapper: 'Mapper[Sprint(sprints)]'. Original exception was: Mapper 'Mapper[Project(projects)]' has no property 'sprints'.  If this property was indicated from other mappers or configure events, ensure registry.configure() has been called.

..\..\anaconda3\envs\scrumix\lib\site-packages\sqlalchemy\orm\mapper.py:4236: InvalidRequestError
_________________ TestModelCoverage.test_task_model_creation __________________

self = <tests.test_api_coverage.TestModelCoverage object at 0x0000025E2AB336A0>

    def test_task_model_creation(self):
        """Test Task model creation"""
>       task = Task(
            title="Test Task",
            description="A test task",
            status=TaskStatus.todo,
            sprint_id=1
        )

backend\tests\test_api_coverage.py:135: 
_ _ _ _ _ _ _ _ _ _ _ _ _ _ _ _ _ _ _ _ _ _ _ _ _ _ _ _ _ _ _ _ _ _ _ _ _ _ _ _
<string>:4: in __init__
    ???
..\..\anaconda3\envs\scrumix\lib\site-packages\sqlalchemy\orm\state.py:561: in _initialize_instance
    manager.dispatch.init(self, args, kwargs)
..\..\anaconda3\envs\scrumix\lib\site-packages\sqlalchemy\event\attr.py:487: in __call__
    fn(*args, **kw)
..\..\anaconda3\envs\scrumix\lib\site-packages\sqlalchemy\orm\mapper.py:4391: in _event_on_init
    instrumenting_mapper._check_configure()
..\..\anaconda3\envs\scrumix\lib\site-packages\sqlalchemy\orm\mapper.py:2386: in _check_configure
    _configure_registries({self.registry}, cascade=True)
..\..\anaconda3\envs\scrumix\lib\site-packages\sqlalchemy\orm\mapper.py:4199: in _configure_registries
    _do_configure_registries(registries, cascade)
_ _ _ _ _ _ _ _ _ _ _ _ _ _ _ _ _ _ _ _ _ _ _ _ _ _ _ _ _ _ _ _ _ _ _ _ _ _ _ _

registries = set(), cascade = True

    @util.preload_module("sqlalchemy.orm.decl_api")
    def _do_configure_registries(
        registries: Set[_RegistryType], cascade: bool
    ) -> None:
        registry = util.preloaded.orm_decl_api.registry
    
        orig = set(registries)
    
        for reg in registry._recurse_with_dependencies(registries):
            has_skip = False
    
            for mapper in reg._mappers_to_configure():
                run_configure = None
    
                for fn in mapper.dispatch.before_mapper_configured:
                    run_configure = fn(mapper, mapper.class_)
                    if run_configure is EXT_SKIP:
                        has_skip = True
                        break
                if run_configure is EXT_SKIP:
                    continue
    
                if getattr(mapper, "_configure_failed", False):
                    e = sa_exc.InvalidRequestError(
                        "One or more mappers failed to initialize - "
                        "can't proceed with initialization of other "
                        "mappers. Triggering mapper: '%s'. "
                        "Original exception was: %s"
                        % (mapper, mapper._configure_failed)
                    )
                    e._configure_failed = mapper._configure_failed  # type: ignore
>                   raise e
E                   sqlalchemy.exc.InvalidRequestError: One or more mappers failed to initialize - can't proceed with initialization of other mappers. Triggering mapper: 'Mapper[Sprint(sprints)]'. Original exception was: Mapper 'Mapper[Project(projects)]' has no property 'sprints'.  If this property was indicated from other mappers or configure events, ensure registry.configure() has been called.

..\..\anaconda3\envs\scrumix\lib\site-packages\sqlalchemy\orm\mapper.py:4236: InvalidRequestError
__________________ TestModelCoverage.test_tag_model_creation __________________

self = <tests.test_api_coverage.TestModelCoverage object at 0x0000025E2AB33850>

    def test_tag_model_creation(self):
        """Test Tag model creation"""
>       tag = Tag(
            title="Test Tag"
        )

backend\tests\test_api_coverage.py:148: 
_ _ _ _ _ _ _ _ _ _ _ _ _ _ _ _ _ _ _ _ _ _ _ _ _ _ _ _ _ _ _ _ _ _ _ _ _ _ _ _
<string>:4: in __init__
    ???
..\..\anaconda3\envs\scrumix\lib\site-packages\sqlalchemy\orm\state.py:561: in _initialize_instance
    manager.dispatch.init(self, args, kwargs)
..\..\anaconda3\envs\scrumix\lib\site-packages\sqlalchemy\event\attr.py:487: in __call__
    fn(*args, **kw)
..\..\anaconda3\envs\scrumix\lib\site-packages\sqlalchemy\orm\mapper.py:4391: in _event_on_init
    instrumenting_mapper._check_configure()
..\..\anaconda3\envs\scrumix\lib\site-packages\sqlalchemy\orm\mapper.py:2386: in _check_configure
    _configure_registries({self.registry}, cascade=True)
..\..\anaconda3\envs\scrumix\lib\site-packages\sqlalchemy\orm\mapper.py:4199: in _configure_registries
    _do_configure_registries(registries, cascade)
_ _ _ _ _ _ _ _ _ _ _ _ _ _ _ _ _ _ _ _ _ _ _ _ _ _ _ _ _ _ _ _ _ _ _ _ _ _ _ _

registries = set(), cascade = True

    @util.preload_module("sqlalchemy.orm.decl_api")
    def _do_configure_registries(
        registries: Set[_RegistryType], cascade: bool
    ) -> None:
        registry = util.preloaded.orm_decl_api.registry
    
        orig = set(registries)
    
        for reg in registry._recurse_with_dependencies(registries):
            has_skip = False
    
            for mapper in reg._mappers_to_configure():
                run_configure = None
    
                for fn in mapper.dispatch.before_mapper_configured:
                    run_configure = fn(mapper, mapper.class_)
                    if run_configure is EXT_SKIP:
                        has_skip = True
                        break
                if run_configure is EXT_SKIP:
                    continue
    
                if getattr(mapper, "_configure_failed", False):
                    e = sa_exc.InvalidRequestError(
                        "One or more mappers failed to initialize - "
                        "can't proceed with initialization of other "
                        "mappers. Triggering mapper: '%s'. "
                        "Original exception was: %s"
                        % (mapper, mapper._configure_failed)
                    )
                    e._configure_failed = mapper._configure_failed  # type: ignore
>                   raise e
E                   sqlalchemy.exc.InvalidRequestError: One or more mappers failed to initialize - can't proceed with initialization of other mappers. Triggering mapper: 'Mapper[Sprint(sprints)]'. Original exception was: Mapper 'Mapper[Project(projects)]' has no property 'sprints'.  If this property was indicated from other mappers or configure events, ensure registry.configure() has been called.

..\..\anaconda3\envs\scrumix\lib\site-packages\sqlalchemy\orm\mapper.py:4236: InvalidRequestError
________________ TestModelCoverage.test_sprint_model_creation _________________

self = <tests.test_api_coverage.TestModelCoverage object at 0x0000025E2AB33A00>

    def test_sprint_model_creation(self):
        """Test Sprint model creation"""
>       sprint = Sprint(
            sprint_name="Test Sprint",
            sprint_goal="Test Goal",
            start_date=datetime.now(),
            end_date=datetime.now() + timedelta(days=14),
            status=SprintStatus.PLANNING,
            sprint_capacity=100
        )

backend\tests\test_api_coverage.py:156: 
_ _ _ _ _ _ _ _ _ _ _ _ _ _ _ _ _ _ _ _ _ _ _ _ _ _ _ _ _ _ _ _ _ _ _ _ _ _ _ _
<string>:4: in __init__
    ???
..\..\anaconda3\envs\scrumix\lib\site-packages\sqlalchemy\orm\state.py:561: in _initialize_instance
    manager.dispatch.init(self, args, kwargs)
..\..\anaconda3\envs\scrumix\lib\site-packages\sqlalchemy\event\attr.py:487: in __call__
    fn(*args, **kw)
..\..\anaconda3\envs\scrumix\lib\site-packages\sqlalchemy\orm\mapper.py:4391: in _event_on_init
    instrumenting_mapper._check_configure()
..\..\anaconda3\envs\scrumix\lib\site-packages\sqlalchemy\orm\mapper.py:2386: in _check_configure
    _configure_registries({self.registry}, cascade=True)
..\..\anaconda3\envs\scrumix\lib\site-packages\sqlalchemy\orm\mapper.py:4199: in _configure_registries
    _do_configure_registries(registries, cascade)
_ _ _ _ _ _ _ _ _ _ _ _ _ _ _ _ _ _ _ _ _ _ _ _ _ _ _ _ _ _ _ _ _ _ _ _ _ _ _ _

registries = set(), cascade = True

    @util.preload_module("sqlalchemy.orm.decl_api")
    def _do_configure_registries(
        registries: Set[_RegistryType], cascade: bool
    ) -> None:
        registry = util.preloaded.orm_decl_api.registry
    
        orig = set(registries)
    
        for reg in registry._recurse_with_dependencies(registries):
            has_skip = False
    
            for mapper in reg._mappers_to_configure():
                run_configure = None
    
                for fn in mapper.dispatch.before_mapper_configured:
                    run_configure = fn(mapper, mapper.class_)
                    if run_configure is EXT_SKIP:
                        has_skip = True
                        break
                if run_configure is EXT_SKIP:
                    continue
    
                if getattr(mapper, "_configure_failed", False):
                    e = sa_exc.InvalidRequestError(
                        "One or more mappers failed to initialize - "
                        "can't proceed with initialization of other "
                        "mappers. Triggering mapper: '%s'. "
                        "Original exception was: %s"
                        % (mapper, mapper._configure_failed)
                    )
                    e._configure_failed = mapper._configure_failed  # type: ignore
>                   raise e
E                   sqlalchemy.exc.InvalidRequestError: One or more mappers failed to initialize - can't proceed with initialization of other mappers. Triggering mapper: 'Mapper[Sprint(sprints)]'. Original exception was: Mapper 'Mapper[Project(projects)]' has no property 'sprints'.  If this property was indicated from other mappers or configure events, ensure registry.configure() has been called.

..\..\anaconda3\envs\scrumix\lib\site-packages\sqlalchemy\orm\mapper.py:4236: InvalidRequestError
_____________ TestModelCoverage.test_documentation_model_creation _____________

self = <tests.test_api_coverage.TestModelCoverage object at 0x0000025E2AB33BB0>

    def test_documentation_model_creation(self):
        """Test Documentation model creation"""
>       doc = Documentation(
            title="Test Documentation",
            type=DocumentationType.API,
            description="Test description",
            file_url="https://example.com/doc.pdf",
            project_id=1
        )

backend\tests\test_api_coverage.py:171: 
_ _ _ _ _ _ _ _ _ _ _ _ _ _ _ _ _ _ _ _ _ _ _ _ _ _ _ _ _ _ _ _ _ _ _ _ _ _ _ _
<string>:4: in __init__
    ???
..\..\anaconda3\envs\scrumix\lib\site-packages\sqlalchemy\orm\state.py:561: in _initialize_instance
    manager.dispatch.init(self, args, kwargs)
..\..\anaconda3\envs\scrumix\lib\site-packages\sqlalchemy\event\attr.py:487: in __call__
    fn(*args, **kw)
..\..\anaconda3\envs\scrumix\lib\site-packages\sqlalchemy\orm\mapper.py:4391: in _event_on_init
    instrumenting_mapper._check_configure()
..\..\anaconda3\envs\scrumix\lib\site-packages\sqlalchemy\orm\mapper.py:2386: in _check_configure
    _configure_registries({self.registry}, cascade=True)
..\..\anaconda3\envs\scrumix\lib\site-packages\sqlalchemy\orm\mapper.py:4199: in _configure_registries
    _do_configure_registries(registries, cascade)
_ _ _ _ _ _ _ _ _ _ _ _ _ _ _ _ _ _ _ _ _ _ _ _ _ _ _ _ _ _ _ _ _ _ _ _ _ _ _ _

registries = set(), cascade = True

    @util.preload_module("sqlalchemy.orm.decl_api")
    def _do_configure_registries(
        registries: Set[_RegistryType], cascade: bool
    ) -> None:
        registry = util.preloaded.orm_decl_api.registry
    
        orig = set(registries)
    
        for reg in registry._recurse_with_dependencies(registries):
            has_skip = False
    
            for mapper in reg._mappers_to_configure():
                run_configure = None
    
                for fn in mapper.dispatch.before_mapper_configured:
                    run_configure = fn(mapper, mapper.class_)
                    if run_configure is EXT_SKIP:
                        has_skip = True
                        break
                if run_configure is EXT_SKIP:
                    continue
    
                if getattr(mapper, "_configure_failed", False):
                    e = sa_exc.InvalidRequestError(
                        "One or more mappers failed to initialize - "
                        "can't proceed with initialization of other "
                        "mappers. Triggering mapper: '%s'. "
                        "Original exception was: %s"
                        % (mapper, mapper._configure_failed)
                    )
                    e._configure_failed = mapper._configure_failed  # type: ignore
>                   raise e
E                   sqlalchemy.exc.InvalidRequestError: One or more mappers failed to initialize - can't proceed with initialization of other mappers. Triggering mapper: 'Mapper[Sprint(sprints)]'. Original exception was: Mapper 'Mapper[Project(projects)]' has no property 'sprints'.  If this property was indicated from other mappers or configure events, ensure registry.configure() has been called.

..\..\anaconda3\envs\scrumix\lib\site-packages\sqlalchemy\orm\mapper.py:4236: InvalidRequestError
________________ TestCRUDOperations.test_base_crud_operations _________________

self = <tests.test_api_coverage.TestCRUDOperations object at 0x0000025E2AB5C9A0>
db_session = <sqlalchemy.orm.session.Session object at 0x0000025E2B09B9A0>

    def test_base_crud_operations(self, db_session):
        """Test base CRUD functionality"""
        from scrumix.api.crud.base import CRUDBase
        from scrumix.api.schemas.tag import TagCreate, TagUpdate
    
        # Create a simple test using Tag as it has fewer dependencies
        tag_crud = CRUDBase(Tag)
    
        # Test create
        tag_data = TagCreate(title="Test Tag", description="A test tag", color="#FF5733")
>       created_tag = tag_crud.create(db=db_session, obj_in=tag_data)

backend\tests\test_api_coverage.py:281: 
_ _ _ _ _ _ _ _ _ _ _ _ _ _ _ _ _ _ _ _ _ _ _ _ _ _ _ _ _ _ _ _ _ _ _ _ _ _ _ _
backend\src\scrumix\api\crud\base.py:42: in create
    db_obj = self.model(**obj_in_data)
<string>:4: in __init__
    ???
..\..\anaconda3\envs\scrumix\lib\site-packages\sqlalchemy\orm\state.py:561: in _initialize_instance
    manager.dispatch.init(self, args, kwargs)
..\..\anaconda3\envs\scrumix\lib\site-packages\sqlalchemy\event\attr.py:487: in __call__
    fn(*args, **kw)
..\..\anaconda3\envs\scrumix\lib\site-packages\sqlalchemy\orm\mapper.py:4391: in _event_on_init
    instrumenting_mapper._check_configure()
..\..\anaconda3\envs\scrumix\lib\site-packages\sqlalchemy\orm\mapper.py:2386: in _check_configure
    _configure_registries({self.registry}, cascade=True)
..\..\anaconda3\envs\scrumix\lib\site-packages\sqlalchemy\orm\mapper.py:4199: in _configure_registries
    _do_configure_registries(registries, cascade)
_ _ _ _ _ _ _ _ _ _ _ _ _ _ _ _ _ _ _ _ _ _ _ _ _ _ _ _ _ _ _ _ _ _ _ _ _ _ _ _

registries = set(), cascade = True

    @util.preload_module("sqlalchemy.orm.decl_api")
    def _do_configure_registries(
        registries: Set[_RegistryType], cascade: bool
    ) -> None:
        registry = util.preloaded.orm_decl_api.registry
    
        orig = set(registries)
    
        for reg in registry._recurse_with_dependencies(registries):
            has_skip = False
    
            for mapper in reg._mappers_to_configure():
                run_configure = None
    
                for fn in mapper.dispatch.before_mapper_configured:
                    run_configure = fn(mapper, mapper.class_)
                    if run_configure is EXT_SKIP:
                        has_skip = True
                        break
                if run_configure is EXT_SKIP:
                    continue
    
                if getattr(mapper, "_configure_failed", False):
                    e = sa_exc.InvalidRequestError(
                        "One or more mappers failed to initialize - "
                        "can't proceed with initialization of other "
                        "mappers. Triggering mapper: '%s'. "
                        "Original exception was: %s"
                        % (mapper, mapper._configure_failed)
                    )
                    e._configure_failed = mapper._configure_failed  # type: ignore
>                   raise e
E                   sqlalchemy.exc.InvalidRequestError: One or more mappers failed to initialize - can't proceed with initialization of other mappers. Triggering mapper: 'Mapper[Sprint(sprints)]'. Original exception was: Mapper 'Mapper[Project(projects)]' has no property 'sprints'.  If this property was indicated from other mappers or configure events, ensure registry.configure() has been called.

..\..\anaconda3\envs\scrumix\lib\site-packages\sqlalchemy\orm\mapper.py:4236: InvalidRequestError
____________ TestCRUDOperations.test_tag_crud_specific_operations _____________

self = <tests.test_api_coverage.TestCRUDOperations object at 0x0000025E2AB5CB50>
db_session = <sqlalchemy.orm.session.Session object at 0x0000025E2C5CAB60>

    def test_tag_crud_specific_operations(self, db_session):
        """Test Tag-specific CRUD operations"""
        # Test create
        tag_data = TagCreate(title="Unique Tag", description="A unique tag", color="#FF5733")
>       created_tag = tag.create(db=db_session, obj_in=tag_data)

backend\tests\test_api_coverage.py:307: 
_ _ _ _ _ _ _ _ _ _ _ _ _ _ _ _ _ _ _ _ _ _ _ _ _ _ _ _ _ _ _ _ _ _ _ _ _ _ _ _
backend\src\scrumix\api\crud\base.py:42: in create
    db_obj = self.model(**obj_in_data)
<string>:4: in __init__
    ???
..\..\anaconda3\envs\scrumix\lib\site-packages\sqlalchemy\orm\state.py:561: in _initialize_instance
    manager.dispatch.init(self, args, kwargs)
..\..\anaconda3\envs\scrumix\lib\site-packages\sqlalchemy\event\attr.py:487: in __call__
    fn(*args, **kw)
..\..\anaconda3\envs\scrumix\lib\site-packages\sqlalchemy\orm\mapper.py:4391: in _event_on_init
    instrumenting_mapper._check_configure()
..\..\anaconda3\envs\scrumix\lib\site-packages\sqlalchemy\orm\mapper.py:2386: in _check_configure
    _configure_registries({self.registry}, cascade=True)
..\..\anaconda3\envs\scrumix\lib\site-packages\sqlalchemy\orm\mapper.py:4199: in _configure_registries
    _do_configure_registries(registries, cascade)
_ _ _ _ _ _ _ _ _ _ _ _ _ _ _ _ _ _ _ _ _ _ _ _ _ _ _ _ _ _ _ _ _ _ _ _ _ _ _ _

registries = set(), cascade = True

    @util.preload_module("sqlalchemy.orm.decl_api")
    def _do_configure_registries(
        registries: Set[_RegistryType], cascade: bool
    ) -> None:
        registry = util.preloaded.orm_decl_api.registry
    
        orig = set(registries)
    
        for reg in registry._recurse_with_dependencies(registries):
            has_skip = False
    
            for mapper in reg._mappers_to_configure():
                run_configure = None
    
                for fn in mapper.dispatch.before_mapper_configured:
                    run_configure = fn(mapper, mapper.class_)
                    if run_configure is EXT_SKIP:
                        has_skip = True
                        break
                if run_configure is EXT_SKIP:
                    continue
    
                if getattr(mapper, "_configure_failed", False):
                    e = sa_exc.InvalidRequestError(
                        "One or more mappers failed to initialize - "
                        "can't proceed with initialization of other "
                        "mappers. Triggering mapper: '%s'. "
                        "Original exception was: %s"
                        % (mapper, mapper._configure_failed)
                    )
                    e._configure_failed = mapper._configure_failed  # type: ignore
>                   raise e
E                   sqlalchemy.exc.InvalidRequestError: One or more mappers failed to initialize - can't proceed with initialization of other mappers. Triggering mapper: 'Mapper[Sprint(sprints)]'. Original exception was: Mapper 'Mapper[Project(projects)]' has no property 'sprints'.  If this property was indicated from other mappers or configure events, ensure registry.configure() has been called.

..\..\anaconda3\envs\scrumix\lib\site-packages\sqlalchemy\orm\mapper.py:4236: InvalidRequestError
__________________ TestUtilityFunctions.test_oauth_utilities __________________

self = <tests.test_api_coverage.TestUtilityFunctions object at 0x0000025E2AB5CD90>

    def test_oauth_utilities(self):
        """Test OAuth utility functions"""
>       from scrumix.api.utils.oauth import create_oauth_state, verify_oauth_state
E       ImportError: cannot import name 'create_oauth_state' from 'scrumix.api.utils.oauth' (C:\Users\kchwo\Bachelor Thesis\ScrumiX\backend\src\scrumix\api\utils\oauth.py)

backend\tests\test_api_coverage.py:349: ImportError
___________________ TestEnumCoverage.test_task_status_enum ____________________

self = <tests.test_api_coverage.TestEnumCoverage object at 0x0000025E2AB5C880>

    def test_task_status_enum(self):
        """Test TaskStatus enum"""
>       assert TaskStatus.todo == "todo"
E       AssertionError: assert <TaskStatus.todo: 'todo'> == 'todo'
E        +  where <TaskStatus.todo: 'todo'> = TaskStatus.todo

backend\tests\test_api_coverage.py:413: AssertionError
___________________ TestAuthEndpoints.test_register_success ___________________

self = <tests.test_auth.TestAuthEndpoints object at 0x0000025E2AB5DED0>
client = <starlette.testclient.TestClient object at 0x0000025E2C6B9180>
db_session = <sqlalchemy.orm.session.Session object at 0x0000025E2C6BB760>

    def test_register_success(self, client, db_session):
        """Test successful user registration"""
        user_data = {
            "email": "newuser@example.com",
            "username": "newuser",
            "full_name": "New User",
            "password": "newpassword123"
        }
    
>       response = client.post("/api/v1/auth/register", json=user_data)

backend\tests\test_auth.py:31: 
_ _ _ _ _ _ _ _ _ _ _ _ _ _ _ _ _ _ _ _ _ _ _ _ _ _ _ _ _ _ _ _ _ _ _ _ _ _ _ _
..\..\anaconda3\envs\scrumix\lib\site-packages\starlette\testclient.py:590: in post
    return super().post(
..\..\anaconda3\envs\scrumix\lib\site-packages\httpx\_client.py:1132: in post
    return self.request(
..\..\anaconda3\envs\scrumix\lib\site-packages\starlette\testclient.py:465: in request
    return super().request(
..\..\anaconda3\envs\scrumix\lib\site-packages\httpx\_client.py:814: in request
    return self.send(request, auth=auth, follow_redirects=follow_redirects)
..\..\anaconda3\envs\scrumix\lib\site-packages\httpx\_client.py:901: in send
    response = self._send_handling_auth(
..\..\anaconda3\envs\scrumix\lib\site-packages\httpx\_client.py:929: in _send_handling_auth
    response = self._send_handling_redirects(
..\..\anaconda3\envs\scrumix\lib\site-packages\httpx\_client.py:966: in _send_handling_redirects
    response = self._send_single_request(request)
..\..\anaconda3\envs\scrumix\lib\site-packages\httpx\_client.py:1002: in _send_single_request
    response = transport.handle_request(request)
..\..\anaconda3\envs\scrumix\lib\site-packages\starlette\testclient.py:342: in handle_request
    raise exc
..\..\anaconda3\envs\scrumix\lib\site-packages\starlette\testclient.py:339: in handle_request
    portal.call(self.app, scope, receive, send)
..\..\anaconda3\envs\scrumix\lib\site-packages\anyio\from_thread.py:277: in call
    return cast(T_Retval, self.start_task_soon(func, *args).result())
..\..\anaconda3\envs\scrumix\lib\concurrent\futures\_base.py:458: in result
    return self.__get_result()
..\..\anaconda3\envs\scrumix\lib\concurrent\futures\_base.py:403: in __get_result
    raise self._exception
..\..\anaconda3\envs\scrumix\lib\site-packages\anyio\from_thread.py:217: in _call_func
    retval = await retval
..\..\anaconda3\envs\scrumix\lib\site-packages\fastapi\applications.py:1106: in __call__
    await super().__call__(scope, receive, send)
..\..\anaconda3\envs\scrumix\lib\site-packages\starlette\applications.py:122: in __call__
    await self.middleware_stack(scope, receive, send)
..\..\anaconda3\envs\scrumix\lib\site-packages\starlette\middleware\errors.py:184: in __call__
    raise exc
..\..\anaconda3\envs\scrumix\lib\site-packages\starlette\middleware\errors.py:162: in __call__
    await self.app(scope, receive, _send)
..\..\anaconda3\envs\scrumix\lib\site-packages\starlette\middleware\cors.py:83: in __call__
    await self.app(scope, receive, send)
..\..\anaconda3\envs\scrumix\lib\site-packages\starlette\middleware\exceptions.py:79: in __call__
    raise exc
..\..\anaconda3\envs\scrumix\lib\site-packages\starlette\middleware\exceptions.py:68: in __call__
    await self.app(scope, receive, sender)
..\..\anaconda3\envs\scrumix\lib\site-packages\fastapi\middleware\asyncexitstack.py:20: in __call__
    raise e
..\..\anaconda3\envs\scrumix\lib\site-packages\fastapi\middleware\asyncexitstack.py:17: in __call__
    await self.app(scope, receive, send)
..\..\anaconda3\envs\scrumix\lib\site-packages\starlette\routing.py:718: in __call__
    await route.handle(scope, receive, send)
..\..\anaconda3\envs\scrumix\lib\site-packages\starlette\routing.py:276: in handle
    await self.app(scope, receive, send)
..\..\anaconda3\envs\scrumix\lib\site-packages\starlette\routing.py:66: in app
    response = await func(request)
..\..\anaconda3\envs\scrumix\lib\site-packages\fastapi\routing.py:274: in app
    raw_response = await run_endpoint_function(
..\..\anaconda3\envs\scrumix\lib\site-packages\fastapi\routing.py:191: in run_endpoint_function
    return await dependant.call(**values)
backend\src\scrumix\api\routes\auth.py:45: in register
    user = user_crud.create_user(db, user_create)
backend\src\scrumix\api\crud\user.py:19: in create_user
    if self.get_by_email(db, user_create.email):
backend\src\scrumix\api\crud\user.py:49: in get_by_email
    return db.query(User).filter(User.email == email).first()
..\..\anaconda3\envs\scrumix\lib\site-packages\sqlalchemy\orm\session.py:2912: in query
    return self._query_cls(entities, self, **kwargs)
..\..\anaconda3\envs\scrumix\lib\site-packages\sqlalchemy\orm\query.py:276: in __init__
    self._set_entities(entities)
..\..\anaconda3\envs\scrumix\lib\site-packages\sqlalchemy\orm\query.py:288: in _set_entities
    self._raw_columns = [
..\..\anaconda3\envs\scrumix\lib\site-packages\sqlalchemy\orm\query.py:289: in <listcomp>
    coercions.expect(
..\..\anaconda3\envs\scrumix\lib\site-packages\sqlalchemy\sql\coercions.py:406: in expect
    insp._post_inspect
..\..\anaconda3\envs\scrumix\lib\site-packages\sqlalchemy\util\langhelpers.py:1260: in __get__
    obj.__dict__[self.__name__] = result = self.fget(obj)
..\..\anaconda3\envs\scrumix\lib\site-packages\sqlalchemy\orm\mapper.py:2707: in _post_inspect
    self._check_configure()
..\..\anaconda3\envs\scrumix\lib\site-packages\sqlalchemy\orm\mapper.py:2386: in _check_configure
    _configure_registries({self.registry}, cascade=True)
..\..\anaconda3\envs\scrumix\lib\site-packages\sqlalchemy\orm\mapper.py:4199: in _configure_registries
    _do_configure_registries(registries, cascade)
_ _ _ _ _ _ _ _ _ _ _ _ _ _ _ _ _ _ _ _ _ _ _ _ _ _ _ _ _ _ _ _ _ _ _ _ _ _ _ _

registries = set(), cascade = True

    @util.preload_module("sqlalchemy.orm.decl_api")
    def _do_configure_registries(
        registries: Set[_RegistryType], cascade: bool
    ) -> None:
        registry = util.preloaded.orm_decl_api.registry
    
        orig = set(registries)
    
        for reg in registry._recurse_with_dependencies(registries):
            has_skip = False
    
            for mapper in reg._mappers_to_configure():
                run_configure = None
    
                for fn in mapper.dispatch.before_mapper_configured:
                    run_configure = fn(mapper, mapper.class_)
                    if run_configure is EXT_SKIP:
                        has_skip = True
                        break
                if run_configure is EXT_SKIP:
                    continue
    
                if getattr(mapper, "_configure_failed", False):
                    e = sa_exc.InvalidRequestError(
                        "One or more mappers failed to initialize - "
                        "can't proceed with initialization of other "
                        "mappers. Triggering mapper: '%s'. "
                        "Original exception was: %s"
                        % (mapper, mapper._configure_failed)
                    )
                    e._configure_failed = mapper._configure_failed  # type: ignore
>                   raise e
E                   sqlalchemy.exc.InvalidRequestError: One or more mappers failed to initialize - can't proceed with initialization of other mappers. Triggering mapper: 'Mapper[Sprint(sprints)]'. Original exception was: Mapper 'Mapper[Project(projects)]' has no property 'sprints'.  If this property was indicated from other mappers or configure events, ensure registry.configure() has been called.

..\..\anaconda3\envs\scrumix\lib\site-packages\sqlalchemy\orm\mapper.py:4236: InvalidRequestError
________________ TestAuthEndpoints.test_register_weak_password ________________

self = <tests.test_auth.TestAuthEndpoints object at 0x0000025E2AB5E710>
client = <starlette.testclient.TestClient object at 0x0000025E2C1B27A0>
db_session = <sqlalchemy.orm.session.Session object at 0x0000025E2C1B1A20>

    def test_register_weak_password(self, client, db_session):
        """Test registration with weak password"""
        user_data = {
            "email": "test@example.com",
            "username": "testuser",
            "full_name": "Test User",
            "password": "123"
        }
    
>       response = client.post("/api/v1/auth/register", json=user_data)

backend\tests\test_auth.py:89: 
_ _ _ _ _ _ _ _ _ _ _ _ _ _ _ _ _ _ _ _ _ _ _ _ _ _ _ _ _ _ _ _ _ _ _ _ _ _ _ _
..\..\anaconda3\envs\scrumix\lib\site-packages\starlette\testclient.py:590: in post
    return super().post(
..\..\anaconda3\envs\scrumix\lib\site-packages\httpx\_client.py:1132: in post
    return self.request(
..\..\anaconda3\envs\scrumix\lib\site-packages\starlette\testclient.py:465: in request
    return super().request(
..\..\anaconda3\envs\scrumix\lib\site-packages\httpx\_client.py:814: in request
    return self.send(request, auth=auth, follow_redirects=follow_redirects)
..\..\anaconda3\envs\scrumix\lib\site-packages\httpx\_client.py:901: in send
    response = self._send_handling_auth(
..\..\anaconda3\envs\scrumix\lib\site-packages\httpx\_client.py:929: in _send_handling_auth
    response = self._send_handling_redirects(
..\..\anaconda3\envs\scrumix\lib\site-packages\httpx\_client.py:966: in _send_handling_redirects
    response = self._send_single_request(request)
..\..\anaconda3\envs\scrumix\lib\site-packages\httpx\_client.py:1002: in _send_single_request
    response = transport.handle_request(request)
..\..\anaconda3\envs\scrumix\lib\site-packages\starlette\testclient.py:342: in handle_request
    raise exc
..\..\anaconda3\envs\scrumix\lib\site-packages\starlette\testclient.py:339: in handle_request
    portal.call(self.app, scope, receive, send)
..\..\anaconda3\envs\scrumix\lib\site-packages\anyio\from_thread.py:277: in call
    return cast(T_Retval, self.start_task_soon(func, *args).result())
..\..\anaconda3\envs\scrumix\lib\concurrent\futures\_base.py:458: in result
    return self.__get_result()
..\..\anaconda3\envs\scrumix\lib\concurrent\futures\_base.py:403: in __get_result
    raise self._exception
..\..\anaconda3\envs\scrumix\lib\site-packages\anyio\from_thread.py:217: in _call_func
    retval = await retval
..\..\anaconda3\envs\scrumix\lib\site-packages\fastapi\applications.py:1106: in __call__
    await super().__call__(scope, receive, send)
..\..\anaconda3\envs\scrumix\lib\site-packages\starlette\applications.py:122: in __call__
    await self.middleware_stack(scope, receive, send)
..\..\anaconda3\envs\scrumix\lib\site-packages\starlette\middleware\errors.py:184: in __call__
    raise exc
..\..\anaconda3\envs\scrumix\lib\site-packages\starlette\middleware\errors.py:162: in __call__
    await self.app(scope, receive, _send)
..\..\anaconda3\envs\scrumix\lib\site-packages\starlette\middleware\cors.py:83: in __call__
    await self.app(scope, receive, send)
..\..\anaconda3\envs\scrumix\lib\site-packages\starlette\middleware\exceptions.py:79: in __call__
    raise exc
..\..\anaconda3\envs\scrumix\lib\site-packages\starlette\middleware\exceptions.py:68: in __call__
    await self.app(scope, receive, sender)
..\..\anaconda3\envs\scrumix\lib\site-packages\fastapi\middleware\asyncexitstack.py:20: in __call__
    raise e
..\..\anaconda3\envs\scrumix\lib\site-packages\fastapi\middleware\asyncexitstack.py:17: in __call__
    await self.app(scope, receive, send)
..\..\anaconda3\envs\scrumix\lib\site-packages\starlette\routing.py:718: in __call__
    await route.handle(scope, receive, send)
..\..\anaconda3\envs\scrumix\lib\site-packages\starlette\routing.py:276: in handle
    await self.app(scope, receive, send)
..\..\anaconda3\envs\scrumix\lib\site-packages\starlette\routing.py:66: in app
    response = await func(request)
..\..\anaconda3\envs\scrumix\lib\site-packages\fastapi\routing.py:274: in app
    raw_response = await run_endpoint_function(
..\..\anaconda3\envs\scrumix\lib\site-packages\fastapi\routing.py:191: in run_endpoint_function
    return await dependant.call(**values)
backend\src\scrumix\api\routes\auth.py:45: in register
    user = user_crud.create_user(db, user_create)
backend\src\scrumix\api\crud\user.py:19: in create_user
    if self.get_by_email(db, user_create.email):
backend\src\scrumix\api\crud\user.py:49: in get_by_email
    return db.query(User).filter(User.email == email).first()
..\..\anaconda3\envs\scrumix\lib\site-packages\sqlalchemy\orm\session.py:2912: in query
    return self._query_cls(entities, self, **kwargs)
..\..\anaconda3\envs\scrumix\lib\site-packages\sqlalchemy\orm\query.py:276: in __init__
    self._set_entities(entities)
..\..\anaconda3\envs\scrumix\lib\site-packages\sqlalchemy\orm\query.py:288: in _set_entities
    self._raw_columns = [
..\..\anaconda3\envs\scrumix\lib\site-packages\sqlalchemy\orm\query.py:289: in <listcomp>
    coercions.expect(
..\..\anaconda3\envs\scrumix\lib\site-packages\sqlalchemy\sql\coercions.py:406: in expect
    insp._post_inspect
..\..\anaconda3\envs\scrumix\lib\site-packages\sqlalchemy\util\langhelpers.py:1260: in __get__
    obj.__dict__[self.__name__] = result = self.fget(obj)
..\..\anaconda3\envs\scrumix\lib\site-packages\sqlalchemy\orm\mapper.py:2707: in _post_inspect
    self._check_configure()
..\..\anaconda3\envs\scrumix\lib\site-packages\sqlalchemy\orm\mapper.py:2386: in _check_configure
    _configure_registries({self.registry}, cascade=True)
..\..\anaconda3\envs\scrumix\lib\site-packages\sqlalchemy\orm\mapper.py:4199: in _configure_registries
    _do_configure_registries(registries, cascade)
_ _ _ _ _ _ _ _ _ _ _ _ _ _ _ _ _ _ _ _ _ _ _ _ _ _ _ _ _ _ _ _ _ _ _ _ _ _ _ _

registries = set(), cascade = True

    @util.preload_module("sqlalchemy.orm.decl_api")
    def _do_configure_registries(
        registries: Set[_RegistryType], cascade: bool
    ) -> None:
        registry = util.preloaded.orm_decl_api.registry
    
        orig = set(registries)
    
        for reg in registry._recurse_with_dependencies(registries):
            has_skip = False
    
            for mapper in reg._mappers_to_configure():
                run_configure = None
    
                for fn in mapper.dispatch.before_mapper_configured:
                    run_configure = fn(mapper, mapper.class_)
                    if run_configure is EXT_SKIP:
                        has_skip = True
                        break
                if run_configure is EXT_SKIP:
                    continue
    
                if getattr(mapper, "_configure_failed", False):
                    e = sa_exc.InvalidRequestError(
                        "One or more mappers failed to initialize - "
                        "can't proceed with initialization of other "
                        "mappers. Triggering mapper: '%s'. "
                        "Original exception was: %s"
                        % (mapper, mapper._configure_failed)
                    )
                    e._configure_failed = mapper._configure_failed  # type: ignore
>                   raise e
E                   sqlalchemy.exc.InvalidRequestError: One or more mappers failed to initialize - can't proceed with initialization of other mappers. Triggering mapper: 'Mapper[Sprint(sprints)]'. Original exception was: Mapper 'Mapper[Project(projects)]' has no property 'sprints'.  If this property was indicated from other mappers or configure events, ensure registry.configure() has been called.

..\..\anaconda3\envs\scrumix\lib\site-packages\sqlalchemy\orm\mapper.py:4236: InvalidRequestError
_________________ TestAuthEndpoints.test_login_inactive_user __________________

self = <tests.test_auth.TestAuthEndpoints object at 0x0000025E2AB5ED70>
client = <starlette.testclient.TestClient object at 0x0000025E2C5B4760>
db_session = <sqlalchemy.orm.session.Session object at 0x0000025E2C5B4580>

    def test_login_inactive_user(self, client, db_session):
        """Test login with inactive user"""
        # Create inactive user
        from scrumix.api.models.user import User
        from scrumix.api.utils.password import get_password_hash
    
>       inactive_user = User(
            email="inactive@example.com",
            username="inactive",
            full_name="Inactive User",
            hashed_password=get_password_hash("password123"),
            is_active=False
        )

backend\tests\test_auth.py:127: 
_ _ _ _ _ _ _ _ _ _ _ _ _ _ _ _ _ _ _ _ _ _ _ _ _ _ _ _ _ _ _ _ _ _ _ _ _ _ _ _
<string>:4: in __init__
    ???
..\..\anaconda3\envs\scrumix\lib\site-packages\sqlalchemy\orm\state.py:561: in _initialize_instance
    manager.dispatch.init(self, args, kwargs)
..\..\anaconda3\envs\scrumix\lib\site-packages\sqlalchemy\event\attr.py:487: in __call__
    fn(*args, **kw)
..\..\anaconda3\envs\scrumix\lib\site-packages\sqlalchemy\orm\mapper.py:4391: in _event_on_init
    instrumenting_mapper._check_configure()
..\..\anaconda3\envs\scrumix\lib\site-packages\sqlalchemy\orm\mapper.py:2386: in _check_configure
    _configure_registries({self.registry}, cascade=True)
..\..\anaconda3\envs\scrumix\lib\site-packages\sqlalchemy\orm\mapper.py:4199: in _configure_registries
    _do_configure_registries(registries, cascade)
_ _ _ _ _ _ _ _ _ _ _ _ _ _ _ _ _ _ _ _ _ _ _ _ _ _ _ _ _ _ _ _ _ _ _ _ _ _ _ _

registries = set(), cascade = True

    @util.preload_module("sqlalchemy.orm.decl_api")
    def _do_configure_registries(
        registries: Set[_RegistryType], cascade: bool
    ) -> None:
        registry = util.preloaded.orm_decl_api.registry
    
        orig = set(registries)
    
        for reg in registry._recurse_with_dependencies(registries):
            has_skip = False
    
            for mapper in reg._mappers_to_configure():
                run_configure = None
    
                for fn in mapper.dispatch.before_mapper_configured:
                    run_configure = fn(mapper, mapper.class_)
                    if run_configure is EXT_SKIP:
                        has_skip = True
                        break
                if run_configure is EXT_SKIP:
                    continue
    
                if getattr(mapper, "_configure_failed", False):
                    e = sa_exc.InvalidRequestError(
                        "One or more mappers failed to initialize - "
                        "can't proceed with initialization of other "
                        "mappers. Triggering mapper: '%s'. "
                        "Original exception was: %s"
                        % (mapper, mapper._configure_failed)
                    )
                    e._configure_failed = mapper._configure_failed  # type: ignore
>                   raise e
E                   sqlalchemy.exc.InvalidRequestError: One or more mappers failed to initialize - can't proceed with initialization of other mappers. Triggering mapper: 'Mapper[Sprint(sprints)]'. Original exception was: Mapper 'Mapper[Project(projects)]' has no property 'sprints'.  If this property was indicated from other mappers or configure events, ensure registry.configure() has been called.

..\..\anaconda3\envs\scrumix\lib\site-packages\sqlalchemy\orm\mapper.py:4236: InvalidRequestError
________________ TestAuthEndpoints.test_login_nonexistent_user ________________

self = <tests.test_auth.TestAuthEndpoints object at 0x0000025E2AB5EF50>
client = <starlette.testclient.TestClient object at 0x0000025E2C1FB5E0>
db_session = <sqlalchemy.orm.session.Session object at 0x0000025E2C1F84F0>

    def test_login_nonexistent_user(self, client, db_session):
        """Test login with non-existent user"""
        login_data = {
            "email": "nonexistent@example.com",
            "password": "password123",
            "remember_me": False
        }
    
>       response = client.post("/api/v1/auth/login", json=login_data)

backend\tests\test_auth.py:155: 
_ _ _ _ _ _ _ _ _ _ _ _ _ _ _ _ _ _ _ _ _ _ _ _ _ _ _ _ _ _ _ _ _ _ _ _ _ _ _ _
..\..\anaconda3\envs\scrumix\lib\site-packages\starlette\testclient.py:590: in post
    return super().post(
..\..\anaconda3\envs\scrumix\lib\site-packages\httpx\_client.py:1132: in post
    return self.request(
..\..\anaconda3\envs\scrumix\lib\site-packages\starlette\testclient.py:465: in request
    return super().request(
..\..\anaconda3\envs\scrumix\lib\site-packages\httpx\_client.py:814: in request
    return self.send(request, auth=auth, follow_redirects=follow_redirects)
..\..\anaconda3\envs\scrumix\lib\site-packages\httpx\_client.py:901: in send
    response = self._send_handling_auth(
..\..\anaconda3\envs\scrumix\lib\site-packages\httpx\_client.py:929: in _send_handling_auth
    response = self._send_handling_redirects(
..\..\anaconda3\envs\scrumix\lib\site-packages\httpx\_client.py:966: in _send_handling_redirects
    response = self._send_single_request(request)
..\..\anaconda3\envs\scrumix\lib\site-packages\httpx\_client.py:1002: in _send_single_request
    response = transport.handle_request(request)
..\..\anaconda3\envs\scrumix\lib\site-packages\starlette\testclient.py:342: in handle_request
    raise exc
..\..\anaconda3\envs\scrumix\lib\site-packages\starlette\testclient.py:339: in handle_request
    portal.call(self.app, scope, receive, send)
..\..\anaconda3\envs\scrumix\lib\site-packages\anyio\from_thread.py:277: in call
    return cast(T_Retval, self.start_task_soon(func, *args).result())
..\..\anaconda3\envs\scrumix\lib\concurrent\futures\_base.py:458: in result
    return self.__get_result()
..\..\anaconda3\envs\scrumix\lib\concurrent\futures\_base.py:403: in __get_result
    raise self._exception
..\..\anaconda3\envs\scrumix\lib\site-packages\anyio\from_thread.py:217: in _call_func
    retval = await retval
..\..\anaconda3\envs\scrumix\lib\site-packages\fastapi\applications.py:1106: in __call__
    await super().__call__(scope, receive, send)
..\..\anaconda3\envs\scrumix\lib\site-packages\starlette\applications.py:122: in __call__
    await self.middleware_stack(scope, receive, send)
..\..\anaconda3\envs\scrumix\lib\site-packages\starlette\middleware\errors.py:184: in __call__
    raise exc
..\..\anaconda3\envs\scrumix\lib\site-packages\starlette\middleware\errors.py:162: in __call__
    await self.app(scope, receive, _send)
..\..\anaconda3\envs\scrumix\lib\site-packages\starlette\middleware\cors.py:83: in __call__
    await self.app(scope, receive, send)
..\..\anaconda3\envs\scrumix\lib\site-packages\starlette\middleware\exceptions.py:79: in __call__
    raise exc
..\..\anaconda3\envs\scrumix\lib\site-packages\starlette\middleware\exceptions.py:68: in __call__
    await self.app(scope, receive, sender)
..\..\anaconda3\envs\scrumix\lib\site-packages\fastapi\middleware\asyncexitstack.py:20: in __call__
    raise e
..\..\anaconda3\envs\scrumix\lib\site-packages\fastapi\middleware\asyncexitstack.py:17: in __call__
    await self.app(scope, receive, send)
..\..\anaconda3\envs\scrumix\lib\site-packages\starlette\routing.py:718: in __call__
    await route.handle(scope, receive, send)
..\..\anaconda3\envs\scrumix\lib\site-packages\starlette\routing.py:276: in handle
    await self.app(scope, receive, send)
..\..\anaconda3\envs\scrumix\lib\site-packages\starlette\routing.py:66: in app
    response = await func(request)
..\..\anaconda3\envs\scrumix\lib\site-packages\fastapi\routing.py:274: in app
    raw_response = await run_endpoint_function(
..\..\anaconda3\envs\scrumix\lib\site-packages\fastapi\routing.py:191: in run_endpoint_function
    return await dependant.call(**values)
backend\src\scrumix\api\routes\auth.py:66: in login
    user = user_crud.authenticate(db, login_data.email, login_data.password)
backend\src\scrumix\api\crud\user.py:57: in authenticate
    user = self.get_by_email(db, email)
backend\src\scrumix\api\crud\user.py:49: in get_by_email
    return db.query(User).filter(User.email == email).first()
..\..\anaconda3\envs\scrumix\lib\site-packages\sqlalchemy\orm\session.py:2912: in query
    return self._query_cls(entities, self, **kwargs)
..\..\anaconda3\envs\scrumix\lib\site-packages\sqlalchemy\orm\query.py:276: in __init__
    self._set_entities(entities)
..\..\anaconda3\envs\scrumix\lib\site-packages\sqlalchemy\orm\query.py:288: in _set_entities
    self._raw_columns = [
..\..\anaconda3\envs\scrumix\lib\site-packages\sqlalchemy\orm\query.py:289: in <listcomp>
    coercions.expect(
..\..\anaconda3\envs\scrumix\lib\site-packages\sqlalchemy\sql\coercions.py:406: in expect
    insp._post_inspect
..\..\anaconda3\envs\scrumix\lib\site-packages\sqlalchemy\util\langhelpers.py:1260: in __get__
    obj.__dict__[self.__name__] = result = self.fget(obj)
..\..\anaconda3\envs\scrumix\lib\site-packages\sqlalchemy\orm\mapper.py:2707: in _post_inspect
    self._check_configure()
..\..\anaconda3\envs\scrumix\lib\site-packages\sqlalchemy\orm\mapper.py:2386: in _check_configure
    _configure_registries({self.registry}, cascade=True)
..\..\anaconda3\envs\scrumix\lib\site-packages\sqlalchemy\orm\mapper.py:4199: in _configure_registries
    _do_configure_registries(registries, cascade)
_ _ _ _ _ _ _ _ _ _ _ _ _ _ _ _ _ _ _ _ _ _ _ _ _ _ _ _ _ _ _ _ _ _ _ _ _ _ _ _

registries = set(), cascade = True

    @util.preload_module("sqlalchemy.orm.decl_api")
    def _do_configure_registries(
        registries: Set[_RegistryType], cascade: bool
    ) -> None:
        registry = util.preloaded.orm_decl_api.registry
    
        orig = set(registries)
    
        for reg in registry._recurse_with_dependencies(registries):
            has_skip = False
    
            for mapper in reg._mappers_to_configure():
                run_configure = None
    
                for fn in mapper.dispatch.before_mapper_configured:
                    run_configure = fn(mapper, mapper.class_)
                    if run_configure is EXT_SKIP:
                        has_skip = True
                        break
                if run_configure is EXT_SKIP:
                    continue
    
                if getattr(mapper, "_configure_failed", False):
                    e = sa_exc.InvalidRequestError(
                        "One or more mappers failed to initialize - "
                        "can't proceed with initialization of other "
                        "mappers. Triggering mapper: '%s'. "
                        "Original exception was: %s"
                        % (mapper, mapper._configure_failed)
                    )
                    e._configure_failed = mapper._configure_failed  # type: ignore
>                   raise e
E                   sqlalchemy.exc.InvalidRequestError: One or more mappers failed to initialize - can't proceed with initialization of other mappers. Triggering mapper: 'Mapper[Sprint(sprints)]'. Original exception was: Mapper 'Mapper[Project(projects)]' has no property 'sprints'.  If this property was indicated from other mappers or configure events, ensure registry.configure() has been called.

..\..\anaconda3\envs\scrumix\lib\site-packages\sqlalchemy\orm\mapper.py:4236: InvalidRequestError
_________________ TestAuthEndpoints.test_oauth_login_success __________________

self = <tests.test_auth.TestAuthEndpoints object at 0x0000025E2AB5DFF0>
mock_keycloak = <MagicMock name='keycloak_oauth' id='2603498201936'>
client = <starlette.testclient.TestClient object at 0x0000025E2C95FCD0>
db_session = <sqlalchemy.orm.session.Session object at 0x0000025E2C95E1A0>

    @patch('scrumix.api.routes.auth.keycloak_oauth')
    def test_oauth_login_success(self, mock_keycloak, client, db_session):
        """Test successful OAuth login"""
        # Mock OAuth response
        mock_keycloak.authenticate.return_value = {
            "access_token": "oauth_access_token",
            "refresh_token": "oauth_refresh_token",
            "user_info": {
                "sub": "oauth_user_id",
                "email": "oauth@example.com",
                "preferred_username": "oauthuser",
                "name": "OAuth User"
            }
        }
    
        oauth_data = {
            "code": "oauth_code",
            "state": "oauth_state"
        }
    
        response = client.post("/api/v1/auth/oauth/keycloak", json=oauth_data)
>       assert response.status_code == status.HTTP_200_OK
E       assert 404 == 200
E        +  where 404 = <Response [404 Not Found]>.status_code
E        +  and   200 = status.HTTP_200_OK

backend\tests\test_auth.py:191: AssertionError
__________ TestAuthEndpoints.test_forgot_password_nonexistent_email ___________

self = <tests.test_auth.TestAuthEndpoints object at 0x0000025E2AB5FDF0>
client = <starlette.testclient.TestClient object at 0x0000025E2B098FA0>
db_session = <sqlalchemy.orm.session.Session object at 0x0000025E2B09BDF0>

    def test_forgot_password_nonexistent_email(self, client, db_session):
        """Test forgot password with non-existent email"""
        response = client.post("/api/v1/auth/forgot-password", json={"email": "nonexistent@example.com"})
>       assert response.status_code == status.HTTP_200_OK
E       assert 404 == 200
E        +  where 404 = <Response [404 Not Found]>.status_code
E        +  and   200 = status.HTTP_200_OK

backend\tests\test_auth.py:256: AssertionError
_____________ TestAuthEndpoints.test_reset_password_invalid_token _____________

self = <tests.test_auth.TestAuthEndpoints object at 0x0000025E2AB80250>
client = <starlette.testclient.TestClient object at 0x0000025E2C24B370>
db_session = <sqlalchemy.orm.session.Session object at 0x0000025E2C24BFD0>

    def test_reset_password_invalid_token(self, client, db_session):
        """Test password reset with invalid token"""
        reset_data = {
            "token": "invalid_token",
            "new_password": "newpassword123"
        }
    
        response = client.post("/api/v1/auth/reset-password", json=reset_data)
>       assert response.status_code == status.HTTP_400_BAD_REQUEST
E       assert 404 == 400
E        +  where 404 = <Response [404 Not Found]>.status_code
E        +  and   400 = status.HTTP_400_BAD_REQUEST

backend\tests\test_auth.py:282: AssertionError
_________________ TestBacklogCRUD.test_create_backlog_success _________________

self = <tests.test_backlogs.TestBacklogCRUD object at 0x0000025E2AB83580>
db_session = <sqlalchemy.orm.session.Session object at 0x0000025E2C5BCF10>

    def test_create_backlog_success(self, db_session):
        """Test successful backlog creation"""
        from scrumix.api.crud.backlog import backlog_crud
        from scrumix.api.schemas.backlog import BacklogCreate
    
        backlog_data = BacklogCreate(
            title="Test Backlog Item",
            description="A test backlog item",
            status=BacklogStatus.TODO,
            priority=BacklogPriority.MEDIUM,
            story_point=3
        )
    
>       backlog = backlog_crud.create_backlog(db_session, backlog_data)
E       AttributeError: 'BacklogCRUD' object has no attribute 'create_backlog'. Did you mean: 'update_backlog'?

backend\tests\test_backlogs.py:254: AttributeError
___________________ TestBacklogCRUD.test_get_backlog_by_id ____________________

self = <tests.test_backlogs.TestBacklogCRUD object at 0x0000025E2AB83760>
db_session = <sqlalchemy.orm.session.Session object at 0x0000025E2D0209A0>

    def test_get_backlog_by_id(self, db_session):
        """Test getting backlog by ID"""
        from scrumix.api.crud.backlog import backlog_crud
        from scrumix.api.schemas.backlog import BacklogCreate
    
        # Create a backlog first
        backlog_data = BacklogCreate(
            title="Test Backlog for Get",
            description="A test backlog for getting",
            status=BacklogStatus.TODO,
            priority=BacklogPriority.MEDIUM
        )
    
>       created_backlog = backlog_crud.create_backlog(db_session, backlog_data)
E       AttributeError: 'BacklogCRUD' object has no attribute 'create_backlog'. Did you mean: 'update_backlog'?

backend\tests\test_backlogs.py:274: AttributeError
______________ TestBacklogCRUD.test_get_backlogs_with_pagination ______________

self = <tests.test_backlogs.TestBacklogCRUD object at 0x0000025E2AB83940>
db_session = <sqlalchemy.orm.session.Session object at 0x0000025E2C5BDF00>

    def test_get_backlogs_with_pagination(self, db_session):
        """Test getting backlogs with pagination"""
        from scrumix.api.crud.backlog import backlog_crud
        from scrumix.api.schemas.backlog import BacklogCreate
    
        # Create multiple backlogs
        for i in range(5):
            backlog_data = BacklogCreate(
                title=f"Test Backlog {i}",
                description=f"Test backlog {i}",
                status=BacklogStatus.TODO,
                priority=BacklogPriority.MEDIUM
            )
>           backlog_crud.create_backlog(db_session, backlog_data)
E           AttributeError: 'BacklogCRUD' object has no attribute 'create_backlog'. Did you mean: 'update_backlog'?

backend\tests\test_backlogs.py:294: AttributeError
____________ TestBacklogCRUD.test_get_backlogs_with_status_filter _____________

self = <tests.test_backlogs.TestBacklogCRUD object at 0x0000025E2AB83B20>
db_session = <sqlalchemy.orm.session.Session object at 0x0000025E2D0210C0>

    def test_get_backlogs_with_status_filter(self, db_session):
        """Test getting backlogs with status filter"""
        from scrumix.api.crud.backlog import backlog_crud
        from scrumix.api.schemas.backlog import BacklogCreate
    
        # Create backlogs with different statuses
        todo_backlog = BacklogCreate(
            title="To Do Backlog",
            description="A to-do backlog",
            status=BacklogStatus.TODO,
            priority=BacklogPriority.MEDIUM
        )
>       backlog_crud.create_backlog(db_session, todo_backlog)
E       AttributeError: 'BacklogCRUD' object has no attribute 'create_backlog'. Did you mean: 'update_backlog'?

backend\tests\test_backlogs.py:315: AttributeError
___________ TestBacklogCRUD.test_get_backlogs_with_priority_filter ____________

self = <tests.test_backlogs.TestBacklogCRUD object at 0x0000025E2AB83D00>
db_session = <sqlalchemy.orm.session.Session object at 0x0000025E2C1714B0>

    def test_get_backlogs_with_priority_filter(self, db_session):
        """Test getting backlogs with priority filter"""
        from scrumix.api.crud.backlog import backlog_crud
        from scrumix.api.schemas.backlog import BacklogCreate
    
        # Create backlogs with different priorities
        high_priority_backlog = BacklogCreate(
            title="High Priority Backlog",
            description="A high priority backlog",
            status=BacklogStatus.TODO,
            priority=BacklogPriority.HIGH
        )
>       backlog_crud.create_backlog(db_session, high_priority_backlog)
E       AttributeError: 'BacklogCRUD' object has no attribute 'create_backlog'. Did you mean: 'update_backlog'?

backend\tests\test_backlogs.py:347: AttributeError
____________________ TestBacklogCRUD.test_search_backlogs _____________________

self = <tests.test_backlogs.TestBacklogCRUD object at 0x0000025E2AB83EE0>
db_session = <sqlalchemy.orm.session.Session object at 0x0000025E2C1FEB00>

    def test_search_backlogs(self, db_session):
        """Test searching backlogs"""
        from scrumix.api.crud.backlog import backlog_crud
        from scrumix.api.schemas.backlog import BacklogCreate
    
        # Create backlogs with searchable titles
        backlog1 = BacklogCreate(
            title="User Authentication Feature",
            description="Implement user authentication",
            status=BacklogStatus.TODO,
            priority=BacklogPriority.HIGH
        )
>       backlog_crud.create_backlog(db_session, backlog1)
E       AttributeError: 'BacklogCRUD' object has no attribute 'create_backlog'. Did you mean: 'update_backlog'?

backend\tests\test_backlogs.py:379: AttributeError
___________________ TestBacklogCRUD.test_get_root_backlogs ____________________

self = <tests.test_backlogs.TestBacklogCRUD object at 0x0000025E2ABA8100>
db_session = <sqlalchemy.orm.session.Session object at 0x0000025E2CE6E020>

    def test_get_root_backlogs(self, db_session):
        """Test getting root backlog items"""
        from scrumix.api.crud.backlog import backlog_crud
        from scrumix.api.schemas.backlog import BacklogCreate
    
        # Create root backlogs
        root_backlog1 = BacklogCreate(
            title="Root Backlog 1",
            description="First root backlog",
            status=BacklogStatus.TODO,
            priority=BacklogPriority.MEDIUM
        )
>       backlog_crud.create_backlog(db_session, root_backlog1)
E       AttributeError: 'BacklogCRUD' object has no attribute 'create_backlog'. Did you mean: 'update_backlog'?

backend\tests\test_backlogs.py:411: AttributeError
_____________________ TestBacklogCRUD.test_update_backlog _____________________

self = <tests.test_backlogs.TestBacklogCRUD object at 0x0000025E2ABA82E0>
db_session = <sqlalchemy.orm.session.Session object at 0x0000025E2C8217B0>

    def test_update_backlog(self, db_session):
        """Test updating backlog"""
        from scrumix.api.crud.backlog import backlog_crud
        from scrumix.api.schemas.backlog import BacklogCreate, BacklogUpdate
    
        # Create a backlog
        backlog_data = BacklogCreate(
            title="Test Backlog for Update",
            description="A test backlog for updating",
            status=BacklogStatus.TODO,
            priority=BacklogPriority.MEDIUM
        )
    
>       created_backlog = backlog_crud.create_backlog(db_session, backlog_data)
E       AttributeError: 'BacklogCRUD' object has no attribute 'create_backlog'. Did you mean: 'update_backlog'?

backend\tests\test_backlogs.py:438: AttributeError
_____________________ TestBacklogCRUD.test_delete_backlog _____________________

self = <tests.test_backlogs.TestBacklogCRUD object at 0x0000025E2ABA84C0>
db_session = <sqlalchemy.orm.session.Session object at 0x0000025E2C2417E0>

    def test_delete_backlog(self, db_session):
        """Test deleting backlog"""
        from scrumix.api.crud.backlog import backlog_crud
        from scrumix.api.schemas.backlog import BacklogCreate
    
        # Create a backlog
        backlog_data = BacklogCreate(
            title="Test Backlog for Delete",
            description="A test backlog for deletion",
            status=BacklogStatus.TODO,
            priority=BacklogPriority.MEDIUM
        )
    
>       created_backlog = backlog_crud.create_backlog(db_session, backlog_data)
E       AttributeError: 'BacklogCRUD' object has no attribute 'create_backlog'. Did you mean: 'update_backlog'?

backend\tests\test_backlogs.py:467: AttributeError
_________________ TestBacklogCRUD.test_get_backlog_statistics _________________

self = <tests.test_crud_comprehensive.TestBacklogCRUD object at 0x0000025E2ABABAC0>

    def test_get_backlog_statistics(self):
        """Test get_backlog_statistics method"""
        mock_db = MagicMock()
    
        # Mock various query results
        mock_db.query.return_value.filter.return_value.group_by.return_value.all.return_value = [
            (BacklogStatus.TODO, 3),
            (BacklogStatus.IN_PROGRESS, 2)
        ]
        mock_db.query.return_value.filter.return_value.scalar.return_value = 25
        mock_db.query.return_value.filter.return_value.count.return_value = 10
    
>       result = backlog_crud.get_backlog_statistics(mock_db, project_id=1)

backend\tests\test_crud_comprehensive.py:169: 
_ _ _ _ _ _ _ _ _ _ _ _ _ _ _ _ _ _ _ _ _ _ _ _ _ _ _ _ _ _ _ _ _ _ _ _ _ _ _ _
backend\src\scrumix\api\crud\backlog.py:260: in get_backlog_statistics
    and_(
..\..\anaconda3\envs\scrumix\lib\site-packages\sqlalchemy\sql\_elements_constructors.py:245: in and_
    return BooleanClauseList.and_(*clauses)
..\..\anaconda3\envs\scrumix\lib\site-packages\sqlalchemy\sql\elements.py:3221: in and_
    return cls._construct(
..\..\anaconda3\envs\scrumix\lib\site-packages\sqlalchemy\sql\elements.py:3141: in _construct
    [
..\..\anaconda3\envs\scrumix\lib\site-packages\sqlalchemy\sql\elements.py:3142: in <listcomp>
    coercions.expect(roles.WhereHavingRole, clause)
..\..\anaconda3\envs\scrumix\lib\site-packages\sqlalchemy\sql\coercions.py:413: in expect
    resolved = impl._literal_coercion(
..\..\anaconda3\envs\scrumix\lib\site-packages\sqlalchemy\sql\coercions.py:651: in _literal_coercion
    self._raise_for_expected(element, argname)
_ _ _ _ _ _ _ _ _ _ _ _ _ _ _ _ _ _ _ _ _ _ _ _ _ _ _ _ _ _ _ _ _ _ _ _ _ _ _ _

self = <sqlalchemy.sql.coercions.WhereHavingImpl object at 0x0000025E28202880>
element = <MagicMock name='mock.query().filter().whereclause' id='2603496215296'>
argname = None, resolved = None, advice = None, code = None, err = None, kw = {}
got = "<MagicMock name='mock.query().filter().whereclause' id='2603496215296'>"
msg = "SQL expression for WHERE/HAVING role expected, got <MagicMock name='mock.query().filter().whereclause' id='2603496215296'>."

    def _raise_for_expected(
        self,
        element: Any,
        argname: Optional[str] = None,
        resolved: Optional[Any] = None,
        advice: Optional[str] = None,
        code: Optional[str] = None,
        err: Optional[Exception] = None,
        **kw: Any,
    ) -> NoReturn:
        if resolved is not None and resolved is not element:
            got = "%r object resolved from %r object" % (resolved, element)
        else:
            got = repr(element)
    
        if argname:
            msg = "%s expected for argument %r; got %s." % (
                self.name,
                argname,
                got,
            )
        else:
            msg = "%s expected, got %s." % (self.name, got)
    
        if advice:
            msg += " " + advice
    
>       raise exc.ArgumentError(msg, code=code) from err
E       sqlalchemy.exc.ArgumentError: SQL expression for WHERE/HAVING role expected, got <MagicMock name='mock.query().filter().whereclause' id='2603496215296'>.

..\..\anaconda3\envs\scrumix\lib\site-packages\sqlalchemy\sql\coercions.py:535: ArgumentError
__________________ TestSprintCRUD.test_create_sprint_success __________________

self = <tests.test_crud_comprehensive.TestSprintCRUD object at 0x0000025E2ABABEB0>

    def test_create_sprint_success(self):
        """Test successful sprint creation"""
        mock_db = MagicMock()
        mock_query = MagicMock()
        mock_db.query.return_value = mock_query
    
        # Mock no existing sprint with same name
        mock_query.filter.return_value.first.return_value = None
    
        sprint_create = SprintCreate(
            sprint_name="Sprint 1",
            sprint_goal="Complete user stories",
            start_date=datetime.now(),
            end_date=datetime.now() + timedelta(days=14),
            status=SprintStatus.PLANNING,
            sprint_capacity=100
        )
    
        # Mock the created sprint
        mock_sprint = Mock()
        mock_sprint.sprint_id = 1
        mock_sprint.sprint_name = "Sprint 1"
    
        with patch.object(sprint_crud, 'get_by_name', return_value=None):
>           result = sprint_crud.create_sprint(mock_db, sprint_create)

backend\tests\test_crud_comprehensive.py:222: 
_ _ _ _ _ _ _ _ _ _ _ _ _ _ _ _ _ _ _ _ _ _ _ _ _ _ _ _ _ _ _ _ _ _ _ _ _ _ _ _
backend\src\scrumix\api\crud\sprint.py:26: in create_sprint
    db_sprint = Sprint(
<string>:4: in __init__
    ???
..\..\anaconda3\envs\scrumix\lib\site-packages\sqlalchemy\orm\state.py:561: in _initialize_instance
    manager.dispatch.init(self, args, kwargs)
..\..\anaconda3\envs\scrumix\lib\site-packages\sqlalchemy\event\attr.py:487: in __call__
    fn(*args, **kw)
..\..\anaconda3\envs\scrumix\lib\site-packages\sqlalchemy\orm\mapper.py:4391: in _event_on_init
    instrumenting_mapper._check_configure()
..\..\anaconda3\envs\scrumix\lib\site-packages\sqlalchemy\orm\mapper.py:2386: in _check_configure
    _configure_registries({self.registry}, cascade=True)
..\..\anaconda3\envs\scrumix\lib\site-packages\sqlalchemy\orm\mapper.py:4199: in _configure_registries
    _do_configure_registries(registries, cascade)
_ _ _ _ _ _ _ _ _ _ _ _ _ _ _ _ _ _ _ _ _ _ _ _ _ _ _ _ _ _ _ _ _ _ _ _ _ _ _ _

registries = set(), cascade = True

    @util.preload_module("sqlalchemy.orm.decl_api")
    def _do_configure_registries(
        registries: Set[_RegistryType], cascade: bool
    ) -> None:
        registry = util.preloaded.orm_decl_api.registry
    
        orig = set(registries)
    
        for reg in registry._recurse_with_dependencies(registries):
            has_skip = False
    
            for mapper in reg._mappers_to_configure():
                run_configure = None
    
                for fn in mapper.dispatch.before_mapper_configured:
                    run_configure = fn(mapper, mapper.class_)
                    if run_configure is EXT_SKIP:
                        has_skip = True
                        break
                if run_configure is EXT_SKIP:
                    continue
    
                if getattr(mapper, "_configure_failed", False):
                    e = sa_exc.InvalidRequestError(
                        "One or more mappers failed to initialize - "
                        "can't proceed with initialization of other "
                        "mappers. Triggering mapper: '%s'. "
                        "Original exception was: %s"
                        % (mapper, mapper._configure_failed)
                    )
                    e._configure_failed = mapper._configure_failed  # type: ignore
>                   raise e
E                   sqlalchemy.exc.InvalidRequestError: One or more mappers failed to initialize - can't proceed with initialization of other mappers. Triggering mapper: 'Mapper[Sprint(sprints)]'. Original exception was: Mapper 'Mapper[Project(projects)]' has no property 'sprints'.  If this property was indicated from other mappers or configure events, ensure registry.configure() has been called.

..\..\anaconda3\envs\scrumix\lib\site-packages\sqlalchemy\orm\mapper.py:4236: InvalidRequestError
_______________ TestSprintCRUD.test_create_sprint_invalid_dates _______________

self = <tests.test_crud_comprehensive.TestSprintCRUD object at 0x0000025E2ABDC250>

    def test_create_sprint_invalid_dates(self):
        """Test sprint creation with invalid date range"""
        mock_db = MagicMock()
    
        start_date = datetime.now()
>       sprint_create = SprintCreate(
            sprint_name="Test Sprint",
            sprint_goal="Test goal",
            start_date=start_date,
            end_date=start_date - timedelta(days=1),  # End before start
            status=SprintStatus.PLANNING,
            sprint_capacity=100
        )

backend\tests\test_crud_comprehensive.py:250: 
_ _ _ _ _ _ _ _ _ _ _ _ _ _ _ _ _ _ _ _ _ _ _ _ _ _ _ _ _ _ _ _ _ _ _ _ _ _ _ _

self = SprintCreate()
data = {'end_date': datetime.datetime(2025, 7, 20, 19, 52, 2, 627116), 'sprint_capacity': 100, 'sprint_goal': 'Test goal', 'sprint_name': 'Test Sprint', ...}

    def __init__(self, **data):
>       super().__init__(**data)
E       pydantic_core._pydantic_core.ValidationError: 1 validation error for SprintCreate
E       end_date
E         Value error, End date must be after start date [type=value_error, input_value=datetime.datetime(2025, 7, 20, 19, 52, 2, 627116), input_type=datetime]
E           For further information visit https://errors.pydantic.dev/2.11/v/value_error

backend\src\scrumix\api\schemas\sprint.py:23: ValidationError
__________________ TestSprintCRUD.test_get_sprint_statistics __________________

self = <tests.test_crud_comprehensive.TestSprintCRUD object at 0x0000025E2ABDC5B0>

    def test_get_sprint_statistics(self):
        """Test get_sprint_statistics method"""
        mock_db = MagicMock()
    
        # Mock count_sprints calls
        with patch.object(sprint_crud, 'count_sprints', side_effect=[10, 3, 2, 5]):
            with patch.object(sprint_crud, 'get_active_sprints', return_value=[Mock(), Mock()]):
                # Mock sprints for duration calculation
                mock_sprint1 = Mock()
                mock_sprint1.start_date = datetime(2024, 1, 1)
                mock_sprint1.end_date = datetime(2024, 1, 15)
    
                mock_sprint2 = Mock()
                mock_sprint2.start_date = datetime(2024, 1, 16)
                mock_sprint2.end_date = datetime(2024, 1, 30)
    
                mock_db.query.return_value.all.return_value = [mock_sprint1, mock_sprint2]
                mock_db.query.return_value.scalar.return_value = 200
    
>               result = sprint_crud.get_sprint_statistics(mock_db)

backend\tests\test_crud_comprehensive.py:298: 
_ _ _ _ _ _ _ _ _ _ _ _ _ _ _ _ _ _ _ _ _ _ _ _ _ _ _ _ _ _ _ _ _ _ _ _ _ _ _ _
backend\src\scrumix\api\crud\sprint.py:164: in get_sprint_statistics
    status_counts[sprint_status.value] = self.count_sprints(db, sprint_status)
..\..\anaconda3\envs\scrumix\lib\unittest\mock.py:1114: in __call__
    return self._mock_call(*args, **kwargs)
..\..\anaconda3\envs\scrumix\lib\unittest\mock.py:1118: in _mock_call
    return self._execute_mock_call(*args, **kwargs)
_ _ _ _ _ _ _ _ _ _ _ _ _ _ _ _ _ _ _ _ _ _ _ _ _ _ _ _ _ _ _ _ _ _ _ _ _ _ _ _

self = <MagicMock name='count_sprints' id='2603499823136'>
args = (<MagicMock id='2603499827504'>, <SprintStatus.CANCELLED: 'cancelled'>)
kwargs = {}, effect = <list_iterator object at 0x0000025E2C6B56C0>

    def _execute_mock_call(self, /, *args, **kwargs):
        # separate from _increment_mock_call so that awaited functions are
        # executed separately from their call, also AsyncMock overrides this method
    
        effect = self.side_effect
        if effect is not None:
            if _is_exception(effect):
                raise effect
            elif not _callable(effect):
>               result = next(effect)
E               StopIteration

..\..\anaconda3\envs\scrumix\lib\unittest\mock.py:1175: StopIteration
___________ TestDocumentationCRUD.test_create_documentation_success ___________

self = <tests.test_crud_comprehensive.TestDocumentationCRUD object at 0x0000025E2ABDD000>

    def test_create_documentation_success(self):
        """Test successful documentation creation"""
        mock_db = MagicMock()
    
        doc_create = DocumentationCreate(
            title="API Documentation",
            type=DocumentationType.API,
            description="Comprehensive API docs",
            file_url="https://example.com/docs.pdf"
        )
    
        with patch.object(documentation_crud, 'get_by_title', return_value=None):
>           result = documentation_crud.create_documentation(mock_db, doc_create)

backend\tests\test_crud_comprehensive.py:471: 
_ _ _ _ _ _ _ _ _ _ _ _ _ _ _ _ _ _ _ _ _ _ _ _ _ _ _ _ _ _ _ _ _ _ _ _ _ _ _ _
backend\src\scrumix\api\crud\documentation.py:22: in create_documentation
    db_documentation = Documentation(
<string>:4: in __init__
    ???
..\..\anaconda3\envs\scrumix\lib\site-packages\sqlalchemy\orm\state.py:561: in _initialize_instance
    manager.dispatch.init(self, args, kwargs)
..\..\anaconda3\envs\scrumix\lib\site-packages\sqlalchemy\event\attr.py:487: in __call__
    fn(*args, **kw)
..\..\anaconda3\envs\scrumix\lib\site-packages\sqlalchemy\orm\mapper.py:4391: in _event_on_init
    instrumenting_mapper._check_configure()
..\..\anaconda3\envs\scrumix\lib\site-packages\sqlalchemy\orm\mapper.py:2386: in _check_configure
    _configure_registries({self.registry}, cascade=True)
..\..\anaconda3\envs\scrumix\lib\site-packages\sqlalchemy\orm\mapper.py:4199: in _configure_registries
    _do_configure_registries(registries, cascade)
_ _ _ _ _ _ _ _ _ _ _ _ _ _ _ _ _ _ _ _ _ _ _ _ _ _ _ _ _ _ _ _ _ _ _ _ _ _ _ _

registries = set(), cascade = True

    @util.preload_module("sqlalchemy.orm.decl_api")
    def _do_configure_registries(
        registries: Set[_RegistryType], cascade: bool
    ) -> None:
        registry = util.preloaded.orm_decl_api.registry
    
        orig = set(registries)
    
        for reg in registry._recurse_with_dependencies(registries):
            has_skip = False
    
            for mapper in reg._mappers_to_configure():
                run_configure = None
    
                for fn in mapper.dispatch.before_mapper_configured:
                    run_configure = fn(mapper, mapper.class_)
                    if run_configure is EXT_SKIP:
                        has_skip = True
                        break
                if run_configure is EXT_SKIP:
                    continue
    
                if getattr(mapper, "_configure_failed", False):
                    e = sa_exc.InvalidRequestError(
                        "One or more mappers failed to initialize - "
                        "can't proceed with initialization of other "
                        "mappers. Triggering mapper: '%s'. "
                        "Original exception was: %s"
                        % (mapper, mapper._configure_failed)
                    )
                    e._configure_failed = mapper._configure_failed  # type: ignore
>                   raise e
E                   sqlalchemy.exc.InvalidRequestError: One or more mappers failed to initialize - can't proceed with initialization of other mappers. Triggering mapper: 'Mapper[Sprint(sprints)]'. Original exception was: Mapper 'Mapper[Project(projects)]' has no property 'sprints'.  If this property was indicated from other mappers or configure events, ensure registry.configure() has been called.

..\..\anaconda3\envs\scrumix\lib\site-packages\sqlalchemy\orm\mapper.py:4236: InvalidRequestError
_________________ TestProjectCRUD.test_create_project_success _________________

self = <tests.test_crud_comprehensive.TestProjectCRUD object at 0x0000025E2ABDD750>

    def test_create_project_success(self):
        """Test successful project creation"""
        mock_db = MagicMock()
    
        project_create = ProjectCreate(
            name="Test Project",
            description="A test project",
            status=ProjectStatus.PLANNING,
            startDate=datetime.now(),
            endDate=datetime.now() + timedelta(days=30),
            color="bg-blue-500"
        )
    
>       result = project_crud.create_project(mock_db, project_create)

backend\tests\test_crud_comprehensive.py:546: 
_ _ _ _ _ _ _ _ _ _ _ _ _ _ _ _ _ _ _ _ _ _ _ _ _ _ _ _ _ _ _ _ _ _ _ _ _ _ _ _
backend\src\scrumix\api\crud\project.py:21: in create_project
    db_project = Project(
<string>:4: in __init__
    ???
..\..\anaconda3\envs\scrumix\lib\site-packages\sqlalchemy\orm\state.py:561: in _initialize_instance
    manager.dispatch.init(self, args, kwargs)
..\..\anaconda3\envs\scrumix\lib\site-packages\sqlalchemy\event\attr.py:487: in __call__
    fn(*args, **kw)
..\..\anaconda3\envs\scrumix\lib\site-packages\sqlalchemy\orm\mapper.py:4391: in _event_on_init
    instrumenting_mapper._check_configure()
..\..\anaconda3\envs\scrumix\lib\site-packages\sqlalchemy\orm\mapper.py:2386: in _check_configure
    _configure_registries({self.registry}, cascade=True)
..\..\anaconda3\envs\scrumix\lib\site-packages\sqlalchemy\orm\mapper.py:4199: in _configure_registries
    _do_configure_registries(registries, cascade)
_ _ _ _ _ _ _ _ _ _ _ _ _ _ _ _ _ _ _ _ _ _ _ _ _ _ _ _ _ _ _ _ _ _ _ _ _ _ _ _

registries = set(), cascade = True

    @util.preload_module("sqlalchemy.orm.decl_api")
    def _do_configure_registries(
        registries: Set[_RegistryType], cascade: bool
    ) -> None:
        registry = util.preloaded.orm_decl_api.registry
    
        orig = set(registries)
    
        for reg in registry._recurse_with_dependencies(registries):
            has_skip = False
    
            for mapper in reg._mappers_to_configure():
                run_configure = None
    
                for fn in mapper.dispatch.before_mapper_configured:
                    run_configure = fn(mapper, mapper.class_)
                    if run_configure is EXT_SKIP:
                        has_skip = True
                        break
                if run_configure is EXT_SKIP:
                    continue
    
                if getattr(mapper, "_configure_failed", False):
                    e = sa_exc.InvalidRequestError(
                        "One or more mappers failed to initialize - "
                        "can't proceed with initialization of other "
                        "mappers. Triggering mapper: '%s'. "
                        "Original exception was: %s"
                        % (mapper, mapper._configure_failed)
                    )
                    e._configure_failed = mapper._configure_failed  # type: ignore
>                   raise e
E                   sqlalchemy.exc.InvalidRequestError: One or more mappers failed to initialize - can't proceed with initialization of other mappers. Triggering mapper: 'Mapper[Sprint(sprints)]'. Original exception was: Mapper 'Mapper[Project(projects)]' has no property 'sprints'.  If this property was indicated from other mappers or configure events, ensure registry.configure() has been called.

..\..\anaconda3\envs\scrumix\lib\site-packages\sqlalchemy\orm\mapper.py:4236: InvalidRequestError
______________ TestProjectCRUD.test_update_project_name_conflict ______________

self = <tests.test_crud_comprehensive.TestProjectCRUD object at 0x0000025E2ABDDAB0>

    def test_update_project_name_conflict(self):
        """Test updating project with conflicting name"""
        mock_db = MagicMock()
        mock_project = Mock()
        mock_project.id = 1
        mock_project.name = "Original Name"
    
        mock_existing_project = Mock()
        mock_existing_project.id = 2
    
        project_update = ProjectUpdate(name="Conflicting Name")
    
        with patch.object(project_crud, 'get_by_id', return_value=mock_project):
            with patch.object(project_crud, 'get_by_name', return_value=mock_existing_project):
                with pytest.raises(ValueError, match="Project name already in use"):
>                   project_crud.update_project(mock_db, 1, project_update)

backend\tests\test_crud_comprehensive.py:584: 
_ _ _ _ _ _ _ _ _ _ _ _ _ _ _ _ _ _ _ _ _ _ _ _ _ _ _ _ _ _ _ _ _ _ _ _ _ _ _ _

self = <scrumix.api.crud.project.ProjectCRUD object at 0x0000025E29C99210>
db = <MagicMock id='2603495059328'>, project_id = 1
project_update = ProjectUpdate(name='Conflicting Name', description=None, status=None, startDate=None, endDate=None, color=None)

    def update_project(self, db: Session, project_id: int, project_update: ProjectUpdate) -> Optional[Project]:
        """Update project information"""
        project = self.get_by_id(db, project_id)
        if not project:
            return None
    
        update_data = project_update.model_dump(exclude_unset=True, by_alias=True)
    
        # Validate dates
        start_date = update_data.get("start_date", project.start_date)
        end_date = update_data.get("end_date", project.end_date)
>       if start_date >= end_date:
E       TypeError: '>=' not supported between instances of 'Mock' and 'Mock'

backend\src\scrumix\api\crud\project.py:76: TypeError
____________________ TestUserCRUD.test_create_user_success ____________________

self = <tests.test_crud_comprehensive.TestUserCRUD object at 0x0000025E2ABDDEA0>

    def test_create_user_success(self):
        """Test successful user creation"""
        mock_db = MagicMock()
    
        user_create = UserCreate(
            email="test@example.com",
            username="testuser",
            full_name="Test User",
            password="secure_password"
        )
    
        with patch.object(user_crud, 'get_by_email', return_value=None):
            with patch.object(user_crud, 'get_by_username', return_value=None):
>               result = user_crud.create_user(mock_db, user_create)

backend\tests\test_crud_comprehensive.py:614: 
_ _ _ _ _ _ _ _ _ _ _ _ _ _ _ _ _ _ _ _ _ _ _ _ _ _ _ _ _ _ _ _ _ _ _ _ _ _ _ _
backend\src\scrumix\api\crud\user.py:27: in create_user
    db_user = User(
<string>:4: in __init__
    ???
..\..\anaconda3\envs\scrumix\lib\site-packages\sqlalchemy\orm\state.py:561: in _initialize_instance
    manager.dispatch.init(self, args, kwargs)
..\..\anaconda3\envs\scrumix\lib\site-packages\sqlalchemy\event\attr.py:487: in __call__
    fn(*args, **kw)
..\..\anaconda3\envs\scrumix\lib\site-packages\sqlalchemy\orm\mapper.py:4391: in _event_on_init
    instrumenting_mapper._check_configure()
..\..\anaconda3\envs\scrumix\lib\site-packages\sqlalchemy\orm\mapper.py:2386: in _check_configure
    _configure_registries({self.registry}, cascade=True)
..\..\anaconda3\envs\scrumix\lib\site-packages\sqlalchemy\orm\mapper.py:4199: in _configure_registries
    _do_configure_registries(registries, cascade)
_ _ _ _ _ _ _ _ _ _ _ _ _ _ _ _ _ _ _ _ _ _ _ _ _ _ _ _ _ _ _ _ _ _ _ _ _ _ _ _

registries = set(), cascade = True

    @util.preload_module("sqlalchemy.orm.decl_api")
    def _do_configure_registries(
        registries: Set[_RegistryType], cascade: bool
    ) -> None:
        registry = util.preloaded.orm_decl_api.registry
    
        orig = set(registries)
    
        for reg in registry._recurse_with_dependencies(registries):
            has_skip = False
    
            for mapper in reg._mappers_to_configure():
                run_configure = None
    
                for fn in mapper.dispatch.before_mapper_configured:
                    run_configure = fn(mapper, mapper.class_)
                    if run_configure is EXT_SKIP:
                        has_skip = True
                        break
                if run_configure is EXT_SKIP:
                    continue
    
                if getattr(mapper, "_configure_failed", False):
                    e = sa_exc.InvalidRequestError(
                        "One or more mappers failed to initialize - "
                        "can't proceed with initialization of other "
                        "mappers. Triggering mapper: '%s'. "
                        "Original exception was: %s"
                        % (mapper, mapper._configure_failed)
                    )
                    e._configure_failed = mapper._configure_failed  # type: ignore
>                   raise e
E                   sqlalchemy.exc.InvalidRequestError: One or more mappers failed to initialize - can't proceed with initialization of other mappers. Triggering mapper: 'Mapper[Sprint(sprints)]'. Original exception was: Mapper 'Mapper[Project(projects)]' has no property 'sprints'.  If this property was indicated from other mappers or configure events, ensure registry.configure() has been called.

..\..\anaconda3\envs\scrumix\lib\site-packages\sqlalchemy\orm\mapper.py:4236: InvalidRequestError
___________________ TestUserCRUD.test_authenticate_success ____________________

self = <tests.test_crud_comprehensive.TestUserCRUD object at 0x0000025E2ABDE3B0>

    def test_authenticate_success(self):
        """Test successful user authentication"""
        mock_db = MagicMock()
        mock_user = Mock()
        mock_user.hashed_password = "hashed_password"
    
        with patch.object(user_crud, 'get_by_email', return_value=mock_user):
            with patch('scrumix.api.utils.password.verify_password', return_value=True):
>               result = user_crud.authenticate(mock_db, "test@example.com", "password")

backend\tests\test_crud_comprehensive.py:659: 
_ _ _ _ _ _ _ _ _ _ _ _ _ _ _ _ _ _ _ _ _ _ _ _ _ _ _ _ _ _ _ _ _ _ _ _ _ _ _ _
backend\src\scrumix\api\crud\user.py:62: in authenticate
    if not verify_password(password, user.hashed_password):
backend\src\scrumix\api\utils\password.py:11: in verify_password
    return pwd_context.verify(plain_password, hashed_password)
..\..\anaconda3\envs\scrumix\lib\site-packages\passlib\context.py:2343: in verify
    record = self._get_or_identify_record(hash, scheme, category)
..\..\anaconda3\envs\scrumix\lib\site-packages\passlib\context.py:2031: in _get_or_identify_record
    return self._identify_record(hash, category)
_ _ _ _ _ _ _ _ _ _ _ _ _ _ _ _ _ _ _ _ _ _ _ _ _ _ _ _ _ _ _ _ _ _ _ _ _ _ _ _

self = <passlib.context._CryptConfig object at 0x0000025E27E70250>
hash = 'hashed_password', category = None, required = True

    def identify_record(self, hash, category, required=True):
        """internal helper to identify appropriate custom handler for hash"""
        # NOTE: this is part of the critical path shared by
        #       all of CryptContext's PasswordHash methods,
        #       hence all the caching and error checking.
        # FIXME: if multiple hashes could match (e.g. lmhash vs nthash)
        #        this will only return first match. might want to do something
        #        about this in future, but for now only hashes with
        #        unique identifiers will work properly in a CryptContext.
        # XXX: if all handlers have a unique prefix (e.g. all are MCF / LDAP),
        #      could use dict-lookup to speed up this search.
        if not isinstance(hash, unicode_or_bytes_types):
            raise ExpectedStringError(hash, "hash")
        # type check of category - handled by _get_record_list()
        for record in self._get_record_list(category):
            if record.identify(hash):
                return record
        if not required:
            return None
        elif not self.schemes:
            raise KeyError("no crypt algorithms supported")
        else:
>           raise exc.UnknownHashError("hash could not be identified")
E           passlib.exc.UnknownHashError: hash could not be identified

..\..\anaconda3\envs\scrumix\lib\site-packages\passlib\context.py:1132: UnknownHashError
________________ TestUserCRUD.test_authenticate_wrong_password ________________

self = <tests.test_crud_comprehensive.TestUserCRUD object at 0x0000025E2ABAB4F0>

    def test_authenticate_wrong_password(self):
        """Test authentication with wrong password"""
        mock_db = MagicMock()
        mock_user = Mock()
        mock_user.hashed_password = "hashed_password"
    
        with patch.object(user_crud, 'get_by_email', return_value=mock_user):
            with patch('scrumix.api.utils.password.verify_password', return_value=False):
>               result = user_crud.authenticate(mock_db, "test@example.com", "wrong_password")

backend\tests\test_crud_comprehensive.py:671: 
_ _ _ _ _ _ _ _ _ _ _ _ _ _ _ _ _ _ _ _ _ _ _ _ _ _ _ _ _ _ _ _ _ _ _ _ _ _ _ _
backend\src\scrumix\api\crud\user.py:62: in authenticate
    if not verify_password(password, user.hashed_password):
backend\src\scrumix\api\utils\password.py:11: in verify_password
    return pwd_context.verify(plain_password, hashed_password)
..\..\anaconda3\envs\scrumix\lib\site-packages\passlib\context.py:2343: in verify
    record = self._get_or_identify_record(hash, scheme, category)
..\..\anaconda3\envs\scrumix\lib\site-packages\passlib\context.py:2031: in _get_or_identify_record
    return self._identify_record(hash, category)
_ _ _ _ _ _ _ _ _ _ _ _ _ _ _ _ _ _ _ _ _ _ _ _ _ _ _ _ _ _ _ _ _ _ _ _ _ _ _ _

self = <passlib.context._CryptConfig object at 0x0000025E27E70250>
hash = 'hashed_password', category = None, required = True

    def identify_record(self, hash, category, required=True):
        """internal helper to identify appropriate custom handler for hash"""
        # NOTE: this is part of the critical path shared by
        #       all of CryptContext's PasswordHash methods,
        #       hence all the caching and error checking.
        # FIXME: if multiple hashes could match (e.g. lmhash vs nthash)
        #        this will only return first match. might want to do something
        #        about this in future, but for now only hashes with
        #        unique identifiers will work properly in a CryptContext.
        # XXX: if all handlers have a unique prefix (e.g. all are MCF / LDAP),
        #      could use dict-lookup to speed up this search.
        if not isinstance(hash, unicode_or_bytes_types):
            raise ExpectedStringError(hash, "hash")
        # type check of category - handled by _get_record_list()
        for record in self._get_record_list(category):
            if record.identify(hash):
                return record
        if not required:
            return None
        elif not self.schemes:
            raise KeyError("no crypt algorithms supported")
        else:
>           raise exc.UnknownHashError("hash could not be identified")
E           passlib.exc.UnknownHashError: hash could not be identified

..\..\anaconda3\envs\scrumix\lib\site-packages\passlib\context.py:1132: UnknownHashError
_________________________ TestUserCRUD.test_get_user __________________________

self = <tests.test_crud_simple.TestUserCRUD object at 0x0000025E2AC04BB0>
mock_session = <MagicMock spec='Session' id='2603494149664'>

    def test_get_user(self, mock_session):
        """Test getting a user by ID"""
        mock_user = MagicMock(spec=User)
        mock_session.query.return_value.filter.return_value.first.return_value = mock_user
    
>       result = user_crud.get(mock_session, id=1)
E       AttributeError: 'UserCRUD' object has no attribute 'get'

backend\tests\test_crud_simple.py:328: AttributeError
________________________ TestUserCRUD.test_create_user ________________________

self = <tests.test_crud_simple.TestUserCRUD object at 0x0000025E2AC04F70>
mock_session = <MagicMock spec='Session' id='2603490342320'>

    def test_create_user(self, mock_session):
        """Test creating a user"""
        user_data = UserCreate(
            email="test@example.com",
            username="testuser",
            full_name="Test User"
        )
    
>       with patch.object(user_crud, 'create') as mock_create:

backend\tests\test_crud_simple.py:351: 
_ _ _ _ _ _ _ _ _ _ _ _ _ _ _ _ _ _ _ _ _ _ _ _ _ _ _ _ _ _ _ _ _ _ _ _ _ _ _ _
..\..\anaconda3\envs\scrumix\lib\unittest\mock.py:1447: in __enter__
    original, local = self.get_original()
_ _ _ _ _ _ _ _ _ _ _ _ _ _ _ _ _ _ _ _ _ _ _ _ _ _ _ _ _ _ _ _ _ _ _ _ _ _ _ _

self = <unittest.mock._patch object at 0x0000025E2C69EA70>

    def get_original(self):
        target = self.getter()
        name = self.attribute
    
        original = DEFAULT
        local = False
    
        try:
            original = target.__dict__[name]
        except (AttributeError, KeyError):
            original = getattr(target, name, DEFAULT)
        else:
            local = True
    
        if name in _builtins and isinstance(target, ModuleType):
            self.create = True
    
        if not self.create and original is DEFAULT:
>           raise AttributeError(
                "%s does not have the attribute %r" % (target, name)
            )
E           AttributeError: <scrumix.api.crud.user.UserCRUD object at 0x0000025E29B764D0> does not have the attribute 'create'

..\..\anaconda3\envs\scrumix\lib\unittest\mock.py:1420: AttributeError
________________________ TestUserCRUD.test_update_user ________________________

self = <tests.test_crud_simple.TestUserCRUD object at 0x0000025E2AC05150>
mock_session = <MagicMock spec='Session' id='2603466738224'>

    def test_update_user(self, mock_session):
        """Test updating a user"""
        mock_user = MagicMock(spec=User)
        update_data = UserUpdate(full_name="Updated User")
    
>       with patch.object(user_crud, 'update') as mock_update:

backend\tests\test_crud_simple.py:365: 
_ _ _ _ _ _ _ _ _ _ _ _ _ _ _ _ _ _ _ _ _ _ _ _ _ _ _ _ _ _ _ _ _ _ _ _ _ _ _ _
..\..\anaconda3\envs\scrumix\lib\unittest\mock.py:1447: in __enter__
    original, local = self.get_original()
_ _ _ _ _ _ _ _ _ _ _ _ _ _ _ _ _ _ _ _ _ _ _ _ _ _ _ _ _ _ _ _ _ _ _ _ _ _ _ _

self = <unittest.mock._patch object at 0x0000025E2C22E170>

    def get_original(self):
        target = self.getter()
        name = self.attribute
    
        original = DEFAULT
        local = False
    
        try:
            original = target.__dict__[name]
        except (AttributeError, KeyError):
            original = getattr(target, name, DEFAULT)
        else:
            local = True
    
        if name in _builtins and isinstance(target, ModuleType):
            self.create = True
    
        if not self.create and original is DEFAULT:
>           raise AttributeError(
                "%s does not have the attribute %r" % (target, name)
            )
E           AttributeError: <scrumix.api.crud.user.UserCRUD object at 0x0000025E29B764D0> does not have the attribute 'update'

..\..\anaconda3\envs\scrumix\lib\unittest\mock.py:1420: AttributeError
________________________ TestUserCRUD.test_delete_user ________________________

self = <tests.test_crud_simple.TestUserCRUD object at 0x0000025E2AC05330>
mock_session = <MagicMock spec='Session' id='2603496907024'>

    def test_delete_user(self, mock_session):
        """Test deleting a user"""
        mock_user = MagicMock(spec=User)
    
>       with patch.object(user_crud, 'remove') as mock_remove:

backend\tests\test_crud_simple.py:377: 
_ _ _ _ _ _ _ _ _ _ _ _ _ _ _ _ _ _ _ _ _ _ _ _ _ _ _ _ _ _ _ _ _ _ _ _ _ _ _ _
..\..\anaconda3\envs\scrumix\lib\unittest\mock.py:1447: in __enter__
    original, local = self.get_original()
_ _ _ _ _ _ _ _ _ _ _ _ _ _ _ _ _ _ _ _ _ _ _ _ _ _ _ _ _ _ _ _ _ _ _ _ _ _ _ _

self = <unittest.mock._patch object at 0x0000025E2C9DE5F0>

    def get_original(self):
        target = self.getter()
        name = self.attribute
    
        original = DEFAULT
        local = False
    
        try:
            original = target.__dict__[name]
        except (AttributeError, KeyError):
            original = getattr(target, name, DEFAULT)
        else:
            local = True
    
        if name in _builtins and isinstance(target, ModuleType):
            self.create = True
    
        if not self.create and original is DEFAULT:
>           raise AttributeError(
                "%s does not have the attribute %r" % (target, name)
            )
E           AttributeError: <scrumix.api.crud.user.UserCRUD object at 0x0000025E29B764D0> does not have the attribute 'remove'

..\..\anaconda3\envs\scrumix\lib\unittest\mock.py:1420: AttributeError
_______________________ TestDatabase.test_create_tables _______________________

self = <sqlalchemy.engine.base.Connection object at 0x0000025E2C53D270>
dialect = <sqlalchemy.dialects.postgresql.psycopg2.PGDialect_psycopg2 object at 0x0000025E2889A950>
context = <sqlalchemy.dialects.postgresql.psycopg2.PGExecutionContext_psycopg2 object at 0x0000025E2B082770>
statement = <sqlalchemy.dialects.postgresql.base.PGDDLCompiler object at 0x0000025E2B082CE0>
parameters = [immutabledict({})]

    def _exec_single_context(
        self,
        dialect: Dialect,
        context: ExecutionContext,
        statement: Union[str, Compiled],
        parameters: Optional[_AnyMultiExecuteParams],
    ) -> CursorResult[Any]:
        """continue the _execute_context() method for a single DBAPI
        cursor.execute() or cursor.executemany() call.
    
        """
        if dialect.bind_typing is BindTyping.SETINPUTSIZES:
            generic_setinputsizes = context._prepare_set_input_sizes()
    
            if generic_setinputsizes:
                try:
                    dialect.do_set_input_sizes(
                        context.cursor, generic_setinputsizes, context
                    )
                except BaseException as e:
                    self._handle_dbapi_exception(
                        e, str(statement), parameters, None, context
                    )
    
        cursor, str_statement, parameters = (
            context.cursor,
            context.statement,
            context.parameters,
        )
    
        effective_parameters: Optional[_AnyExecuteParams]
    
        if not context.executemany:
            effective_parameters = parameters[0]
        else:
            effective_parameters = parameters
    
        if self._has_events or self.engine._has_events:
            for fn in self.dispatch.before_cursor_execute:
                str_statement, effective_parameters = fn(
                    self,
                    cursor,
                    str_statement,
                    effective_parameters,
                    context,
                    context.executemany,
                )
    
        if self._echo:
            self._log_info(str_statement)
    
            stats = context._get_cache_stats()
    
            if not self.engine.hide_parameters:
                self._log_info(
                    "[%s] %r",
                    stats,
                    sql_util._repr_params(
                        effective_parameters,
                        batches=10,
                        ismulti=context.executemany,
                    ),
                )
            else:
                self._log_info(
                    "[%s] [SQL parameters hidden due to hide_parameters=True]",
                    stats,
                )
    
        evt_handled: bool = False
        try:
            if context.execute_style is ExecuteStyle.EXECUTEMANY:
                effective_parameters = cast(
                    "_CoreMultiExecuteParams", effective_parameters
                )
                if self.dialect._has_events:
                    for fn in self.dialect.dispatch.do_executemany:
                        if fn(
                            cursor,
                            str_statement,
                            effective_parameters,
                            context,
                        ):
                            evt_handled = True
                            break
                if not evt_handled:
                    self.dialect.do_executemany(
                        cursor,
                        str_statement,
                        effective_parameters,
                        context,
                    )
            elif not effective_parameters and context.no_parameters:
                if self.dialect._has_events:
                    for fn in self.dialect.dispatch.do_execute_no_params:
                        if fn(cursor, str_statement, context):
                            evt_handled = True
                            break
                if not evt_handled:
                    self.dialect.do_execute_no_params(
                        cursor, str_statement, context
                    )
            else:
                effective_parameters = cast(
                    "_CoreSingleExecuteParams", effective_parameters
                )
                if self.dialect._has_events:
                    for fn in self.dialect.dispatch.do_execute:
                        if fn(
                            cursor,
                            str_statement,
                            effective_parameters,
                            context,
                        ):
                            evt_handled = True
                            break
                if not evt_handled:
>                   self.dialect.do_execute(
                        cursor, str_statement, effective_parameters, context
                    )

..\..\anaconda3\envs\scrumix\lib\site-packages\sqlalchemy\engine\base.py:1969: 
_ _ _ _ _ _ _ _ _ _ _ _ _ _ _ _ _ _ _ _ _ _ _ _ _ _ _ _ _ _ _ _ _ _ _ _ _ _ _ _

self = <sqlalchemy.dialects.postgresql.psycopg2.PGDialect_psycopg2 object at 0x0000025E2889A950>
cursor = <cursor object at 0x0000025E2AFD9A80; closed: -1>
statement = 'CREATE INDEX idx_backlog_fts ON backlogs USING gin (title, description)'
parameters = immutabledict({})
context = <sqlalchemy.dialects.postgresql.psycopg2.PGExecutionContext_psycopg2 object at 0x0000025E2B082770>

    def do_execute(self, cursor, statement, parameters, context=None):
>       cursor.execute(statement, parameters)
E       psycopg2.errors.UndefinedObject: FEHLER:  Datentyp character varying hat keine Standardoperatorklasse f³r Zugriffsmethode ╗gin½
E       HINT:  Sie m³ssen f³r den Index eine Operatorklasse angeben oder eine Standardoperatorklasse f³r den Datentyp definieren.

..\..\anaconda3\envs\scrumix\lib\site-packages\sqlalchemy\engine\default.py:922: UndefinedObject

The above exception was the direct cause of the following exception:

self = <tests.test_database.TestDatabase object at 0x0000025E2AC058D0>

    def test_create_tables(self):
        """Test table creation function"""
        # This should not raise an exception
>       create_tables()

backend\tests\test_database.py:23: 
_ _ _ _ _ _ _ _ _ _ _ _ _ _ _ _ _ _ _ _ _ _ _ _ _ _ _ _ _ _ _ _ _ _ _ _ _ _ _ _
backend\src\scrumix\api\db\database.py:23: in create_tables
    Base.metadata.create_all(bind=engine)
..\..\anaconda3\envs\scrumix\lib\site-packages\sqlalchemy\sql\schema.py:5828: in create_all
    bind._run_ddl_visitor(
..\..\anaconda3\envs\scrumix\lib\site-packages\sqlalchemy\engine\base.py:3243: in _run_ddl_visitor
    conn._run_ddl_visitor(visitorcallable, element, **kwargs)
..\..\anaconda3\envs\scrumix\lib\site-packages\sqlalchemy\engine\base.py:2447: in _run_ddl_visitor
    visitorcallable(self.dialect, self, **kwargs).traverse_single(element)
..\..\anaconda3\envs\scrumix\lib\site-packages\sqlalchemy\sql\visitors.py:671: in traverse_single
    return meth(obj, **kw)
..\..\anaconda3\envs\scrumix\lib\site-packages\sqlalchemy\sql\ddl.py:919: in visit_metadata
    self.traverse_single(
..\..\anaconda3\envs\scrumix\lib\site-packages\sqlalchemy\sql\visitors.py:671: in traverse_single
    return meth(obj, **kw)
..\..\anaconda3\envs\scrumix\lib\site-packages\sqlalchemy\sql\ddl.py:961: in visit_table
    self.traverse_single(index, create_ok=True)
..\..\anaconda3\envs\scrumix\lib\site-packages\sqlalchemy\sql\visitors.py:671: in traverse_single
    return meth(obj, **kw)
..\..\anaconda3\envs\scrumix\lib\site-packages\sqlalchemy\sql\ddl.py:998: in visit_index
    CreateIndex(index)._invoke_with(self.connection)
..\..\anaconda3\envs\scrumix\lib\site-packages\sqlalchemy\sql\ddl.py:315: in _invoke_with
    return bind.execute(self)
..\..\anaconda3\envs\scrumix\lib\site-packages\sqlalchemy\engine\base.py:1416: in execute
    return meth(
..\..\anaconda3\envs\scrumix\lib\site-packages\sqlalchemy\sql\ddl.py:181: in _execute_on_connection
    return connection._execute_ddl(
..\..\anaconda3\envs\scrumix\lib\site-packages\sqlalchemy\engine\base.py:1528: in _execute_ddl
    ret = self._execute_context(
..\..\anaconda3\envs\scrumix\lib\site-packages\sqlalchemy\engine\base.py:1848: in _execute_context
    return self._exec_single_context(
..\..\anaconda3\envs\scrumix\lib\site-packages\sqlalchemy\engine\base.py:1988: in _exec_single_context
    self._handle_dbapi_exception(
..\..\anaconda3\envs\scrumix\lib\site-packages\sqlalchemy\engine\base.py:2343: in _handle_dbapi_exception
    raise sqlalchemy_exception.with_traceback(exc_info[2]) from e
..\..\anaconda3\envs\scrumix\lib\site-packages\sqlalchemy\engine\base.py:1969: in _exec_single_context
    self.dialect.do_execute(
_ _ _ _ _ _ _ _ _ _ _ _ _ _ _ _ _ _ _ _ _ _ _ _ _ _ _ _ _ _ _ _ _ _ _ _ _ _ _ _

self = <sqlalchemy.dialects.postgresql.psycopg2.PGDialect_psycopg2 object at 0x0000025E2889A950>
cursor = <cursor object at 0x0000025E2AFD9A80; closed: -1>
statement = 'CREATE INDEX idx_backlog_fts ON backlogs USING gin (title, description)'
parameters = immutabledict({})
context = <sqlalchemy.dialects.postgresql.psycopg2.PGExecutionContext_psycopg2 object at 0x0000025E2B082770>

    def do_execute(self, cursor, statement, parameters, context=None):
>       cursor.execute(statement, parameters)
E       sqlalchemy.exc.ProgrammingError: (psycopg2.errors.UndefinedObject) FEHLER:  Datentyp character varying hat keine Standardoperatorklasse f³r Zugriffsmethode ╗gin½
E       HINT:  Sie m³ssen f³r den Index eine Operatorklasse angeben oder eine Standardoperatorklasse f³r den Datentyp definieren.
E       
E       [SQL: CREATE INDEX idx_backlog_fts ON backlogs USING gin (title, description)]
E       (Background on this error at: https://sqlalche.me/e/20/f405)

..\..\anaconda3\envs\scrumix\lib\site-packages\sqlalchemy\engine\default.py:922: ProgrammingError
___________ TestDocumentationCRUD.test_create_documentation_success ___________

self = <tests.test_documentations.TestDocumentationCRUD object at 0x0000025E2AC57760>
db_session = <sqlalchemy.orm.session.Session object at 0x0000025E2C822FB0>

    def test_create_documentation_success(self, db_session):
        """Test successful documentation creation"""
        from scrumix.api.crud.documentation import documentation_crud
        from scrumix.api.schemas.documentation import DocumentationCreate
    
        documentation_data = DocumentationCreate(
            title="Test Documentation",
            description="A test documentation",
            doc_type=DocumentationType.USER_GUIDE,
            content="This is the content of the documentation",
            file_url="https://example.com/doc.pdf",
            version="1.0"
        )
    
>       documentation_obj = documentation_crud.create_documentation(db_session, documentation_data)

backend\tests\test_documentations.py:315: 
_ _ _ _ _ _ _ _ _ _ _ _ _ _ _ _ _ _ _ _ _ _ _ _ _ _ _ _ _ _ _ _ _ _ _ _ _ _ _ _
backend\src\scrumix\api\crud\documentation.py:17: in create_documentation
    existing_doc = self.get_by_title(db, documentation_create.title)
backend\src\scrumix\api\crud\documentation.py:40: in get_by_title
    return db.query(Documentation).filter(Documentation.title == title).first()
..\..\anaconda3\envs\scrumix\lib\site-packages\sqlalchemy\orm\session.py:2912: in query
    return self._query_cls(entities, self, **kwargs)
..\..\anaconda3\envs\scrumix\lib\site-packages\sqlalchemy\orm\query.py:276: in __init__
    self._set_entities(entities)
..\..\anaconda3\envs\scrumix\lib\site-packages\sqlalchemy\orm\query.py:288: in _set_entities
    self._raw_columns = [
..\..\anaconda3\envs\scrumix\lib\site-packages\sqlalchemy\orm\query.py:289: in <listcomp>
    coercions.expect(
..\..\anaconda3\envs\scrumix\lib\site-packages\sqlalchemy\sql\coercions.py:406: in expect
    insp._post_inspect
..\..\anaconda3\envs\scrumix\lib\site-packages\sqlalchemy\util\langhelpers.py:1260: in __get__
    obj.__dict__[self.__name__] = result = self.fget(obj)
..\..\anaconda3\envs\scrumix\lib\site-packages\sqlalchemy\orm\mapper.py:2707: in _post_inspect
    self._check_configure()
..\..\anaconda3\envs\scrumix\lib\site-packages\sqlalchemy\orm\mapper.py:2386: in _check_configure
    _configure_registries({self.registry}, cascade=True)
..\..\anaconda3\envs\scrumix\lib\site-packages\sqlalchemy\orm\mapper.py:4199: in _configure_registries
    _do_configure_registries(registries, cascade)
_ _ _ _ _ _ _ _ _ _ _ _ _ _ _ _ _ _ _ _ _ _ _ _ _ _ _ _ _ _ _ _ _ _ _ _ _ _ _ _

registries = set(), cascade = True

    @util.preload_module("sqlalchemy.orm.decl_api")
    def _do_configure_registries(
        registries: Set[_RegistryType], cascade: bool
    ) -> None:
        registry = util.preloaded.orm_decl_api.registry
    
        orig = set(registries)
    
        for reg in registry._recurse_with_dependencies(registries):
            has_skip = False
    
            for mapper in reg._mappers_to_configure():
                run_configure = None
    
                for fn in mapper.dispatch.before_mapper_configured:
                    run_configure = fn(mapper, mapper.class_)
                    if run_configure is EXT_SKIP:
                        has_skip = True
                        break
                if run_configure is EXT_SKIP:
                    continue
    
                if getattr(mapper, "_configure_failed", False):
                    e = sa_exc.InvalidRequestError(
                        "One or more mappers failed to initialize - "
                        "can't proceed with initialization of other "
                        "mappers. Triggering mapper: '%s'. "
                        "Original exception was: %s"
                        % (mapper, mapper._configure_failed)
                    )
                    e._configure_failed = mapper._configure_failed  # type: ignore
>                   raise e
E                   sqlalchemy.exc.InvalidRequestError: One or more mappers failed to initialize - can't proceed with initialization of other mappers. Triggering mapper: 'Mapper[Sprint(sprints)]'. Original exception was: Mapper 'Mapper[Project(projects)]' has no property 'sprints'.  If this property was indicated from other mappers or configure events, ensure registry.configure() has been called.

..\..\anaconda3\envs\scrumix\lib\site-packages\sqlalchemy\orm\mapper.py:4236: InvalidRequestError
_____________ TestDocumentationCRUD.test_get_documentation_by_id ______________

self = <tests.test_documentations.TestDocumentationCRUD object at 0x0000025E2AC57940>
db_session = <sqlalchemy.orm.session.Session object at 0x0000025E2CEE2020>

    def test_get_documentation_by_id(self, db_session):
        """Test getting documentation by ID"""
        from scrumix.api.crud.documentation import documentation_crud
        from scrumix.api.schemas.documentation import DocumentationCreate
    
        documentation_data = DocumentationCreate(
            title="Test Documentation",
            description="A test documentation",
            doc_type=DocumentationType.USER_GUIDE,
            content="This is the content of the documentation",
            file_url="https://example.com/doc.pdf",
            version="1.0"
        )
    
>       created_documentation = documentation_crud.create_documentation(db_session, documentation_data)

backend\tests\test_documentations.py:335: 
_ _ _ _ _ _ _ _ _ _ _ _ _ _ _ _ _ _ _ _ _ _ _ _ _ _ _ _ _ _ _ _ _ _ _ _ _ _ _ _
backend\src\scrumix\api\crud\documentation.py:17: in create_documentation
    existing_doc = self.get_by_title(db, documentation_create.title)
backend\src\scrumix\api\crud\documentation.py:40: in get_by_title
    return db.query(Documentation).filter(Documentation.title == title).first()
..\..\anaconda3\envs\scrumix\lib\site-packages\sqlalchemy\orm\session.py:2912: in query
    return self._query_cls(entities, self, **kwargs)
..\..\anaconda3\envs\scrumix\lib\site-packages\sqlalchemy\orm\query.py:276: in __init__
    self._set_entities(entities)
..\..\anaconda3\envs\scrumix\lib\site-packages\sqlalchemy\orm\query.py:288: in _set_entities
    self._raw_columns = [
..\..\anaconda3\envs\scrumix\lib\site-packages\sqlalchemy\orm\query.py:289: in <listcomp>
    coercions.expect(
..\..\anaconda3\envs\scrumix\lib\site-packages\sqlalchemy\sql\coercions.py:406: in expect
    insp._post_inspect
..\..\anaconda3\envs\scrumix\lib\site-packages\sqlalchemy\util\langhelpers.py:1260: in __get__
    obj.__dict__[self.__name__] = result = self.fget(obj)
..\..\anaconda3\envs\scrumix\lib\site-packages\sqlalchemy\orm\mapper.py:2707: in _post_inspect
    self._check_configure()
..\..\anaconda3\envs\scrumix\lib\site-packages\sqlalchemy\orm\mapper.py:2386: in _check_configure
    _configure_registries({self.registry}, cascade=True)
..\..\anaconda3\envs\scrumix\lib\site-packages\sqlalchemy\orm\mapper.py:4199: in _configure_registries
    _do_configure_registries(registries, cascade)
_ _ _ _ _ _ _ _ _ _ _ _ _ _ _ _ _ _ _ _ _ _ _ _ _ _ _ _ _ _ _ _ _ _ _ _ _ _ _ _

registries = set(), cascade = True

    @util.preload_module("sqlalchemy.orm.decl_api")
    def _do_configure_registries(
        registries: Set[_RegistryType], cascade: bool
    ) -> None:
        registry = util.preloaded.orm_decl_api.registry
    
        orig = set(registries)
    
        for reg in registry._recurse_with_dependencies(registries):
            has_skip = False
    
            for mapper in reg._mappers_to_configure():
                run_configure = None
    
                for fn in mapper.dispatch.before_mapper_configured:
                    run_configure = fn(mapper, mapper.class_)
                    if run_configure is EXT_SKIP:
                        has_skip = True
                        break
                if run_configure is EXT_SKIP:
                    continue
    
                if getattr(mapper, "_configure_failed", False):
                    e = sa_exc.InvalidRequestError(
                        "One or more mappers failed to initialize - "
                        "can't proceed with initialization of other "
                        "mappers. Triggering mapper: '%s'. "
                        "Original exception was: %s"
                        % (mapper, mapper._configure_failed)
                    )
                    e._configure_failed = mapper._configure_failed  # type: ignore
>                   raise e
E                   sqlalchemy.exc.InvalidRequestError: One or more mappers failed to initialize - can't proceed with initialization of other mappers. Triggering mapper: 'Mapper[Sprint(sprints)]'. Original exception was: Mapper 'Mapper[Project(projects)]' has no property 'sprints'.  If this property was indicated from other mappers or configure events, ensure registry.configure() has been called.

..\..\anaconda3\envs\scrumix\lib\site-packages\sqlalchemy\orm\mapper.py:4236: InvalidRequestError
________ TestDocumentationCRUD.test_get_documentations_with_pagination ________

self = <tests.test_documentations.TestDocumentationCRUD object at 0x0000025E2AC57B20>
db_session = <sqlalchemy.orm.session.Session object at 0x0000025E2C5C1150>

    def test_get_documentations_with_pagination(self, db_session):
        """Test getting documentations with pagination"""
        from scrumix.api.crud.documentation import documentation_crud
        from scrumix.api.schemas.documentation import DocumentationCreate
    
        # Create multiple documentations
        for i in range(5):
            documentation_data = DocumentationCreate(
                title=f"Test Documentation {i}",
                description=f"A test documentation {i}",
                doc_type=DocumentationType.USER_GUIDE,
                content=f"This is the content of documentation {i}",
                file_url=f"https://example.com/doc{i}.pdf",
                version="1.0"
            )
>           documentation_crud.create_documentation(db_session, documentation_data)

backend\tests\test_documentations.py:357: 
_ _ _ _ _ _ _ _ _ _ _ _ _ _ _ _ _ _ _ _ _ _ _ _ _ _ _ _ _ _ _ _ _ _ _ _ _ _ _ _
backend\src\scrumix\api\crud\documentation.py:17: in create_documentation
    existing_doc = self.get_by_title(db, documentation_create.title)
backend\src\scrumix\api\crud\documentation.py:40: in get_by_title
    return db.query(Documentation).filter(Documentation.title == title).first()
..\..\anaconda3\envs\scrumix\lib\site-packages\sqlalchemy\orm\session.py:2912: in query
    return self._query_cls(entities, self, **kwargs)
..\..\anaconda3\envs\scrumix\lib\site-packages\sqlalchemy\orm\query.py:276: in __init__
    self._set_entities(entities)
..\..\anaconda3\envs\scrumix\lib\site-packages\sqlalchemy\orm\query.py:288: in _set_entities
    self._raw_columns = [
..\..\anaconda3\envs\scrumix\lib\site-packages\sqlalchemy\orm\query.py:289: in <listcomp>
    coercions.expect(
..\..\anaconda3\envs\scrumix\lib\site-packages\sqlalchemy\sql\coercions.py:406: in expect
    insp._post_inspect
..\..\anaconda3\envs\scrumix\lib\site-packages\sqlalchemy\util\langhelpers.py:1260: in __get__
    obj.__dict__[self.__name__] = result = self.fget(obj)
..\..\anaconda3\envs\scrumix\lib\site-packages\sqlalchemy\orm\mapper.py:2707: in _post_inspect
    self._check_configure()
..\..\anaconda3\envs\scrumix\lib\site-packages\sqlalchemy\orm\mapper.py:2386: in _check_configure
    _configure_registries({self.registry}, cascade=True)
..\..\anaconda3\envs\scrumix\lib\site-packages\sqlalchemy\orm\mapper.py:4199: in _configure_registries
    _do_configure_registries(registries, cascade)
_ _ _ _ _ _ _ _ _ _ _ _ _ _ _ _ _ _ _ _ _ _ _ _ _ _ _ _ _ _ _ _ _ _ _ _ _ _ _ _

registries = set(), cascade = True

    @util.preload_module("sqlalchemy.orm.decl_api")
    def _do_configure_registries(
        registries: Set[_RegistryType], cascade: bool
    ) -> None:
        registry = util.preloaded.orm_decl_api.registry
    
        orig = set(registries)
    
        for reg in registry._recurse_with_dependencies(registries):
            has_skip = False
    
            for mapper in reg._mappers_to_configure():
                run_configure = None
    
                for fn in mapper.dispatch.before_mapper_configured:
                    run_configure = fn(mapper, mapper.class_)
                    if run_configure is EXT_SKIP:
                        has_skip = True
                        break
                if run_configure is EXT_SKIP:
                    continue
    
                if getattr(mapper, "_configure_failed", False):
                    e = sa_exc.InvalidRequestError(
                        "One or more mappers failed to initialize - "
                        "can't proceed with initialization of other "
                        "mappers. Triggering mapper: '%s'. "
                        "Original exception was: %s"
                        % (mapper, mapper._configure_failed)
                    )
                    e._configure_failed = mapper._configure_failed  # type: ignore
>                   raise e
E                   sqlalchemy.exc.InvalidRequestError: One or more mappers failed to initialize - can't proceed with initialization of other mappers. Triggering mapper: 'Mapper[Sprint(sprints)]'. Original exception was: Mapper 'Mapper[Project(projects)]' has no property 'sprints'.  If this property was indicated from other mappers or configure events, ensure registry.configure() has been called.

..\..\anaconda3\envs\scrumix\lib\site-packages\sqlalchemy\orm\mapper.py:4236: InvalidRequestError
____________ TestDocumentationCRUD.test_get_documentations_by_type ____________

self = <tests.test_documentations.TestDocumentationCRUD object at 0x0000025E2AC57D00>
db_session = <sqlalchemy.orm.session.Session object at 0x0000025E2C9D2710>

    def test_get_documentations_by_type(self, db_session):
        """Test getting documentations by type"""
        from scrumix.api.crud.documentation import documentation_crud
        from scrumix.api.schemas.documentation import DocumentationCreate
    
        # Create documentations with different types
        doc_types = [DocumentationType.USER_GUIDE, DocumentationType.API, DocumentationType.TUTORIAL]
        for doc_type in doc_types:
            documentation_data = DocumentationCreate(
                title=f"Test Documentation {doc_type}",
                description="A test documentation",
                doc_type=doc_type,
                content="This is the content of the documentation",
                file_url="https://example.com/doc.pdf",
                version="1.0"
            )
>           documentation_crud.create_documentation(db_session, documentation_data)

backend\tests\test_documentations.py:378: 
_ _ _ _ _ _ _ _ _ _ _ _ _ _ _ _ _ _ _ _ _ _ _ _ _ _ _ _ _ _ _ _ _ _ _ _ _ _ _ _
backend\src\scrumix\api\crud\documentation.py:17: in create_documentation
    existing_doc = self.get_by_title(db, documentation_create.title)
backend\src\scrumix\api\crud\documentation.py:40: in get_by_title
    return db.query(Documentation).filter(Documentation.title == title).first()
..\..\anaconda3\envs\scrumix\lib\site-packages\sqlalchemy\orm\session.py:2912: in query
    return self._query_cls(entities, self, **kwargs)
..\..\anaconda3\envs\scrumix\lib\site-packages\sqlalchemy\orm\query.py:276: in __init__
    self._set_entities(entities)
..\..\anaconda3\envs\scrumix\lib\site-packages\sqlalchemy\orm\query.py:288: in _set_entities
    self._raw_columns = [
..\..\anaconda3\envs\scrumix\lib\site-packages\sqlalchemy\orm\query.py:289: in <listcomp>
    coercions.expect(
..\..\anaconda3\envs\scrumix\lib\site-packages\sqlalchemy\sql\coercions.py:406: in expect
    insp._post_inspect
..\..\anaconda3\envs\scrumix\lib\site-packages\sqlalchemy\util\langhelpers.py:1260: in __get__
    obj.__dict__[self.__name__] = result = self.fget(obj)
..\..\anaconda3\envs\scrumix\lib\site-packages\sqlalchemy\orm\mapper.py:2707: in _post_inspect
    self._check_configure()
..\..\anaconda3\envs\scrumix\lib\site-packages\sqlalchemy\orm\mapper.py:2386: in _check_configure
    _configure_registries({self.registry}, cascade=True)
..\..\anaconda3\envs\scrumix\lib\site-packages\sqlalchemy\orm\mapper.py:4199: in _configure_registries
    _do_configure_registries(registries, cascade)
_ _ _ _ _ _ _ _ _ _ _ _ _ _ _ _ _ _ _ _ _ _ _ _ _ _ _ _ _ _ _ _ _ _ _ _ _ _ _ _

registries = set(), cascade = True

    @util.preload_module("sqlalchemy.orm.decl_api")
    def _do_configure_registries(
        registries: Set[_RegistryType], cascade: bool
    ) -> None:
        registry = util.preloaded.orm_decl_api.registry
    
        orig = set(registries)
    
        for reg in registry._recurse_with_dependencies(registries):
            has_skip = False
    
            for mapper in reg._mappers_to_configure():
                run_configure = None
    
                for fn in mapper.dispatch.before_mapper_configured:
                    run_configure = fn(mapper, mapper.class_)
                    if run_configure is EXT_SKIP:
                        has_skip = True
                        break
                if run_configure is EXT_SKIP:
                    continue
    
                if getattr(mapper, "_configure_failed", False):
                    e = sa_exc.InvalidRequestError(
                        "One or more mappers failed to initialize - "
                        "can't proceed with initialization of other "
                        "mappers. Triggering mapper: '%s'. "
                        "Original exception was: %s"
                        % (mapper, mapper._configure_failed)
                    )
                    e._configure_failed = mapper._configure_failed  # type: ignore
>                   raise e
E                   sqlalchemy.exc.InvalidRequestError: One or more mappers failed to initialize - can't proceed with initialization of other mappers. Triggering mapper: 'Mapper[Sprint(sprints)]'. Original exception was: Mapper 'Mapper[Project(projects)]' has no property 'sprints'.  If this property was indicated from other mappers or configure events, ensure registry.configure() has been called.

..\..\anaconda3\envs\scrumix\lib\site-packages\sqlalchemy\orm\mapper.py:4236: InvalidRequestError
______________ TestDocumentationCRUD.test_search_documentations _______________

self = <tests.test_documentations.TestDocumentationCRUD object at 0x0000025E2AC57EE0>
db_session = <sqlalchemy.orm.session.Session object at 0x0000025E2C9DFFD0>

    def test_search_documentations(self, db_session):
        """Test searching documentations"""
        from scrumix.api.crud.documentation import documentation_crud
        from scrumix.api.schemas.documentation import DocumentationCreate
    
        # Create documentations with different titles
        doc_titles = ["Python Guide", "JavaScript Guide", "React Guide", "Vue Guide"]
        for title in doc_titles:
            documentation_data = DocumentationCreate(
                title=title,
                description="A test documentation",
                doc_type=DocumentationType.USER_GUIDE,
                content="This is the content of the documentation",
                file_url="https://example.com/doc.pdf",
                version="1.0"
            )
>           documentation_crud.create_documentation(db_session, documentation_data)

backend\tests\test_documentations.py:401: 
_ _ _ _ _ _ _ _ _ _ _ _ _ _ _ _ _ _ _ _ _ _ _ _ _ _ _ _ _ _ _ _ _ _ _ _ _ _ _ _
backend\src\scrumix\api\crud\documentation.py:17: in create_documentation
    existing_doc = self.get_by_title(db, documentation_create.title)
backend\src\scrumix\api\crud\documentation.py:40: in get_by_title
    return db.query(Documentation).filter(Documentation.title == title).first()
..\..\anaconda3\envs\scrumix\lib\site-packages\sqlalchemy\orm\session.py:2912: in query
    return self._query_cls(entities, self, **kwargs)
..\..\anaconda3\envs\scrumix\lib\site-packages\sqlalchemy\orm\query.py:276: in __init__
    self._set_entities(entities)
..\..\anaconda3\envs\scrumix\lib\site-packages\sqlalchemy\orm\query.py:288: in _set_entities
    self._raw_columns = [
..\..\anaconda3\envs\scrumix\lib\site-packages\sqlalchemy\orm\query.py:289: in <listcomp>
    coercions.expect(
..\..\anaconda3\envs\scrumix\lib\site-packages\sqlalchemy\sql\coercions.py:406: in expect
    insp._post_inspect
..\..\anaconda3\envs\scrumix\lib\site-packages\sqlalchemy\util\langhelpers.py:1260: in __get__
    obj.__dict__[self.__name__] = result = self.fget(obj)
..\..\anaconda3\envs\scrumix\lib\site-packages\sqlalchemy\orm\mapper.py:2707: in _post_inspect
    self._check_configure()
..\..\anaconda3\envs\scrumix\lib\site-packages\sqlalchemy\orm\mapper.py:2386: in _check_configure
    _configure_registries({self.registry}, cascade=True)
..\..\anaconda3\envs\scrumix\lib\site-packages\sqlalchemy\orm\mapper.py:4199: in _configure_registries
    _do_configure_registries(registries, cascade)
_ _ _ _ _ _ _ _ _ _ _ _ _ _ _ _ _ _ _ _ _ _ _ _ _ _ _ _ _ _ _ _ _ _ _ _ _ _ _ _

registries = set(), cascade = True

    @util.preload_module("sqlalchemy.orm.decl_api")
    def _do_configure_registries(
        registries: Set[_RegistryType], cascade: bool
    ) -> None:
        registry = util.preloaded.orm_decl_api.registry
    
        orig = set(registries)
    
        for reg in registry._recurse_with_dependencies(registries):
            has_skip = False
    
            for mapper in reg._mappers_to_configure():
                run_configure = None
    
                for fn in mapper.dispatch.before_mapper_configured:
                    run_configure = fn(mapper, mapper.class_)
                    if run_configure is EXT_SKIP:
                        has_skip = True
                        break
                if run_configure is EXT_SKIP:
                    continue
    
                if getattr(mapper, "_configure_failed", False):
                    e = sa_exc.InvalidRequestError(
                        "One or more mappers failed to initialize - "
                        "can't proceed with initialization of other "
                        "mappers. Triggering mapper: '%s'. "
                        "Original exception was: %s"
                        % (mapper, mapper._configure_failed)
                    )
                    e._configure_failed = mapper._configure_failed  # type: ignore
>                   raise e
E                   sqlalchemy.exc.InvalidRequestError: One or more mappers failed to initialize - can't proceed with initialization of other mappers. Triggering mapper: 'Mapper[Sprint(sprints)]'. Original exception was: Mapper 'Mapper[Project(projects)]' has no property 'sprints'.  If this property was indicated from other mappers or configure events, ensure registry.configure() has been called.

..\..\anaconda3\envs\scrumix\lib\site-packages\sqlalchemy\orm\mapper.py:4236: InvalidRequestError
________________ TestDocumentationCRUD.test_search_by_file_url ________________

self = <tests.test_documentations.TestDocumentationCRUD object at 0x0000025E2AC7C100>
db_session = <sqlalchemy.orm.session.Session object at 0x0000025E2AB82F80>

    def test_search_by_file_url(self, db_session):
        """Test searching documentations by file URL"""
        from scrumix.api.crud.documentation import documentation_crud
        from scrumix.api.schemas.documentation import DocumentationCreate
    
        # Create documentations with different file URLs
        file_urls = ["https://example.com/doc1.pdf", "https://example.com/doc2.pdf", "https://example.com/guide.md"]
        for file_url in file_urls:
            documentation_data = DocumentationCreate(
                title="Test Documentation",
                description="A test documentation",
                doc_type=DocumentationType.USER_GUIDE,
                content="This is the content of the documentation",
                file_url=file_url,
                version="1.0"
            )
>           documentation_crud.create_documentation(db_session, documentation_data)

backend\tests\test_documentations.py:423: 
_ _ _ _ _ _ _ _ _ _ _ _ _ _ _ _ _ _ _ _ _ _ _ _ _ _ _ _ _ _ _ _ _ _ _ _ _ _ _ _
backend\src\scrumix\api\crud\documentation.py:17: in create_documentation
    existing_doc = self.get_by_title(db, documentation_create.title)
backend\src\scrumix\api\crud\documentation.py:40: in get_by_title
    return db.query(Documentation).filter(Documentation.title == title).first()
..\..\anaconda3\envs\scrumix\lib\site-packages\sqlalchemy\orm\session.py:2912: in query
    return self._query_cls(entities, self, **kwargs)
..\..\anaconda3\envs\scrumix\lib\site-packages\sqlalchemy\orm\query.py:276: in __init__
    self._set_entities(entities)
..\..\anaconda3\envs\scrumix\lib\site-packages\sqlalchemy\orm\query.py:288: in _set_entities
    self._raw_columns = [
..\..\anaconda3\envs\scrumix\lib\site-packages\sqlalchemy\orm\query.py:289: in <listcomp>
    coercions.expect(
..\..\anaconda3\envs\scrumix\lib\site-packages\sqlalchemy\sql\coercions.py:406: in expect
    insp._post_inspect
..\..\anaconda3\envs\scrumix\lib\site-packages\sqlalchemy\util\langhelpers.py:1260: in __get__
    obj.__dict__[self.__name__] = result = self.fget(obj)
..\..\anaconda3\envs\scrumix\lib\site-packages\sqlalchemy\orm\mapper.py:2707: in _post_inspect
    self._check_configure()
..\..\anaconda3\envs\scrumix\lib\site-packages\sqlalchemy\orm\mapper.py:2386: in _check_configure
    _configure_registries({self.registry}, cascade=True)
..\..\anaconda3\envs\scrumix\lib\site-packages\sqlalchemy\orm\mapper.py:4199: in _configure_registries
    _do_configure_registries(registries, cascade)
_ _ _ _ _ _ _ _ _ _ _ _ _ _ _ _ _ _ _ _ _ _ _ _ _ _ _ _ _ _ _ _ _ _ _ _ _ _ _ _

registries = set(), cascade = True

    @util.preload_module("sqlalchemy.orm.decl_api")
    def _do_configure_registries(
        registries: Set[_RegistryType], cascade: bool
    ) -> None:
        registry = util.preloaded.orm_decl_api.registry
    
        orig = set(registries)
    
        for reg in registry._recurse_with_dependencies(registries):
            has_skip = False
    
            for mapper in reg._mappers_to_configure():
                run_configure = None
    
                for fn in mapper.dispatch.before_mapper_configured:
                    run_configure = fn(mapper, mapper.class_)
                    if run_configure is EXT_SKIP:
                        has_skip = True
                        break
                if run_configure is EXT_SKIP:
                    continue
    
                if getattr(mapper, "_configure_failed", False):
                    e = sa_exc.InvalidRequestError(
                        "One or more mappers failed to initialize - "
                        "can't proceed with initialization of other "
                        "mappers. Triggering mapper: '%s'. "
                        "Original exception was: %s"
                        % (mapper, mapper._configure_failed)
                    )
                    e._configure_failed = mapper._configure_failed  # type: ignore
>                   raise e
E                   sqlalchemy.exc.InvalidRequestError: One or more mappers failed to initialize - can't proceed with initialization of other mappers. Triggering mapper: 'Mapper[Sprint(sprints)]'. Original exception was: Mapper 'Mapper[Project(projects)]' has no property 'sprints'.  If this property was indicated from other mappers or configure events, ensure registry.configure() has been called.

..\..\anaconda3\envs\scrumix\lib\site-packages\sqlalchemy\orm\mapper.py:4236: InvalidRequestError
____________ TestDocumentationCRUD.test_get_recent_documentations _____________

self = <tests.test_documentations.TestDocumentationCRUD object at 0x0000025E2AC7C2E0>
db_session = <sqlalchemy.orm.session.Session object at 0x0000025E2C9FA770>

    def test_get_recent_documentations(self, db_session):
        """Test getting recent documentations"""
        from scrumix.api.crud.documentation import documentation_crud
        from scrumix.api.schemas.documentation import DocumentationCreate
    
        # Create documentations
        for i in range(3):
            documentation_data = DocumentationCreate(
                title=f"Test Documentation {i}",
                description="A test documentation",
                doc_type=DocumentationType.USER_GUIDE,
                content="This is the content of the documentation",
                file_url="https://example.com/doc.pdf",
                version="1.0"
            )
>           documentation_crud.create_documentation(db_session, documentation_data)

backend\tests\test_documentations.py:444: 
_ _ _ _ _ _ _ _ _ _ _ _ _ _ _ _ _ _ _ _ _ _ _ _ _ _ _ _ _ _ _ _ _ _ _ _ _ _ _ _
backend\src\scrumix\api\crud\documentation.py:17: in create_documentation
    existing_doc = self.get_by_title(db, documentation_create.title)
backend\src\scrumix\api\crud\documentation.py:40: in get_by_title
    return db.query(Documentation).filter(Documentation.title == title).first()
..\..\anaconda3\envs\scrumix\lib\site-packages\sqlalchemy\orm\session.py:2912: in query
    return self._query_cls(entities, self, **kwargs)
..\..\anaconda3\envs\scrumix\lib\site-packages\sqlalchemy\orm\query.py:276: in __init__
    self._set_entities(entities)
..\..\anaconda3\envs\scrumix\lib\site-packages\sqlalchemy\orm\query.py:288: in _set_entities
    self._raw_columns = [
..\..\anaconda3\envs\scrumix\lib\site-packages\sqlalchemy\orm\query.py:289: in <listcomp>
    coercions.expect(
..\..\anaconda3\envs\scrumix\lib\site-packages\sqlalchemy\sql\coercions.py:406: in expect
    insp._post_inspect
..\..\anaconda3\envs\scrumix\lib\site-packages\sqlalchemy\util\langhelpers.py:1260: in __get__
    obj.__dict__[self.__name__] = result = self.fget(obj)
..\..\anaconda3\envs\scrumix\lib\site-packages\sqlalchemy\orm\mapper.py:2707: in _post_inspect
    self._check_configure()
..\..\anaconda3\envs\scrumix\lib\site-packages\sqlalchemy\orm\mapper.py:2386: in _check_configure
    _configure_registries({self.registry}, cascade=True)
..\..\anaconda3\envs\scrumix\lib\site-packages\sqlalchemy\orm\mapper.py:4199: in _configure_registries
    _do_configure_registries(registries, cascade)
_ _ _ _ _ _ _ _ _ _ _ _ _ _ _ _ _ _ _ _ _ _ _ _ _ _ _ _ _ _ _ _ _ _ _ _ _ _ _ _

registries = set(), cascade = True

    @util.preload_module("sqlalchemy.orm.decl_api")
    def _do_configure_registries(
        registries: Set[_RegistryType], cascade: bool
    ) -> None:
        registry = util.preloaded.orm_decl_api.registry
    
        orig = set(registries)
    
        for reg in registry._recurse_with_dependencies(registries):
            has_skip = False
    
            for mapper in reg._mappers_to_configure():
                run_configure = None
    
                for fn in mapper.dispatch.before_mapper_configured:
                    run_configure = fn(mapper, mapper.class_)
                    if run_configure is EXT_SKIP:
                        has_skip = True
                        break
                if run_configure is EXT_SKIP:
                    continue
    
                if getattr(mapper, "_configure_failed", False):
                    e = sa_exc.InvalidRequestError(
                        "One or more mappers failed to initialize - "
                        "can't proceed with initialization of other "
                        "mappers. Triggering mapper: '%s'. "
                        "Original exception was: %s"
                        % (mapper, mapper._configure_failed)
                    )
                    e._configure_failed = mapper._configure_failed  # type: ignore
>                   raise e
E                   sqlalchemy.exc.InvalidRequestError: One or more mappers failed to initialize - can't proceed with initialization of other mappers. Triggering mapper: 'Mapper[Sprint(sprints)]'. Original exception was: Mapper 'Mapper[Project(projects)]' has no property 'sprints'.  If this property was indicated from other mappers or configure events, ensure registry.configure() has been called.

..\..\anaconda3\envs\scrumix\lib\site-packages\sqlalchemy\orm\mapper.py:4236: InvalidRequestError
_______________ TestDocumentationCRUD.test_update_documentation _______________

self = <tests.test_documentations.TestDocumentationCRUD object at 0x0000025E2AC7C4C0>
db_session = <sqlalchemy.orm.session.Session object at 0x0000025E2C38EB90>

    def test_update_documentation(self, db_session):
        """Test updating documentation"""
        from scrumix.api.crud.documentation import documentation_crud
        from scrumix.api.schemas.documentation import DocumentationCreate, DocumentationUpdate
    
        documentation_data = DocumentationCreate(
            title="Test Documentation",
            description="A test documentation",
            doc_type=DocumentationType.USER_GUIDE,
            content="This is the content of the documentation",
            file_url="https://example.com/doc.pdf",
            version="1.0"
        )
    
>       created_documentation = documentation_crud.create_documentation(db_session, documentation_data)

backend\tests\test_documentations.py:464: 
_ _ _ _ _ _ _ _ _ _ _ _ _ _ _ _ _ _ _ _ _ _ _ _ _ _ _ _ _ _ _ _ _ _ _ _ _ _ _ _
backend\src\scrumix\api\crud\documentation.py:17: in create_documentation
    existing_doc = self.get_by_title(db, documentation_create.title)
backend\src\scrumix\api\crud\documentation.py:40: in get_by_title
    return db.query(Documentation).filter(Documentation.title == title).first()
..\..\anaconda3\envs\scrumix\lib\site-packages\sqlalchemy\orm\session.py:2912: in query
    return self._query_cls(entities, self, **kwargs)
..\..\anaconda3\envs\scrumix\lib\site-packages\sqlalchemy\orm\query.py:276: in __init__
    self._set_entities(entities)
..\..\anaconda3\envs\scrumix\lib\site-packages\sqlalchemy\orm\query.py:288: in _set_entities
    self._raw_columns = [
..\..\anaconda3\envs\scrumix\lib\site-packages\sqlalchemy\orm\query.py:289: in <listcomp>
    coercions.expect(
..\..\anaconda3\envs\scrumix\lib\site-packages\sqlalchemy\sql\coercions.py:406: in expect
    insp._post_inspect
..\..\anaconda3\envs\scrumix\lib\site-packages\sqlalchemy\util\langhelpers.py:1260: in __get__
    obj.__dict__[self.__name__] = result = self.fget(obj)
..\..\anaconda3\envs\scrumix\lib\site-packages\sqlalchemy\orm\mapper.py:2707: in _post_inspect
    self._check_configure()
..\..\anaconda3\envs\scrumix\lib\site-packages\sqlalchemy\orm\mapper.py:2386: in _check_configure
    _configure_registries({self.registry}, cascade=True)
..\..\anaconda3\envs\scrumix\lib\site-packages\sqlalchemy\orm\mapper.py:4199: in _configure_registries
    _do_configure_registries(registries, cascade)
_ _ _ _ _ _ _ _ _ _ _ _ _ _ _ _ _ _ _ _ _ _ _ _ _ _ _ _ _ _ _ _ _ _ _ _ _ _ _ _

registries = set(), cascade = True

    @util.preload_module("sqlalchemy.orm.decl_api")
    def _do_configure_registries(
        registries: Set[_RegistryType], cascade: bool
    ) -> None:
        registry = util.preloaded.orm_decl_api.registry
    
        orig = set(registries)
    
        for reg in registry._recurse_with_dependencies(registries):
            has_skip = False
    
            for mapper in reg._mappers_to_configure():
                run_configure = None
    
                for fn in mapper.dispatch.before_mapper_configured:
                    run_configure = fn(mapper, mapper.class_)
                    if run_configure is EXT_SKIP:
                        has_skip = True
                        break
                if run_configure is EXT_SKIP:
                    continue
    
                if getattr(mapper, "_configure_failed", False):
                    e = sa_exc.InvalidRequestError(
                        "One or more mappers failed to initialize - "
                        "can't proceed with initialization of other "
                        "mappers. Triggering mapper: '%s'. "
                        "Original exception was: %s"
                        % (mapper, mapper._configure_failed)
                    )
                    e._configure_failed = mapper._configure_failed  # type: ignore
>                   raise e
E                   sqlalchemy.exc.InvalidRequestError: One or more mappers failed to initialize - can't proceed with initialization of other mappers. Triggering mapper: 'Mapper[Sprint(sprints)]'. Original exception was: Mapper 'Mapper[Project(projects)]' has no property 'sprints'.  If this property was indicated from other mappers or configure events, ensure registry.configure() has been called.

..\..\anaconda3\envs\scrumix\lib\site-packages\sqlalchemy\orm\mapper.py:4236: InvalidRequestError
_______________ TestDocumentationCRUD.test_delete_documentation _______________

self = <tests.test_documentations.TestDocumentationCRUD object at 0x0000025E2AC7C6A0>
db_session = <sqlalchemy.orm.session.Session object at 0x0000025E2C8D9000>

    def test_delete_documentation(self, db_session):
        """Test deleting documentation"""
        from scrumix.api.crud.documentation import documentation_crud
        from scrumix.api.schemas.documentation import DocumentationCreate
    
        documentation_data = DocumentationCreate(
            title="Test Documentation",
            description="A test documentation",
            doc_type=DocumentationType.USER_GUIDE,
            content="This is the content of the documentation",
            file_url="https://example.com/doc.pdf",
            version="1.0"
        )
    
>       created_documentation = documentation_crud.create_documentation(db_session, documentation_data)

backend\tests\test_documentations.py:493: 
_ _ _ _ _ _ _ _ _ _ _ _ _ _ _ _ _ _ _ _ _ _ _ _ _ _ _ _ _ _ _ _ _ _ _ _ _ _ _ _
backend\src\scrumix\api\crud\documentation.py:17: in create_documentation
    existing_doc = self.get_by_title(db, documentation_create.title)
backend\src\scrumix\api\crud\documentation.py:40: in get_by_title
    return db.query(Documentation).filter(Documentation.title == title).first()
..\..\anaconda3\envs\scrumix\lib\site-packages\sqlalchemy\orm\session.py:2912: in query
    return self._query_cls(entities, self, **kwargs)
..\..\anaconda3\envs\scrumix\lib\site-packages\sqlalchemy\orm\query.py:276: in __init__
    self._set_entities(entities)
..\..\anaconda3\envs\scrumix\lib\site-packages\sqlalchemy\orm\query.py:288: in _set_entities
    self._raw_columns = [
..\..\anaconda3\envs\scrumix\lib\site-packages\sqlalchemy\orm\query.py:289: in <listcomp>
    coercions.expect(
..\..\anaconda3\envs\scrumix\lib\site-packages\sqlalchemy\sql\coercions.py:406: in expect
    insp._post_inspect
..\..\anaconda3\envs\scrumix\lib\site-packages\sqlalchemy\util\langhelpers.py:1260: in __get__
    obj.__dict__[self.__name__] = result = self.fget(obj)
..\..\anaconda3\envs\scrumix\lib\site-packages\sqlalchemy\orm\mapper.py:2707: in _post_inspect
    self._check_configure()
..\..\anaconda3\envs\scrumix\lib\site-packages\sqlalchemy\orm\mapper.py:2386: in _check_configure
    _configure_registries({self.registry}, cascade=True)
..\..\anaconda3\envs\scrumix\lib\site-packages\sqlalchemy\orm\mapper.py:4199: in _configure_registries
    _do_configure_registries(registries, cascade)
_ _ _ _ _ _ _ _ _ _ _ _ _ _ _ _ _ _ _ _ _ _ _ _ _ _ _ _ _ _ _ _ _ _ _ _ _ _ _ _

registries = set(), cascade = True

    @util.preload_module("sqlalchemy.orm.decl_api")
    def _do_configure_registries(
        registries: Set[_RegistryType], cascade: bool
    ) -> None:
        registry = util.preloaded.orm_decl_api.registry
    
        orig = set(registries)
    
        for reg in registry._recurse_with_dependencies(registries):
            has_skip = False
    
            for mapper in reg._mappers_to_configure():
                run_configure = None
    
                for fn in mapper.dispatch.before_mapper_configured:
                    run_configure = fn(mapper, mapper.class_)
                    if run_configure is EXT_SKIP:
                        has_skip = True
                        break
                if run_configure is EXT_SKIP:
                    continue
    
                if getattr(mapper, "_configure_failed", False):
                    e = sa_exc.InvalidRequestError(
                        "One or more mappers failed to initialize - "
                        "can't proceed with initialization of other "
                        "mappers. Triggering mapper: '%s'. "
                        "Original exception was: %s"
                        % (mapper, mapper._configure_failed)
                    )
                    e._configure_failed = mapper._configure_failed  # type: ignore
>                   raise e
E                   sqlalchemy.exc.InvalidRequestError: One or more mappers failed to initialize - can't proceed with initialization of other mappers. Triggering mapper: 'Mapper[Sprint(sprints)]'. Original exception was: Mapper 'Mapper[Project(projects)]' has no property 'sprints'.  If this property was indicated from other mappers or configure events, ensure registry.configure() has been called.

..\..\anaconda3\envs\scrumix\lib\site-packages\sqlalchemy\orm\mapper.py:4236: InvalidRequestError
___________ TestDocumentationCRUD.test_get_documentation_statistics ___________

self = <tests.test_documentations.TestDocumentationCRUD object at 0x0000025E2AC7C880>
db_session = <sqlalchemy.orm.session.Session object at 0x0000025E2C66BA90>

    def test_get_documentation_statistics(self, db_session):
        """Test getting documentation statistics"""
        from scrumix.api.crud.documentation import documentation_crud
        from scrumix.api.schemas.documentation import DocumentationCreate
    
        # Create documentations with different types
        doc_types = [DocumentationType.USER_GUIDE, DocumentationType.API, DocumentationType.TUTORIAL]
        for doc_type in doc_types:
            documentation_data = DocumentationCreate(
                title=f"Test Documentation {doc_type}",
                description="A test documentation",
                doc_type=doc_type,
                content="This is the content of the documentation",
                file_url="https://example.com/doc.pdf",
                version="1.0"
            )
>           documentation_crud.create_documentation(db_session, documentation_data)

backend\tests\test_documentations.py:519: 
_ _ _ _ _ _ _ _ _ _ _ _ _ _ _ _ _ _ _ _ _ _ _ _ _ _ _ _ _ _ _ _ _ _ _ _ _ _ _ _
backend\src\scrumix\api\crud\documentation.py:17: in create_documentation
    existing_doc = self.get_by_title(db, documentation_create.title)
backend\src\scrumix\api\crud\documentation.py:40: in get_by_title
    return db.query(Documentation).filter(Documentation.title == title).first()
..\..\anaconda3\envs\scrumix\lib\site-packages\sqlalchemy\orm\session.py:2912: in query
    return self._query_cls(entities, self, **kwargs)
..\..\anaconda3\envs\scrumix\lib\site-packages\sqlalchemy\orm\query.py:276: in __init__
    self._set_entities(entities)
..\..\anaconda3\envs\scrumix\lib\site-packages\sqlalchemy\orm\query.py:288: in _set_entities
    self._raw_columns = [
..\..\anaconda3\envs\scrumix\lib\site-packages\sqlalchemy\orm\query.py:289: in <listcomp>
    coercions.expect(
..\..\anaconda3\envs\scrumix\lib\site-packages\sqlalchemy\sql\coercions.py:406: in expect
    insp._post_inspect
..\..\anaconda3\envs\scrumix\lib\site-packages\sqlalchemy\util\langhelpers.py:1260: in __get__
    obj.__dict__[self.__name__] = result = self.fget(obj)
..\..\anaconda3\envs\scrumix\lib\site-packages\sqlalchemy\orm\mapper.py:2707: in _post_inspect
    self._check_configure()
..\..\anaconda3\envs\scrumix\lib\site-packages\sqlalchemy\orm\mapper.py:2386: in _check_configure
    _configure_registries({self.registry}, cascade=True)
..\..\anaconda3\envs\scrumix\lib\site-packages\sqlalchemy\orm\mapper.py:4199: in _configure_registries
    _do_configure_registries(registries, cascade)
_ _ _ _ _ _ _ _ _ _ _ _ _ _ _ _ _ _ _ _ _ _ _ _ _ _ _ _ _ _ _ _ _ _ _ _ _ _ _ _

registries = set(), cascade = True

    @util.preload_module("sqlalchemy.orm.decl_api")
    def _do_configure_registries(
        registries: Set[_RegistryType], cascade: bool
    ) -> None:
        registry = util.preloaded.orm_decl_api.registry
    
        orig = set(registries)
    
        for reg in registry._recurse_with_dependencies(registries):
            has_skip = False
    
            for mapper in reg._mappers_to_configure():
                run_configure = None
    
                for fn in mapper.dispatch.before_mapper_configured:
                    run_configure = fn(mapper, mapper.class_)
                    if run_configure is EXT_SKIP:
                        has_skip = True
                        break
                if run_configure is EXT_SKIP:
                    continue
    
                if getattr(mapper, "_configure_failed", False):
                    e = sa_exc.InvalidRequestError(
                        "One or more mappers failed to initialize - "
                        "can't proceed with initialization of other "
                        "mappers. Triggering mapper: '%s'. "
                        "Original exception was: %s"
                        % (mapper, mapper._configure_failed)
                    )
                    e._configure_failed = mapper._configure_failed  # type: ignore
>                   raise e
E                   sqlalchemy.exc.InvalidRequestError: One or more mappers failed to initialize - can't proceed with initialization of other mappers. Triggering mapper: 'Mapper[Sprint(sprints)]'. Original exception was: Mapper 'Mapper[Project(projects)]' has no property 'sprints'.  If this property was indicated from other mappers or configure events, ensure registry.configure() has been called.

..\..\anaconda3\envs\scrumix\lib\site-packages\sqlalchemy\orm\mapper.py:4236: InvalidRequestError
______ TestMeetingActionItemCRUD.test_create_meeting_action_item_success ______

self = <tests.test_meeting_action_item.TestMeetingActionItemCRUD object at 0x0000025E2ACB2110>
db_session = <sqlalchemy.orm.session.Session object at 0x0000025E2ABDE2C0>

    def test_create_meeting_action_item_success(self, db_session):
        """Test successful meeting action item creation"""
        from scrumix.api.crud.meeting_action_item import meeting_action_item
        from scrumix.api.schemas.meeting_action_item import MeetingActionItemCreate
        from scrumix.api.models.meeting import Meeting
        from scrumix.api.models.project import Project
    
        # Create a project and meeting first
>       project = Project(
            name="Test Project",
            description="A test project",
            status="active"
        )

backend\tests\test_meeting_action_item.py:549: 
_ _ _ _ _ _ _ _ _ _ _ _ _ _ _ _ _ _ _ _ _ _ _ _ _ _ _ _ _ _ _ _ _ _ _ _ _ _ _ _
<string>:4: in __init__
    ???
..\..\anaconda3\envs\scrumix\lib\site-packages\sqlalchemy\orm\state.py:561: in _initialize_instance
    manager.dispatch.init(self, args, kwargs)
..\..\anaconda3\envs\scrumix\lib\site-packages\sqlalchemy\event\attr.py:487: in __call__
    fn(*args, **kw)
..\..\anaconda3\envs\scrumix\lib\site-packages\sqlalchemy\orm\mapper.py:4391: in _event_on_init
    instrumenting_mapper._check_configure()
..\..\anaconda3\envs\scrumix\lib\site-packages\sqlalchemy\orm\mapper.py:2386: in _check_configure
    _configure_registries({self.registry}, cascade=True)
..\..\anaconda3\envs\scrumix\lib\site-packages\sqlalchemy\orm\mapper.py:4199: in _configure_registries
    _do_configure_registries(registries, cascade)
_ _ _ _ _ _ _ _ _ _ _ _ _ _ _ _ _ _ _ _ _ _ _ _ _ _ _ _ _ _ _ _ _ _ _ _ _ _ _ _

registries = set(), cascade = True

    @util.preload_module("sqlalchemy.orm.decl_api")
    def _do_configure_registries(
        registries: Set[_RegistryType], cascade: bool
    ) -> None:
        registry = util.preloaded.orm_decl_api.registry
    
        orig = set(registries)
    
        for reg in registry._recurse_with_dependencies(registries):
            has_skip = False
    
            for mapper in reg._mappers_to_configure():
                run_configure = None
    
                for fn in mapper.dispatch.before_mapper_configured:
                    run_configure = fn(mapper, mapper.class_)
                    if run_configure is EXT_SKIP:
                        has_skip = True
                        break
                if run_configure is EXT_SKIP:
                    continue
    
                if getattr(mapper, "_configure_failed", False):
                    e = sa_exc.InvalidRequestError(
                        "One or more mappers failed to initialize - "
                        "can't proceed with initialization of other "
                        "mappers. Triggering mapper: '%s'. "
                        "Original exception was: %s"
                        % (mapper, mapper._configure_failed)
                    )
                    e._configure_failed = mapper._configure_failed  # type: ignore
>                   raise e
E                   sqlalchemy.exc.InvalidRequestError: One or more mappers failed to initialize - can't proceed with initialization of other mappers. Triggering mapper: 'Mapper[Sprint(sprints)]'. Original exception was: Mapper 'Mapper[Project(projects)]' has no property 'sprints'.  If this property was indicated from other mappers or configure events, ensure registry.configure() has been called.

..\..\anaconda3\envs\scrumix\lib\site-packages\sqlalchemy\orm\mapper.py:4236: InvalidRequestError
________ TestMeetingActionItemCRUD.test_get_meeting_action_item_by_id _________

self = <tests.test_meeting_action_item.TestMeetingActionItemCRUD object at 0x0000025E2ACB22F0>
db_session = <sqlalchemy.orm.session.Session object at 0x0000025E2CE565C0>

    def test_get_meeting_action_item_by_id(self, db_session):
        """Test getting meeting action item by ID"""
        from scrumix.api.crud.meeting_action_item import meeting_action_item
        from scrumix.api.schemas.meeting_action_item import MeetingActionItemCreate
        from scrumix.api.models.meeting import Meeting
        from scrumix.api.models.project import Project
    
        # Create a project and meeting first
>       project = Project(
            name="Test Project",
            description="A test project",
            status="active"
        )

backend\tests\test_meeting_action_item.py:594: 
_ _ _ _ _ _ _ _ _ _ _ _ _ _ _ _ _ _ _ _ _ _ _ _ _ _ _ _ _ _ _ _ _ _ _ _ _ _ _ _
<string>:4: in __init__
    ???
..\..\anaconda3\envs\scrumix\lib\site-packages\sqlalchemy\orm\state.py:561: in _initialize_instance
    manager.dispatch.init(self, args, kwargs)
..\..\anaconda3\envs\scrumix\lib\site-packages\sqlalchemy\event\attr.py:487: in __call__
    fn(*args, **kw)
..\..\anaconda3\envs\scrumix\lib\site-packages\sqlalchemy\orm\mapper.py:4391: in _event_on_init
    instrumenting_mapper._check_configure()
..\..\anaconda3\envs\scrumix\lib\site-packages\sqlalchemy\orm\mapper.py:2386: in _check_configure
    _configure_registries({self.registry}, cascade=True)
..\..\anaconda3\envs\scrumix\lib\site-packages\sqlalchemy\orm\mapper.py:4199: in _configure_registries
    _do_configure_registries(registries, cascade)
_ _ _ _ _ _ _ _ _ _ _ _ _ _ _ _ _ _ _ _ _ _ _ _ _ _ _ _ _ _ _ _ _ _ _ _ _ _ _ _

registries = set(), cascade = True

    @util.preload_module("sqlalchemy.orm.decl_api")
    def _do_configure_registries(
        registries: Set[_RegistryType], cascade: bool
    ) -> None:
        registry = util.preloaded.orm_decl_api.registry
    
        orig = set(registries)
    
        for reg in registry._recurse_with_dependencies(registries):
            has_skip = False
    
            for mapper in reg._mappers_to_configure():
                run_configure = None
    
                for fn in mapper.dispatch.before_mapper_configured:
                    run_configure = fn(mapper, mapper.class_)
                    if run_configure is EXT_SKIP:
                        has_skip = True
                        break
                if run_configure is EXT_SKIP:
                    continue
    
                if getattr(mapper, "_configure_failed", False):
                    e = sa_exc.InvalidRequestError(
                        "One or more mappers failed to initialize - "
                        "can't proceed with initialization of other "
                        "mappers. Triggering mapper: '%s'. "
                        "Original exception was: %s"
                        % (mapper, mapper._configure_failed)
                    )
                    e._configure_failed = mapper._configure_failed  # type: ignore
>                   raise e
E                   sqlalchemy.exc.InvalidRequestError: One or more mappers failed to initialize - can't proceed with initialization of other mappers. Triggering mapper: 'Mapper[Sprint(sprints)]'. Original exception was: Mapper 'Mapper[Project(projects)]' has no property 'sprints'.  If this property was indicated from other mappers or configure events, ensure registry.configure() has been called.

..\..\anaconda3\envs\scrumix\lib\site-packages\sqlalchemy\orm\mapper.py:4236: InvalidRequestError
___ TestMeetingActionItemCRUD.test_get_meeting_action_items_with_pagination ___

self = <tests.test_meeting_action_item.TestMeetingActionItemCRUD object at 0x0000025E2ACB24D0>
db_session = <sqlalchemy.orm.session.Session object at 0x0000025E2C996E60>

    def test_get_meeting_action_items_with_pagination(self, db_session):
        """Test getting meeting action items with pagination"""
        from scrumix.api.crud.meeting_action_item import meeting_action_item
        from scrumix.api.schemas.meeting_action_item import MeetingActionItemCreate
        from scrumix.api.models.meeting import Meeting
        from scrumix.api.models.project import Project
    
        # Create a project and meeting first
>       project = Project(
            name="Test Project",
            description="A test project",
            status="active"
        )

backend\tests\test_meeting_action_item.py:638: 
_ _ _ _ _ _ _ _ _ _ _ _ _ _ _ _ _ _ _ _ _ _ _ _ _ _ _ _ _ _ _ _ _ _ _ _ _ _ _ _
<string>:4: in __init__
    ???
..\..\anaconda3\envs\scrumix\lib\site-packages\sqlalchemy\orm\state.py:561: in _initialize_instance
    manager.dispatch.init(self, args, kwargs)
..\..\anaconda3\envs\scrumix\lib\site-packages\sqlalchemy\event\attr.py:487: in __call__
    fn(*args, **kw)
..\..\anaconda3\envs\scrumix\lib\site-packages\sqlalchemy\orm\mapper.py:4391: in _event_on_init
    instrumenting_mapper._check_configure()
..\..\anaconda3\envs\scrumix\lib\site-packages\sqlalchemy\orm\mapper.py:2386: in _check_configure
    _configure_registries({self.registry}, cascade=True)
..\..\anaconda3\envs\scrumix\lib\site-packages\sqlalchemy\orm\mapper.py:4199: in _configure_registries
    _do_configure_registries(registries, cascade)
_ _ _ _ _ _ _ _ _ _ _ _ _ _ _ _ _ _ _ _ _ _ _ _ _ _ _ _ _ _ _ _ _ _ _ _ _ _ _ _

registries = set(), cascade = True

    @util.preload_module("sqlalchemy.orm.decl_api")
    def _do_configure_registries(
        registries: Set[_RegistryType], cascade: bool
    ) -> None:
        registry = util.preloaded.orm_decl_api.registry
    
        orig = set(registries)
    
        for reg in registry._recurse_with_dependencies(registries):
            has_skip = False
    
            for mapper in reg._mappers_to_configure():
                run_configure = None
    
                for fn in mapper.dispatch.before_mapper_configured:
                    run_configure = fn(mapper, mapper.class_)
                    if run_configure is EXT_SKIP:
                        has_skip = True
                        break
                if run_configure is EXT_SKIP:
                    continue
    
                if getattr(mapper, "_configure_failed", False):
                    e = sa_exc.InvalidRequestError(
                        "One or more mappers failed to initialize - "
                        "can't proceed with initialization of other "
                        "mappers. Triggering mapper: '%s'. "
                        "Original exception was: %s"
                        % (mapper, mapper._configure_failed)
                    )
                    e._configure_failed = mapper._configure_failed  # type: ignore
>                   raise e
E                   sqlalchemy.exc.InvalidRequestError: One or more mappers failed to initialize - can't proceed with initialization of other mappers. Triggering mapper: 'Mapper[Sprint(sprints)]'. Original exception was: Mapper 'Mapper[Project(projects)]' has no property 'sprints'.  If this property was indicated from other mappers or configure events, ensure registry.configure() has been called.

..\..\anaconda3\envs\scrumix\lib\site-packages\sqlalchemy\orm\mapper.py:4236: InvalidRequestError
____ TestMeetingActionItemCRUD.test_get_meeting_action_items_by_meeting_id ____

self = <tests.test_meeting_action_item.TestMeetingActionItemCRUD object at 0x0000025E2ACB26B0>
db_session = <sqlalchemy.orm.session.Session object at 0x0000025E2C500730>

    def test_get_meeting_action_items_by_meeting_id(self, db_session):
        """Test getting meeting action items by meeting ID"""
        from scrumix.api.crud.meeting_action_item import meeting_action_item
        from scrumix.api.schemas.meeting_action_item import MeetingActionItemCreate
        from scrumix.api.models.meeting import Meeting
        from scrumix.api.models.project import Project
    
        # Create a project and meeting first
>       project = Project(
            name="Test Project",
            description="A test project",
            status="active"
        )

backend\tests\test_meeting_action_item.py:682: 
_ _ _ _ _ _ _ _ _ _ _ _ _ _ _ _ _ _ _ _ _ _ _ _ _ _ _ _ _ _ _ _ _ _ _ _ _ _ _ _
<string>:4: in __init__
    ???
..\..\anaconda3\envs\scrumix\lib\site-packages\sqlalchemy\orm\state.py:561: in _initialize_instance
    manager.dispatch.init(self, args, kwargs)
..\..\anaconda3\envs\scrumix\lib\site-packages\sqlalchemy\event\attr.py:487: in __call__
    fn(*args, **kw)
..\..\anaconda3\envs\scrumix\lib\site-packages\sqlalchemy\orm\mapper.py:4391: in _event_on_init
    instrumenting_mapper._check_configure()
..\..\anaconda3\envs\scrumix\lib\site-packages\sqlalchemy\orm\mapper.py:2386: in _check_configure
    _configure_registries({self.registry}, cascade=True)
..\..\anaconda3\envs\scrumix\lib\site-packages\sqlalchemy\orm\mapper.py:4199: in _configure_registries
    _do_configure_registries(registries, cascade)
_ _ _ _ _ _ _ _ _ _ _ _ _ _ _ _ _ _ _ _ _ _ _ _ _ _ _ _ _ _ _ _ _ _ _ _ _ _ _ _

registries = set(), cascade = True

    @util.preload_module("sqlalchemy.orm.decl_api")
    def _do_configure_registries(
        registries: Set[_RegistryType], cascade: bool
    ) -> None:
        registry = util.preloaded.orm_decl_api.registry
    
        orig = set(registries)
    
        for reg in registry._recurse_with_dependencies(registries):
            has_skip = False
    
            for mapper in reg._mappers_to_configure():
                run_configure = None
    
                for fn in mapper.dispatch.before_mapper_configured:
                    run_configure = fn(mapper, mapper.class_)
                    if run_configure is EXT_SKIP:
                        has_skip = True
                        break
                if run_configure is EXT_SKIP:
                    continue
    
                if getattr(mapper, "_configure_failed", False):
                    e = sa_exc.InvalidRequestError(
                        "One or more mappers failed to initialize - "
                        "can't proceed with initialization of other "
                        "mappers. Triggering mapper: '%s'. "
                        "Original exception was: %s"
                        % (mapper, mapper._configure_failed)
                    )
                    e._configure_failed = mapper._configure_failed  # type: ignore
>                   raise e
E                   sqlalchemy.exc.InvalidRequestError: One or more mappers failed to initialize - can't proceed with initialization of other mappers. Triggering mapper: 'Mapper[Sprint(sprints)]'. Original exception was: Mapper 'Mapper[Project(projects)]' has no property 'sprints'.  If this property was indicated from other mappers or configure events, ensure registry.configure() has been called.

..\..\anaconda3\envs\scrumix\lib\site-packages\sqlalchemy\orm\mapper.py:4236: InvalidRequestError
_________ TestMeetingActionItemCRUD.test_search_meeting_action_items __________

self = <tests.test_meeting_action_item.TestMeetingActionItemCRUD object at 0x0000025E2ACB2890>
db_session = <sqlalchemy.orm.session.Session object at 0x0000025E2CA812D0>

    def test_search_meeting_action_items(self, db_session):
        """Test searching meeting action items"""
        from scrumix.api.crud.meeting_action_item import meeting_action_item
        from scrumix.api.schemas.meeting_action_item import MeetingActionItemCreate
        from scrumix.api.models.meeting import Meeting
        from scrumix.api.models.project import Project
    
        # Create a project and meeting first
>       project = Project(
            name="Test Project",
            description="A test project",
            status="active"
        )

backend\tests\test_meeting_action_item.py:726: 
_ _ _ _ _ _ _ _ _ _ _ _ _ _ _ _ _ _ _ _ _ _ _ _ _ _ _ _ _ _ _ _ _ _ _ _ _ _ _ _
<string>:4: in __init__
    ???
..\..\anaconda3\envs\scrumix\lib\site-packages\sqlalchemy\orm\state.py:561: in _initialize_instance
    manager.dispatch.init(self, args, kwargs)
..\..\anaconda3\envs\scrumix\lib\site-packages\sqlalchemy\event\attr.py:487: in __call__
    fn(*args, **kw)
..\..\anaconda3\envs\scrumix\lib\site-packages\sqlalchemy\orm\mapper.py:4391: in _event_on_init
    instrumenting_mapper._check_configure()
..\..\anaconda3\envs\scrumix\lib\site-packages\sqlalchemy\orm\mapper.py:2386: in _check_configure
    _configure_registries({self.registry}, cascade=True)
..\..\anaconda3\envs\scrumix\lib\site-packages\sqlalchemy\orm\mapper.py:4199: in _configure_registries
    _do_configure_registries(registries, cascade)
_ _ _ _ _ _ _ _ _ _ _ _ _ _ _ _ _ _ _ _ _ _ _ _ _ _ _ _ _ _ _ _ _ _ _ _ _ _ _ _

registries = set(), cascade = True

    @util.preload_module("sqlalchemy.orm.decl_api")
    def _do_configure_registries(
        registries: Set[_RegistryType], cascade: bool
    ) -> None:
        registry = util.preloaded.orm_decl_api.registry
    
        orig = set(registries)
    
        for reg in registry._recurse_with_dependencies(registries):
            has_skip = False
    
            for mapper in reg._mappers_to_configure():
                run_configure = None
    
                for fn in mapper.dispatch.before_mapper_configured:
                    run_configure = fn(mapper, mapper.class_)
                    if run_configure is EXT_SKIP:
                        has_skip = True
                        break
                if run_configure is EXT_SKIP:
                    continue
    
                if getattr(mapper, "_configure_failed", False):
                    e = sa_exc.InvalidRequestError(
                        "One or more mappers failed to initialize - "
                        "can't proceed with initialization of other "
                        "mappers. Triggering mapper: '%s'. "
                        "Original exception was: %s"
                        % (mapper, mapper._configure_failed)
                    )
                    e._configure_failed = mapper._configure_failed  # type: ignore
>                   raise e
E                   sqlalchemy.exc.InvalidRequestError: One or more mappers failed to initialize - can't proceed with initialization of other mappers. Triggering mapper: 'Mapper[Sprint(sprints)]'. Original exception was: Mapper 'Mapper[Project(projects)]' has no property 'sprints'.  If this property was indicated from other mappers or configure events, ensure registry.configure() has been called.

..\..\anaconda3\envs\scrumix\lib\site-packages\sqlalchemy\orm\mapper.py:4236: InvalidRequestError
__________ TestMeetingActionItemCRUD.test_update_meeting_action_item __________

self = <tests.test_meeting_action_item.TestMeetingActionItemCRUD object at 0x0000025E2AC7ECE0>
db_session = <sqlalchemy.orm.session.Session object at 0x0000025E2C94A1D0>

    def test_update_meeting_action_item(self, db_session):
        """Test updating meeting action item"""
        from scrumix.api.crud.meeting_action_item import meeting_action_item
        from scrumix.api.schemas.meeting_action_item import MeetingActionItemCreate, MeetingActionItemUpdate
        from scrumix.api.models.meeting import Meeting
        from scrumix.api.models.project import Project
    
        # Create a project and meeting first
>       project = Project(
            name="Test Project",
            description="A test project",
            status="active"
        )

backend\tests\test_meeting_action_item.py:771: 
_ _ _ _ _ _ _ _ _ _ _ _ _ _ _ _ _ _ _ _ _ _ _ _ _ _ _ _ _ _ _ _ _ _ _ _ _ _ _ _
<string>:4: in __init__
    ???
..\..\anaconda3\envs\scrumix\lib\site-packages\sqlalchemy\orm\state.py:561: in _initialize_instance
    manager.dispatch.init(self, args, kwargs)
..\..\anaconda3\envs\scrumix\lib\site-packages\sqlalchemy\event\attr.py:487: in __call__
    fn(*args, **kw)
..\..\anaconda3\envs\scrumix\lib\site-packages\sqlalchemy\orm\mapper.py:4391: in _event_on_init
    instrumenting_mapper._check_configure()
..\..\anaconda3\envs\scrumix\lib\site-packages\sqlalchemy\orm\mapper.py:2386: in _check_configure
    _configure_registries({self.registry}, cascade=True)
..\..\anaconda3\envs\scrumix\lib\site-packages\sqlalchemy\orm\mapper.py:4199: in _configure_registries
    _do_configure_registries(registries, cascade)
_ _ _ _ _ _ _ _ _ _ _ _ _ _ _ _ _ _ _ _ _ _ _ _ _ _ _ _ _ _ _ _ _ _ _ _ _ _ _ _

registries = set(), cascade = True

    @util.preload_module("sqlalchemy.orm.decl_api")
    def _do_configure_registries(
        registries: Set[_RegistryType], cascade: bool
    ) -> None:
        registry = util.preloaded.orm_decl_api.registry
    
        orig = set(registries)
    
        for reg in registry._recurse_with_dependencies(registries):
            has_skip = False
    
            for mapper in reg._mappers_to_configure():
                run_configure = None
    
                for fn in mapper.dispatch.before_mapper_configured:
                    run_configure = fn(mapper, mapper.class_)
                    if run_configure is EXT_SKIP:
                        has_skip = True
                        break
                if run_configure is EXT_SKIP:
                    continue
    
                if getattr(mapper, "_configure_failed", False):
                    e = sa_exc.InvalidRequestError(
                        "One or more mappers failed to initialize - "
                        "can't proceed with initialization of other "
                        "mappers. Triggering mapper: '%s'. "
                        "Original exception was: %s"
                        % (mapper, mapper._configure_failed)
                    )
                    e._configure_failed = mapper._configure_failed  # type: ignore
>                   raise e
E                   sqlalchemy.exc.InvalidRequestError: One or more mappers failed to initialize - can't proceed with initialization of other mappers. Triggering mapper: 'Mapper[Sprint(sprints)]'. Original exception was: Mapper 'Mapper[Project(projects)]' has no property 'sprints'.  If this property was indicated from other mappers or configure events, ensure registry.configure() has been called.

..\..\anaconda3\envs\scrumix\lib\site-packages\sqlalchemy\orm\mapper.py:4236: InvalidRequestError
__________ TestMeetingActionItemCRUD.test_delete_meeting_action_item __________

self = <tests.test_meeting_action_item.TestMeetingActionItemCRUD object at 0x0000025E2ACB27A0>
db_session = <sqlalchemy.orm.session.Session object at 0x0000025E2C69A7D0>

    def test_delete_meeting_action_item(self, db_session):
        """Test deleting meeting action item"""
        from scrumix.api.crud.meeting_action_item import meeting_action_item
        from scrumix.api.schemas.meeting_action_item import MeetingActionItemCreate
        from scrumix.api.models.meeting import Meeting
        from scrumix.api.models.project import Project
    
        # Create a project and meeting first
>       project = Project(
            name="Test Project",
            description="A test project",
            status="active"
        )

backend\tests\test_meeting_action_item.py:821: 
_ _ _ _ _ _ _ _ _ _ _ _ _ _ _ _ _ _ _ _ _ _ _ _ _ _ _ _ _ _ _ _ _ _ _ _ _ _ _ _
<string>:4: in __init__
    ???
..\..\anaconda3\envs\scrumix\lib\site-packages\sqlalchemy\orm\state.py:561: in _initialize_instance
    manager.dispatch.init(self, args, kwargs)
..\..\anaconda3\envs\scrumix\lib\site-packages\sqlalchemy\event\attr.py:487: in __call__
    fn(*args, **kw)
..\..\anaconda3\envs\scrumix\lib\site-packages\sqlalchemy\orm\mapper.py:4391: in _event_on_init
    instrumenting_mapper._check_configure()
..\..\anaconda3\envs\scrumix\lib\site-packages\sqlalchemy\orm\mapper.py:2386: in _check_configure
    _configure_registries({self.registry}, cascade=True)
..\..\anaconda3\envs\scrumix\lib\site-packages\sqlalchemy\orm\mapper.py:4199: in _configure_registries
    _do_configure_registries(registries, cascade)
_ _ _ _ _ _ _ _ _ _ _ _ _ _ _ _ _ _ _ _ _ _ _ _ _ _ _ _ _ _ _ _ _ _ _ _ _ _ _ _

registries = set(), cascade = True

    @util.preload_module("sqlalchemy.orm.decl_api")
    def _do_configure_registries(
        registries: Set[_RegistryType], cascade: bool
    ) -> None:
        registry = util.preloaded.orm_decl_api.registry
    
        orig = set(registries)
    
        for reg in registry._recurse_with_dependencies(registries):
            has_skip = False
    
            for mapper in reg._mappers_to_configure():
                run_configure = None
    
                for fn in mapper.dispatch.before_mapper_configured:
                    run_configure = fn(mapper, mapper.class_)
                    if run_configure is EXT_SKIP:
                        has_skip = True
                        break
                if run_configure is EXT_SKIP:
                    continue
    
                if getattr(mapper, "_configure_failed", False):
                    e = sa_exc.InvalidRequestError(
                        "One or more mappers failed to initialize - "
                        "can't proceed with initialization of other "
                        "mappers. Triggering mapper: '%s'. "
                        "Original exception was: %s"
                        % (mapper, mapper._configure_failed)
                    )
                    e._configure_failed = mapper._configure_failed  # type: ignore
>                   raise e
E                   sqlalchemy.exc.InvalidRequestError: One or more mappers failed to initialize - can't proceed with initialization of other mappers. Triggering mapper: 'Mapper[Sprint(sprints)]'. Original exception was: Mapper 'Mapper[Project(projects)]' has no property 'sprints'.  If this property was indicated from other mappers or configure events, ensure registry.configure() has been called.

..\..\anaconda3\envs\scrumix\lib\site-packages\sqlalchemy\orm\mapper.py:4236: InvalidRequestError
_ TestMeetingActionItemCRUD.test_delete_all_meeting_action_items_by_meeting_id _

self = <tests.test_meeting_action_item.TestMeetingActionItemCRUD object at 0x0000025E2ACB20B0>
db_session = <sqlalchemy.orm.session.Session object at 0x0000025E2ABDFC40>

    def test_delete_all_meeting_action_items_by_meeting_id(self, db_session):
        """Test deleting all meeting action items by meeting ID"""
        from scrumix.api.crud.meeting_action_item import meeting_action_item
        from scrumix.api.schemas.meeting_action_item import MeetingActionItemCreate
        from scrumix.api.models.meeting import Meeting
        from scrumix.api.models.project import Project
    
        # Create a project and meeting first
>       project = Project(
            name="Test Project",
            description="A test project",
            status="active"
        )

backend\tests\test_meeting_action_item.py:867: 
_ _ _ _ _ _ _ _ _ _ _ _ _ _ _ _ _ _ _ _ _ _ _ _ _ _ _ _ _ _ _ _ _ _ _ _ _ _ _ _
<string>:4: in __init__
    ???
..\..\anaconda3\envs\scrumix\lib\site-packages\sqlalchemy\orm\state.py:561: in _initialize_instance
    manager.dispatch.init(self, args, kwargs)
..\..\anaconda3\envs\scrumix\lib\site-packages\sqlalchemy\event\attr.py:487: in __call__
    fn(*args, **kw)
..\..\anaconda3\envs\scrumix\lib\site-packages\sqlalchemy\orm\mapper.py:4391: in _event_on_init
    instrumenting_mapper._check_configure()
..\..\anaconda3\envs\scrumix\lib\site-packages\sqlalchemy\orm\mapper.py:2386: in _check_configure
    _configure_registries({self.registry}, cascade=True)
..\..\anaconda3\envs\scrumix\lib\site-packages\sqlalchemy\orm\mapper.py:4199: in _configure_registries
    _do_configure_registries(registries, cascade)
_ _ _ _ _ _ _ _ _ _ _ _ _ _ _ _ _ _ _ _ _ _ _ _ _ _ _ _ _ _ _ _ _ _ _ _ _ _ _ _

registries = set(), cascade = True

    @util.preload_module("sqlalchemy.orm.decl_api")
    def _do_configure_registries(
        registries: Set[_RegistryType], cascade: bool
    ) -> None:
        registry = util.preloaded.orm_decl_api.registry
    
        orig = set(registries)
    
        for reg in registry._recurse_with_dependencies(registries):
            has_skip = False
    
            for mapper in reg._mappers_to_configure():
                run_configure = None
    
                for fn in mapper.dispatch.before_mapper_configured:
                    run_configure = fn(mapper, mapper.class_)
                    if run_configure is EXT_SKIP:
                        has_skip = True
                        break
                if run_configure is EXT_SKIP:
                    continue
    
                if getattr(mapper, "_configure_failed", False):
                    e = sa_exc.InvalidRequestError(
                        "One or more mappers failed to initialize - "
                        "can't proceed with initialization of other "
                        "mappers. Triggering mapper: '%s'. "
                        "Original exception was: %s"
                        % (mapper, mapper._configure_failed)
                    )
                    e._configure_failed = mapper._configure_failed  # type: ignore
>                   raise e
E                   sqlalchemy.exc.InvalidRequestError: One or more mappers failed to initialize - can't proceed with initialization of other mappers. Triggering mapper: 'Mapper[Sprint(sprints)]'. Original exception was: Mapper 'Mapper[Project(projects)]' has no property 'sprints'.  If this property was indicated from other mappers or configure events, ensure registry.configure() has been called.

..\..\anaconda3\envs\scrumix\lib\site-packages\sqlalchemy\orm\mapper.py:4236: InvalidRequestError
__________ TestMeetingAgendaCRUD.test_create_meeting_agenda_success ___________

self = <tests.test_meeting_agenda.TestMeetingAgendaCRUD object at 0x0000025E2ACD15A0>
db_session = <sqlalchemy.orm.session.Session object at 0x0000025E2C503DF0>

    def test_create_meeting_agenda_success(self, db_session):
        """Test successful meeting agenda creation"""
        from scrumix.api.crud.meeting_agenda import meeting_agenda
        from scrumix.api.schemas.meeting_agenda import MeetingAgendaCreate
        from scrumix.api.models.meeting import Meeting
        from scrumix.api.models.project import Project
    
        # Create a project and meeting first
>       project = Project(
            name="Test Project",
            description="A test project",
            status="active"
        )

backend\tests\test_meeting_agenda.py:594: 
_ _ _ _ _ _ _ _ _ _ _ _ _ _ _ _ _ _ _ _ _ _ _ _ _ _ _ _ _ _ _ _ _ _ _ _ _ _ _ _
<string>:4: in __init__
    ???
..\..\anaconda3\envs\scrumix\lib\site-packages\sqlalchemy\orm\state.py:561: in _initialize_instance
    manager.dispatch.init(self, args, kwargs)
..\..\anaconda3\envs\scrumix\lib\site-packages\sqlalchemy\event\attr.py:487: in __call__
    fn(*args, **kw)
..\..\anaconda3\envs\scrumix\lib\site-packages\sqlalchemy\orm\mapper.py:4391: in _event_on_init
    instrumenting_mapper._check_configure()
..\..\anaconda3\envs\scrumix\lib\site-packages\sqlalchemy\orm\mapper.py:2386: in _check_configure
    _configure_registries({self.registry}, cascade=True)
..\..\anaconda3\envs\scrumix\lib\site-packages\sqlalchemy\orm\mapper.py:4199: in _configure_registries
    _do_configure_registries(registries, cascade)
_ _ _ _ _ _ _ _ _ _ _ _ _ _ _ _ _ _ _ _ _ _ _ _ _ _ _ _ _ _ _ _ _ _ _ _ _ _ _ _

registries = set(), cascade = True

    @util.preload_module("sqlalchemy.orm.decl_api")
    def _do_configure_registries(
        registries: Set[_RegistryType], cascade: bool
    ) -> None:
        registry = util.preloaded.orm_decl_api.registry
    
        orig = set(registries)
    
        for reg in registry._recurse_with_dependencies(registries):
            has_skip = False
    
            for mapper in reg._mappers_to_configure():
                run_configure = None
    
                for fn in mapper.dispatch.before_mapper_configured:
                    run_configure = fn(mapper, mapper.class_)
                    if run_configure is EXT_SKIP:
                        has_skip = True
                        break
                if run_configure is EXT_SKIP:
                    continue
    
                if getattr(mapper, "_configure_failed", False):
                    e = sa_exc.InvalidRequestError(
                        "One or more mappers failed to initialize - "
                        "can't proceed with initialization of other "
                        "mappers. Triggering mapper: '%s'. "
                        "Original exception was: %s"
                        % (mapper, mapper._configure_failed)
                    )
                    e._configure_failed = mapper._configure_failed  # type: ignore
>                   raise e
E                   sqlalchemy.exc.InvalidRequestError: One or more mappers failed to initialize - can't proceed with initialization of other mappers. Triggering mapper: 'Mapper[Sprint(sprints)]'. Original exception was: Mapper 'Mapper[Project(projects)]' has no property 'sprints'.  If this property was indicated from other mappers or configure events, ensure registry.configure() has been called.

..\..\anaconda3\envs\scrumix\lib\site-packages\sqlalchemy\orm\mapper.py:4236: InvalidRequestError
_____________ TestMeetingAgendaCRUD.test_get_meeting_agenda_by_id _____________

self = <tests.test_meeting_agenda.TestMeetingAgendaCRUD object at 0x0000025E2ACD0E80>
db_session = <sqlalchemy.orm.session.Session object at 0x0000025E2C6B1270>

    def test_get_meeting_agenda_by_id(self, db_session):
        """Test getting meeting agenda by ID"""
        from scrumix.api.crud.meeting_agenda import meeting_agenda
        from scrumix.api.schemas.meeting_agenda import MeetingAgendaCreate
        from scrumix.api.models.meeting import Meeting
        from scrumix.api.models.project import Project
    
        # Create a project and meeting first
>       project = Project(
            name="Test Project",
            description="A test project",
            status="active"
        )

backend\tests\test_meeting_agenda.py:636: 
_ _ _ _ _ _ _ _ _ _ _ _ _ _ _ _ _ _ _ _ _ _ _ _ _ _ _ _ _ _ _ _ _ _ _ _ _ _ _ _
<string>:4: in __init__
    ???
..\..\anaconda3\envs\scrumix\lib\site-packages\sqlalchemy\orm\state.py:561: in _initialize_instance
    manager.dispatch.init(self, args, kwargs)
..\..\anaconda3\envs\scrumix\lib\site-packages\sqlalchemy\event\attr.py:487: in __call__
    fn(*args, **kw)
..\..\anaconda3\envs\scrumix\lib\site-packages\sqlalchemy\orm\mapper.py:4391: in _event_on_init
    instrumenting_mapper._check_configure()
..\..\anaconda3\envs\scrumix\lib\site-packages\sqlalchemy\orm\mapper.py:2386: in _check_configure
    _configure_registries({self.registry}, cascade=True)
..\..\anaconda3\envs\scrumix\lib\site-packages\sqlalchemy\orm\mapper.py:4199: in _configure_registries
    _do_configure_registries(registries, cascade)
_ _ _ _ _ _ _ _ _ _ _ _ _ _ _ _ _ _ _ _ _ _ _ _ _ _ _ _ _ _ _ _ _ _ _ _ _ _ _ _

registries = set(), cascade = True

    @util.preload_module("sqlalchemy.orm.decl_api")
    def _do_configure_registries(
        registries: Set[_RegistryType], cascade: bool
    ) -> None:
        registry = util.preloaded.orm_decl_api.registry
    
        orig = set(registries)
    
        for reg in registry._recurse_with_dependencies(registries):
            has_skip = False
    
            for mapper in reg._mappers_to_configure():
                run_configure = None
    
                for fn in mapper.dispatch.before_mapper_configured:
                    run_configure = fn(mapper, mapper.class_)
                    if run_configure is EXT_SKIP:
                        has_skip = True
                        break
                if run_configure is EXT_SKIP:
                    continue
    
                if getattr(mapper, "_configure_failed", False):
                    e = sa_exc.InvalidRequestError(
                        "One or more mappers failed to initialize - "
                        "can't proceed with initialization of other "
                        "mappers. Triggering mapper: '%s'. "
                        "Original exception was: %s"
                        % (mapper, mapper._configure_failed)
                    )
                    e._configure_failed = mapper._configure_failed  # type: ignore
>                   raise e
E                   sqlalchemy.exc.InvalidRequestError: One or more mappers failed to initialize - can't proceed with initialization of other mappers. Triggering mapper: 'Mapper[Sprint(sprints)]'. Original exception was: Mapper 'Mapper[Project(projects)]' has no property 'sprints'.  If this property was indicated from other mappers or configure events, ensure registry.configure() has been called.

..\..\anaconda3\envs\scrumix\lib\site-packages\sqlalchemy\orm\mapper.py:4236: InvalidRequestError
_______ TestMeetingAgendaCRUD.test_get_meeting_agendas_with_pagination ________

self = <tests.test_meeting_agenda.TestMeetingAgendaCRUD object at 0x0000025E2ACD0040>
db_session = <sqlalchemy.orm.session.Session object at 0x0000025E2C94AA70>

    def test_get_meeting_agendas_with_pagination(self, db_session):
        """Test getting meeting agendas with pagination"""
        from scrumix.api.crud.meeting_agenda import meeting_agenda
        from scrumix.api.schemas.meeting_agenda import MeetingAgendaCreate
        from scrumix.api.models.meeting import Meeting
        from scrumix.api.models.project import Project
    
        # Create a project and meeting first
>       project = Project(
            name="Test Project",
            description="A test project",
            status="active"
        )

backend\tests\test_meeting_agenda.py:678: 
_ _ _ _ _ _ _ _ _ _ _ _ _ _ _ _ _ _ _ _ _ _ _ _ _ _ _ _ _ _ _ _ _ _ _ _ _ _ _ _
<string>:4: in __init__
    ???
..\..\anaconda3\envs\scrumix\lib\site-packages\sqlalchemy\orm\state.py:561: in _initialize_instance
    manager.dispatch.init(self, args, kwargs)
..\..\anaconda3\envs\scrumix\lib\site-packages\sqlalchemy\event\attr.py:487: in __call__
    fn(*args, **kw)
..\..\anaconda3\envs\scrumix\lib\site-packages\sqlalchemy\orm\mapper.py:4391: in _event_on_init
    instrumenting_mapper._check_configure()
..\..\anaconda3\envs\scrumix\lib\site-packages\sqlalchemy\orm\mapper.py:2386: in _check_configure
    _configure_registries({self.registry}, cascade=True)
..\..\anaconda3\envs\scrumix\lib\site-packages\sqlalchemy\orm\mapper.py:4199: in _configure_registries
    _do_configure_registries(registries, cascade)
_ _ _ _ _ _ _ _ _ _ _ _ _ _ _ _ _ _ _ _ _ _ _ _ _ _ _ _ _ _ _ _ _ _ _ _ _ _ _ _

registries = set(), cascade = True

    @util.preload_module("sqlalchemy.orm.decl_api")
    def _do_configure_registries(
        registries: Set[_RegistryType], cascade: bool
    ) -> None:
        registry = util.preloaded.orm_decl_api.registry
    
        orig = set(registries)
    
        for reg in registry._recurse_with_dependencies(registries):
            has_skip = False
    
            for mapper in reg._mappers_to_configure():
                run_configure = None
    
                for fn in mapper.dispatch.before_mapper_configured:
                    run_configure = fn(mapper, mapper.class_)
                    if run_configure is EXT_SKIP:
                        has_skip = True
                        break
                if run_configure is EXT_SKIP:
                    continue
    
                if getattr(mapper, "_configure_failed", False):
                    e = sa_exc.InvalidRequestError(
                        "One or more mappers failed to initialize - "
                        "can't proceed with initialization of other "
                        "mappers. Triggering mapper: '%s'. "
                        "Original exception was: %s"
                        % (mapper, mapper._configure_failed)
                    )
                    e._configure_failed = mapper._configure_failed  # type: ignore
>                   raise e
E                   sqlalchemy.exc.InvalidRequestError: One or more mappers failed to initialize - can't proceed with initialization of other mappers. Triggering mapper: 'Mapper[Sprint(sprints)]'. Original exception was: Mapper 'Mapper[Project(projects)]' has no property 'sprints'.  If this property was indicated from other mappers or configure events, ensure registry.configure() has been called.

..\..\anaconda3\envs\scrumix\lib\site-packages\sqlalchemy\orm\mapper.py:4236: InvalidRequestError
________ TestMeetingAgendaCRUD.test_get_meeting_agendas_by_meeting_id _________

self = <tests.test_meeting_agenda.TestMeetingAgendaCRUD object at 0x0000025E2ACD2F80>
db_session = <sqlalchemy.orm.session.Session object at 0x0000025E2CADA800>

    def test_get_meeting_agendas_by_meeting_id(self, db_session):
        """Test getting meeting agendas by meeting ID"""
        from scrumix.api.crud.meeting_agenda import meeting_agenda
        from scrumix.api.schemas.meeting_agenda import MeetingAgendaCreate
        from scrumix.api.models.meeting import Meeting
        from scrumix.api.models.project import Project
    
        # Create a project and meeting first
>       project = Project(
            name="Test Project",
            description="A test project",
            status="active"
        )

backend\tests\test_meeting_agenda.py:720: 
_ _ _ _ _ _ _ _ _ _ _ _ _ _ _ _ _ _ _ _ _ _ _ _ _ _ _ _ _ _ _ _ _ _ _ _ _ _ _ _
<string>:4: in __init__
    ???
..\..\anaconda3\envs\scrumix\lib\site-packages\sqlalchemy\orm\state.py:561: in _initialize_instance
    manager.dispatch.init(self, args, kwargs)
..\..\anaconda3\envs\scrumix\lib\site-packages\sqlalchemy\event\attr.py:487: in __call__
    fn(*args, **kw)
..\..\anaconda3\envs\scrumix\lib\site-packages\sqlalchemy\orm\mapper.py:4391: in _event_on_init
    instrumenting_mapper._check_configure()
..\..\anaconda3\envs\scrumix\lib\site-packages\sqlalchemy\orm\mapper.py:2386: in _check_configure
    _configure_registries({self.registry}, cascade=True)
..\..\anaconda3\envs\scrumix\lib\site-packages\sqlalchemy\orm\mapper.py:4199: in _configure_registries
    _do_configure_registries(registries, cascade)
_ _ _ _ _ _ _ _ _ _ _ _ _ _ _ _ _ _ _ _ _ _ _ _ _ _ _ _ _ _ _ _ _ _ _ _ _ _ _ _

registries = set(), cascade = True

    @util.preload_module("sqlalchemy.orm.decl_api")
    def _do_configure_registries(
        registries: Set[_RegistryType], cascade: bool
    ) -> None:
        registry = util.preloaded.orm_decl_api.registry
    
        orig = set(registries)
    
        for reg in registry._recurse_with_dependencies(registries):
            has_skip = False
    
            for mapper in reg._mappers_to_configure():
                run_configure = None
    
                for fn in mapper.dispatch.before_mapper_configured:
                    run_configure = fn(mapper, mapper.class_)
                    if run_configure is EXT_SKIP:
                        has_skip = True
                        break
                if run_configure is EXT_SKIP:
                    continue
    
                if getattr(mapper, "_configure_failed", False):
                    e = sa_exc.InvalidRequestError(
                        "One or more mappers failed to initialize - "
                        "can't proceed with initialization of other "
                        "mappers. Triggering mapper: '%s'. "
                        "Original exception was: %s"
                        % (mapper, mapper._configure_failed)
                    )
                    e._configure_failed = mapper._configure_failed  # type: ignore
>                   raise e
E                   sqlalchemy.exc.InvalidRequestError: One or more mappers failed to initialize - can't proceed with initialization of other mappers. Triggering mapper: 'Mapper[Sprint(sprints)]'. Original exception was: Mapper 'Mapper[Project(projects)]' has no property 'sprints'.  If this property was indicated from other mappers or configure events, ensure registry.configure() has been called.

..\..\anaconda3\envs\scrumix\lib\site-packages\sqlalchemy\orm\mapper.py:4236: InvalidRequestError
______________ TestMeetingAgendaCRUD.test_search_meeting_agendas ______________

self = <tests.test_meeting_agenda.TestMeetingAgendaCRUD object at 0x0000025E2ACD3160>
db_session = <sqlalchemy.orm.session.Session object at 0x0000025E2C144F70>

    def test_search_meeting_agendas(self, db_session):
        """Test searching meeting agendas"""
        from scrumix.api.crud.meeting_agenda import meeting_agenda
        from scrumix.api.schemas.meeting_agenda import MeetingAgendaCreate
        from scrumix.api.models.meeting import Meeting
        from scrumix.api.models.project import Project
    
        # Create a project and meeting first
>       project = Project(
            name="Test Project",
            description="A test project",
            status="active"
        )

backend\tests\test_meeting_agenda.py:762: 
_ _ _ _ _ _ _ _ _ _ _ _ _ _ _ _ _ _ _ _ _ _ _ _ _ _ _ _ _ _ _ _ _ _ _ _ _ _ _ _
<string>:4: in __init__
    ???
..\..\anaconda3\envs\scrumix\lib\site-packages\sqlalchemy\orm\state.py:561: in _initialize_instance
    manager.dispatch.init(self, args, kwargs)
..\..\anaconda3\envs\scrumix\lib\site-packages\sqlalchemy\event\attr.py:487: in __call__
    fn(*args, **kw)
..\..\anaconda3\envs\scrumix\lib\site-packages\sqlalchemy\orm\mapper.py:4391: in _event_on_init
    instrumenting_mapper._check_configure()
..\..\anaconda3\envs\scrumix\lib\site-packages\sqlalchemy\orm\mapper.py:2386: in _check_configure
    _configure_registries({self.registry}, cascade=True)
..\..\anaconda3\envs\scrumix\lib\site-packages\sqlalchemy\orm\mapper.py:4199: in _configure_registries
    _do_configure_registries(registries, cascade)
_ _ _ _ _ _ _ _ _ _ _ _ _ _ _ _ _ _ _ _ _ _ _ _ _ _ _ _ _ _ _ _ _ _ _ _ _ _ _ _

registries = set(), cascade = True

    @util.preload_module("sqlalchemy.orm.decl_api")
    def _do_configure_registries(
        registries: Set[_RegistryType], cascade: bool
    ) -> None:
        registry = util.preloaded.orm_decl_api.registry
    
        orig = set(registries)
    
        for reg in registry._recurse_with_dependencies(registries):
            has_skip = False
    
            for mapper in reg._mappers_to_configure():
                run_configure = None
    
                for fn in mapper.dispatch.before_mapper_configured:
                    run_configure = fn(mapper, mapper.class_)
                    if run_configure is EXT_SKIP:
                        has_skip = True
                        break
                if run_configure is EXT_SKIP:
                    continue
    
                if getattr(mapper, "_configure_failed", False):
                    e = sa_exc.InvalidRequestError(
                        "One or more mappers failed to initialize - "
                        "can't proceed with initialization of other "
                        "mappers. Triggering mapper: '%s'. "
                        "Original exception was: %s"
                        % (mapper, mapper._configure_failed)
                    )
                    e._configure_failed = mapper._configure_failed  # type: ignore
>                   raise e
E                   sqlalchemy.exc.InvalidRequestError: One or more mappers failed to initialize - can't proceed with initialization of other mappers. Triggering mapper: 'Mapper[Sprint(sprints)]'. Original exception was: Mapper 'Mapper[Project(projects)]' has no property 'sprints'.  If this property was indicated from other mappers or configure events, ensure registry.configure() has been called.

..\..\anaconda3\envs\scrumix\lib\site-packages\sqlalchemy\orm\mapper.py:4236: InvalidRequestError
______________ TestMeetingAgendaCRUD.test_update_meeting_agenda _______________

self = <tests.test_meeting_agenda.TestMeetingAgendaCRUD object at 0x0000025E2ACD3340>
db_session = <sqlalchemy.orm.session.Session object at 0x0000025E2CB47A60>

    def test_update_meeting_agenda(self, db_session):
        """Test updating meeting agenda"""
        from scrumix.api.crud.meeting_agenda import meeting_agenda
        from scrumix.api.schemas.meeting_agenda import MeetingAgendaCreate, MeetingAgendaUpdate
        from scrumix.api.models.meeting import Meeting
        from scrumix.api.models.project import Project
    
        # Create a project and meeting first
>       project = Project(
            name="Test Project",
            description="A test project",
            status="active"
        )

backend\tests\test_meeting_agenda.py:805: 
_ _ _ _ _ _ _ _ _ _ _ _ _ _ _ _ _ _ _ _ _ _ _ _ _ _ _ _ _ _ _ _ _ _ _ _ _ _ _ _
<string>:4: in __init__
    ???
..\..\anaconda3\envs\scrumix\lib\site-packages\sqlalchemy\orm\state.py:561: in _initialize_instance
    manager.dispatch.init(self, args, kwargs)
..\..\anaconda3\envs\scrumix\lib\site-packages\sqlalchemy\event\attr.py:487: in __call__
    fn(*args, **kw)
..\..\anaconda3\envs\scrumix\lib\site-packages\sqlalchemy\orm\mapper.py:4391: in _event_on_init
    instrumenting_mapper._check_configure()
..\..\anaconda3\envs\scrumix\lib\site-packages\sqlalchemy\orm\mapper.py:2386: in _check_configure
    _configure_registries({self.registry}, cascade=True)
..\..\anaconda3\envs\scrumix\lib\site-packages\sqlalchemy\orm\mapper.py:4199: in _configure_registries
    _do_configure_registries(registries, cascade)
_ _ _ _ _ _ _ _ _ _ _ _ _ _ _ _ _ _ _ _ _ _ _ _ _ _ _ _ _ _ _ _ _ _ _ _ _ _ _ _

registries = set(), cascade = True

    @util.preload_module("sqlalchemy.orm.decl_api")
    def _do_configure_registries(
        registries: Set[_RegistryType], cascade: bool
    ) -> None:
        registry = util.preloaded.orm_decl_api.registry
    
        orig = set(registries)
    
        for reg in registry._recurse_with_dependencies(registries):
            has_skip = False
    
            for mapper in reg._mappers_to_configure():
                run_configure = None
    
                for fn in mapper.dispatch.before_mapper_configured:
                    run_configure = fn(mapper, mapper.class_)
                    if run_configure is EXT_SKIP:
                        has_skip = True
                        break
                if run_configure is EXT_SKIP:
                    continue
    
                if getattr(mapper, "_configure_failed", False):
                    e = sa_exc.InvalidRequestError(
                        "One or more mappers failed to initialize - "
                        "can't proceed with initialization of other "
                        "mappers. Triggering mapper: '%s'. "
                        "Original exception was: %s"
                        % (mapper, mapper._configure_failed)
                    )
                    e._configure_failed = mapper._configure_failed  # type: ignore
>                   raise e
E                   sqlalchemy.exc.InvalidRequestError: One or more mappers failed to initialize - can't proceed with initialization of other mappers. Triggering mapper: 'Mapper[Sprint(sprints)]'. Original exception was: Mapper 'Mapper[Project(projects)]' has no property 'sprints'.  If this property was indicated from other mappers or configure events, ensure registry.configure() has been called.

..\..\anaconda3\envs\scrumix\lib\site-packages\sqlalchemy\orm\mapper.py:4236: InvalidRequestError
______________ TestMeetingAgendaCRUD.test_delete_meeting_agenda _______________

self = <tests.test_meeting_agenda.TestMeetingAgendaCRUD object at 0x0000025E2ACD3520>
db_session = <sqlalchemy.orm.session.Session object at 0x0000025E2CAFBCA0>

    def test_delete_meeting_agenda(self, db_session):
        """Test deleting meeting agenda"""
        from scrumix.api.crud.meeting_agenda import meeting_agenda
        from scrumix.api.schemas.meeting_agenda import MeetingAgendaCreate
        from scrumix.api.models.meeting import Meeting
        from scrumix.api.models.project import Project
    
        # Create a project and meeting first
>       project = Project(
            name="Test Project",
            description="A test project",
            status="active"
        )

backend\tests\test_meeting_agenda.py:853: 
_ _ _ _ _ _ _ _ _ _ _ _ _ _ _ _ _ _ _ _ _ _ _ _ _ _ _ _ _ _ _ _ _ _ _ _ _ _ _ _
<string>:4: in __init__
    ???
..\..\anaconda3\envs\scrumix\lib\site-packages\sqlalchemy\orm\state.py:561: in _initialize_instance
    manager.dispatch.init(self, args, kwargs)
..\..\anaconda3\envs\scrumix\lib\site-packages\sqlalchemy\event\attr.py:487: in __call__
    fn(*args, **kw)
..\..\anaconda3\envs\scrumix\lib\site-packages\sqlalchemy\orm\mapper.py:4391: in _event_on_init
    instrumenting_mapper._check_configure()
..\..\anaconda3\envs\scrumix\lib\site-packages\sqlalchemy\orm\mapper.py:2386: in _check_configure
    _configure_registries({self.registry}, cascade=True)
..\..\anaconda3\envs\scrumix\lib\site-packages\sqlalchemy\orm\mapper.py:4199: in _configure_registries
    _do_configure_registries(registries, cascade)
_ _ _ _ _ _ _ _ _ _ _ _ _ _ _ _ _ _ _ _ _ _ _ _ _ _ _ _ _ _ _ _ _ _ _ _ _ _ _ _

registries = set(), cascade = True

    @util.preload_module("sqlalchemy.orm.decl_api")
    def _do_configure_registries(
        registries: Set[_RegistryType], cascade: bool
    ) -> None:
        registry = util.preloaded.orm_decl_api.registry
    
        orig = set(registries)
    
        for reg in registry._recurse_with_dependencies(registries):
            has_skip = False
    
            for mapper in reg._mappers_to_configure():
                run_configure = None
    
                for fn in mapper.dispatch.before_mapper_configured:
                    run_configure = fn(mapper, mapper.class_)
                    if run_configure is EXT_SKIP:
                        has_skip = True
                        break
                if run_configure is EXT_SKIP:
                    continue
    
                if getattr(mapper, "_configure_failed", False):
                    e = sa_exc.InvalidRequestError(
                        "One or more mappers failed to initialize - "
                        "can't proceed with initialization of other "
                        "mappers. Triggering mapper: '%s'. "
                        "Original exception was: %s"
                        % (mapper, mapper._configure_failed)
                    )
                    e._configure_failed = mapper._configure_failed  # type: ignore
>                   raise e
E                   sqlalchemy.exc.InvalidRequestError: One or more mappers failed to initialize - can't proceed with initialization of other mappers. Triggering mapper: 'Mapper[Sprint(sprints)]'. Original exception was: Mapper 'Mapper[Project(projects)]' has no property 'sprints'.  If this property was indicated from other mappers or configure events, ensure registry.configure() has been called.

..\..\anaconda3\envs\scrumix\lib\site-packages\sqlalchemy\orm\mapper.py:4236: InvalidRequestError
_____ TestMeetingAgendaCRUD.test_delete_all_meeting_agendas_by_meeting_id _____

self = <tests.test_meeting_agenda.TestMeetingAgendaCRUD object at 0x0000025E2ACD3700>
db_session = <sqlalchemy.orm.session.Session object at 0x0000025E2C264040>

    def test_delete_all_meeting_agendas_by_meeting_id(self, db_session):
        """Test deleting all meeting agendas by meeting ID"""
        from scrumix.api.crud.meeting_agenda import meeting_agenda
        from scrumix.api.schemas.meeting_agenda import MeetingAgendaCreate
        from scrumix.api.models.meeting import Meeting
        from scrumix.api.models.project import Project
    
        # Create a project and meeting first
>       project = Project(
            name="Test Project",
            description="A test project",
            status="active"
        )

backend\tests\test_meeting_agenda.py:897: 
_ _ _ _ _ _ _ _ _ _ _ _ _ _ _ _ _ _ _ _ _ _ _ _ _ _ _ _ _ _ _ _ _ _ _ _ _ _ _ _
<string>:4: in __init__
    ???
..\..\anaconda3\envs\scrumix\lib\site-packages\sqlalchemy\orm\state.py:561: in _initialize_instance
    manager.dispatch.init(self, args, kwargs)
..\..\anaconda3\envs\scrumix\lib\site-packages\sqlalchemy\event\attr.py:487: in __call__
    fn(*args, **kw)
..\..\anaconda3\envs\scrumix\lib\site-packages\sqlalchemy\orm\mapper.py:4391: in _event_on_init
    instrumenting_mapper._check_configure()
..\..\anaconda3\envs\scrumix\lib\site-packages\sqlalchemy\orm\mapper.py:2386: in _check_configure
    _configure_registries({self.registry}, cascade=True)
..\..\anaconda3\envs\scrumix\lib\site-packages\sqlalchemy\orm\mapper.py:4199: in _configure_registries
    _do_configure_registries(registries, cascade)
_ _ _ _ _ _ _ _ _ _ _ _ _ _ _ _ _ _ _ _ _ _ _ _ _ _ _ _ _ _ _ _ _ _ _ _ _ _ _ _

registries = set(), cascade = True

    @util.preload_module("sqlalchemy.orm.decl_api")
    def _do_configure_registries(
        registries: Set[_RegistryType], cascade: bool
    ) -> None:
        registry = util.preloaded.orm_decl_api.registry
    
        orig = set(registries)
    
        for reg in registry._recurse_with_dependencies(registries):
            has_skip = False
    
            for mapper in reg._mappers_to_configure():
                run_configure = None
    
                for fn in mapper.dispatch.before_mapper_configured:
                    run_configure = fn(mapper, mapper.class_)
                    if run_configure is EXT_SKIP:
                        has_skip = True
                        break
                if run_configure is EXT_SKIP:
                    continue
    
                if getattr(mapper, "_configure_failed", False):
                    e = sa_exc.InvalidRequestError(
                        "One or more mappers failed to initialize - "
                        "can't proceed with initialization of other "
                        "mappers. Triggering mapper: '%s'. "
                        "Original exception was: %s"
                        % (mapper, mapper._configure_failed)
                    )
                    e._configure_failed = mapper._configure_failed  # type: ignore
>                   raise e
E                   sqlalchemy.exc.InvalidRequestError: One or more mappers failed to initialize - can't proceed with initialization of other mappers. Triggering mapper: 'Mapper[Sprint(sprints)]'. Original exception was: Mapper 'Mapper[Project(projects)]' has no property 'sprints'.  If this property was indicated from other mappers or configure events, ensure registry.configure() has been called.

..\..\anaconda3\envs\scrumix\lib\site-packages\sqlalchemy\orm\mapper.py:4236: InvalidRequestError
____________ TestMeetingNoteCRUD.test_create_meeting_note_success _____________

self = <tests.test_meeting_note.TestMeetingNoteCRUD object at 0x0000025E2AD19120>
db_session = <sqlalchemy.orm.session.Session object at 0x0000025E2C68B460>

    def test_create_meeting_note_success(self, db_session):
        """Test successful meeting note creation"""
        from scrumix.api.crud.meeting_note import meeting_note
        from scrumix.api.schemas.meeting_note import MeetingNoteCreate
        from scrumix.api.models.meeting import Meeting
        from scrumix.api.models.project import Project
    
        # Create a project and meeting first
>       project = Project(
            name="Test Project",
            description="A test project",
            status="active"
        )

backend\tests\test_meeting_note.py:753: 
_ _ _ _ _ _ _ _ _ _ _ _ _ _ _ _ _ _ _ _ _ _ _ _ _ _ _ _ _ _ _ _ _ _ _ _ _ _ _ _
<string>:4: in __init__
    ???
..\..\anaconda3\envs\scrumix\lib\site-packages\sqlalchemy\orm\state.py:561: in _initialize_instance
    manager.dispatch.init(self, args, kwargs)
..\..\anaconda3\envs\scrumix\lib\site-packages\sqlalchemy\event\attr.py:487: in __call__
    fn(*args, **kw)
..\..\anaconda3\envs\scrumix\lib\site-packages\sqlalchemy\orm\mapper.py:4391: in _event_on_init
    instrumenting_mapper._check_configure()
..\..\anaconda3\envs\scrumix\lib\site-packages\sqlalchemy\orm\mapper.py:2386: in _check_configure
    _configure_registries({self.registry}, cascade=True)
..\..\anaconda3\envs\scrumix\lib\site-packages\sqlalchemy\orm\mapper.py:4199: in _configure_registries
    _do_configure_registries(registries, cascade)
_ _ _ _ _ _ _ _ _ _ _ _ _ _ _ _ _ _ _ _ _ _ _ _ _ _ _ _ _ _ _ _ _ _ _ _ _ _ _ _

registries = set(), cascade = True

    @util.preload_module("sqlalchemy.orm.decl_api")
    def _do_configure_registries(
        registries: Set[_RegistryType], cascade: bool
    ) -> None:
        registry = util.preloaded.orm_decl_api.registry
    
        orig = set(registries)
    
        for reg in registry._recurse_with_dependencies(registries):
            has_skip = False
    
            for mapper in reg._mappers_to_configure():
                run_configure = None
    
                for fn in mapper.dispatch.before_mapper_configured:
                    run_configure = fn(mapper, mapper.class_)
                    if run_configure is EXT_SKIP:
                        has_skip = True
                        break
                if run_configure is EXT_SKIP:
                    continue
    
                if getattr(mapper, "_configure_failed", False):
                    e = sa_exc.InvalidRequestError(
                        "One or more mappers failed to initialize - "
                        "can't proceed with initialization of other "
                        "mappers. Triggering mapper: '%s'. "
                        "Original exception was: %s"
                        % (mapper, mapper._configure_failed)
                    )
                    e._configure_failed = mapper._configure_failed  # type: ignore
>                   raise e
E                   sqlalchemy.exc.InvalidRequestError: One or more mappers failed to initialize - can't proceed with initialization of other mappers. Triggering mapper: 'Mapper[Sprint(sprints)]'. Original exception was: Mapper 'Mapper[Project(projects)]' has no property 'sprints'.  If this property was indicated from other mappers or configure events, ensure registry.configure() has been called.

..\..\anaconda3\envs\scrumix\lib\site-packages\sqlalchemy\orm\mapper.py:4236: InvalidRequestError
_______________ TestMeetingNoteCRUD.test_get_meeting_note_by_id _______________

self = <tests.test_meeting_note.TestMeetingNoteCRUD object at 0x0000025E2AD079A0>
db_session = <sqlalchemy.orm.session.Session object at 0x0000025E2C1DD960>

    def test_get_meeting_note_by_id(self, db_session):
        """Test getting meeting note by ID"""
        from scrumix.api.crud.meeting_note import meeting_note
        from scrumix.api.schemas.meeting_note import MeetingNoteCreate
        from scrumix.api.models.meeting import Meeting
        from scrumix.api.models.project import Project
    
        # Create a project and meeting first
>       project = Project(
            name="Test Project",
            description="A test project",
            status="active"
        )

backend\tests\test_meeting_note.py:791: 
_ _ _ _ _ _ _ _ _ _ _ _ _ _ _ _ _ _ _ _ _ _ _ _ _ _ _ _ _ _ _ _ _ _ _ _ _ _ _ _
<string>:4: in __init__
    ???
..\..\anaconda3\envs\scrumix\lib\site-packages\sqlalchemy\orm\state.py:561: in _initialize_instance
    manager.dispatch.init(self, args, kwargs)
..\..\anaconda3\envs\scrumix\lib\site-packages\sqlalchemy\event\attr.py:487: in __call__
    fn(*args, **kw)
..\..\anaconda3\envs\scrumix\lib\site-packages\sqlalchemy\orm\mapper.py:4391: in _event_on_init
    instrumenting_mapper._check_configure()
..\..\anaconda3\envs\scrumix\lib\site-packages\sqlalchemy\orm\mapper.py:2386: in _check_configure
    _configure_registries({self.registry}, cascade=True)
..\..\anaconda3\envs\scrumix\lib\site-packages\sqlalchemy\orm\mapper.py:4199: in _configure_registries
    _do_configure_registries(registries, cascade)
_ _ _ _ _ _ _ _ _ _ _ _ _ _ _ _ _ _ _ _ _ _ _ _ _ _ _ _ _ _ _ _ _ _ _ _ _ _ _ _

registries = set(), cascade = True

    @util.preload_module("sqlalchemy.orm.decl_api")
    def _do_configure_registries(
        registries: Set[_RegistryType], cascade: bool
    ) -> None:
        registry = util.preloaded.orm_decl_api.registry
    
        orig = set(registries)
    
        for reg in registry._recurse_with_dependencies(registries):
            has_skip = False
    
            for mapper in reg._mappers_to_configure():
                run_configure = None
    
                for fn in mapper.dispatch.before_mapper_configured:
                    run_configure = fn(mapper, mapper.class_)
                    if run_configure is EXT_SKIP:
                        has_skip = True
                        break
                if run_configure is EXT_SKIP:
                    continue
    
                if getattr(mapper, "_configure_failed", False):
                    e = sa_exc.InvalidRequestError(
                        "One or more mappers failed to initialize - "
                        "can't proceed with initialization of other "
                        "mappers. Triggering mapper: '%s'. "
                        "Original exception was: %s"
                        % (mapper, mapper._configure_failed)
                    )
                    e._configure_failed = mapper._configure_failed  # type: ignore
>                   raise e
E                   sqlalchemy.exc.InvalidRequestError: One or more mappers failed to initialize - can't proceed with initialization of other mappers. Triggering mapper: 'Mapper[Sprint(sprints)]'. Original exception was: Mapper 'Mapper[Project(projects)]' has no property 'sprints'.  If this property was indicated from other mappers or configure events, ensure registry.configure() has been called.

..\..\anaconda3\envs\scrumix\lib\site-packages\sqlalchemy\orm\mapper.py:4236: InvalidRequestError
_________ TestMeetingNoteCRUD.test_get_meeting_notes_with_pagination __________

self = <tests.test_meeting_note.TestMeetingNoteCRUD object at 0x0000025E2AD07040>
db_session = <sqlalchemy.orm.session.Session object at 0x0000025E2C5B62C0>

    def test_get_meeting_notes_with_pagination(self, db_session):
        """Test getting meeting notes with pagination"""
        from scrumix.api.crud.meeting_note import meeting_note
        from scrumix.api.schemas.meeting_note import MeetingNoteCreate
        from scrumix.api.models.meeting import Meeting
        from scrumix.api.models.project import Project
    
        # Create a project and meeting first
>       project = Project(
            name="Test Project",
            description="A test project",
            status="active"
        )

backend\tests\test_meeting_note.py:831: 
_ _ _ _ _ _ _ _ _ _ _ _ _ _ _ _ _ _ _ _ _ _ _ _ _ _ _ _ _ _ _ _ _ _ _ _ _ _ _ _
<string>:4: in __init__
    ???
..\..\anaconda3\envs\scrumix\lib\site-packages\sqlalchemy\orm\state.py:561: in _initialize_instance
    manager.dispatch.init(self, args, kwargs)
..\..\anaconda3\envs\scrumix\lib\site-packages\sqlalchemy\event\attr.py:487: in __call__
    fn(*args, **kw)
..\..\anaconda3\envs\scrumix\lib\site-packages\sqlalchemy\orm\mapper.py:4391: in _event_on_init
    instrumenting_mapper._check_configure()
..\..\anaconda3\envs\scrumix\lib\site-packages\sqlalchemy\orm\mapper.py:2386: in _check_configure
    _configure_registries({self.registry}, cascade=True)
..\..\anaconda3\envs\scrumix\lib\site-packages\sqlalchemy\orm\mapper.py:4199: in _configure_registries
    _do_configure_registries(registries, cascade)
_ _ _ _ _ _ _ _ _ _ _ _ _ _ _ _ _ _ _ _ _ _ _ _ _ _ _ _ _ _ _ _ _ _ _ _ _ _ _ _

registries = set(), cascade = True

    @util.preload_module("sqlalchemy.orm.decl_api")
    def _do_configure_registries(
        registries: Set[_RegistryType], cascade: bool
    ) -> None:
        registry = util.preloaded.orm_decl_api.registry
    
        orig = set(registries)
    
        for reg in registry._recurse_with_dependencies(registries):
            has_skip = False
    
            for mapper in reg._mappers_to_configure():
                run_configure = None
    
                for fn in mapper.dispatch.before_mapper_configured:
                    run_configure = fn(mapper, mapper.class_)
                    if run_configure is EXT_SKIP:
                        has_skip = True
                        break
                if run_configure is EXT_SKIP:
                    continue
    
                if getattr(mapper, "_configure_failed", False):
                    e = sa_exc.InvalidRequestError(
                        "One or more mappers failed to initialize - "
                        "can't proceed with initialization of other "
                        "mappers. Triggering mapper: '%s'. "
                        "Original exception was: %s"
                        % (mapper, mapper._configure_failed)
                    )
                    e._configure_failed = mapper._configure_failed  # type: ignore
>                   raise e
E                   sqlalchemy.exc.InvalidRequestError: One or more mappers failed to initialize - can't proceed with initialization of other mappers. Triggering mapper: 'Mapper[Sprint(sprints)]'. Original exception was: Mapper 'Mapper[Project(projects)]' has no property 'sprints'.  If this property was indicated from other mappers or configure events, ensure registry.configure() has been called.

..\..\anaconda3\envs\scrumix\lib\site-packages\sqlalchemy\orm\mapper.py:4236: InvalidRequestError
__________ TestMeetingNoteCRUD.test_get_meeting_notes_by_meeting_id ___________

self = <tests.test_meeting_note.TestMeetingNoteCRUD object at 0x0000025E2AD06230>
db_session = <sqlalchemy.orm.session.Session object at 0x0000025E2C8D84F0>

    def test_get_meeting_notes_by_meeting_id(self, db_session):
        """Test getting meeting notes by meeting ID"""
        from scrumix.api.crud.meeting_note import meeting_note
        from scrumix.api.schemas.meeting_note import MeetingNoteCreate
        from scrumix.api.models.meeting import Meeting
        from scrumix.api.models.project import Project
    
        # Create a project and meeting first
>       project = Project(
            name="Test Project",
            description="A test project",
            status="active"
        )

backend\tests\test_meeting_note.py:871: 
_ _ _ _ _ _ _ _ _ _ _ _ _ _ _ _ _ _ _ _ _ _ _ _ _ _ _ _ _ _ _ _ _ _ _ _ _ _ _ _
<string>:4: in __init__
    ???
..\..\anaconda3\envs\scrumix\lib\site-packages\sqlalchemy\orm\state.py:561: in _initialize_instance
    manager.dispatch.init(self, args, kwargs)
..\..\anaconda3\envs\scrumix\lib\site-packages\sqlalchemy\event\attr.py:487: in __call__
    fn(*args, **kw)
..\..\anaconda3\envs\scrumix\lib\site-packages\sqlalchemy\orm\mapper.py:4391: in _event_on_init
    instrumenting_mapper._check_configure()
..\..\anaconda3\envs\scrumix\lib\site-packages\sqlalchemy\orm\mapper.py:2386: in _check_configure
    _configure_registries({self.registry}, cascade=True)
..\..\anaconda3\envs\scrumix\lib\site-packages\sqlalchemy\orm\mapper.py:4199: in _configure_registries
    _do_configure_registries(registries, cascade)
_ _ _ _ _ _ _ _ _ _ _ _ _ _ _ _ _ _ _ _ _ _ _ _ _ _ _ _ _ _ _ _ _ _ _ _ _ _ _ _

registries = set(), cascade = True

    @util.preload_module("sqlalchemy.orm.decl_api")
    def _do_configure_registries(
        registries: Set[_RegistryType], cascade: bool
    ) -> None:
        registry = util.preloaded.orm_decl_api.registry
    
        orig = set(registries)
    
        for reg in registry._recurse_with_dependencies(registries):
            has_skip = False
    
            for mapper in reg._mappers_to_configure():
                run_configure = None
    
                for fn in mapper.dispatch.before_mapper_configured:
                    run_configure = fn(mapper, mapper.class_)
                    if run_configure is EXT_SKIP:
                        has_skip = True
                        break
                if run_configure is EXT_SKIP:
                    continue
    
                if getattr(mapper, "_configure_failed", False):
                    e = sa_exc.InvalidRequestError(
                        "One or more mappers failed to initialize - "
                        "can't proceed with initialization of other "
                        "mappers. Triggering mapper: '%s'. "
                        "Original exception was: %s"
                        % (mapper, mapper._configure_failed)
                    )
                    e._configure_failed = mapper._configure_failed  # type: ignore
>                   raise e
E                   sqlalchemy.exc.InvalidRequestError: One or more mappers failed to initialize - can't proceed with initialization of other mappers. Triggering mapper: 'Mapper[Sprint(sprints)]'. Original exception was: Mapper 'Mapper[Project(projects)]' has no property 'sprints'.  If this property was indicated from other mappers or configure events, ensure registry.configure() has been called.

..\..\anaconda3\envs\scrumix\lib\site-packages\sqlalchemy\orm\mapper.py:4236: InvalidRequestError
________________ TestMeetingNoteCRUD.test_search_meeting_notes ________________

self = <tests.test_meeting_note.TestMeetingNoteCRUD object at 0x0000025E2AD18D60>
db_session = <sqlalchemy.orm.session.Session object at 0x0000025E2C95DAE0>

    def test_search_meeting_notes(self, db_session):
        """Test searching meeting notes"""
        from scrumix.api.crud.meeting_note import meeting_note
        from scrumix.api.schemas.meeting_note import MeetingNoteCreate
        from scrumix.api.models.meeting import Meeting
        from scrumix.api.models.project import Project
    
        # Create a project and meeting first
>       project = Project(
            name="Test Project",
            description="A test project",
            status="active"
        )

backend\tests\test_meeting_note.py:911: 
_ _ _ _ _ _ _ _ _ _ _ _ _ _ _ _ _ _ _ _ _ _ _ _ _ _ _ _ _ _ _ _ _ _ _ _ _ _ _ _
<string>:4: in __init__
    ???
..\..\anaconda3\envs\scrumix\lib\site-packages\sqlalchemy\orm\state.py:561: in _initialize_instance
    manager.dispatch.init(self, args, kwargs)
..\..\anaconda3\envs\scrumix\lib\site-packages\sqlalchemy\event\attr.py:487: in __call__
    fn(*args, **kw)
..\..\anaconda3\envs\scrumix\lib\site-packages\sqlalchemy\orm\mapper.py:4391: in _event_on_init
    instrumenting_mapper._check_configure()
..\..\anaconda3\envs\scrumix\lib\site-packages\sqlalchemy\orm\mapper.py:2386: in _check_configure
    _configure_registries({self.registry}, cascade=True)
..\..\anaconda3\envs\scrumix\lib\site-packages\sqlalchemy\orm\mapper.py:4199: in _configure_registries
    _do_configure_registries(registries, cascade)
_ _ _ _ _ _ _ _ _ _ _ _ _ _ _ _ _ _ _ _ _ _ _ _ _ _ _ _ _ _ _ _ _ _ _ _ _ _ _ _

registries = set(), cascade = True

    @util.preload_module("sqlalchemy.orm.decl_api")
    def _do_configure_registries(
        registries: Set[_RegistryType], cascade: bool
    ) -> None:
        registry = util.preloaded.orm_decl_api.registry
    
        orig = set(registries)
    
        for reg in registry._recurse_with_dependencies(registries):
            has_skip = False
    
            for mapper in reg._mappers_to_configure():
                run_configure = None
    
                for fn in mapper.dispatch.before_mapper_configured:
                    run_configure = fn(mapper, mapper.class_)
                    if run_configure is EXT_SKIP:
                        has_skip = True
                        break
                if run_configure is EXT_SKIP:
                    continue
    
                if getattr(mapper, "_configure_failed", False):
                    e = sa_exc.InvalidRequestError(
                        "One or more mappers failed to initialize - "
                        "can't proceed with initialization of other "
                        "mappers. Triggering mapper: '%s'. "
                        "Original exception was: %s"
                        % (mapper, mapper._configure_failed)
                    )
                    e._configure_failed = mapper._configure_failed  # type: ignore
>                   raise e
E                   sqlalchemy.exc.InvalidRequestError: One or more mappers failed to initialize - can't proceed with initialization of other mappers. Triggering mapper: 'Mapper[Sprint(sprints)]'. Original exception was: Mapper 'Mapper[Project(projects)]' has no property 'sprints'.  If this property was indicated from other mappers or configure events, ensure registry.configure() has been called.

..\..\anaconda3\envs\scrumix\lib\site-packages\sqlalchemy\orm\mapper.py:4236: InvalidRequestError
________________ TestMeetingNoteCRUD.test_update_meeting_note _________________

self = <tests.test_meeting_note.TestMeetingNoteCRUD object at 0x0000025E2AD18400>
db_session = <sqlalchemy.orm.session.Session object at 0x0000025E2C6B5840>

    def test_update_meeting_note(self, db_session):
        """Test updating meeting note"""
        from scrumix.api.crud.meeting_note import meeting_note
        from scrumix.api.schemas.meeting_note import MeetingNoteCreate, MeetingNoteUpdate
        from scrumix.api.models.meeting import Meeting
        from scrumix.api.models.project import Project
    
        # Create a project and meeting first
>       project = Project(
            name="Test Project",
            description="A test project",
            status="active"
        )

backend\tests\test_meeting_note.py:952: 
_ _ _ _ _ _ _ _ _ _ _ _ _ _ _ _ _ _ _ _ _ _ _ _ _ _ _ _ _ _ _ _ _ _ _ _ _ _ _ _
<string>:4: in __init__
    ???
..\..\anaconda3\envs\scrumix\lib\site-packages\sqlalchemy\orm\state.py:561: in _initialize_instance
    manager.dispatch.init(self, args, kwargs)
..\..\anaconda3\envs\scrumix\lib\site-packages\sqlalchemy\event\attr.py:487: in __call__
    fn(*args, **kw)
..\..\anaconda3\envs\scrumix\lib\site-packages\sqlalchemy\orm\mapper.py:4391: in _event_on_init
    instrumenting_mapper._check_configure()
..\..\anaconda3\envs\scrumix\lib\site-packages\sqlalchemy\orm\mapper.py:2386: in _check_configure
    _configure_registries({self.registry}, cascade=True)
..\..\anaconda3\envs\scrumix\lib\site-packages\sqlalchemy\orm\mapper.py:4199: in _configure_registries
    _do_configure_registries(registries, cascade)
_ _ _ _ _ _ _ _ _ _ _ _ _ _ _ _ _ _ _ _ _ _ _ _ _ _ _ _ _ _ _ _ _ _ _ _ _ _ _ _

registries = set(), cascade = True

    @util.preload_module("sqlalchemy.orm.decl_api")
    def _do_configure_registries(
        registries: Set[_RegistryType], cascade: bool
    ) -> None:
        registry = util.preloaded.orm_decl_api.registry
    
        orig = set(registries)
    
        for reg in registry._recurse_with_dependencies(registries):
            has_skip = False
    
            for mapper in reg._mappers_to_configure():
                run_configure = None
    
                for fn in mapper.dispatch.before_mapper_configured:
                    run_configure = fn(mapper, mapper.class_)
                    if run_configure is EXT_SKIP:
                        has_skip = True
                        break
                if run_configure is EXT_SKIP:
                    continue
    
                if getattr(mapper, "_configure_failed", False):
                    e = sa_exc.InvalidRequestError(
                        "One or more mappers failed to initialize - "
                        "can't proceed with initialization of other "
                        "mappers. Triggering mapper: '%s'. "
                        "Original exception was: %s"
                        % (mapper, mapper._configure_failed)
                    )
                    e._configure_failed = mapper._configure_failed  # type: ignore
>                   raise e
E                   sqlalchemy.exc.InvalidRequestError: One or more mappers failed to initialize - can't proceed with initialization of other mappers. Triggering mapper: 'Mapper[Sprint(sprints)]'. Original exception was: Mapper 'Mapper[Project(projects)]' has no property 'sprints'.  If this property was indicated from other mappers or configure events, ensure registry.configure() has been called.

..\..\anaconda3\envs\scrumix\lib\site-packages\sqlalchemy\orm\mapper.py:4236: InvalidRequestError
________________ TestMeetingNoteCRUD.test_delete_meeting_note _________________

self = <tests.test_meeting_note.TestMeetingNoteCRUD object at 0x0000025E2AD192D0>
db_session = <sqlalchemy.orm.session.Session object at 0x0000025E2C243EE0>

    def test_delete_meeting_note(self, db_session):
        """Test deleting meeting note"""
        from scrumix.api.crud.meeting_note import meeting_note
        from scrumix.api.schemas.meeting_note import MeetingNoteCreate
        from scrumix.api.models.meeting import Meeting
        from scrumix.api.models.project import Project
    
        # Create a project and meeting first
>       project = Project(
            name="Test Project",
            description="A test project",
            status="active"
        )

backend\tests\test_meeting_note.py:994: 
_ _ _ _ _ _ _ _ _ _ _ _ _ _ _ _ _ _ _ _ _ _ _ _ _ _ _ _ _ _ _ _ _ _ _ _ _ _ _ _
<string>:4: in __init__
    ???
..\..\anaconda3\envs\scrumix\lib\site-packages\sqlalchemy\orm\state.py:561: in _initialize_instance
    manager.dispatch.init(self, args, kwargs)
..\..\anaconda3\envs\scrumix\lib\site-packages\sqlalchemy\event\attr.py:487: in __call__
    fn(*args, **kw)
..\..\anaconda3\envs\scrumix\lib\site-packages\sqlalchemy\orm\mapper.py:4391: in _event_on_init
    instrumenting_mapper._check_configure()
..\..\anaconda3\envs\scrumix\lib\site-packages\sqlalchemy\orm\mapper.py:2386: in _check_configure
    _configure_registries({self.registry}, cascade=True)
..\..\anaconda3\envs\scrumix\lib\site-packages\sqlalchemy\orm\mapper.py:4199: in _configure_registries
    _do_configure_registries(registries, cascade)
_ _ _ _ _ _ _ _ _ _ _ _ _ _ _ _ _ _ _ _ _ _ _ _ _ _ _ _ _ _ _ _ _ _ _ _ _ _ _ _

registries = set(), cascade = True

    @util.preload_module("sqlalchemy.orm.decl_api")
    def _do_configure_registries(
        registries: Set[_RegistryType], cascade: bool
    ) -> None:
        registry = util.preloaded.orm_decl_api.registry
    
        orig = set(registries)
    
        for reg in registry._recurse_with_dependencies(registries):
            has_skip = False
    
            for mapper in reg._mappers_to_configure():
                run_configure = None
    
                for fn in mapper.dispatch.before_mapper_configured:
                    run_configure = fn(mapper, mapper.class_)
                    if run_configure is EXT_SKIP:
                        has_skip = True
                        break
                if run_configure is EXT_SKIP:
                    continue
    
                if getattr(mapper, "_configure_failed", False):
                    e = sa_exc.InvalidRequestError(
                        "One or more mappers failed to initialize - "
                        "can't proceed with initialization of other "
                        "mappers. Triggering mapper: '%s'. "
                        "Original exception was: %s"
                        % (mapper, mapper._configure_failed)
                    )
                    e._configure_failed = mapper._configure_failed  # type: ignore
>                   raise e
E                   sqlalchemy.exc.InvalidRequestError: One or more mappers failed to initialize - can't proceed with initialization of other mappers. Triggering mapper: 'Mapper[Sprint(sprints)]'. Original exception was: Mapper 'Mapper[Project(projects)]' has no property 'sprints'.  If this property was indicated from other mappers or configure events, ensure registry.configure() has been called.

..\..\anaconda3\envs\scrumix\lib\site-packages\sqlalchemy\orm\mapper.py:4236: InvalidRequestError
_________________ TestMeetingCRUD.test_create_meeting_success _________________

self = <tests.test_meetings.TestMeetingCRUD object at 0x0000025E2AD49B10>
db_session = <sqlalchemy.orm.session.Session object at 0x0000025E2CE57310>

    def test_create_meeting_success(self, db_session):
        """Test successful meeting creation"""
        from scrumix.api.crud.meeting import meeting
        from scrumix.api.schemas.meeting import MeetingCreate
    
        meeting_data = MeetingCreate(
            title="Test Meeting",
            description="A test meeting",
            meeting_type=MeetingType.daily_standup,
            start_datetime=datetime.now() + timedelta(hours=1),
            duration=30,
            location="Conference Room A"
        )
    
>       meeting_obj = meeting.create(db=db_session, obj_in=meeting_data)

backend\tests\test_meetings.py:404: 
_ _ _ _ _ _ _ _ _ _ _ _ _ _ _ _ _ _ _ _ _ _ _ _ _ _ _ _ _ _ _ _ _ _ _ _ _ _ _ _
backend\src\scrumix\api\crud\base.py:42: in create
    db_obj = self.model(**obj_in_data)
<string>:4: in __init__
    ???
..\..\anaconda3\envs\scrumix\lib\site-packages\sqlalchemy\orm\state.py:561: in _initialize_instance
    manager.dispatch.init(self, args, kwargs)
..\..\anaconda3\envs\scrumix\lib\site-packages\sqlalchemy\event\attr.py:487: in __call__
    fn(*args, **kw)
..\..\anaconda3\envs\scrumix\lib\site-packages\sqlalchemy\orm\mapper.py:4391: in _event_on_init
    instrumenting_mapper._check_configure()
..\..\anaconda3\envs\scrumix\lib\site-packages\sqlalchemy\orm\mapper.py:2386: in _check_configure
    _configure_registries({self.registry}, cascade=True)
..\..\anaconda3\envs\scrumix\lib\site-packages\sqlalchemy\orm\mapper.py:4199: in _configure_registries
    _do_configure_registries(registries, cascade)
_ _ _ _ _ _ _ _ _ _ _ _ _ _ _ _ _ _ _ _ _ _ _ _ _ _ _ _ _ _ _ _ _ _ _ _ _ _ _ _

registries = set(), cascade = True

    @util.preload_module("sqlalchemy.orm.decl_api")
    def _do_configure_registries(
        registries: Set[_RegistryType], cascade: bool
    ) -> None:
        registry = util.preloaded.orm_decl_api.registry
    
        orig = set(registries)
    
        for reg in registry._recurse_with_dependencies(registries):
            has_skip = False
    
            for mapper in reg._mappers_to_configure():
                run_configure = None
    
                for fn in mapper.dispatch.before_mapper_configured:
                    run_configure = fn(mapper, mapper.class_)
                    if run_configure is EXT_SKIP:
                        has_skip = True
                        break
                if run_configure is EXT_SKIP:
                    continue
    
                if getattr(mapper, "_configure_failed", False):
                    e = sa_exc.InvalidRequestError(
                        "One or more mappers failed to initialize - "
                        "can't proceed with initialization of other "
                        "mappers. Triggering mapper: '%s'. "
                        "Original exception was: %s"
                        % (mapper, mapper._configure_failed)
                    )
                    e._configure_failed = mapper._configure_failed  # type: ignore
>                   raise e
E                   sqlalchemy.exc.InvalidRequestError: One or more mappers failed to initialize - can't proceed with initialization of other mappers. Triggering mapper: 'Mapper[Sprint(sprints)]'. Original exception was: Mapper 'Mapper[Project(projects)]' has no property 'sprints'.  If this property was indicated from other mappers or configure events, ensure registry.configure() has been called.

..\..\anaconda3\envs\scrumix\lib\site-packages\sqlalchemy\orm\mapper.py:4236: InvalidRequestError
___________________ TestMeetingCRUD.test_get_meeting_by_id ____________________

self = <tests.test_meetings.TestMeetingCRUD object at 0x0000025E2AD49CF0>
db_session = <sqlalchemy.orm.session.Session object at 0x0000025E2C37EEF0>

    def test_get_meeting_by_id(self, db_session):
        """Test getting meeting by ID"""
        from scrumix.api.crud.meeting import meeting
        from scrumix.api.schemas.meeting import MeetingCreate
    
        meeting_data = MeetingCreate(
            title="Test Meeting",
            description="A test meeting",
            meeting_type=MeetingType.daily_standup,
            start_datetime=datetime.now() + timedelta(hours=1),
            duration=30,
            location="Conference Room A"
        )
    
>       created_meeting = meeting.create(db=db_session, obj_in=meeting_data)

backend\tests\test_meetings.py:424: 
_ _ _ _ _ _ _ _ _ _ _ _ _ _ _ _ _ _ _ _ _ _ _ _ _ _ _ _ _ _ _ _ _ _ _ _ _ _ _ _
backend\src\scrumix\api\crud\base.py:42: in create
    db_obj = self.model(**obj_in_data)
<string>:4: in __init__
    ???
..\..\anaconda3\envs\scrumix\lib\site-packages\sqlalchemy\orm\state.py:561: in _initialize_instance
    manager.dispatch.init(self, args, kwargs)
..\..\anaconda3\envs\scrumix\lib\site-packages\sqlalchemy\event\attr.py:487: in __call__
    fn(*args, **kw)
..\..\anaconda3\envs\scrumix\lib\site-packages\sqlalchemy\orm\mapper.py:4391: in _event_on_init
    instrumenting_mapper._check_configure()
..\..\anaconda3\envs\scrumix\lib\site-packages\sqlalchemy\orm\mapper.py:2386: in _check_configure
    _configure_registries({self.registry}, cascade=True)
..\..\anaconda3\envs\scrumix\lib\site-packages\sqlalchemy\orm\mapper.py:4199: in _configure_registries
    _do_configure_registries(registries, cascade)
_ _ _ _ _ _ _ _ _ _ _ _ _ _ _ _ _ _ _ _ _ _ _ _ _ _ _ _ _ _ _ _ _ _ _ _ _ _ _ _

registries = set(), cascade = True

    @util.preload_module("sqlalchemy.orm.decl_api")
    def _do_configure_registries(
        registries: Set[_RegistryType], cascade: bool
    ) -> None:
        registry = util.preloaded.orm_decl_api.registry
    
        orig = set(registries)
    
        for reg in registry._recurse_with_dependencies(registries):
            has_skip = False
    
            for mapper in reg._mappers_to_configure():
                run_configure = None
    
                for fn in mapper.dispatch.before_mapper_configured:
                    run_configure = fn(mapper, mapper.class_)
                    if run_configure is EXT_SKIP:
                        has_skip = True
                        break
                if run_configure is EXT_SKIP:
                    continue
    
                if getattr(mapper, "_configure_failed", False):
                    e = sa_exc.InvalidRequestError(
                        "One or more mappers failed to initialize - "
                        "can't proceed with initialization of other "
                        "mappers. Triggering mapper: '%s'. "
                        "Original exception was: %s"
                        % (mapper, mapper._configure_failed)
                    )
                    e._configure_failed = mapper._configure_failed  # type: ignore
>                   raise e
E                   sqlalchemy.exc.InvalidRequestError: One or more mappers failed to initialize - can't proceed with initialization of other mappers. Triggering mapper: 'Mapper[Sprint(sprints)]'. Original exception was: Mapper 'Mapper[Project(projects)]' has no property 'sprints'.  If this property was indicated from other mappers or configure events, ensure registry.configure() has been called.

..\..\anaconda3\envs\scrumix\lib\site-packages\sqlalchemy\orm\mapper.py:4236: InvalidRequestError
______________ TestMeetingCRUD.test_get_meetings_with_pagination ______________

self = <tests.test_meetings.TestMeetingCRUD object at 0x0000025E2AD49ED0>
db_session = <sqlalchemy.orm.session.Session object at 0x0000025E2CE6FFD0>

    def test_get_meetings_with_pagination(self, db_session):
        """Test getting meetings with pagination"""
        from scrumix.api.crud.meeting import meeting
        from scrumix.api.schemas.meeting import MeetingCreate
    
        # Create multiple meetings
        for i in range(5):
            meeting_data = MeetingCreate(
                title=f"Test Meeting {i}",
                description=f"A test meeting {i}",
                meeting_type=MeetingType.daily_standup,
                start_datetime=datetime.now() + timedelta(hours=i+1),
                duration=30,
                location="Conference Room A"
            )
>           meeting.create(db=db_session, obj_in=meeting_data)

backend\tests\test_meetings.py:446: 
_ _ _ _ _ _ _ _ _ _ _ _ _ _ _ _ _ _ _ _ _ _ _ _ _ _ _ _ _ _ _ _ _ _ _ _ _ _ _ _
backend\src\scrumix\api\crud\base.py:42: in create
    db_obj = self.model(**obj_in_data)
<string>:4: in __init__
    ???
..\..\anaconda3\envs\scrumix\lib\site-packages\sqlalchemy\orm\state.py:561: in _initialize_instance
    manager.dispatch.init(self, args, kwargs)
..\..\anaconda3\envs\scrumix\lib\site-packages\sqlalchemy\event\attr.py:487: in __call__
    fn(*args, **kw)
..\..\anaconda3\envs\scrumix\lib\site-packages\sqlalchemy\orm\mapper.py:4391: in _event_on_init
    instrumenting_mapper._check_configure()
..\..\anaconda3\envs\scrumix\lib\site-packages\sqlalchemy\orm\mapper.py:2386: in _check_configure
    _configure_registries({self.registry}, cascade=True)
..\..\anaconda3\envs\scrumix\lib\site-packages\sqlalchemy\orm\mapper.py:4199: in _configure_registries
    _do_configure_registries(registries, cascade)
_ _ _ _ _ _ _ _ _ _ _ _ _ _ _ _ _ _ _ _ _ _ _ _ _ _ _ _ _ _ _ _ _ _ _ _ _ _ _ _

registries = set(), cascade = True

    @util.preload_module("sqlalchemy.orm.decl_api")
    def _do_configure_registries(
        registries: Set[_RegistryType], cascade: bool
    ) -> None:
        registry = util.preloaded.orm_decl_api.registry
    
        orig = set(registries)
    
        for reg in registry._recurse_with_dependencies(registries):
            has_skip = False
    
            for mapper in reg._mappers_to_configure():
                run_configure = None
    
                for fn in mapper.dispatch.before_mapper_configured:
                    run_configure = fn(mapper, mapper.class_)
                    if run_configure is EXT_SKIP:
                        has_skip = True
                        break
                if run_configure is EXT_SKIP:
                    continue
    
                if getattr(mapper, "_configure_failed", False):
                    e = sa_exc.InvalidRequestError(
                        "One or more mappers failed to initialize - "
                        "can't proceed with initialization of other "
                        "mappers. Triggering mapper: '%s'. "
                        "Original exception was: %s"
                        % (mapper, mapper._configure_failed)
                    )
                    e._configure_failed = mapper._configure_failed  # type: ignore
>                   raise e
E                   sqlalchemy.exc.InvalidRequestError: One or more mappers failed to initialize - can't proceed with initialization of other mappers. Triggering mapper: 'Mapper[Sprint(sprints)]'. Original exception was: Mapper 'Mapper[Project(projects)]' has no property 'sprints'.  If this property was indicated from other mappers or configure events, ensure registry.configure() has been called.

..\..\anaconda3\envs\scrumix\lib\site-packages\sqlalchemy\orm\mapper.py:4236: InvalidRequestError
__________________ TestMeetingCRUD.test_get_meetings_by_type __________________

self = <tests.test_meetings.TestMeetingCRUD object at 0x0000025E2AD4A0B0>
db_session = <sqlalchemy.orm.session.Session object at 0x0000025E2C821F30>

    def test_get_meetings_by_type(self, db_session):
        """Test getting meetings by type"""
        from scrumix.api.crud.meeting import meeting
        from scrumix.api.schemas.meeting import MeetingCreate
    
        # Create meetings with different types
        meeting_types = [MeetingType.daily_standup, MeetingType.sprint_planning, MeetingType.sprint_retrospective]
        for meeting_type in meeting_types:
            meeting_data = MeetingCreate(
                title=f"Test Meeting {meeting_type}",
                description="A test meeting",
                meeting_type=meeting_type,
                start_datetime=datetime.now() + timedelta(hours=1),
                duration=30,
                location="Conference Room A"
            )
>           meeting.create(db=db_session, obj_in=meeting_data)

backend\tests\test_meetings.py:468: 
_ _ _ _ _ _ _ _ _ _ _ _ _ _ _ _ _ _ _ _ _ _ _ _ _ _ _ _ _ _ _ _ _ _ _ _ _ _ _ _
backend\src\scrumix\api\crud\base.py:42: in create
    db_obj = self.model(**obj_in_data)
<string>:4: in __init__
    ???
..\..\anaconda3\envs\scrumix\lib\site-packages\sqlalchemy\orm\state.py:561: in _initialize_instance
    manager.dispatch.init(self, args, kwargs)
..\..\anaconda3\envs\scrumix\lib\site-packages\sqlalchemy\event\attr.py:487: in __call__
    fn(*args, **kw)
..\..\anaconda3\envs\scrumix\lib\site-packages\sqlalchemy\orm\mapper.py:4391: in _event_on_init
    instrumenting_mapper._check_configure()
..\..\anaconda3\envs\scrumix\lib\site-packages\sqlalchemy\orm\mapper.py:2386: in _check_configure
    _configure_registries({self.registry}, cascade=True)
..\..\anaconda3\envs\scrumix\lib\site-packages\sqlalchemy\orm\mapper.py:4199: in _configure_registries
    _do_configure_registries(registries, cascade)
_ _ _ _ _ _ _ _ _ _ _ _ _ _ _ _ _ _ _ _ _ _ _ _ _ _ _ _ _ _ _ _ _ _ _ _ _ _ _ _

registries = set(), cascade = True

    @util.preload_module("sqlalchemy.orm.decl_api")
    def _do_configure_registries(
        registries: Set[_RegistryType], cascade: bool
    ) -> None:
        registry = util.preloaded.orm_decl_api.registry
    
        orig = set(registries)
    
        for reg in registry._recurse_with_dependencies(registries):
            has_skip = False
    
            for mapper in reg._mappers_to_configure():
                run_configure = None
    
                for fn in mapper.dispatch.before_mapper_configured:
                    run_configure = fn(mapper, mapper.class_)
                    if run_configure is EXT_SKIP:
                        has_skip = True
                        break
                if run_configure is EXT_SKIP:
                    continue
    
                if getattr(mapper, "_configure_failed", False):
                    e = sa_exc.InvalidRequestError(
                        "One or more mappers failed to initialize - "
                        "can't proceed with initialization of other "
                        "mappers. Triggering mapper: '%s'. "
                        "Original exception was: %s"
                        % (mapper, mapper._configure_failed)
                    )
                    e._configure_failed = mapper._configure_failed  # type: ignore
>                   raise e
E                   sqlalchemy.exc.InvalidRequestError: One or more mappers failed to initialize - can't proceed with initialization of other mappers. Triggering mapper: 'Mapper[Sprint(sprints)]'. Original exception was: Mapper 'Mapper[Project(projects)]' has no property 'sprints'.  If this property was indicated from other mappers or configure events, ensure registry.configure() has been called.

..\..\anaconda3\envs\scrumix\lib\site-packages\sqlalchemy\orm\mapper.py:4236: InvalidRequestError
____________________ TestMeetingCRUD.test_search_meetings _____________________

self = <tests.test_meetings.TestMeetingCRUD object at 0x0000025E2AD4A290>
db_session = <sqlalchemy.orm.session.Session object at 0x0000025E2C9D03A0>

    def test_search_meetings(self, db_session):
        """Test searching meetings"""
        from scrumix.api.crud.meeting import meeting
        from scrumix.api.schemas.meeting import MeetingCreate
    
        # Create meetings with different descriptions
        meeting_descriptions = ["Python meeting", "JavaScript meeting", "React meeting", "Vue meeting"]
        for description in meeting_descriptions:
            meeting_data = MeetingCreate(
                title="Test Meeting",
                description=description,
                meeting_type=MeetingType.daily_standup,
                start_datetime=datetime.now() + timedelta(hours=1),
                duration=30,
                location="Conference Room A"
            )
>           meeting.create(db=db_session, obj_in=meeting_data)

backend\tests\test_meetings.py:491: 
_ _ _ _ _ _ _ _ _ _ _ _ _ _ _ _ _ _ _ _ _ _ _ _ _ _ _ _ _ _ _ _ _ _ _ _ _ _ _ _
backend\src\scrumix\api\crud\base.py:42: in create
    db_obj = self.model(**obj_in_data)
<string>:4: in __init__
    ???
..\..\anaconda3\envs\scrumix\lib\site-packages\sqlalchemy\orm\state.py:561: in _initialize_instance
    manager.dispatch.init(self, args, kwargs)
..\..\anaconda3\envs\scrumix\lib\site-packages\sqlalchemy\event\attr.py:487: in __call__
    fn(*args, **kw)
..\..\anaconda3\envs\scrumix\lib\site-packages\sqlalchemy\orm\mapper.py:4391: in _event_on_init
    instrumenting_mapper._check_configure()
..\..\anaconda3\envs\scrumix\lib\site-packages\sqlalchemy\orm\mapper.py:2386: in _check_configure
    _configure_registries({self.registry}, cascade=True)
..\..\anaconda3\envs\scrumix\lib\site-packages\sqlalchemy\orm\mapper.py:4199: in _configure_registries
    _do_configure_registries(registries, cascade)
_ _ _ _ _ _ _ _ _ _ _ _ _ _ _ _ _ _ _ _ _ _ _ _ _ _ _ _ _ _ _ _ _ _ _ _ _ _ _ _

registries = set(), cascade = True

    @util.preload_module("sqlalchemy.orm.decl_api")
    def _do_configure_registries(
        registries: Set[_RegistryType], cascade: bool
    ) -> None:
        registry = util.preloaded.orm_decl_api.registry
    
        orig = set(registries)
    
        for reg in registry._recurse_with_dependencies(registries):
            has_skip = False
    
            for mapper in reg._mappers_to_configure():
                run_configure = None
    
                for fn in mapper.dispatch.before_mapper_configured:
                    run_configure = fn(mapper, mapper.class_)
                    if run_configure is EXT_SKIP:
                        has_skip = True
                        break
                if run_configure is EXT_SKIP:
                    continue
    
                if getattr(mapper, "_configure_failed", False):
                    e = sa_exc.InvalidRequestError(
                        "One or more mappers failed to initialize - "
                        "can't proceed with initialization of other "
                        "mappers. Triggering mapper: '%s'. "
                        "Original exception was: %s"
                        % (mapper, mapper._configure_failed)
                    )
                    e._configure_failed = mapper._configure_failed  # type: ignore
>                   raise e
E                   sqlalchemy.exc.InvalidRequestError: One or more mappers failed to initialize - can't proceed with initialization of other mappers. Triggering mapper: 'Mapper[Sprint(sprints)]'. Original exception was: Mapper 'Mapper[Project(projects)]' has no property 'sprints'.  If this property was indicated from other mappers or configure events, ensure registry.configure() has been called.

..\..\anaconda3\envs\scrumix\lib\site-packages\sqlalchemy\orm\mapper.py:4236: InvalidRequestError
_________________ TestMeetingCRUD.test_get_upcoming_meetings __________________

self = <tests.test_meetings.TestMeetingCRUD object at 0x0000025E2AD4A470>
db_session = <sqlalchemy.orm.session.Session object at 0x0000025E2CE6CFD0>

    def test_get_upcoming_meetings(self, db_session):
        """Test getting upcoming meetings"""
        from scrumix.api.crud.meeting import meeting
        from scrumix.api.schemas.meeting import MeetingCreate
    
        # Create meetings at different times
        for i in range(3):
            meeting_data = MeetingCreate(
                title=f"Test Meeting {i}",
                description="A test meeting",
                meeting_type=MeetingType.daily_standup,
                start_datetime=datetime.now() + timedelta(hours=i+1),
                duration=30,
                location="Conference Room A"
            )
>           meeting.create(db=db_session, obj_in=meeting_data)

backend\tests\test_meetings.py:512: 
_ _ _ _ _ _ _ _ _ _ _ _ _ _ _ _ _ _ _ _ _ _ _ _ _ _ _ _ _ _ _ _ _ _ _ _ _ _ _ _
backend\src\scrumix\api\crud\base.py:42: in create
    db_obj = self.model(**obj_in_data)
<string>:4: in __init__
    ???
..\..\anaconda3\envs\scrumix\lib\site-packages\sqlalchemy\orm\state.py:561: in _initialize_instance
    manager.dispatch.init(self, args, kwargs)
..\..\anaconda3\envs\scrumix\lib\site-packages\sqlalchemy\event\attr.py:487: in __call__
    fn(*args, **kw)
..\..\anaconda3\envs\scrumix\lib\site-packages\sqlalchemy\orm\mapper.py:4391: in _event_on_init
    instrumenting_mapper._check_configure()
..\..\anaconda3\envs\scrumix\lib\site-packages\sqlalchemy\orm\mapper.py:2386: in _check_configure
    _configure_registries({self.registry}, cascade=True)
..\..\anaconda3\envs\scrumix\lib\site-packages\sqlalchemy\orm\mapper.py:4199: in _configure_registries
    _do_configure_registries(registries, cascade)
_ _ _ _ _ _ _ _ _ _ _ _ _ _ _ _ _ _ _ _ _ _ _ _ _ _ _ _ _ _ _ _ _ _ _ _ _ _ _ _

registries = set(), cascade = True

    @util.preload_module("sqlalchemy.orm.decl_api")
    def _do_configure_registries(
        registries: Set[_RegistryType], cascade: bool
    ) -> None:
        registry = util.preloaded.orm_decl_api.registry
    
        orig = set(registries)
    
        for reg in registry._recurse_with_dependencies(registries):
            has_skip = False
    
            for mapper in reg._mappers_to_configure():
                run_configure = None
    
                for fn in mapper.dispatch.before_mapper_configured:
                    run_configure = fn(mapper, mapper.class_)
                    if run_configure is EXT_SKIP:
                        has_skip = True
                        break
                if run_configure is EXT_SKIP:
                    continue
    
                if getattr(mapper, "_configure_failed", False):
                    e = sa_exc.InvalidRequestError(
                        "One or more mappers failed to initialize - "
                        "can't proceed with initialization of other "
                        "mappers. Triggering mapper: '%s'. "
                        "Original exception was: %s"
                        % (mapper, mapper._configure_failed)
                    )
                    e._configure_failed = mapper._configure_failed  # type: ignore
>                   raise e
E                   sqlalchemy.exc.InvalidRequestError: One or more mappers failed to initialize - can't proceed with initialization of other mappers. Triggering mapper: 'Mapper[Sprint(sprints)]'. Original exception was: Mapper 'Mapper[Project(projects)]' has no property 'sprints'.  If this property was indicated from other mappers or configure events, ensure registry.configure() has been called.

..\..\anaconda3\envs\scrumix\lib\site-packages\sqlalchemy\orm\mapper.py:4236: InvalidRequestError
___________________ TestMeetingCRUD.test_get_today_meetings ___________________

self = <tests.test_meetings.TestMeetingCRUD object at 0x0000025E2AD4A650>
db_session = <sqlalchemy.orm.session.Session object at 0x0000025E2D0B54E0>

    def test_get_today_meetings(self, db_session):
        """Test getting today's meetings"""
        from scrumix.api.crud.meeting import meeting
        from scrumix.api.schemas.meeting import MeetingCreate
    
        # Create a meeting for today
        today = datetime.now().replace(hour=14, minute=0, second=0, microsecond=0)
>       meeting_data = MeetingCreate(
            title="Today's Meeting",
            description="A meeting for today",
            meeting_type=MeetingType.daily_standup,
            start_datetime=today,
            duration=30,
            location="Conference Room A"
        )
E       pydantic_core._pydantic_core.ValidationError: 1 validation error for MeetingCreate
E       start_datetime
E         Value error, Meeting start time cannot be in the past [type=value_error, input_value=datetime.datetime(2025, 7, 21, 14, 0), input_type=datetime]
E           For further information visit https://errors.pydantic.dev/2.11/v/value_error

backend\tests\test_meetings.py:525: ValidationError
__________________ TestMeetingCRUD.test_get_ongoing_meetings __________________

self = <tests.test_meetings.TestMeetingCRUD object at 0x0000025E2AD4A830>
db_session = <sqlalchemy.orm.session.Session object at 0x0000025E2C8DB790>

    def test_get_ongoing_meetings(self, db_session):
        """Test getting ongoing meetings"""
        from scrumix.api.crud.meeting import meeting
        from scrumix.api.schemas.meeting import MeetingCreate
    
        # Create an ongoing meeting (started 15 minutes ago, duration 60 minutes)
        ongoing_start = datetime.now() - timedelta(minutes=15)
>       meeting_data = MeetingCreate(
            title="Ongoing Meeting",
            description="An ongoing meeting",
            meeting_type=MeetingType.daily_standup,
            start_datetime=ongoing_start,
            duration=60,
            location="Conference Room A"
        )
E       pydantic_core._pydantic_core.ValidationError: 1 validation error for MeetingCreate
E       start_datetime
E         Value error, Meeting start time cannot be in the past [type=value_error, input_value=datetime.datetime(2025, 7, 21, 19, 42, 30, 858912), input_type=datetime]
E           For further information visit https://errors.pydantic.dev/2.11/v/value_error

backend\tests\test_meetings.py:546: ValidationError
_______________ TestMeetingCRUD.test_get_meetings_by_date_range _______________

self = <tests.test_meetings.TestMeetingCRUD object at 0x0000025E2AD4AA10>
db_session = <sqlalchemy.orm.session.Session object at 0x0000025E2C68AF80>

    def test_get_meetings_by_date_range(self, db_session):
        """Test getting meetings by date range"""
        from scrumix.api.crud.meeting import meeting
        from scrumix.api.schemas.meeting import MeetingCreate
    
        # Create meetings at different dates
        for i in range(3):
            meeting_data = MeetingCreate(
                title=f"Test Meeting {i}",
                description="A test meeting",
                meeting_type=MeetingType.daily_standup,
                start_datetime=datetime.now() + timedelta(days=i+1),
                duration=30,
                location="Conference Room A"
            )
>           meeting.create(db=db_session, obj_in=meeting_data)

backend\tests\test_meetings.py:575: 
_ _ _ _ _ _ _ _ _ _ _ _ _ _ _ _ _ _ _ _ _ _ _ _ _ _ _ _ _ _ _ _ _ _ _ _ _ _ _ _
backend\src\scrumix\api\crud\base.py:42: in create
    db_obj = self.model(**obj_in_data)
<string>:4: in __init__
    ???
..\..\anaconda3\envs\scrumix\lib\site-packages\sqlalchemy\orm\state.py:561: in _initialize_instance
    manager.dispatch.init(self, args, kwargs)
..\..\anaconda3\envs\scrumix\lib\site-packages\sqlalchemy\event\attr.py:487: in __call__
    fn(*args, **kw)
..\..\anaconda3\envs\scrumix\lib\site-packages\sqlalchemy\orm\mapper.py:4391: in _event_on_init
    instrumenting_mapper._check_configure()
..\..\anaconda3\envs\scrumix\lib\site-packages\sqlalchemy\orm\mapper.py:2386: in _check_configure
    _configure_registries({self.registry}, cascade=True)
..\..\anaconda3\envs\scrumix\lib\site-packages\sqlalchemy\orm\mapper.py:4199: in _configure_registries
    _do_configure_registries(registries, cascade)
_ _ _ _ _ _ _ _ _ _ _ _ _ _ _ _ _ _ _ _ _ _ _ _ _ _ _ _ _ _ _ _ _ _ _ _ _ _ _ _

registries = set(), cascade = True

    @util.preload_module("sqlalchemy.orm.decl_api")
    def _do_configure_registries(
        registries: Set[_RegistryType], cascade: bool
    ) -> None:
        registry = util.preloaded.orm_decl_api.registry
    
        orig = set(registries)
    
        for reg in registry._recurse_with_dependencies(registries):
            has_skip = False
    
            for mapper in reg._mappers_to_configure():
                run_configure = None
    
                for fn in mapper.dispatch.before_mapper_configured:
                    run_configure = fn(mapper, mapper.class_)
                    if run_configure is EXT_SKIP:
                        has_skip = True
                        break
                if run_configure is EXT_SKIP:
                    continue
    
                if getattr(mapper, "_configure_failed", False):
                    e = sa_exc.InvalidRequestError(
                        "One or more mappers failed to initialize - "
                        "can't proceed with initialization of other "
                        "mappers. Triggering mapper: '%s'. "
                        "Original exception was: %s"
                        % (mapper, mapper._configure_failed)
                    )
                    e._configure_failed = mapper._configure_failed  # type: ignore
>                   raise e
E                   sqlalchemy.exc.InvalidRequestError: One or more mappers failed to initialize - can't proceed with initialization of other mappers. Triggering mapper: 'Mapper[Sprint(sprints)]'. Original exception was: Mapper 'Mapper[Project(projects)]' has no property 'sprints'.  If this property was indicated from other mappers or configure events, ensure registry.configure() has been called.

..\..\anaconda3\envs\scrumix\lib\site-packages\sqlalchemy\orm\mapper.py:4236: InvalidRequestError
_____________________ TestMeetingCRUD.test_update_meeting _____________________

self = <tests.test_meetings.TestMeetingCRUD object at 0x0000025E2AD4ABF0>
db_session = <sqlalchemy.orm.session.Session object at 0x0000025E2C1FC160>

    def test_update_meeting(self, db_session):
        """Test updating meeting"""
        from scrumix.api.crud.meeting import meeting
        from scrumix.api.schemas.meeting import MeetingCreate, MeetingUpdate
    
        meeting_data = MeetingCreate(
            title="Test Meeting",
            description="A test meeting",
            meeting_type=MeetingType.daily_standup,
            start_datetime=datetime.now() + timedelta(hours=1),
            duration=30,
            location="Conference Room A"
        )
    
>       created_meeting = meeting.create(db=db_session, obj_in=meeting_data)

backend\tests\test_meetings.py:597: 
_ _ _ _ _ _ _ _ _ _ _ _ _ _ _ _ _ _ _ _ _ _ _ _ _ _ _ _ _ _ _ _ _ _ _ _ _ _ _ _
backend\src\scrumix\api\crud\base.py:42: in create
    db_obj = self.model(**obj_in_data)
<string>:4: in __init__
    ???
..\..\anaconda3\envs\scrumix\lib\site-packages\sqlalchemy\orm\state.py:561: in _initialize_instance
    manager.dispatch.init(self, args, kwargs)
..\..\anaconda3\envs\scrumix\lib\site-packages\sqlalchemy\event\attr.py:487: in __call__
    fn(*args, **kw)
..\..\anaconda3\envs\scrumix\lib\site-packages\sqlalchemy\orm\mapper.py:4391: in _event_on_init
    instrumenting_mapper._check_configure()
..\..\anaconda3\envs\scrumix\lib\site-packages\sqlalchemy\orm\mapper.py:2386: in _check_configure
    _configure_registries({self.registry}, cascade=True)
..\..\anaconda3\envs\scrumix\lib\site-packages\sqlalchemy\orm\mapper.py:4199: in _configure_registries
    _do_configure_registries(registries, cascade)
_ _ _ _ _ _ _ _ _ _ _ _ _ _ _ _ _ _ _ _ _ _ _ _ _ _ _ _ _ _ _ _ _ _ _ _ _ _ _ _

registries = set(), cascade = True

    @util.preload_module("sqlalchemy.orm.decl_api")
    def _do_configure_registries(
        registries: Set[_RegistryType], cascade: bool
    ) -> None:
        registry = util.preloaded.orm_decl_api.registry
    
        orig = set(registries)
    
        for reg in registry._recurse_with_dependencies(registries):
            has_skip = False
    
            for mapper in reg._mappers_to_configure():
                run_configure = None
    
                for fn in mapper.dispatch.before_mapper_configured:
                    run_configure = fn(mapper, mapper.class_)
                    if run_configure is EXT_SKIP:
                        has_skip = True
                        break
                if run_configure is EXT_SKIP:
                    continue
    
                if getattr(mapper, "_configure_failed", False):
                    e = sa_exc.InvalidRequestError(
                        "One or more mappers failed to initialize - "
                        "can't proceed with initialization of other "
                        "mappers. Triggering mapper: '%s'. "
                        "Original exception was: %s"
                        % (mapper, mapper._configure_failed)
                    )
                    e._configure_failed = mapper._configure_failed  # type: ignore
>                   raise e
E                   sqlalchemy.exc.InvalidRequestError: One or more mappers failed to initialize - can't proceed with initialization of other mappers. Triggering mapper: 'Mapper[Sprint(sprints)]'. Original exception was: Mapper 'Mapper[Project(projects)]' has no property 'sprints'.  If this property was indicated from other mappers or configure events, ensure registry.configure() has been called.

..\..\anaconda3\envs\scrumix\lib\site-packages\sqlalchemy\orm\mapper.py:4236: InvalidRequestError
_____________________ TestMeetingCRUD.test_delete_meeting _____________________

self = <tests.test_meetings.TestMeetingCRUD object at 0x0000025E2AD4ADD0>
db_session = <sqlalchemy.orm.session.Session object at 0x0000025E2C6B8160>

    def test_delete_meeting(self, db_session):
        """Test deleting meeting"""
        from scrumix.api.crud.meeting import meeting
        from scrumix.api.schemas.meeting import MeetingCreate
    
        meeting_data = MeetingCreate(
            title="Test Meeting",
            description="A test meeting",
            meeting_type=MeetingType.daily_standup,
            start_datetime=datetime.now() + timedelta(hours=1),
            duration=30,
            location="Conference Room A"
        )
    
>       created_meeting = meeting.create(db=db_session, obj_in=meeting_data)

backend\tests\test_meetings.py:626: 
_ _ _ _ _ _ _ _ _ _ _ _ _ _ _ _ _ _ _ _ _ _ _ _ _ _ _ _ _ _ _ _ _ _ _ _ _ _ _ _
backend\src\scrumix\api\crud\base.py:42: in create
    db_obj = self.model(**obj_in_data)
<string>:4: in __init__
    ???
..\..\anaconda3\envs\scrumix\lib\site-packages\sqlalchemy\orm\state.py:561: in _initialize_instance
    manager.dispatch.init(self, args, kwargs)
..\..\anaconda3\envs\scrumix\lib\site-packages\sqlalchemy\event\attr.py:487: in __call__
    fn(*args, **kw)
..\..\anaconda3\envs\scrumix\lib\site-packages\sqlalchemy\orm\mapper.py:4391: in _event_on_init
    instrumenting_mapper._check_configure()
..\..\anaconda3\envs\scrumix\lib\site-packages\sqlalchemy\orm\mapper.py:2386: in _check_configure
    _configure_registries({self.registry}, cascade=True)
..\..\anaconda3\envs\scrumix\lib\site-packages\sqlalchemy\orm\mapper.py:4199: in _configure_registries
    _do_configure_registries(registries, cascade)
_ _ _ _ _ _ _ _ _ _ _ _ _ _ _ _ _ _ _ _ _ _ _ _ _ _ _ _ _ _ _ _ _ _ _ _ _ _ _ _

registries = set(), cascade = True

    @util.preload_module("sqlalchemy.orm.decl_api")
    def _do_configure_registries(
        registries: Set[_RegistryType], cascade: bool
    ) -> None:
        registry = util.preloaded.orm_decl_api.registry
    
        orig = set(registries)
    
        for reg in registry._recurse_with_dependencies(registries):
            has_skip = False
    
            for mapper in reg._mappers_to_configure():
                run_configure = None
    
                for fn in mapper.dispatch.before_mapper_configured:
                    run_configure = fn(mapper, mapper.class_)
                    if run_configure is EXT_SKIP:
                        has_skip = True
                        break
                if run_configure is EXT_SKIP:
                    continue
    
                if getattr(mapper, "_configure_failed", False):
                    e = sa_exc.InvalidRequestError(
                        "One or more mappers failed to initialize - "
                        "can't proceed with initialization of other "
                        "mappers. Triggering mapper: '%s'. "
                        "Original exception was: %s"
                        % (mapper, mapper._configure_failed)
                    )
                    e._configure_failed = mapper._configure_failed  # type: ignore
>                   raise e
E                   sqlalchemy.exc.InvalidRequestError: One or more mappers failed to initialize - can't proceed with initialization of other mappers. Triggering mapper: 'Mapper[Sprint(sprints)]'. Original exception was: Mapper 'Mapper[Project(projects)]' has no property 'sprints'.  If this property was indicated from other mappers or configure events, ensure registry.configure() has been called.

..\..\anaconda3\envs\scrumix\lib\site-packages\sqlalchemy\orm\mapper.py:4236: InvalidRequestError
_________________ TestMeetingCRUD.test_get_meeting_statistics _________________

self = <tests.test_meetings.TestMeetingCRUD object at 0x0000025E2AD4AFB0>
db_session = <sqlalchemy.orm.session.Session object at 0x0000025E2C1FB6A0>

    def test_get_meeting_statistics(self, db_session):
        """Test getting meeting statistics"""
        from scrumix.api.crud.meeting import meeting
        from scrumix.api.schemas.meeting import MeetingCreate
    
        # Create meetings with different types
        meeting_types = [MeetingType.daily_standup, MeetingType.sprint_planning, MeetingType.sprint_retrospective]
        for meeting_type in meeting_types:
            meeting_data = MeetingCreate(
                title=f"Test Meeting {meeting_type}",
                description="A test meeting",
                meeting_type=meeting_type,
                start_datetime=datetime.now() + timedelta(hours=1),
                duration=30,
                location="Conference Room A"
            )
>           meeting.create(db=db_session, obj_in=meeting_data)

backend\tests\test_meetings.py:651: 
_ _ _ _ _ _ _ _ _ _ _ _ _ _ _ _ _ _ _ _ _ _ _ _ _ _ _ _ _ _ _ _ _ _ _ _ _ _ _ _
backend\src\scrumix\api\crud\base.py:42: in create
    db_obj = self.model(**obj_in_data)
<string>:4: in __init__
    ???
..\..\anaconda3\envs\scrumix\lib\site-packages\sqlalchemy\orm\state.py:561: in _initialize_instance
    manager.dispatch.init(self, args, kwargs)
..\..\anaconda3\envs\scrumix\lib\site-packages\sqlalchemy\event\attr.py:487: in __call__
    fn(*args, **kw)
..\..\anaconda3\envs\scrumix\lib\site-packages\sqlalchemy\orm\mapper.py:4391: in _event_on_init
    instrumenting_mapper._check_configure()
..\..\anaconda3\envs\scrumix\lib\site-packages\sqlalchemy\orm\mapper.py:2386: in _check_configure
    _configure_registries({self.registry}, cascade=True)
..\..\anaconda3\envs\scrumix\lib\site-packages\sqlalchemy\orm\mapper.py:4199: in _configure_registries
    _do_configure_registries(registries, cascade)
_ _ _ _ _ _ _ _ _ _ _ _ _ _ _ _ _ _ _ _ _ _ _ _ _ _ _ _ _ _ _ _ _ _ _ _ _ _ _ _

registries = set(), cascade = True

    @util.preload_module("sqlalchemy.orm.decl_api")
    def _do_configure_registries(
        registries: Set[_RegistryType], cascade: bool
    ) -> None:
        registry = util.preloaded.orm_decl_api.registry
    
        orig = set(registries)
    
        for reg in registry._recurse_with_dependencies(registries):
            has_skip = False
    
            for mapper in reg._mappers_to_configure():
                run_configure = None
    
                for fn in mapper.dispatch.before_mapper_configured:
                    run_configure = fn(mapper, mapper.class_)
                    if run_configure is EXT_SKIP:
                        has_skip = True
                        break
                if run_configure is EXT_SKIP:
                    continue
    
                if getattr(mapper, "_configure_failed", False):
                    e = sa_exc.InvalidRequestError(
                        "One or more mappers failed to initialize - "
                        "can't proceed with initialization of other "
                        "mappers. Triggering mapper: '%s'. "
                        "Original exception was: %s"
                        % (mapper, mapper._configure_failed)
                    )
                    e._configure_failed = mapper._configure_failed  # type: ignore
>                   raise e
E                   sqlalchemy.exc.InvalidRequestError: One or more mappers failed to initialize - can't proceed with initialization of other mappers. Triggering mapper: 'Mapper[Sprint(sprints)]'. Original exception was: Mapper 'Mapper[Project(projects)]' has no property 'sprints'.  If this property was indicated from other mappers or configure events, ensure registry.configure() has been called.

..\..\anaconda3\envs\scrumix\lib\site-packages\sqlalchemy\orm\mapper.py:4236: InvalidRequestError
_________________ TestProjectCRUD.test_create_project_success _________________

self = <tests.test_projects.TestProjectCRUD object at 0x0000025E2AD6DEA0>
db_session = <sqlalchemy.orm.session.Session object at 0x0000025E2CDF1720>

    def test_create_project_success(self, db_session):
        """Test successful project creation"""
        from scrumix.api.crud.project import project_crud
        from scrumix.api.schemas.project import ProjectCreate
    
        project_data = ProjectCreate(name="Test Project",
            description="A test project",
            status=ProjectStatus.ACTIVE
        , startDate=datetime.now(), endDate=datetime.now() + timedelta(days=30))
    
>       project = project_crud.create_project(db_session, project_data)

backend\tests\test_projects.py:239: 
_ _ _ _ _ _ _ _ _ _ _ _ _ _ _ _ _ _ _ _ _ _ _ _ _ _ _ _ _ _ _ _ _ _ _ _ _ _ _ _
backend\src\scrumix\api\crud\project.py:21: in create_project
    db_project = Project(
<string>:4: in __init__
    ???
..\..\anaconda3\envs\scrumix\lib\site-packages\sqlalchemy\orm\state.py:561: in _initialize_instance
    manager.dispatch.init(self, args, kwargs)
..\..\anaconda3\envs\scrumix\lib\site-packages\sqlalchemy\event\attr.py:487: in __call__
    fn(*args, **kw)
..\..\anaconda3\envs\scrumix\lib\site-packages\sqlalchemy\orm\mapper.py:4391: in _event_on_init
    instrumenting_mapper._check_configure()
..\..\anaconda3\envs\scrumix\lib\site-packages\sqlalchemy\orm\mapper.py:2386: in _check_configure
    _configure_registries({self.registry}, cascade=True)
..\..\anaconda3\envs\scrumix\lib\site-packages\sqlalchemy\orm\mapper.py:4199: in _configure_registries
    _do_configure_registries(registries, cascade)
_ _ _ _ _ _ _ _ _ _ _ _ _ _ _ _ _ _ _ _ _ _ _ _ _ _ _ _ _ _ _ _ _ _ _ _ _ _ _ _

registries = set(), cascade = True

    @util.preload_module("sqlalchemy.orm.decl_api")
    def _do_configure_registries(
        registries: Set[_RegistryType], cascade: bool
    ) -> None:
        registry = util.preloaded.orm_decl_api.registry
    
        orig = set(registries)
    
        for reg in registry._recurse_with_dependencies(registries):
            has_skip = False
    
            for mapper in reg._mappers_to_configure():
                run_configure = None
    
                for fn in mapper.dispatch.before_mapper_configured:
                    run_configure = fn(mapper, mapper.class_)
                    if run_configure is EXT_SKIP:
                        has_skip = True
                        break
                if run_configure is EXT_SKIP:
                    continue
    
                if getattr(mapper, "_configure_failed", False):
                    e = sa_exc.InvalidRequestError(
                        "One or more mappers failed to initialize - "
                        "can't proceed with initialization of other "
                        "mappers. Triggering mapper: '%s'. "
                        "Original exception was: %s"
                        % (mapper, mapper._configure_failed)
                    )
                    e._configure_failed = mapper._configure_failed  # type: ignore
>                   raise e
E                   sqlalchemy.exc.InvalidRequestError: One or more mappers failed to initialize - can't proceed with initialization of other mappers. Triggering mapper: 'Mapper[Sprint(sprints)]'. Original exception was: Mapper 'Mapper[Project(projects)]' has no property 'sprints'.  If this property was indicated from other mappers or configure events, ensure registry.configure() has been called.

..\..\anaconda3\envs\scrumix\lib\site-packages\sqlalchemy\orm\mapper.py:4236: InvalidRequestError
___________________ TestProjectCRUD.test_get_project_by_id ____________________

self = <tests.test_projects.TestProjectCRUD object at 0x0000025E2AD6E080>
db_session = <sqlalchemy.orm.session.Session object at 0x0000025E2C264FA0>

    def test_get_project_by_id(self, db_session):
        """Test getting project by ID"""
        from scrumix.api.crud.project import project_crud
        from scrumix.api.schemas.project import ProjectCreate
    
        # Create a project first
        project_data = ProjectCreate(name="Test Project for Get",
            description="A test project for getting",
            status=ProjectStatus.ACTIVE
        , startDate=datetime.now(), endDate=datetime.now() + timedelta(days=30))
    
>       created_project = project_crud.create_project(db_session, project_data)

backend\tests\test_projects.py:255: 
_ _ _ _ _ _ _ _ _ _ _ _ _ _ _ _ _ _ _ _ _ _ _ _ _ _ _ _ _ _ _ _ _ _ _ _ _ _ _ _
backend\src\scrumix\api\crud\project.py:21: in create_project
    db_project = Project(
<string>:4: in __init__
    ???
..\..\anaconda3\envs\scrumix\lib\site-packages\sqlalchemy\orm\state.py:561: in _initialize_instance
    manager.dispatch.init(self, args, kwargs)
..\..\anaconda3\envs\scrumix\lib\site-packages\sqlalchemy\event\attr.py:487: in __call__
    fn(*args, **kw)
..\..\anaconda3\envs\scrumix\lib\site-packages\sqlalchemy\orm\mapper.py:4391: in _event_on_init
    instrumenting_mapper._check_configure()
..\..\anaconda3\envs\scrumix\lib\site-packages\sqlalchemy\orm\mapper.py:2386: in _check_configure
    _configure_registries({self.registry}, cascade=True)
..\..\anaconda3\envs\scrumix\lib\site-packages\sqlalchemy\orm\mapper.py:4199: in _configure_registries
    _do_configure_registries(registries, cascade)
_ _ _ _ _ _ _ _ _ _ _ _ _ _ _ _ _ _ _ _ _ _ _ _ _ _ _ _ _ _ _ _ _ _ _ _ _ _ _ _

registries = set(), cascade = True

    @util.preload_module("sqlalchemy.orm.decl_api")
    def _do_configure_registries(
        registries: Set[_RegistryType], cascade: bool
    ) -> None:
        registry = util.preloaded.orm_decl_api.registry
    
        orig = set(registries)
    
        for reg in registry._recurse_with_dependencies(registries):
            has_skip = False
    
            for mapper in reg._mappers_to_configure():
                run_configure = None
    
                for fn in mapper.dispatch.before_mapper_configured:
                    run_configure = fn(mapper, mapper.class_)
                    if run_configure is EXT_SKIP:
                        has_skip = True
                        break
                if run_configure is EXT_SKIP:
                    continue
    
                if getattr(mapper, "_configure_failed", False):
                    e = sa_exc.InvalidRequestError(
                        "One or more mappers failed to initialize - "
                        "can't proceed with initialization of other "
                        "mappers. Triggering mapper: '%s'. "
                        "Original exception was: %s"
                        % (mapper, mapper._configure_failed)
                    )
                    e._configure_failed = mapper._configure_failed  # type: ignore
>                   raise e
E                   sqlalchemy.exc.InvalidRequestError: One or more mappers failed to initialize - can't proceed with initialization of other mappers. Triggering mapper: 'Mapper[Sprint(sprints)]'. Original exception was: Mapper 'Mapper[Project(projects)]' has no property 'sprints'.  If this property was indicated from other mappers or configure events, ensure registry.configure() has been called.

..\..\anaconda3\envs\scrumix\lib\site-packages\sqlalchemy\orm\mapper.py:4236: InvalidRequestError
__________________ TestProjectCRUD.test_get_project_by_name ___________________

self = <tests.test_projects.TestProjectCRUD object at 0x0000025E2AD6E260>
db_session = <sqlalchemy.orm.session.Session object at 0x0000025E2CBA3B80>

    def test_get_project_by_name(self, db_session):
        """Test getting project by name"""
        from scrumix.api.crud.project import project_crud
        from scrumix.api.schemas.project import ProjectCreate
    
        # Create a project first
        project_data = ProjectCreate(name="Test Project for Name",
            description="A test project for name lookup",
            status=ProjectStatus.ACTIVE
        , startDate=datetime.now(), endDate=datetime.now() + timedelta(days=30))
    
>       created_project = project_crud.create_project(db_session, project_data)

backend\tests\test_projects.py:273: 
_ _ _ _ _ _ _ _ _ _ _ _ _ _ _ _ _ _ _ _ _ _ _ _ _ _ _ _ _ _ _ _ _ _ _ _ _ _ _ _
backend\src\scrumix\api\crud\project.py:21: in create_project
    db_project = Project(
<string>:4: in __init__
    ???
..\..\anaconda3\envs\scrumix\lib\site-packages\sqlalchemy\orm\state.py:561: in _initialize_instance
    manager.dispatch.init(self, args, kwargs)
..\..\anaconda3\envs\scrumix\lib\site-packages\sqlalchemy\event\attr.py:487: in __call__
    fn(*args, **kw)
..\..\anaconda3\envs\scrumix\lib\site-packages\sqlalchemy\orm\mapper.py:4391: in _event_on_init
    instrumenting_mapper._check_configure()
..\..\anaconda3\envs\scrumix\lib\site-packages\sqlalchemy\orm\mapper.py:2386: in _check_configure
    _configure_registries({self.registry}, cascade=True)
..\..\anaconda3\envs\scrumix\lib\site-packages\sqlalchemy\orm\mapper.py:4199: in _configure_registries
    _do_configure_registries(registries, cascade)
_ _ _ _ _ _ _ _ _ _ _ _ _ _ _ _ _ _ _ _ _ _ _ _ _ _ _ _ _ _ _ _ _ _ _ _ _ _ _ _

registries = set(), cascade = True

    @util.preload_module("sqlalchemy.orm.decl_api")
    def _do_configure_registries(
        registries: Set[_RegistryType], cascade: bool
    ) -> None:
        registry = util.preloaded.orm_decl_api.registry
    
        orig = set(registries)
    
        for reg in registry._recurse_with_dependencies(registries):
            has_skip = False
    
            for mapper in reg._mappers_to_configure():
                run_configure = None
    
                for fn in mapper.dispatch.before_mapper_configured:
                    run_configure = fn(mapper, mapper.class_)
                    if run_configure is EXT_SKIP:
                        has_skip = True
                        break
                if run_configure is EXT_SKIP:
                    continue
    
                if getattr(mapper, "_configure_failed", False):
                    e = sa_exc.InvalidRequestError(
                        "One or more mappers failed to initialize - "
                        "can't proceed with initialization of other "
                        "mappers. Triggering mapper: '%s'. "
                        "Original exception was: %s"
                        % (mapper, mapper._configure_failed)
                    )
                    e._configure_failed = mapper._configure_failed  # type: ignore
>                   raise e
E                   sqlalchemy.exc.InvalidRequestError: One or more mappers failed to initialize - can't proceed with initialization of other mappers. Triggering mapper: 'Mapper[Sprint(sprints)]'. Original exception was: Mapper 'Mapper[Project(projects)]' has no property 'sprints'.  If this property was indicated from other mappers or configure events, ensure registry.configure() has been called.

..\..\anaconda3\envs\scrumix\lib\site-packages\sqlalchemy\orm\mapper.py:4236: InvalidRequestError
______________ TestProjectCRUD.test_get_projects_with_pagination ______________

self = <tests.test_projects.TestProjectCRUD object at 0x0000025E2AD6E440>
db_session = <sqlalchemy.orm.session.Session object at 0x0000025E2C53CAF0>

    def test_get_projects_with_pagination(self, db_session):
        """Test getting projects with pagination"""
        from scrumix.api.crud.project import project_crud
        from scrumix.api.schemas.project import ProjectCreate
    
        # Create multiple projects
        for i in range(5):
            project_data = ProjectCreate(name=f"Test Project {i}",
                description=f"Test project {i}",
                status=ProjectStatus.ACTIVE
            , startDate=datetime.now(), endDate=datetime.now() + timedelta(days=30))
>           project_crud.create_project(db_session, project_data)

backend\tests\test_projects.py:291: 
_ _ _ _ _ _ _ _ _ _ _ _ _ _ _ _ _ _ _ _ _ _ _ _ _ _ _ _ _ _ _ _ _ _ _ _ _ _ _ _
backend\src\scrumix\api\crud\project.py:21: in create_project
    db_project = Project(
<string>:4: in __init__
    ???
..\..\anaconda3\envs\scrumix\lib\site-packages\sqlalchemy\orm\state.py:561: in _initialize_instance
    manager.dispatch.init(self, args, kwargs)
..\..\anaconda3\envs\scrumix\lib\site-packages\sqlalchemy\event\attr.py:487: in __call__
    fn(*args, **kw)
..\..\anaconda3\envs\scrumix\lib\site-packages\sqlalchemy\orm\mapper.py:4391: in _event_on_init
    instrumenting_mapper._check_configure()
..\..\anaconda3\envs\scrumix\lib\site-packages\sqlalchemy\orm\mapper.py:2386: in _check_configure
    _configure_registries({self.registry}, cascade=True)
..\..\anaconda3\envs\scrumix\lib\site-packages\sqlalchemy\orm\mapper.py:4199: in _configure_registries
    _do_configure_registries(registries, cascade)
_ _ _ _ _ _ _ _ _ _ _ _ _ _ _ _ _ _ _ _ _ _ _ _ _ _ _ _ _ _ _ _ _ _ _ _ _ _ _ _

registries = set(), cascade = True

    @util.preload_module("sqlalchemy.orm.decl_api")
    def _do_configure_registries(
        registries: Set[_RegistryType], cascade: bool
    ) -> None:
        registry = util.preloaded.orm_decl_api.registry
    
        orig = set(registries)
    
        for reg in registry._recurse_with_dependencies(registries):
            has_skip = False
    
            for mapper in reg._mappers_to_configure():
                run_configure = None
    
                for fn in mapper.dispatch.before_mapper_configured:
                    run_configure = fn(mapper, mapper.class_)
                    if run_configure is EXT_SKIP:
                        has_skip = True
                        break
                if run_configure is EXT_SKIP:
                    continue
    
                if getattr(mapper, "_configure_failed", False):
                    e = sa_exc.InvalidRequestError(
                        "One or more mappers failed to initialize - "
                        "can't proceed with initialization of other "
                        "mappers. Triggering mapper: '%s'. "
                        "Original exception was: %s"
                        % (mapper, mapper._configure_failed)
                    )
                    e._configure_failed = mapper._configure_failed  # type: ignore
>                   raise e
E                   sqlalchemy.exc.InvalidRequestError: One or more mappers failed to initialize - can't proceed with initialization of other mappers. Triggering mapper: 'Mapper[Sprint(sprints)]'. Original exception was: Mapper 'Mapper[Project(projects)]' has no property 'sprints'.  If this property was indicated from other mappers or configure events, ensure registry.configure() has been called.

..\..\anaconda3\envs\scrumix\lib\site-packages\sqlalchemy\orm\mapper.py:4236: InvalidRequestError
____________ TestProjectCRUD.test_get_projects_with_status_filter _____________

self = <tests.test_projects.TestProjectCRUD object at 0x0000025E2AD6E620>
db_session = <sqlalchemy.orm.session.Session object at 0x0000025E2C360670>

    def test_get_projects_with_status_filter(self, db_session):
        """Test getting projects with status filter"""
        from scrumix.api.crud.project import project_crud
        from scrumix.api.schemas.project import ProjectCreate
    
        # Create projects with different statuses
        active_project = ProjectCreate(name="Active Project",
            description="An active project",
            status=ProjectStatus.ACTIVE
        , startDate=datetime.now(), endDate=datetime.now() + timedelta(days=30))
>       project_crud.create_project(db_session, active_project)

backend\tests\test_projects.py:310: 
_ _ _ _ _ _ _ _ _ _ _ _ _ _ _ _ _ _ _ _ _ _ _ _ _ _ _ _ _ _ _ _ _ _ _ _ _ _ _ _
backend\src\scrumix\api\crud\project.py:21: in create_project
    db_project = Project(
<string>:4: in __init__
    ???
..\..\anaconda3\envs\scrumix\lib\site-packages\sqlalchemy\orm\state.py:561: in _initialize_instance
    manager.dispatch.init(self, args, kwargs)
..\..\anaconda3\envs\scrumix\lib\site-packages\sqlalchemy\event\attr.py:487: in __call__
    fn(*args, **kw)
..\..\anaconda3\envs\scrumix\lib\site-packages\sqlalchemy\orm\mapper.py:4391: in _event_on_init
    instrumenting_mapper._check_configure()
..\..\anaconda3\envs\scrumix\lib\site-packages\sqlalchemy\orm\mapper.py:2386: in _check_configure
    _configure_registries({self.registry}, cascade=True)
..\..\anaconda3\envs\scrumix\lib\site-packages\sqlalchemy\orm\mapper.py:4199: in _configure_registries
    _do_configure_registries(registries, cascade)
_ _ _ _ _ _ _ _ _ _ _ _ _ _ _ _ _ _ _ _ _ _ _ _ _ _ _ _ _ _ _ _ _ _ _ _ _ _ _ _

registries = set(), cascade = True

    @util.preload_module("sqlalchemy.orm.decl_api")
    def _do_configure_registries(
        registries: Set[_RegistryType], cascade: bool
    ) -> None:
        registry = util.preloaded.orm_decl_api.registry
    
        orig = set(registries)
    
        for reg in registry._recurse_with_dependencies(registries):
            has_skip = False
    
            for mapper in reg._mappers_to_configure():
                run_configure = None
    
                for fn in mapper.dispatch.before_mapper_configured:
                    run_configure = fn(mapper, mapper.class_)
                    if run_configure is EXT_SKIP:
                        has_skip = True
                        break
                if run_configure is EXT_SKIP:
                    continue
    
                if getattr(mapper, "_configure_failed", False):
                    e = sa_exc.InvalidRequestError(
                        "One or more mappers failed to initialize - "
                        "can't proceed with initialization of other "
                        "mappers. Triggering mapper: '%s'. "
                        "Original exception was: %s"
                        % (mapper, mapper._configure_failed)
                    )
                    e._configure_failed = mapper._configure_failed  # type: ignore
>                   raise e
E                   sqlalchemy.exc.InvalidRequestError: One or more mappers failed to initialize - can't proceed with initialization of other mappers. Triggering mapper: 'Mapper[Sprint(sprints)]'. Original exception was: Mapper 'Mapper[Project(projects)]' has no property 'sprints'.  If this property was indicated from other mappers or configure events, ensure registry.configure() has been called.

..\..\anaconda3\envs\scrumix\lib\site-packages\sqlalchemy\orm\mapper.py:4236: InvalidRequestError
____________________ TestProjectCRUD.test_search_projects _____________________

self = <tests.test_projects.TestProjectCRUD object at 0x0000025E2AD6E800>
db_session = <sqlalchemy.orm.session.Session object at 0x0000025E2C37CC70>

    def test_search_projects(self, db_session):
        """Test searching projects"""
        from scrumix.api.crud.project import project_crud
        from scrumix.api.schemas.project import ProjectCreate
    
        # Create projects with searchable names
        project1 = ProjectCreate(name="Frontend Development",
            description="Frontend project",
            status=ProjectStatus.ACTIVE
        , startDate=datetime.now(), endDate=datetime.now() + timedelta(days=30))
>       project_crud.create_project(db_session, project1)

backend\tests\test_projects.py:338: 
_ _ _ _ _ _ _ _ _ _ _ _ _ _ _ _ _ _ _ _ _ _ _ _ _ _ _ _ _ _ _ _ _ _ _ _ _ _ _ _
backend\src\scrumix\api\crud\project.py:21: in create_project
    db_project = Project(
<string>:4: in __init__
    ???
..\..\anaconda3\envs\scrumix\lib\site-packages\sqlalchemy\orm\state.py:561: in _initialize_instance
    manager.dispatch.init(self, args, kwargs)
..\..\anaconda3\envs\scrumix\lib\site-packages\sqlalchemy\event\attr.py:487: in __call__
    fn(*args, **kw)
..\..\anaconda3\envs\scrumix\lib\site-packages\sqlalchemy\orm\mapper.py:4391: in _event_on_init
    instrumenting_mapper._check_configure()
..\..\anaconda3\envs\scrumix\lib\site-packages\sqlalchemy\orm\mapper.py:2386: in _check_configure
    _configure_registries({self.registry}, cascade=True)
..\..\anaconda3\envs\scrumix\lib\site-packages\sqlalchemy\orm\mapper.py:4199: in _configure_registries
    _do_configure_registries(registries, cascade)
_ _ _ _ _ _ _ _ _ _ _ _ _ _ _ _ _ _ _ _ _ _ _ _ _ _ _ _ _ _ _ _ _ _ _ _ _ _ _ _

registries = set(), cascade = True

    @util.preload_module("sqlalchemy.orm.decl_api")
    def _do_configure_registries(
        registries: Set[_RegistryType], cascade: bool
    ) -> None:
        registry = util.preloaded.orm_decl_api.registry
    
        orig = set(registries)
    
        for reg in registry._recurse_with_dependencies(registries):
            has_skip = False
    
            for mapper in reg._mappers_to_configure():
                run_configure = None
    
                for fn in mapper.dispatch.before_mapper_configured:
                    run_configure = fn(mapper, mapper.class_)
                    if run_configure is EXT_SKIP:
                        has_skip = True
                        break
                if run_configure is EXT_SKIP:
                    continue
    
                if getattr(mapper, "_configure_failed", False):
                    e = sa_exc.InvalidRequestError(
                        "One or more mappers failed to initialize - "
                        "can't proceed with initialization of other "
                        "mappers. Triggering mapper: '%s'. "
                        "Original exception was: %s"
                        % (mapper, mapper._configure_failed)
                    )
                    e._configure_failed = mapper._configure_failed  # type: ignore
>                   raise e
E                   sqlalchemy.exc.InvalidRequestError: One or more mappers failed to initialize - can't proceed with initialization of other mappers. Triggering mapper: 'Mapper[Sprint(sprints)]'. Original exception was: Mapper 'Mapper[Project(projects)]' has no property 'sprints'.  If this property was indicated from other mappers or configure events, ensure registry.configure() has been called.

..\..\anaconda3\envs\scrumix\lib\site-packages\sqlalchemy\orm\mapper.py:4236: InvalidRequestError
_____________________ TestProjectCRUD.test_update_project _____________________

self = <tests.test_projects.TestProjectCRUD object at 0x0000025E2AD6E9E0>
db_session = <sqlalchemy.orm.session.Session object at 0x0000025E2CAE83A0>

    def test_update_project(self, db_session):
        """Test updating project"""
        from scrumix.api.crud.project import project_crud
        from scrumix.api.schemas.project import ProjectCreate, ProjectUpdate
    
        # Create a project
        project_data = ProjectCreate(name="Test Project for Update",
            description="A test project for updating",
            status=ProjectStatus.ACTIVE
        , startDate=datetime.now(), endDate=datetime.now() + timedelta(days=30))
    
>       created_project = project_crud.create_project(db_session, project_data)

backend\tests\test_projects.py:366: 
_ _ _ _ _ _ _ _ _ _ _ _ _ _ _ _ _ _ _ _ _ _ _ _ _ _ _ _ _ _ _ _ _ _ _ _ _ _ _ _
backend\src\scrumix\api\crud\project.py:21: in create_project
    db_project = Project(
<string>:4: in __init__
    ???
..\..\anaconda3\envs\scrumix\lib\site-packages\sqlalchemy\orm\state.py:561: in _initialize_instance
    manager.dispatch.init(self, args, kwargs)
..\..\anaconda3\envs\scrumix\lib\site-packages\sqlalchemy\event\attr.py:487: in __call__
    fn(*args, **kw)
..\..\anaconda3\envs\scrumix\lib\site-packages\sqlalchemy\orm\mapper.py:4391: in _event_on_init
    instrumenting_mapper._check_configure()
..\..\anaconda3\envs\scrumix\lib\site-packages\sqlalchemy\orm\mapper.py:2386: in _check_configure
    _configure_registries({self.registry}, cascade=True)
..\..\anaconda3\envs\scrumix\lib\site-packages\sqlalchemy\orm\mapper.py:4199: in _configure_registries
    _do_configure_registries(registries, cascade)
_ _ _ _ _ _ _ _ _ _ _ _ _ _ _ _ _ _ _ _ _ _ _ _ _ _ _ _ _ _ _ _ _ _ _ _ _ _ _ _

registries = set(), cascade = True

    @util.preload_module("sqlalchemy.orm.decl_api")
    def _do_configure_registries(
        registries: Set[_RegistryType], cascade: bool
    ) -> None:
        registry = util.preloaded.orm_decl_api.registry
    
        orig = set(registries)
    
        for reg in registry._recurse_with_dependencies(registries):
            has_skip = False
    
            for mapper in reg._mappers_to_configure():
                run_configure = None
    
                for fn in mapper.dispatch.before_mapper_configured:
                    run_configure = fn(mapper, mapper.class_)
                    if run_configure is EXT_SKIP:
                        has_skip = True
                        break
                if run_configure is EXT_SKIP:
                    continue
    
                if getattr(mapper, "_configure_failed", False):
                    e = sa_exc.InvalidRequestError(
                        "One or more mappers failed to initialize - "
                        "can't proceed with initialization of other "
                        "mappers. Triggering mapper: '%s'. "
                        "Original exception was: %s"
                        % (mapper, mapper._configure_failed)
                    )
                    e._configure_failed = mapper._configure_failed  # type: ignore
>                   raise e
E                   sqlalchemy.exc.InvalidRequestError: One or more mappers failed to initialize - can't proceed with initialization of other mappers. Triggering mapper: 'Mapper[Sprint(sprints)]'. Original exception was: Mapper 'Mapper[Project(projects)]' has no property 'sprints'.  If this property was indicated from other mappers or configure events, ensure registry.configure() has been called.

..\..\anaconda3\envs\scrumix\lib\site-packages\sqlalchemy\orm\mapper.py:4236: InvalidRequestError
_____________________ TestProjectCRUD.test_delete_project _____________________

self = <tests.test_projects.TestProjectCRUD object at 0x0000025E2AD6EBC0>
db_session = <sqlalchemy.orm.session.Session object at 0x0000025E2C1B37C0>

    def test_delete_project(self, db_session):
        """Test deleting project"""
        from scrumix.api.crud.project import project_crud
        from scrumix.api.schemas.project import ProjectCreate
    
        # Create a project
        project_data = ProjectCreate(name="Test Project for Delete",
            description="A test project for deletion",
            status=ProjectStatus.ACTIVE
        , startDate=datetime.now(), endDate=datetime.now() + timedelta(days=30))
    
>       created_project = project_crud.create_project(db_session, project_data)

backend\tests\test_projects.py:391: 
_ _ _ _ _ _ _ _ _ _ _ _ _ _ _ _ _ _ _ _ _ _ _ _ _ _ _ _ _ _ _ _ _ _ _ _ _ _ _ _
backend\src\scrumix\api\crud\project.py:21: in create_project
    db_project = Project(
<string>:4: in __init__
    ???
..\..\anaconda3\envs\scrumix\lib\site-packages\sqlalchemy\orm\state.py:561: in _initialize_instance
    manager.dispatch.init(self, args, kwargs)
..\..\anaconda3\envs\scrumix\lib\site-packages\sqlalchemy\event\attr.py:487: in __call__
    fn(*args, **kw)
..\..\anaconda3\envs\scrumix\lib\site-packages\sqlalchemy\orm\mapper.py:4391: in _event_on_init
    instrumenting_mapper._check_configure()
..\..\anaconda3\envs\scrumix\lib\site-packages\sqlalchemy\orm\mapper.py:2386: in _check_configure
    _configure_registries({self.registry}, cascade=True)
..\..\anaconda3\envs\scrumix\lib\site-packages\sqlalchemy\orm\mapper.py:4199: in _configure_registries
    _do_configure_registries(registries, cascade)
_ _ _ _ _ _ _ _ _ _ _ _ _ _ _ _ _ _ _ _ _ _ _ _ _ _ _ _ _ _ _ _ _ _ _ _ _ _ _ _

registries = set(), cascade = True

    @util.preload_module("sqlalchemy.orm.decl_api")
    def _do_configure_registries(
        registries: Set[_RegistryType], cascade: bool
    ) -> None:
        registry = util.preloaded.orm_decl_api.registry
    
        orig = set(registries)
    
        for reg in registry._recurse_with_dependencies(registries):
            has_skip = False
    
            for mapper in reg._mappers_to_configure():
                run_configure = None
    
                for fn in mapper.dispatch.before_mapper_configured:
                    run_configure = fn(mapper, mapper.class_)
                    if run_configure is EXT_SKIP:
                        has_skip = True
                        break
                if run_configure is EXT_SKIP:
                    continue
    
                if getattr(mapper, "_configure_failed", False):
                    e = sa_exc.InvalidRequestError(
                        "One or more mappers failed to initialize - "
                        "can't proceed with initialization of other "
                        "mappers. Triggering mapper: '%s'. "
                        "Original exception was: %s"
                        % (mapper, mapper._configure_failed)
                    )
                    e._configure_failed = mapper._configure_failed  # type: ignore
>                   raise e
E                   sqlalchemy.exc.InvalidRequestError: One or more mappers failed to initialize - can't proceed with initialization of other mappers. Triggering mapper: 'Mapper[Sprint(sprints)]'. Original exception was: Mapper 'Mapper[Project(projects)]' has no property 'sprints'.  If this property was indicated from other mappers or configure events, ensure registry.configure() has been called.

..\..\anaconda3\envs\scrumix\lib\site-packages\sqlalchemy\orm\mapper.py:4236: InvalidRequestError
_____________________ TestBacklogRoutes.test_get_backlogs _____________________

args = (<tests.test_routes_comprehensive.TestBacklogRoutes object at 0x0000025E2AD8D180>,)
keywargs = {'client': <starlette.testclient.TestClient object at 0x0000025E2CB48940>, 'mock_session': <MagicMock spec='Session' id='2603500841536'>}

    @wraps(func)
    def patched(*args, **keywargs):
>       with self.decoration_helper(patched,
                                    args,
                                    keywargs) as (newargs, newkeywargs):

..\..\anaconda3\envs\scrumix\lib\unittest\mock.py:1376: 
_ _ _ _ _ _ _ _ _ _ _ _ _ _ _ _ _ _ _ _ _ _ _ _ _ _ _ _ _ _ _ _ _ _ _ _ _ _ _ _
..\..\anaconda3\envs\scrumix\lib\contextlib.py:135: in __enter__
    return next(self.gen)
..\..\anaconda3\envs\scrumix\lib\unittest\mock.py:1358: in decoration_helper
    arg = exit_stack.enter_context(patching)
..\..\anaconda3\envs\scrumix\lib\contextlib.py:492: in enter_context
    result = _cm_type.__enter__(cm)
..\..\anaconda3\envs\scrumix\lib\unittest\mock.py:1447: in __enter__
    original, local = self.get_original()
_ _ _ _ _ _ _ _ _ _ _ _ _ _ _ _ _ _ _ _ _ _ _ _ _ _ _ _ _ _ _ _ _ _ _ _ _ _ _ _

self = <unittest.mock._patch object at 0x0000025E2AD6DBA0>

    def get_original(self):
        target = self.getter()
        name = self.attribute
    
        original = DEFAULT
        local = False
    
        try:
            original = target.__dict__[name]
        except (AttributeError, KeyError):
            original = getattr(target, name, DEFAULT)
        else:
            local = True
    
        if name in _builtins and isinstance(target, ModuleType):
            self.create = True
    
        if not self.create and original is DEFAULT:
>           raise AttributeError(
                "%s does not have the attribute %r" % (target, name)
            )
E           AttributeError: <module 'scrumix.api.crud.backlog' from 'C:\\Users\\kchwo\\Bachelor Thesis\\ScrumiX\\backend\\src\\scrumix\\api\\crud\\backlog.py'> does not have the attribute 'get_backlogs'

..\..\anaconda3\envs\scrumix\lib\unittest\mock.py:1420: AttributeError
__________________ TestBacklogRoutes.test_get_backlog_by_id ___________________

args = (<tests.test_routes_comprehensive.TestBacklogRoutes object at 0x0000025E2AD8D330>,)
keywargs = {'client': <starlette.testclient.TestClient object at 0x0000025E2D3FF5E0>, 'mock_session': <MagicMock spec='Session' id='2603503984240'>}

    @wraps(func)
    def patched(*args, **keywargs):
>       with self.decoration_helper(patched,
                                    args,
                                    keywargs) as (newargs, newkeywargs):

..\..\anaconda3\envs\scrumix\lib\unittest\mock.py:1376: 
_ _ _ _ _ _ _ _ _ _ _ _ _ _ _ _ _ _ _ _ _ _ _ _ _ _ _ _ _ _ _ _ _ _ _ _ _ _ _ _
..\..\anaconda3\envs\scrumix\lib\contextlib.py:135: in __enter__
    return next(self.gen)
..\..\anaconda3\envs\scrumix\lib\unittest\mock.py:1358: in decoration_helper
    arg = exit_stack.enter_context(patching)
..\..\anaconda3\envs\scrumix\lib\contextlib.py:492: in enter_context
    result = _cm_type.__enter__(cm)
..\..\anaconda3\envs\scrumix\lib\unittest\mock.py:1447: in __enter__
    original, local = self.get_original()
_ _ _ _ _ _ _ _ _ _ _ _ _ _ _ _ _ _ _ _ _ _ _ _ _ _ _ _ _ _ _ _ _ _ _ _ _ _ _ _

self = <unittest.mock._patch object at 0x0000025E2AD6D8D0>

    def get_original(self):
        target = self.getter()
        name = self.attribute
    
        original = DEFAULT
        local = False
    
        try:
            original = target.__dict__[name]
        except (AttributeError, KeyError):
            original = getattr(target, name, DEFAULT)
        else:
            local = True
    
        if name in _builtins and isinstance(target, ModuleType):
            self.create = True
    
        if not self.create and original is DEFAULT:
>           raise AttributeError(
                "%s does not have the attribute %r" % (target, name)
            )
E           AttributeError: <module 'scrumix.api.crud.backlog' from 'C:\\Users\\kchwo\\Bachelor Thesis\\ScrumiX\\backend\\src\\scrumix\\api\\crud\\backlog.py'> does not have the attribute 'get_backlog'

..\..\anaconda3\envs\scrumix\lib\unittest\mock.py:1420: AttributeError
________________ TestBacklogRoutes.test_get_backlog_not_found _________________

args = (<tests.test_routes_comprehensive.TestBacklogRoutes object at 0x0000025E2AD8D4E0>,)
keywargs = {'client': <starlette.testclient.TestClient object at 0x0000025E2C6B3EE0>, 'mock_session': <MagicMock spec='Session' id='2603498845616'>}

    @wraps(func)
    def patched(*args, **keywargs):
>       with self.decoration_helper(patched,
                                    args,
                                    keywargs) as (newargs, newkeywargs):

..\..\anaconda3\envs\scrumix\lib\unittest\mock.py:1376: 
_ _ _ _ _ _ _ _ _ _ _ _ _ _ _ _ _ _ _ _ _ _ _ _ _ _ _ _ _ _ _ _ _ _ _ _ _ _ _ _
..\..\anaconda3\envs\scrumix\lib\contextlib.py:135: in __enter__
    return next(self.gen)
..\..\anaconda3\envs\scrumix\lib\unittest\mock.py:1358: in decoration_helper
    arg = exit_stack.enter_context(patching)
..\..\anaconda3\envs\scrumix\lib\contextlib.py:492: in enter_context
    result = _cm_type.__enter__(cm)
..\..\anaconda3\envs\scrumix\lib\unittest\mock.py:1447: in __enter__
    original, local = self.get_original()
_ _ _ _ _ _ _ _ _ _ _ _ _ _ _ _ _ _ _ _ _ _ _ _ _ _ _ _ _ _ _ _ _ _ _ _ _ _ _ _

self = <unittest.mock._patch object at 0x0000025E2AD6D450>

    def get_original(self):
        target = self.getter()
        name = self.attribute
    
        original = DEFAULT
        local = False
    
        try:
            original = target.__dict__[name]
        except (AttributeError, KeyError):
            original = getattr(target, name, DEFAULT)
        else:
            local = True
    
        if name in _builtins and isinstance(target, ModuleType):
            self.create = True
    
        if not self.create and original is DEFAULT:
>           raise AttributeError(
                "%s does not have the attribute %r" % (target, name)
            )
E           AttributeError: <module 'scrumix.api.crud.backlog' from 'C:\\Users\\kchwo\\Bachelor Thesis\\ScrumiX\\backend\\src\\scrumix\\api\\crud\\backlog.py'> does not have the attribute 'get_backlog'

..\..\anaconda3\envs\scrumix\lib\unittest\mock.py:1420: AttributeError
____________________ TestBacklogRoutes.test_create_backlog ____________________

args = (<tests.test_routes_comprehensive.TestBacklogRoutes object at 0x0000025E2AD8D690>,)
keywargs = {'client': <starlette.testclient.TestClient object at 0x0000025E2CDF0940>, 'mock_session': <MagicMock spec='Session' id='2603493888528'>}

    @wraps(func)
    def patched(*args, **keywargs):
>       with self.decoration_helper(patched,
                                    args,
                                    keywargs) as (newargs, newkeywargs):

..\..\anaconda3\envs\scrumix\lib\unittest\mock.py:1376: 
_ _ _ _ _ _ _ _ _ _ _ _ _ _ _ _ _ _ _ _ _ _ _ _ _ _ _ _ _ _ _ _ _ _ _ _ _ _ _ _
..\..\anaconda3\envs\scrumix\lib\contextlib.py:135: in __enter__
    return next(self.gen)
..\..\anaconda3\envs\scrumix\lib\unittest\mock.py:1358: in decoration_helper
    arg = exit_stack.enter_context(patching)
..\..\anaconda3\envs\scrumix\lib\contextlib.py:492: in enter_context
    result = _cm_type.__enter__(cm)
..\..\anaconda3\envs\scrumix\lib\unittest\mock.py:1447: in __enter__
    original, local = self.get_original()
_ _ _ _ _ _ _ _ _ _ _ _ _ _ _ _ _ _ _ _ _ _ _ _ _ _ _ _ _ _ _ _ _ _ _ _ _ _ _ _

self = <unittest.mock._patch object at 0x0000025E2AD6C430>

    def get_original(self):
        target = self.getter()
        name = self.attribute
    
        original = DEFAULT
        local = False
    
        try:
            original = target.__dict__[name]
        except (AttributeError, KeyError):
            original = getattr(target, name, DEFAULT)
        else:
            local = True
    
        if name in _builtins and isinstance(target, ModuleType):
            self.create = True
    
        if not self.create and original is DEFAULT:
>           raise AttributeError(
                "%s does not have the attribute %r" % (target, name)
            )
E           AttributeError: <module 'scrumix.api.crud.backlog' from 'C:\\Users\\kchwo\\Bachelor Thesis\\ScrumiX\\backend\\src\\scrumix\\api\\crud\\backlog.py'> does not have the attribute 'create_backlog'

..\..\anaconda3\envs\scrumix\lib\unittest\mock.py:1420: AttributeError
____________________ TestBacklogRoutes.test_update_backlog ____________________

args = (<tests.test_routes_comprehensive.TestBacklogRoutes object at 0x0000025E2AD8D840>,)
keywargs = {'client': <starlette.testclient.TestClient object at 0x0000025E2C266860>, 'mock_session': <MagicMock spec='Session' id='2603505177920'>}

    @wraps(func)
    def patched(*args, **keywargs):
>       with self.decoration_helper(patched,
                                    args,
                                    keywargs) as (newargs, newkeywargs):

..\..\anaconda3\envs\scrumix\lib\unittest\mock.py:1376: 
_ _ _ _ _ _ _ _ _ _ _ _ _ _ _ _ _ _ _ _ _ _ _ _ _ _ _ _ _ _ _ _ _ _ _ _ _ _ _ _
..\..\anaconda3\envs\scrumix\lib\contextlib.py:135: in __enter__
    return next(self.gen)
..\..\anaconda3\envs\scrumix\lib\unittest\mock.py:1358: in decoration_helper
    arg = exit_stack.enter_context(patching)
..\..\anaconda3\envs\scrumix\lib\contextlib.py:492: in enter_context
    result = _cm_type.__enter__(cm)
..\..\anaconda3\envs\scrumix\lib\unittest\mock.py:1447: in __enter__
    original, local = self.get_original()
_ _ _ _ _ _ _ _ _ _ _ _ _ _ _ _ _ _ _ _ _ _ _ _ _ _ _ _ _ _ _ _ _ _ _ _ _ _ _ _

self = <unittest.mock._patch object at 0x0000025E2AD6F490>

    def get_original(self):
        target = self.getter()
        name = self.attribute
    
        original = DEFAULT
        local = False
    
        try:
            original = target.__dict__[name]
        except (AttributeError, KeyError):
            original = getattr(target, name, DEFAULT)
        else:
            local = True
    
        if name in _builtins and isinstance(target, ModuleType):
            self.create = True
    
        if not self.create and original is DEFAULT:
>           raise AttributeError(
                "%s does not have the attribute %r" % (target, name)
            )
E           AttributeError: <module 'scrumix.api.crud.backlog' from 'C:\\Users\\kchwo\\Bachelor Thesis\\ScrumiX\\backend\\src\\scrumix\\api\\crud\\backlog.py'> does not have the attribute 'update_backlog'

..\..\anaconda3\envs\scrumix\lib\unittest\mock.py:1420: AttributeError
____________________ TestBacklogRoutes.test_delete_backlog ____________________

args = (<tests.test_routes_comprehensive.TestBacklogRoutes object at 0x0000025E2AD06D70>,)
keywargs = {'client': <starlette.testclient.TestClient object at 0x0000025E2CDFD090>, 'mock_session': <MagicMock spec='Session' id='2603494398640'>}

    @wraps(func)
    def patched(*args, **keywargs):
>       with self.decoration_helper(patched,
                                    args,
                                    keywargs) as (newargs, newkeywargs):

..\..\anaconda3\envs\scrumix\lib\unittest\mock.py:1376: 
_ _ _ _ _ _ _ _ _ _ _ _ _ _ _ _ _ _ _ _ _ _ _ _ _ _ _ _ _ _ _ _ _ _ _ _ _ _ _ _
..\..\anaconda3\envs\scrumix\lib\contextlib.py:135: in __enter__
    return next(self.gen)
..\..\anaconda3\envs\scrumix\lib\unittest\mock.py:1358: in decoration_helper
    arg = exit_stack.enter_context(patching)
..\..\anaconda3\envs\scrumix\lib\contextlib.py:492: in enter_context
    result = _cm_type.__enter__(cm)
..\..\anaconda3\envs\scrumix\lib\unittest\mock.py:1447: in __enter__
    original, local = self.get_original()
_ _ _ _ _ _ _ _ _ _ _ _ _ _ _ _ _ _ _ _ _ _ _ _ _ _ _ _ _ _ _ _ _ _ _ _ _ _ _ _

self = <unittest.mock._patch object at 0x0000025E2AD6F640>

    def get_original(self):
        target = self.getter()
        name = self.attribute
    
        original = DEFAULT
        local = False
    
        try:
            original = target.__dict__[name]
        except (AttributeError, KeyError):
            original = getattr(target, name, DEFAULT)
        else:
            local = True
    
        if name in _builtins and isinstance(target, ModuleType):
            self.create = True
    
        if not self.create and original is DEFAULT:
>           raise AttributeError(
                "%s does not have the attribute %r" % (target, name)
            )
E           AttributeError: <module 'scrumix.api.crud.backlog' from 'C:\\Users\\kchwo\\Bachelor Thesis\\ScrumiX\\backend\\src\\scrumix\\api\\crud\\backlog.py'> does not have the attribute 'delete_backlog'

..\..\anaconda3\envs\scrumix\lib\unittest\mock.py:1420: AttributeError
______________________ TestSprintRoutes.test_get_sprints ______________________

args = (<tests.test_routes_comprehensive.TestSprintRoutes object at 0x0000025E2AD8CF70>,)
keywargs = {'client': <starlette.testclient.TestClient object at 0x0000025E2C778730>, 'mock_session': <MagicMock spec='Session' id='2603494160416'>}

    @wraps(func)
    def patched(*args, **keywargs):
>       with self.decoration_helper(patched,
                                    args,
                                    keywargs) as (newargs, newkeywargs):

..\..\anaconda3\envs\scrumix\lib\unittest\mock.py:1376: 
_ _ _ _ _ _ _ _ _ _ _ _ _ _ _ _ _ _ _ _ _ _ _ _ _ _ _ _ _ _ _ _ _ _ _ _ _ _ _ _
..\..\anaconda3\envs\scrumix\lib\contextlib.py:135: in __enter__
    return next(self.gen)
..\..\anaconda3\envs\scrumix\lib\unittest\mock.py:1358: in decoration_helper
    arg = exit_stack.enter_context(patching)
..\..\anaconda3\envs\scrumix\lib\contextlib.py:492: in enter_context
    result = _cm_type.__enter__(cm)
..\..\anaconda3\envs\scrumix\lib\unittest\mock.py:1447: in __enter__
    original, local = self.get_original()
_ _ _ _ _ _ _ _ _ _ _ _ _ _ _ _ _ _ _ _ _ _ _ _ _ _ _ _ _ _ _ _ _ _ _ _ _ _ _ _

self = <unittest.mock._patch object at 0x0000025E2AD6F760>

    def get_original(self):
        target = self.getter()
        name = self.attribute
    
        original = DEFAULT
        local = False
    
        try:
            original = target.__dict__[name]
        except (AttributeError, KeyError):
            original = getattr(target, name, DEFAULT)
        else:
            local = True
    
        if name in _builtins and isinstance(target, ModuleType):
            self.create = True
    
        if not self.create and original is DEFAULT:
>           raise AttributeError(
                "%s does not have the attribute %r" % (target, name)
            )
E           AttributeError: <module 'scrumix.api.crud.sprint' from 'C:\\Users\\kchwo\\Bachelor Thesis\\ScrumiX\\backend\\src\\scrumix\\api\\crud\\sprint.py'> does not have the attribute 'get_sprints'

..\..\anaconda3\envs\scrumix\lib\unittest\mock.py:1420: AttributeError
_____________________ TestSprintRoutes.test_create_sprint _____________________

args = (<tests.test_routes_comprehensive.TestSprintRoutes object at 0x0000025E2AD8D510>,)
keywargs = {'client': <starlette.testclient.TestClient object at 0x0000025E2C9F8A30>, 'mock_session': <MagicMock spec='Session' id='2603497075520'>}

    @wraps(func)
    def patched(*args, **keywargs):
>       with self.decoration_helper(patched,
                                    args,
                                    keywargs) as (newargs, newkeywargs):

..\..\anaconda3\envs\scrumix\lib\unittest\mock.py:1376: 
_ _ _ _ _ _ _ _ _ _ _ _ _ _ _ _ _ _ _ _ _ _ _ _ _ _ _ _ _ _ _ _ _ _ _ _ _ _ _ _
..\..\anaconda3\envs\scrumix\lib\contextlib.py:135: in __enter__
    return next(self.gen)
..\..\anaconda3\envs\scrumix\lib\unittest\mock.py:1358: in decoration_helper
    arg = exit_stack.enter_context(patching)
..\..\anaconda3\envs\scrumix\lib\contextlib.py:492: in enter_context
    result = _cm_type.__enter__(cm)
..\..\anaconda3\envs\scrumix\lib\unittest\mock.py:1447: in __enter__
    original, local = self.get_original()
_ _ _ _ _ _ _ _ _ _ _ _ _ _ _ _ _ _ _ _ _ _ _ _ _ _ _ _ _ _ _ _ _ _ _ _ _ _ _ _

self = <unittest.mock._patch object at 0x0000025E2AD6F8B0>

    def get_original(self):
        target = self.getter()
        name = self.attribute
    
        original = DEFAULT
        local = False
    
        try:
            original = target.__dict__[name]
        except (AttributeError, KeyError):
            original = getattr(target, name, DEFAULT)
        else:
            local = True
    
        if name in _builtins and isinstance(target, ModuleType):
            self.create = True
    
        if not self.create and original is DEFAULT:
>           raise AttributeError(
                "%s does not have the attribute %r" % (target, name)
            )
E           AttributeError: <module 'scrumix.api.crud.sprint' from 'C:\\Users\\kchwo\\Bachelor Thesis\\ScrumiX\\backend\\src\\scrumix\\api\\crud\\sprint.py'> does not have the attribute 'create_sprint'

..\..\anaconda3\envs\scrumix\lib\unittest\mock.py:1420: AttributeError
_____________________ TestProjectRoutes.test_get_projects _____________________

args = (<tests.test_routes_comprehensive.TestProjectRoutes object at 0x0000025E2AD8D930>,)
keywargs = {'client': <starlette.testclient.TestClient object at 0x0000025E2C4EBFA0>, 'mock_session': <MagicMock spec='Session' id='2603493939936'>}

    @wraps(func)
    def patched(*args, **keywargs):
>       with self.decoration_helper(patched,
                                    args,
                                    keywargs) as (newargs, newkeywargs):

..\..\anaconda3\envs\scrumix\lib\unittest\mock.py:1376: 
_ _ _ _ _ _ _ _ _ _ _ _ _ _ _ _ _ _ _ _ _ _ _ _ _ _ _ _ _ _ _ _ _ _ _ _ _ _ _ _
..\..\anaconda3\envs\scrumix\lib\contextlib.py:135: in __enter__
    return next(self.gen)
..\..\anaconda3\envs\scrumix\lib\unittest\mock.py:1358: in decoration_helper
    arg = exit_stack.enter_context(patching)
..\..\anaconda3\envs\scrumix\lib\contextlib.py:492: in enter_context
    result = _cm_type.__enter__(cm)
..\..\anaconda3\envs\scrumix\lib\unittest\mock.py:1447: in __enter__
    original, local = self.get_original()
_ _ _ _ _ _ _ _ _ _ _ _ _ _ _ _ _ _ _ _ _ _ _ _ _ _ _ _ _ _ _ _ _ _ _ _ _ _ _ _

self = <unittest.mock._patch object at 0x0000025E2AD6F9D0>

    def get_original(self):
        target = self.getter()
        name = self.attribute
    
        original = DEFAULT
        local = False
    
        try:
            original = target.__dict__[name]
        except (AttributeError, KeyError):
            original = getattr(target, name, DEFAULT)
        else:
            local = True
    
        if name in _builtins and isinstance(target, ModuleType):
            self.create = True
    
        if not self.create and original is DEFAULT:
>           raise AttributeError(
                "%s does not have the attribute %r" % (target, name)
            )
E           AttributeError: <module 'scrumix.api.crud.project' from 'C:\\Users\\kchwo\\Bachelor Thesis\\ScrumiX\\backend\\src\\scrumix\\api\\crud\\project.py'> does not have the attribute 'get_projects'

..\..\anaconda3\envs\scrumix\lib\unittest\mock.py:1420: AttributeError
____________________ TestProjectRoutes.test_create_project ____________________

args = (<tests.test_routes_comprehensive.TestProjectRoutes object at 0x0000025E2AD8DAE0>,)
keywargs = {'client': <starlette.testclient.TestClient object at 0x0000025E2C103850>, 'mock_session': <MagicMock spec='Session' id='2603493633488'>}

    @wraps(func)
    def patched(*args, **keywargs):
>       with self.decoration_helper(patched,
                                    args,
                                    keywargs) as (newargs, newkeywargs):

..\..\anaconda3\envs\scrumix\lib\unittest\mock.py:1376: 
_ _ _ _ _ _ _ _ _ _ _ _ _ _ _ _ _ _ _ _ _ _ _ _ _ _ _ _ _ _ _ _ _ _ _ _ _ _ _ _
..\..\anaconda3\envs\scrumix\lib\contextlib.py:135: in __enter__
    return next(self.gen)
..\..\anaconda3\envs\scrumix\lib\unittest\mock.py:1358: in decoration_helper
    arg = exit_stack.enter_context(patching)
..\..\anaconda3\envs\scrumix\lib\contextlib.py:492: in enter_context
    result = _cm_type.__enter__(cm)
..\..\anaconda3\envs\scrumix\lib\unittest\mock.py:1447: in __enter__
    original, local = self.get_original()
_ _ _ _ _ _ _ _ _ _ _ _ _ _ _ _ _ _ _ _ _ _ _ _ _ _ _ _ _ _ _ _ _ _ _ _ _ _ _ _

self = <unittest.mock._patch object at 0x0000025E2AD6FB20>

    def get_original(self):
        target = self.getter()
        name = self.attribute
    
        original = DEFAULT
        local = False
    
        try:
            original = target.__dict__[name]
        except (AttributeError, KeyError):
            original = getattr(target, name, DEFAULT)
        else:
            local = True
    
        if name in _builtins and isinstance(target, ModuleType):
            self.create = True
    
        if not self.create and original is DEFAULT:
>           raise AttributeError(
                "%s does not have the attribute %r" % (target, name)
            )
E           AttributeError: <module 'scrumix.api.crud.project' from 'C:\\Users\\kchwo\\Bachelor Thesis\\ScrumiX\\backend\\src\\scrumix\\api\\crud\\project.py'> does not have the attribute 'create_project'

..\..\anaconda3\envs\scrumix\lib\unittest\mock.py:1420: AttributeError
________________ TestMeetingNoteRoutes.test_get_meeting_notes _________________

args = (<tests.test_routes_comprehensive.TestMeetingNoteRoutes object at 0x0000025E2AD8DD20>,)
keywargs = {'client': <starlette.testclient.TestClient object at 0x0000025E2D3FC5B0>, 'mock_session': <MagicMock spec='Session' id='2603490868672'>}

    @wraps(func)
    def patched(*args, **keywargs):
>       with self.decoration_helper(patched,
                                    args,
                                    keywargs) as (newargs, newkeywargs):

..\..\anaconda3\envs\scrumix\lib\unittest\mock.py:1376: 
_ _ _ _ _ _ _ _ _ _ _ _ _ _ _ _ _ _ _ _ _ _ _ _ _ _ _ _ _ _ _ _ _ _ _ _ _ _ _ _
..\..\anaconda3\envs\scrumix\lib\contextlib.py:135: in __enter__
    return next(self.gen)
..\..\anaconda3\envs\scrumix\lib\unittest\mock.py:1358: in decoration_helper
    arg = exit_stack.enter_context(patching)
..\..\anaconda3\envs\scrumix\lib\contextlib.py:492: in enter_context
    result = _cm_type.__enter__(cm)
..\..\anaconda3\envs\scrumix\lib\unittest\mock.py:1447: in __enter__
    original, local = self.get_original()
_ _ _ _ _ _ _ _ _ _ _ _ _ _ _ _ _ _ _ _ _ _ _ _ _ _ _ _ _ _ _ _ _ _ _ _ _ _ _ _

self = <unittest.mock._patch object at 0x0000025E2AD6FC40>

    def get_original(self):
        target = self.getter()
        name = self.attribute
    
        original = DEFAULT
        local = False
    
        try:
            original = target.__dict__[name]
        except (AttributeError, KeyError):
            original = getattr(target, name, DEFAULT)
        else:
            local = True
    
        if name in _builtins and isinstance(target, ModuleType):
            self.create = True
    
        if not self.create and original is DEFAULT:
>           raise AttributeError(
                "%s does not have the attribute %r" % (target, name)
            )
E           AttributeError: <scrumix.api.crud.meeting_note.CRUDMeetingNote object at 0x0000025E29FA2110> does not have the attribute 'get_meeting_notes'

..\..\anaconda3\envs\scrumix\lib\unittest\mock.py:1420: AttributeError
_______________ TestMeetingNoteRoutes.test_create_meeting_note ________________

args = (<tests.test_routes_comprehensive.TestMeetingNoteRoutes object at 0x0000025E2AD8DED0>,)
keywargs = {'client': <starlette.testclient.TestClient object at 0x0000025E2CDFF0D0>, 'mock_session': <MagicMock spec='Session' id='2603490898128'>}

    @wraps(func)
    def patched(*args, **keywargs):
>       with self.decoration_helper(patched,
                                    args,
                                    keywargs) as (newargs, newkeywargs):

..\..\anaconda3\envs\scrumix\lib\unittest\mock.py:1376: 
_ _ _ _ _ _ _ _ _ _ _ _ _ _ _ _ _ _ _ _ _ _ _ _ _ _ _ _ _ _ _ _ _ _ _ _ _ _ _ _
..\..\anaconda3\envs\scrumix\lib\contextlib.py:135: in __enter__
    return next(self.gen)
..\..\anaconda3\envs\scrumix\lib\unittest\mock.py:1358: in decoration_helper
    arg = exit_stack.enter_context(patching)
..\..\anaconda3\envs\scrumix\lib\contextlib.py:492: in enter_context
    result = _cm_type.__enter__(cm)
..\..\anaconda3\envs\scrumix\lib\unittest\mock.py:1447: in __enter__
    original, local = self.get_original()
_ _ _ _ _ _ _ _ _ _ _ _ _ _ _ _ _ _ _ _ _ _ _ _ _ _ _ _ _ _ _ _ _ _ _ _ _ _ _ _

self = <unittest.mock._patch object at 0x0000025E2AD6FD90>

    def get_original(self):
        target = self.getter()
        name = self.attribute
    
        original = DEFAULT
        local = False
    
        try:
            original = target.__dict__[name]
        except (AttributeError, KeyError):
            original = getattr(target, name, DEFAULT)
        else:
            local = True
    
        if name in _builtins and isinstance(target, ModuleType):
            self.create = True
    
        if not self.create and original is DEFAULT:
>           raise AttributeError(
                "%s does not have the attribute %r" % (target, name)
            )
E           AttributeError: <scrumix.api.crud.meeting_note.CRUDMeetingNote object at 0x0000025E29FA2110> does not have the attribute 'create_meeting_note'

..\..\anaconda3\envs\scrumix\lib\unittest\mock.py:1420: AttributeError
_______________ TestDocumentationRoutes.test_get_documentations _______________

args = (<tests.test_routes_comprehensive.TestDocumentationRoutes object at 0x0000025E2AD8E110>,)
keywargs = {'client': <starlette.testclient.TestClient object at 0x0000025E2C852DA0>, 'mock_session': <MagicMock spec='Session' id='2603499396864'>}

    @wraps(func)
    def patched(*args, **keywargs):
>       with self.decoration_helper(patched,
                                    args,
                                    keywargs) as (newargs, newkeywargs):

..\..\anaconda3\envs\scrumix\lib\unittest\mock.py:1376: 
_ _ _ _ _ _ _ _ _ _ _ _ _ _ _ _ _ _ _ _ _ _ _ _ _ _ _ _ _ _ _ _ _ _ _ _ _ _ _ _
..\..\anaconda3\envs\scrumix\lib\contextlib.py:135: in __enter__
    return next(self.gen)
..\..\anaconda3\envs\scrumix\lib\unittest\mock.py:1358: in decoration_helper
    arg = exit_stack.enter_context(patching)
..\..\anaconda3\envs\scrumix\lib\contextlib.py:492: in enter_context
    result = _cm_type.__enter__(cm)
..\..\anaconda3\envs\scrumix\lib\unittest\mock.py:1447: in __enter__
    original, local = self.get_original()
_ _ _ _ _ _ _ _ _ _ _ _ _ _ _ _ _ _ _ _ _ _ _ _ _ _ _ _ _ _ _ _ _ _ _ _ _ _ _ _

self = <unittest.mock._patch object at 0x0000025E2AD6FEB0>

    def get_original(self):
        target = self.getter()
        name = self.attribute
    
        original = DEFAULT
        local = False
    
        try:
            original = target.__dict__[name]
        except (AttributeError, KeyError):
            original = getattr(target, name, DEFAULT)
        else:
            local = True
    
        if name in _builtins and isinstance(target, ModuleType):
            self.create = True
    
        if not self.create and original is DEFAULT:
>           raise AttributeError(
                "%s does not have the attribute %r" % (target, name)
            )
E           AttributeError: <module 'scrumix.api.crud.documentation' from 'C:\\Users\\kchwo\\Bachelor Thesis\\ScrumiX\\backend\\src\\scrumix\\api\\crud\\documentation.py'> does not have the attribute 'get_documentations'

..\..\anaconda3\envs\scrumix\lib\unittest\mock.py:1420: AttributeError
______________ TestDocumentationRoutes.test_create_documentation ______________

args = (<tests.test_routes_comprehensive.TestDocumentationRoutes object at 0x0000025E2AD8E2C0>,)
keywargs = {'client': <starlette.testclient.TestClient object at 0x0000025E2C1DDAB0>, 'mock_session': <MagicMock spec='Session' id='2603498432560'>}

    @wraps(func)
    def patched(*args, **keywargs):
>       with self.decoration_helper(patched,
                                    args,
                                    keywargs) as (newargs, newkeywargs):

..\..\anaconda3\envs\scrumix\lib\unittest\mock.py:1376: 
_ _ _ _ _ _ _ _ _ _ _ _ _ _ _ _ _ _ _ _ _ _ _ _ _ _ _ _ _ _ _ _ _ _ _ _ _ _ _ _
..\..\anaconda3\envs\scrumix\lib\contextlib.py:135: in __enter__
    return next(self.gen)
..\..\anaconda3\envs\scrumix\lib\unittest\mock.py:1358: in decoration_helper
    arg = exit_stack.enter_context(patching)
..\..\anaconda3\envs\scrumix\lib\contextlib.py:492: in enter_context
    result = _cm_type.__enter__(cm)
..\..\anaconda3\envs\scrumix\lib\unittest\mock.py:1447: in __enter__
    original, local = self.get_original()
_ _ _ _ _ _ _ _ _ _ _ _ _ _ _ _ _ _ _ _ _ _ _ _ _ _ _ _ _ _ _ _ _ _ _ _ _ _ _ _

self = <unittest.mock._patch object at 0x0000025E2AD8C040>

    def get_original(self):
        target = self.getter()
        name = self.attribute
    
        original = DEFAULT
        local = False
    
        try:
            original = target.__dict__[name]
        except (AttributeError, KeyError):
            original = getattr(target, name, DEFAULT)
        else:
            local = True
    
        if name in _builtins and isinstance(target, ModuleType):
            self.create = True
    
        if not self.create and original is DEFAULT:
>           raise AttributeError(
                "%s does not have the attribute %r" % (target, name)
            )
E           AttributeError: <module 'scrumix.api.crud.documentation' from 'C:\\Users\\kchwo\\Bachelor Thesis\\ScrumiX\\backend\\src\\scrumix\\api\\crud\\documentation.py'> does not have the attribute 'create_documentation'

..\..\anaconda3\envs\scrumix\lib\unittest\mock.py:1420: AttributeError
_________________ TestErrorHandling.test_invalid_data_create __________________

args = (<tests.test_routes_comprehensive.TestErrorHandling object at 0x0000025E2AD8E680>,)
keywargs = {'client': <starlette.testclient.TestClient object at 0x0000025E2C103910>, 'mock_session': <MagicMock spec='Session' id='2603503412384'>}

    @wraps(func)
    def patched(*args, **keywargs):
>       with self.decoration_helper(patched,
                                    args,
                                    keywargs) as (newargs, newkeywargs):

..\..\anaconda3\envs\scrumix\lib\unittest\mock.py:1376: 
_ _ _ _ _ _ _ _ _ _ _ _ _ _ _ _ _ _ _ _ _ _ _ _ _ _ _ _ _ _ _ _ _ _ _ _ _ _ _ _
..\..\anaconda3\envs\scrumix\lib\contextlib.py:135: in __enter__
    return next(self.gen)
..\..\anaconda3\envs\scrumix\lib\unittest\mock.py:1358: in decoration_helper
    arg = exit_stack.enter_context(patching)
..\..\anaconda3\envs\scrumix\lib\contextlib.py:492: in enter_context
    result = _cm_type.__enter__(cm)
..\..\anaconda3\envs\scrumix\lib\unittest\mock.py:1447: in __enter__
    original, local = self.get_original()
_ _ _ _ _ _ _ _ _ _ _ _ _ _ _ _ _ _ _ _ _ _ _ _ _ _ _ _ _ _ _ _ _ _ _ _ _ _ _ _

self = <unittest.mock._patch object at 0x0000025E2AD8C160>

    def get_original(self):
        target = self.getter()
        name = self.attribute
    
        original = DEFAULT
        local = False
    
        try:
            original = target.__dict__[name]
        except (AttributeError, KeyError):
            original = getattr(target, name, DEFAULT)
        else:
            local = True
    
        if name in _builtins and isinstance(target, ModuleType):
            self.create = True
    
        if not self.create and original is DEFAULT:
>           raise AttributeError(
                "%s does not have the attribute %r" % (target, name)
            )
E           AttributeError: <module 'scrumix.api.crud.backlog' from 'C:\\Users\\kchwo\\Bachelor Thesis\\ScrumiX\\backend\\src\\scrumix\\api\\crud\\backlog.py'> does not have the attribute 'create_backlog'

..\..\anaconda3\envs\scrumix\lib\unittest\mock.py:1420: AttributeError
__________________ TestErrorHandling.test_invalid_id_format ___________________

args = (<tests.test_routes_comprehensive.TestErrorHandling object at 0x0000025E2AD8E9E0>,)
keywargs = {'client': <starlette.testclient.TestClient object at 0x0000025E2C361F60>, 'mock_session': <MagicMock spec='Session' id='2603503209344'>}

    @wraps(func)
    def patched(*args, **keywargs):
>       with self.decoration_helper(patched,
                                    args,
                                    keywargs) as (newargs, newkeywargs):

..\..\anaconda3\envs\scrumix\lib\unittest\mock.py:1376: 
_ _ _ _ _ _ _ _ _ _ _ _ _ _ _ _ _ _ _ _ _ _ _ _ _ _ _ _ _ _ _ _ _ _ _ _ _ _ _ _
..\..\anaconda3\envs\scrumix\lib\contextlib.py:135: in __enter__
    return next(self.gen)
..\..\anaconda3\envs\scrumix\lib\unittest\mock.py:1358: in decoration_helper
    arg = exit_stack.enter_context(patching)
..\..\anaconda3\envs\scrumix\lib\contextlib.py:492: in enter_context
    result = _cm_type.__enter__(cm)
..\..\anaconda3\envs\scrumix\lib\unittest\mock.py:1447: in __enter__
    original, local = self.get_original()
_ _ _ _ _ _ _ _ _ _ _ _ _ _ _ _ _ _ _ _ _ _ _ _ _ _ _ _ _ _ _ _ _ _ _ _ _ _ _ _

self = <unittest.mock._patch object at 0x0000025E2AD8C2B0>

    def get_original(self):
        target = self.getter()
        name = self.attribute
    
        original = DEFAULT
        local = False
    
        try:
            original = target.__dict__[name]
        except (AttributeError, KeyError):
            original = getattr(target, name, DEFAULT)
        else:
            local = True
    
        if name in _builtins and isinstance(target, ModuleType):
            self.create = True
    
        if not self.create and original is DEFAULT:
>           raise AttributeError(
                "%s does not have the attribute %r" % (target, name)
            )
E           AttributeError: <module 'scrumix.api.crud.backlog' from 'C:\\Users\\kchwo\\Bachelor Thesis\\ScrumiX\\backend\\src\\scrumix\\api\\crud\\backlog.py'> does not have the attribute 'get_backlog'

..\..\anaconda3\envs\scrumix\lib\unittest\mock.py:1420: AttributeError
__________________ TestPagination.test_pagination_parameters __________________

args = (<tests.test_routes_comprehensive.TestPagination object at 0x0000025E2AD8EC20>,)
keywargs = {'client': <starlette.testclient.TestClient object at 0x0000025E2C5B6CE0>, 'mock_session': <MagicMock spec='Session' id='2603499893664'>}

    @wraps(func)
    def patched(*args, **keywargs):
>       with self.decoration_helper(patched,
                                    args,
                                    keywargs) as (newargs, newkeywargs):

..\..\anaconda3\envs\scrumix\lib\unittest\mock.py:1376: 
_ _ _ _ _ _ _ _ _ _ _ _ _ _ _ _ _ _ _ _ _ _ _ _ _ _ _ _ _ _ _ _ _ _ _ _ _ _ _ _
..\..\anaconda3\envs\scrumix\lib\contextlib.py:135: in __enter__
    return next(self.gen)
..\..\anaconda3\envs\scrumix\lib\unittest\mock.py:1358: in decoration_helper
    arg = exit_stack.enter_context(patching)
..\..\anaconda3\envs\scrumix\lib\contextlib.py:492: in enter_context
    result = _cm_type.__enter__(cm)
..\..\anaconda3\envs\scrumix\lib\unittest\mock.py:1447: in __enter__
    original, local = self.get_original()
_ _ _ _ _ _ _ _ _ _ _ _ _ _ _ _ _ _ _ _ _ _ _ _ _ _ _ _ _ _ _ _ _ _ _ _ _ _ _ _

self = <unittest.mock._patch object at 0x0000025E2AD8C3D0>

    def get_original(self):
        target = self.getter()
        name = self.attribute
    
        original = DEFAULT
        local = False
    
        try:
            original = target.__dict__[name]
        except (AttributeError, KeyError):
            original = getattr(target, name, DEFAULT)
        else:
            local = True
    
        if name in _builtins and isinstance(target, ModuleType):
            self.create = True
    
        if not self.create and original is DEFAULT:
>           raise AttributeError(
                "%s does not have the attribute %r" % (target, name)
            )
E           AttributeError: <module 'scrumix.api.crud.backlog' from 'C:\\Users\\kchwo\\Bachelor Thesis\\ScrumiX\\backend\\src\\scrumix\\api\\crud\\backlog.py'> does not have the attribute 'get_backlogs'

..\..\anaconda3\envs\scrumix\lib\unittest\mock.py:1420: AttributeError
___________________ TestPagination.test_default_pagination ____________________

args = (<tests.test_routes_comprehensive.TestPagination object at 0x0000025E2AD8EDD0>,)
keywargs = {'client': <starlette.testclient.TestClient object at 0x0000025E2CC5A8F0>, 'mock_session': <MagicMock spec='Session' id='2603495090752'>}

    @wraps(func)
    def patched(*args, **keywargs):
>       with self.decoration_helper(patched,
                                    args,
                                    keywargs) as (newargs, newkeywargs):

..\..\anaconda3\envs\scrumix\lib\unittest\mock.py:1376: 
_ _ _ _ _ _ _ _ _ _ _ _ _ _ _ _ _ _ _ _ _ _ _ _ _ _ _ _ _ _ _ _ _ _ _ _ _ _ _ _
..\..\anaconda3\envs\scrumix\lib\contextlib.py:135: in __enter__
    return next(self.gen)
..\..\anaconda3\envs\scrumix\lib\unittest\mock.py:1358: in decoration_helper
    arg = exit_stack.enter_context(patching)
..\..\anaconda3\envs\scrumix\lib\contextlib.py:492: in enter_context
    result = _cm_type.__enter__(cm)
..\..\anaconda3\envs\scrumix\lib\unittest\mock.py:1447: in __enter__
    original, local = self.get_original()
_ _ _ _ _ _ _ _ _ _ _ _ _ _ _ _ _ _ _ _ _ _ _ _ _ _ _ _ _ _ _ _ _ _ _ _ _ _ _ _

self = <unittest.mock._patch object at 0x0000025E2AD8C520>

    def get_original(self):
        target = self.getter()
        name = self.attribute
    
        original = DEFAULT
        local = False
    
        try:
            original = target.__dict__[name]
        except (AttributeError, KeyError):
            original = getattr(target, name, DEFAULT)
        else:
            local = True
    
        if name in _builtins and isinstance(target, ModuleType):
            self.create = True
    
        if not self.create and original is DEFAULT:
>           raise AttributeError(
                "%s does not have the attribute %r" % (target, name)
            )
E           AttributeError: <module 'scrumix.api.crud.backlog' from 'C:\\Users\\kchwo\\Bachelor Thesis\\ScrumiX\\backend\\src\\scrumix\\api\\crud\\backlog.py'> does not have the attribute 'get_backlogs'

..\..\anaconda3\envs\scrumix\lib\unittest\mock.py:1420: AttributeError
___________________ TestPagination.test_negative_pagination ___________________

args = (<tests.test_routes_comprehensive.TestPagination object at 0x0000025E2AD8EF80>,)
keywargs = {'client': <starlette.testclient.TestClient object at 0x0000025E2C248A30>, 'mock_session': <MagicMock spec='Session' id='2603498999712'>}

    @wraps(func)
    def patched(*args, **keywargs):
>       with self.decoration_helper(patched,
                                    args,
                                    keywargs) as (newargs, newkeywargs):

..\..\anaconda3\envs\scrumix\lib\unittest\mock.py:1376: 
_ _ _ _ _ _ _ _ _ _ _ _ _ _ _ _ _ _ _ _ _ _ _ _ _ _ _ _ _ _ _ _ _ _ _ _ _ _ _ _
..\..\anaconda3\envs\scrumix\lib\contextlib.py:135: in __enter__
    return next(self.gen)
..\..\anaconda3\envs\scrumix\lib\unittest\mock.py:1358: in decoration_helper
    arg = exit_stack.enter_context(patching)
..\..\anaconda3\envs\scrumix\lib\contextlib.py:492: in enter_context
    result = _cm_type.__enter__(cm)
..\..\anaconda3\envs\scrumix\lib\unittest\mock.py:1447: in __enter__
    original, local = self.get_original()
_ _ _ _ _ _ _ _ _ _ _ _ _ _ _ _ _ _ _ _ _ _ _ _ _ _ _ _ _ _ _ _ _ _ _ _ _ _ _ _

self = <unittest.mock._patch object at 0x0000025E2AD8C640>

    def get_original(self):
        target = self.getter()
        name = self.attribute
    
        original = DEFAULT
        local = False
    
        try:
            original = target.__dict__[name]
        except (AttributeError, KeyError):
            original = getattr(target, name, DEFAULT)
        else:
            local = True
    
        if name in _builtins and isinstance(target, ModuleType):
            self.create = True
    
        if not self.create and original is DEFAULT:
>           raise AttributeError(
                "%s does not have the attribute %r" % (target, name)
            )
E           AttributeError: <module 'scrumix.api.crud.backlog' from 'C:\\Users\\kchwo\\Bachelor Thesis\\ScrumiX\\backend\\src\\scrumix\\api\\crud\\backlog.py'> does not have the attribute 'get_backlogs'

..\..\anaconda3\envs\scrumix\lib\unittest\mock.py:1420: AttributeError
______________ TestIntegration.test_backlog_project_relationship ______________

args = (<tests.test_routes_comprehensive.TestIntegration object at 0x0000025E2AD8F1F0>,)
keywargs = {'client': <starlette.testclient.TestClient object at 0x0000025E2C6B0C40>, 'mock_session': <MagicMock spec='Session' id='2603490661504'>}

    @wraps(func)
    def patched(*args, **keywargs):
>       with self.decoration_helper(patched,
                                    args,
                                    keywargs) as (newargs, newkeywargs):

..\..\anaconda3\envs\scrumix\lib\unittest\mock.py:1376: 
_ _ _ _ _ _ _ _ _ _ _ _ _ _ _ _ _ _ _ _ _ _ _ _ _ _ _ _ _ _ _ _ _ _ _ _ _ _ _ _
..\..\anaconda3\envs\scrumix\lib\contextlib.py:135: in __enter__
    return next(self.gen)
..\..\anaconda3\envs\scrumix\lib\unittest\mock.py:1358: in decoration_helper
    arg = exit_stack.enter_context(patching)
..\..\anaconda3\envs\scrumix\lib\contextlib.py:492: in enter_context
    result = _cm_type.__enter__(cm)
..\..\anaconda3\envs\scrumix\lib\unittest\mock.py:1447: in __enter__
    original, local = self.get_original()
_ _ _ _ _ _ _ _ _ _ _ _ _ _ _ _ _ _ _ _ _ _ _ _ _ _ _ _ _ _ _ _ _ _ _ _ _ _ _ _

self = <unittest.mock._patch object at 0x0000025E2AD8C7F0>

    def get_original(self):
        target = self.getter()
        name = self.attribute
    
        original = DEFAULT
        local = False
    
        try:
            original = target.__dict__[name]
        except (AttributeError, KeyError):
            original = getattr(target, name, DEFAULT)
        else:
            local = True
    
        if name in _builtins and isinstance(target, ModuleType):
            self.create = True
    
        if not self.create and original is DEFAULT:
>           raise AttributeError(
                "%s does not have the attribute %r" % (target, name)
            )
E           AttributeError: <module 'scrumix.api.crud.project' from 'C:\\Users\\kchwo\\Bachelor Thesis\\ScrumiX\\backend\\src\\scrumix\\api\\crud\\project.py'> does not have the attribute 'get_project'

..\..\anaconda3\envs\scrumix\lib\unittest\mock.py:1420: AttributeError
____________________ TestPerformance.test_large_result_set ____________________

args = (<tests.test_routes_comprehensive.TestPerformance object at 0x0000025E2AD8F430>,)
keywargs = {'client': <starlette.testclient.TestClient object at 0x0000025E2C689FF0>, 'mock_session': <MagicMock spec='Session' id='2603490750288'>}

    @wraps(func)
    def patched(*args, **keywargs):
>       with self.decoration_helper(patched,
                                    args,
                                    keywargs) as (newargs, newkeywargs):

..\..\anaconda3\envs\scrumix\lib\unittest\mock.py:1376: 
_ _ _ _ _ _ _ _ _ _ _ _ _ _ _ _ _ _ _ _ _ _ _ _ _ _ _ _ _ _ _ _ _ _ _ _ _ _ _ _
..\..\anaconda3\envs\scrumix\lib\contextlib.py:135: in __enter__
    return next(self.gen)
..\..\anaconda3\envs\scrumix\lib\unittest\mock.py:1358: in decoration_helper
    arg = exit_stack.enter_context(patching)
..\..\anaconda3\envs\scrumix\lib\contextlib.py:492: in enter_context
    result = _cm_type.__enter__(cm)
..\..\anaconda3\envs\scrumix\lib\unittest\mock.py:1447: in __enter__
    original, local = self.get_original()
_ _ _ _ _ _ _ _ _ _ _ _ _ _ _ _ _ _ _ _ _ _ _ _ _ _ _ _ _ _ _ _ _ _ _ _ _ _ _ _

self = <unittest.mock._patch object at 0x0000025E2AD8C940>

    def get_original(self):
        target = self.getter()
        name = self.attribute
    
        original = DEFAULT
        local = False
    
        try:
            original = target.__dict__[name]
        except (AttributeError, KeyError):
            original = getattr(target, name, DEFAULT)
        else:
            local = True
    
        if name in _builtins and isinstance(target, ModuleType):
            self.create = True
    
        if not self.create and original is DEFAULT:
>           raise AttributeError(
                "%s does not have the attribute %r" % (target, name)
            )
E           AttributeError: <module 'scrumix.api.crud.backlog' from 'C:\\Users\\kchwo\\Bachelor Thesis\\ScrumiX\\backend\\src\\scrumix\\api\\crud\\backlog.py'> does not have the attribute 'get_backlogs'

..\..\anaconda3\envs\scrumix\lib\unittest\mock.py:1420: AttributeError
____________________ TestSecurity.test_verify_token_valid _____________________

self = <tests.test_security.TestSecurity object at 0x0000025E2AD8DE70>

    def test_verify_token_valid(self):
        """Test valid token verification"""
        data = {"sub": "test@example.com"}
        token = create_access_token(data=data)
        payload = verify_token(token)
        assert payload is not None
>       assert payload.get("sub") == "test@example.com"

backend\tests\test_security.py:27: 
_ _ _ _ _ _ _ _ _ _ _ _ _ _ _ _ _ _ _ _ _ _ _ _ _ _ _ _ _ _ _ _ _ _ _ _ _ _ _ _

self = TokenData(user_id='test@example.com', email=None, scopes=[], full_name=None, username=None, avatar_url=None, provider='local')
item = 'get'

    def __getattr__(self, item: str) -> Any:
        private_attributes = object.__getattribute__(self, '__private_attributes__')
        if item in private_attributes:
            attribute = private_attributes[item]
            if hasattr(attribute, '__get__'):
                return attribute.__get__(self, type(self))  # type: ignore
    
            try:
                # Note: self.__pydantic_private__ cannot be None if self.__private_attributes__ has items
                return self.__pydantic_private__[item]  # type: ignore
            except KeyError as exc:
                raise AttributeError(f'{type(self).__name__!r} object has no attribute {item!r}') from exc
        else:
            # `__pydantic_extra__` can fail to be set if the model is not yet fully initialized.
            # See `BaseModel.__repr_args__` for more details
            try:
                pydantic_extra = object.__getattribute__(self, '__pydantic_extra__')
            except AttributeError:
                pydantic_extra = None
    
            if pydantic_extra:
                try:
                    return pydantic_extra[item]
                except KeyError as exc:
                    raise AttributeError(f'{type(self).__name__!r} object has no attribute {item!r}') from exc
            else:
                if hasattr(self.__class__, item):
                    return super().__getattribute__(item)  # Raises AttributeError if appropriate
                else:
                    # this is the current error
>                   raise AttributeError(f'{type(self).__name__!r} object has no attribute {item!r}')
E                   AttributeError: 'TokenData' object has no attribute 'get'

..\..\anaconda3\envs\scrumix\lib\site-packages\pydantic\main.py:991: AttributeError
___________________ TestSecurity.test_verify_token_invalid ____________________

self = <tests.test_security.TestSecurity object at 0x0000025E2AD8D0C0>

    def test_verify_token_invalid(self):
        """Test invalid token verification"""
>       with pytest.raises(Exception):
E       Failed: DID NOT RAISE <class 'Exception'>

backend\tests\test_security.py:31: Failed
__________________ TestSprintCRUD.test_create_sprint_success __________________

self = <tests.test_sprints.TestSprintCRUD object at 0x0000025E2ADB7580>
db_session = <sqlalchemy.orm.session.Session object at 0x0000025E2C848220>

    def test_create_sprint_success(self, db_session):
        """Test successful sprint creation"""
        from scrumix.api.crud.sprint import sprint_crud
        from scrumix.api.schemas.sprint import SprintCreate
    
>       sprint_data = SprintCreate(name="Test Sprint",
            goal="Complete test features",
            start_date=datetime.now().date(),
            end_date=(datetime.now() + timedelta(days=14)).date(),
            status=SprintStatus.PLANNING
        )

backend\tests\test_sprints.py:235: 
_ _ _ _ _ _ _ _ _ _ _ _ _ _ _ _ _ _ _ _ _ _ _ _ _ _ _ _ _ _ _ _ _ _ _ _ _ _ _ _

self = SprintCreate()
data = {'end_date': datetime.date(2025, 8, 4), 'goal': 'Complete test features', 'name': 'Test Sprint', 'start_date': datetime.date(2025, 7, 21), ...}

    def __init__(self, **data):
>       super().__init__(**data)
E       pydantic_core._pydantic_core.ValidationError: 2 validation errors for SprintCreate
E       sprintName
E         Field required [type=missing, input_value={'name': 'Test Sprint', '...s.PLANNING: 'planning'>}, input_type=dict]
E           For further information visit https://errors.pydantic.dev/2.11/v/missing
E       sprintGoal
E         Field required [type=missing, input_value={'name': 'Test Sprint', '...s.PLANNING: 'planning'>}, input_type=dict]
E           For further information visit https://errors.pydantic.dev/2.11/v/missing

backend\src\scrumix\api\schemas\sprint.py:23: ValidationError
____________________ TestSprintCRUD.test_get_sprint_by_id _____________________

self = <tests.test_sprints.TestSprintCRUD object at 0x0000025E2ADB6E60>
db_session = <sqlalchemy.orm.session.Session object at 0x0000025E2C54C2B0>

    def test_get_sprint_by_id(self, db_session):
        """Test getting sprint by ID"""
        from scrumix.api.crud.sprint import sprint_crud
        from scrumix.api.schemas.sprint import SprintCreate
    
        # Create a sprint first
>       sprint_data = SprintCreate(name="Test Sprint for Get",
            goal="A test sprint for getting",
            start_date=datetime.now().date(),
            end_date=(datetime.now() + timedelta(days=14)).date(),
            status=SprintStatus.PLANNING
        )

backend\tests\test_sprints.py:253: 
_ _ _ _ _ _ _ _ _ _ _ _ _ _ _ _ _ _ _ _ _ _ _ _ _ _ _ _ _ _ _ _ _ _ _ _ _ _ _ _

self = SprintCreate()
data = {'end_date': datetime.date(2025, 8, 4), 'goal': 'A test sprint for getting', 'name': 'Test Sprint for Get', 'start_date': datetime.date(2025, 7, 21), ...}

    def __init__(self, **data):
>       super().__init__(**data)
E       pydantic_core._pydantic_core.ValidationError: 2 validation errors for SprintCreate
E       sprintName
E         Field required [type=missing, input_value={'name': 'Test Sprint for...s.PLANNING: 'planning'>}, input_type=dict]
E           For further information visit https://errors.pydantic.dev/2.11/v/missing
E       sprintGoal
E         Field required [type=missing, input_value={'name': 'Test Sprint for...s.PLANNING: 'planning'>}, input_type=dict]
E           For further information visit https://errors.pydantic.dev/2.11/v/missing

backend\src\scrumix\api\schemas\sprint.py:23: ValidationError
_______________ TestSprintCRUD.test_get_sprints_with_pagination _______________

self = <tests.test_sprints.TestSprintCRUD object at 0x0000025E2ADB6740>
db_session = <sqlalchemy.orm.session.Session object at 0x0000025E2C267A90>

    def test_get_sprints_with_pagination(self, db_session):
        """Test getting sprints with pagination"""
        from scrumix.api.crud.sprint import sprint_crud
        from scrumix.api.schemas.sprint import SprintCreate
    
        # Create multiple sprints
        for i in range(5):
>           sprint_data = SprintCreate(name=f"Test Sprint {i}",
                goal=f"Test sprint {i} goal",
                start_date=datetime.now().date(),
                end_date=(datetime.now() + timedelta(days=14)).date(),
                status=SprintStatus.PLANNING
            )

backend\tests\test_sprints.py:274: 
_ _ _ _ _ _ _ _ _ _ _ _ _ _ _ _ _ _ _ _ _ _ _ _ _ _ _ _ _ _ _ _ _ _ _ _ _ _ _ _

self = SprintCreate()
data = {'end_date': datetime.date(2025, 8, 4), 'goal': 'Test sprint 0 goal', 'name': 'Test Sprint 0', 'start_date': datetime.date(2025, 7, 21), ...}

    def __init__(self, **data):
>       super().__init__(**data)
E       pydantic_core._pydantic_core.ValidationError: 2 validation errors for SprintCreate
E       sprintName
E         Field required [type=missing, input_value={'name': 'Test Sprint 0',...s.PLANNING: 'planning'>}, input_type=dict]
E           For further information visit https://errors.pydantic.dev/2.11/v/missing
E       sprintGoal
E         Field required [type=missing, input_value={'name': 'Test Sprint 0',...s.PLANNING: 'planning'>}, input_type=dict]
E           For further information visit https://errors.pydantic.dev/2.11/v/missing

backend\src\scrumix\api\schemas\sprint.py:23: ValidationError
_____________ TestSprintCRUD.test_get_sprints_with_status_filter ______________

self = <tests.test_sprints.TestSprintCRUD object at 0x0000025E2ADB5E10>
db_session = <sqlalchemy.orm.session.Session object at 0x0000025E2CDF31F0>

    def test_get_sprints_with_status_filter(self, db_session):
        """Test getting sprints with status filter"""
        from scrumix.api.crud.sprint import sprint_crud
        from scrumix.api.schemas.sprint import SprintCreate
    
        # Create sprints with different statuses
>       planning_sprint = SprintCreate(name="Planning Sprint",
            goal="Planning sprint goal",
            start_date=datetime.now().date(),
            end_date=(datetime.now() + timedelta(days=14)).date(),
            status=SprintStatus.PLANNING
        )

backend\tests\test_sprints.py:295: 
_ _ _ _ _ _ _ _ _ _ _ _ _ _ _ _ _ _ _ _ _ _ _ _ _ _ _ _ _ _ _ _ _ _ _ _ _ _ _ _

self = SprintCreate()
data = {'end_date': datetime.date(2025, 8, 4), 'goal': 'Planning sprint goal', 'name': 'Planning Sprint', 'start_date': datetime.date(2025, 7, 21), ...}

    def __init__(self, **data):
>       super().__init__(**data)
E       pydantic_core._pydantic_core.ValidationError: 2 validation errors for SprintCreate
E       sprintName
E         Field required [type=missing, input_value={'name': 'Planning Sprint...s.PLANNING: 'planning'>}, input_type=dict]
E           For further information visit https://errors.pydantic.dev/2.11/v/missing
E       sprintGoal
E         Field required [type=missing, input_value={'name': 'Planning Sprint...s.PLANNING: 'planning'>}, input_type=dict]
E           For further information visit https://errors.pydantic.dev/2.11/v/missing

backend\src\scrumix\api\schemas\sprint.py:23: ValidationError
_____________________ TestSprintCRUD.test_search_sprints ______________________

self = <tests.test_sprints.TestSprintCRUD object at 0x0000025E2ADB5690>
db_session = <sqlalchemy.orm.session.Session object at 0x0000025E2C54C820>

    def test_search_sprints(self, db_session):
        """Test searching sprints"""
        from scrumix.api.crud.sprint import sprint_crud
        from scrumix.api.schemas.sprint import SprintCreate
    
        # Create sprints with searchable names and goals
>       sprint1 = SprintCreate(name="Frontend Development Sprint",
            goal="Complete frontend features",
            start_date=datetime.now().date(),
            end_date=(datetime.now() + timedelta(days=14)).date(),
            status=SprintStatus.PLANNING
        )

backend\tests\test_sprints.py:327: 
_ _ _ _ _ _ _ _ _ _ _ _ _ _ _ _ _ _ _ _ _ _ _ _ _ _ _ _ _ _ _ _ _ _ _ _ _ _ _ _

self = SprintCreate()
data = {'end_date': datetime.date(2025, 8, 4), 'goal': 'Complete frontend features', 'name': 'Frontend Development Sprint', 'start_date': datetime.date(2025, 7, 21), ...}

    def __init__(self, **data):
>       super().__init__(**data)
E       pydantic_core._pydantic_core.ValidationError: 2 validation errors for SprintCreate
E       sprintName
E         Field required [type=missing, input_value={'name': 'Frontend Develo...s.PLANNING: 'planning'>}, input_type=dict]
E           For further information visit https://errors.pydantic.dev/2.11/v/missing
E       sprintGoal
E         Field required [type=missing, input_value={'name': 'Frontend Develo...s.PLANNING: 'planning'>}, input_type=dict]
E           For further information visit https://errors.pydantic.dev/2.11/v/missing

backend\src\scrumix\api\schemas\sprint.py:23: ValidationError
______________________ TestSprintCRUD.test_update_sprint ______________________

self = <tests.test_sprints.TestSprintCRUD object at 0x0000025E2ADB5270>
db_session = <sqlalchemy.orm.session.Session object at 0x0000025E2C242A10>

    def test_update_sprint(self, db_session):
        """Test updating sprint"""
        from scrumix.api.crud.sprint import sprint_crud
        from scrumix.api.schemas.sprint import SprintCreate, SprintUpdate
    
        # Create a sprint
>       sprint_data = SprintCreate(name="Test Sprint for Update",
            goal="A test sprint for updating",
            start_date=datetime.now().date(),
            end_date=(datetime.now() + timedelta(days=14)).date(),
            status=SprintStatus.PLANNING
        )

backend\tests\test_sprints.py:359: 
_ _ _ _ _ _ _ _ _ _ _ _ _ _ _ _ _ _ _ _ _ _ _ _ _ _ _ _ _ _ _ _ _ _ _ _ _ _ _ _

self = SprintCreate()
data = {'end_date': datetime.date(2025, 8, 4), 'goal': 'A test sprint for updating', 'name': 'Test Sprint for Update', 'start_date': datetime.date(2025, 7, 21), ...}

    def __init__(self, **data):
>       super().__init__(**data)
E       pydantic_core._pydantic_core.ValidationError: 2 validation errors for SprintCreate
E       sprintName
E         Field required [type=missing, input_value={'name': 'Test Sprint for...s.PLANNING: 'planning'>}, input_type=dict]
E           For further information visit https://errors.pydantic.dev/2.11/v/missing
E       sprintGoal
E         Field required [type=missing, input_value={'name': 'Test Sprint for...s.PLANNING: 'planning'>}, input_type=dict]
E           For further information visit https://errors.pydantic.dev/2.11/v/missing

backend\src\scrumix\api\schemas\sprint.py:23: ValidationError
______________________ TestSprintCRUD.test_delete_sprint ______________________

self = <tests.test_sprints.TestSprintCRUD object at 0x0000025E2ADB79A0>
db_session = <sqlalchemy.orm.session.Session object at 0x0000025E2C666A70>

    def test_delete_sprint(self, db_session):
        """Test deleting sprint"""
        from scrumix.api.crud.sprint import sprint_crud
        from scrumix.api.schemas.sprint import SprintCreate
    
        # Create a sprint
>       sprint_data = SprintCreate(name="Test Sprint for Delete",
            goal="A test sprint for deletion",
            start_date=datetime.now().date(),
            end_date=(datetime.now() + timedelta(days=14)).date(),
            status=SprintStatus.PLANNING
        )

backend\tests\test_sprints.py:386: 
_ _ _ _ _ _ _ _ _ _ _ _ _ _ _ _ _ _ _ _ _ _ _ _ _ _ _ _ _ _ _ _ _ _ _ _ _ _ _ _

self = SprintCreate()
data = {'end_date': datetime.date(2025, 8, 4), 'goal': 'A test sprint for deletion', 'name': 'Test Sprint for Delete', 'start_date': datetime.date(2025, 7, 21), ...}

    def __init__(self, **data):
>       super().__init__(**data)
E       pydantic_core._pydantic_core.ValidationError: 2 validation errors for SprintCreate
E       sprintName
E         Field required [type=missing, input_value={'name': 'Test Sprint for...s.PLANNING: 'planning'>}, input_type=dict]
E           For further information visit https://errors.pydantic.dev/2.11/v/missing
E       sprintGoal
E         Field required [type=missing, input_value={'name': 'Test Sprint for...s.PLANNING: 'planning'>}, input_type=dict]
E           For further information visit https://errors.pydantic.dev/2.11/v/missing

backend\src\scrumix\api\schemas\sprint.py:23: ValidationError
_____________________ TestTagCRUD.test_create_tag_success _____________________

self = <tests.test_tags.TestTagCRUD object at 0x0000025E2ADDA9B0>
db_session = <sqlalchemy.orm.session.Session object at 0x0000025E2CDFCC10>

    def test_create_tag_success(self, db_session):
        """Test successful tag creation"""
        from scrumix.api.crud.tag import tag
        from scrumix.api.schemas.tag import TagCreate
    
        tag_data = TagCreate(
            title="Test Tag",
            description="A test tag",
            color="#FF5733"
        )
    
>       tag_obj = tag.create(db=db_session, obj_in=tag_data)

backend\tests\test_tags.py:340: 
_ _ _ _ _ _ _ _ _ _ _ _ _ _ _ _ _ _ _ _ _ _ _ _ _ _ _ _ _ _ _ _ _ _ _ _ _ _ _ _
backend\src\scrumix\api\crud\base.py:42: in create
    db_obj = self.model(**obj_in_data)
<string>:4: in __init__
    ???
..\..\anaconda3\envs\scrumix\lib\site-packages\sqlalchemy\orm\state.py:561: in _initialize_instance
    manager.dispatch.init(self, args, kwargs)
..\..\anaconda3\envs\scrumix\lib\site-packages\sqlalchemy\event\attr.py:487: in __call__
    fn(*args, **kw)
..\..\anaconda3\envs\scrumix\lib\site-packages\sqlalchemy\orm\mapper.py:4391: in _event_on_init
    instrumenting_mapper._check_configure()
..\..\anaconda3\envs\scrumix\lib\site-packages\sqlalchemy\orm\mapper.py:2386: in _check_configure
    _configure_registries({self.registry}, cascade=True)
..\..\anaconda3\envs\scrumix\lib\site-packages\sqlalchemy\orm\mapper.py:4199: in _configure_registries
    _do_configure_registries(registries, cascade)
_ _ _ _ _ _ _ _ _ _ _ _ _ _ _ _ _ _ _ _ _ _ _ _ _ _ _ _ _ _ _ _ _ _ _ _ _ _ _ _

registries = set(), cascade = True

    @util.preload_module("sqlalchemy.orm.decl_api")
    def _do_configure_registries(
        registries: Set[_RegistryType], cascade: bool
    ) -> None:
        registry = util.preloaded.orm_decl_api.registry
    
        orig = set(registries)
    
        for reg in registry._recurse_with_dependencies(registries):
            has_skip = False
    
            for mapper in reg._mappers_to_configure():
                run_configure = None
    
                for fn in mapper.dispatch.before_mapper_configured:
                    run_configure = fn(mapper, mapper.class_)
                    if run_configure is EXT_SKIP:
                        has_skip = True
                        break
                if run_configure is EXT_SKIP:
                    continue
    
                if getattr(mapper, "_configure_failed", False):
                    e = sa_exc.InvalidRequestError(
                        "One or more mappers failed to initialize - "
                        "can't proceed with initialization of other "
                        "mappers. Triggering mapper: '%s'. "
                        "Original exception was: %s"
                        % (mapper, mapper._configure_failed)
                    )
                    e._configure_failed = mapper._configure_failed  # type: ignore
>                   raise e
E                   sqlalchemy.exc.InvalidRequestError: One or more mappers failed to initialize - can't proceed with initialization of other mappers. Triggering mapper: 'Mapper[Sprint(sprints)]'. Original exception was: Mapper 'Mapper[Project(projects)]' has no property 'sprints'.  If this property was indicated from other mappers or configure events, ensure registry.configure() has been called.

..\..\anaconda3\envs\scrumix\lib\site-packages\sqlalchemy\orm\mapper.py:4236: InvalidRequestError
_________________ TestTagCRUD.test_create_tag_duplicate_title _________________

self = <tests.test_tags.TestTagCRUD object at 0x0000025E2ADDA290>
db_session = <sqlalchemy.orm.session.Session object at 0x0000025E2C38CD30>

    def test_create_tag_duplicate_title(self, db_session):
        """Test tag creation with duplicate title"""
        from scrumix.api.crud.tag import tag
        from scrumix.api.schemas.tag import TagCreate
    
        tag_data = TagCreate(
            title="Duplicate Tag",
            description="A test tag",
            color="#FF5733"
        )
    
        # Create first tag
>       tag.create(db=db_session, obj_in=tag_data)

backend\tests\test_tags.py:357: 
_ _ _ _ _ _ _ _ _ _ _ _ _ _ _ _ _ _ _ _ _ _ _ _ _ _ _ _ _ _ _ _ _ _ _ _ _ _ _ _
backend\src\scrumix\api\crud\base.py:42: in create
    db_obj = self.model(**obj_in_data)
<string>:4: in __init__
    ???
..\..\anaconda3\envs\scrumix\lib\site-packages\sqlalchemy\orm\state.py:561: in _initialize_instance
    manager.dispatch.init(self, args, kwargs)
..\..\anaconda3\envs\scrumix\lib\site-packages\sqlalchemy\event\attr.py:487: in __call__
    fn(*args, **kw)
..\..\anaconda3\envs\scrumix\lib\site-packages\sqlalchemy\orm\mapper.py:4391: in _event_on_init
    instrumenting_mapper._check_configure()
..\..\anaconda3\envs\scrumix\lib\site-packages\sqlalchemy\orm\mapper.py:2386: in _check_configure
    _configure_registries({self.registry}, cascade=True)
..\..\anaconda3\envs\scrumix\lib\site-packages\sqlalchemy\orm\mapper.py:4199: in _configure_registries
    _do_configure_registries(registries, cascade)
_ _ _ _ _ _ _ _ _ _ _ _ _ _ _ _ _ _ _ _ _ _ _ _ _ _ _ _ _ _ _ _ _ _ _ _ _ _ _ _

registries = set(), cascade = True

    @util.preload_module("sqlalchemy.orm.decl_api")
    def _do_configure_registries(
        registries: Set[_RegistryType], cascade: bool
    ) -> None:
        registry = util.preloaded.orm_decl_api.registry
    
        orig = set(registries)
    
        for reg in registry._recurse_with_dependencies(registries):
            has_skip = False
    
            for mapper in reg._mappers_to_configure():
                run_configure = None
    
                for fn in mapper.dispatch.before_mapper_configured:
                    run_configure = fn(mapper, mapper.class_)
                    if run_configure is EXT_SKIP:
                        has_skip = True
                        break
                if run_configure is EXT_SKIP:
                    continue
    
                if getattr(mapper, "_configure_failed", False):
                    e = sa_exc.InvalidRequestError(
                        "One or more mappers failed to initialize - "
                        "can't proceed with initialization of other "
                        "mappers. Triggering mapper: '%s'. "
                        "Original exception was: %s"
                        % (mapper, mapper._configure_failed)
                    )
                    e._configure_failed = mapper._configure_failed  # type: ignore
>                   raise e
E                   sqlalchemy.exc.InvalidRequestError: One or more mappers failed to initialize - can't proceed with initialization of other mappers. Triggering mapper: 'Mapper[Sprint(sprints)]'. Original exception was: Mapper 'Mapper[Project(projects)]' has no property 'sprints'.  If this property was indicated from other mappers or configure events, ensure registry.configure() has been called.

..\..\anaconda3\envs\scrumix\lib\site-packages\sqlalchemy\orm\mapper.py:4236: InvalidRequestError
_______________________ TestTagCRUD.test_get_tag_by_id ________________________

self = <tests.test_tags.TestTagCRUD object at 0x0000025E2ADD9B70>
db_session = <sqlalchemy.orm.session.Session object at 0x0000025E2C821450>

    def test_get_tag_by_id(self, db_session):
        """Test getting tag by ID"""
        from scrumix.api.crud.tag import tag
        from scrumix.api.schemas.tag import TagCreate
    
        tag_data = TagCreate(
            title="Test Tag",
            description="A test tag",
            color="#FF5733"
        )
    
>       created_tag = tag.create(db=db_session, obj_in=tag_data)

backend\tests\test_tags.py:374: 
_ _ _ _ _ _ _ _ _ _ _ _ _ _ _ _ _ _ _ _ _ _ _ _ _ _ _ _ _ _ _ _ _ _ _ _ _ _ _ _
backend\src\scrumix\api\crud\base.py:42: in create
    db_obj = self.model(**obj_in_data)
<string>:4: in __init__
    ???
..\..\anaconda3\envs\scrumix\lib\site-packages\sqlalchemy\orm\state.py:561: in _initialize_instance
    manager.dispatch.init(self, args, kwargs)
..\..\anaconda3\envs\scrumix\lib\site-packages\sqlalchemy\event\attr.py:487: in __call__
    fn(*args, **kw)
..\..\anaconda3\envs\scrumix\lib\site-packages\sqlalchemy\orm\mapper.py:4391: in _event_on_init
    instrumenting_mapper._check_configure()
..\..\anaconda3\envs\scrumix\lib\site-packages\sqlalchemy\orm\mapper.py:2386: in _check_configure
    _configure_registries({self.registry}, cascade=True)
..\..\anaconda3\envs\scrumix\lib\site-packages\sqlalchemy\orm\mapper.py:4199: in _configure_registries
    _do_configure_registries(registries, cascade)
_ _ _ _ _ _ _ _ _ _ _ _ _ _ _ _ _ _ _ _ _ _ _ _ _ _ _ _ _ _ _ _ _ _ _ _ _ _ _ _

registries = set(), cascade = True

    @util.preload_module("sqlalchemy.orm.decl_api")
    def _do_configure_registries(
        registries: Set[_RegistryType], cascade: bool
    ) -> None:
        registry = util.preloaded.orm_decl_api.registry
    
        orig = set(registries)
    
        for reg in registry._recurse_with_dependencies(registries):
            has_skip = False
    
            for mapper in reg._mappers_to_configure():
                run_configure = None
    
                for fn in mapper.dispatch.before_mapper_configured:
                    run_configure = fn(mapper, mapper.class_)
                    if run_configure is EXT_SKIP:
                        has_skip = True
                        break
                if run_configure is EXT_SKIP:
                    continue
    
                if getattr(mapper, "_configure_failed", False):
                    e = sa_exc.InvalidRequestError(
                        "One or more mappers failed to initialize - "
                        "can't proceed with initialization of other "
                        "mappers. Triggering mapper: '%s'. "
                        "Original exception was: %s"
                        % (mapper, mapper._configure_failed)
                    )
                    e._configure_failed = mapper._configure_failed  # type: ignore
>                   raise e
E                   sqlalchemy.exc.InvalidRequestError: One or more mappers failed to initialize - can't proceed with initialization of other mappers. Triggering mapper: 'Mapper[Sprint(sprints)]'. Original exception was: Mapper 'Mapper[Project(projects)]' has no property 'sprints'.  If this property was indicated from other mappers or configure events, ensure registry.configure() has been called.

..\..\anaconda3\envs\scrumix\lib\site-packages\sqlalchemy\orm\mapper.py:4236: InvalidRequestError
______________________ TestTagCRUD.test_get_tag_by_title ______________________

self = <tests.test_tags.TestTagCRUD object at 0x0000025E2ADD8DC0>
db_session = <sqlalchemy.orm.session.Session object at 0x0000025E2B085CF0>

    def test_get_tag_by_title(self, db_session):
        """Test getting tag by title"""
        from scrumix.api.crud.tag import tag
        from scrumix.api.schemas.tag import TagCreate
    
        tag_data = TagCreate(
            title="Test Tag Title",
            description="A test tag",
            color="#FF5733"
        )
    
>       created_tag = tag.create(db=db_session, obj_in=tag_data)

backend\tests\test_tags.py:392: 
_ _ _ _ _ _ _ _ _ _ _ _ _ _ _ _ _ _ _ _ _ _ _ _ _ _ _ _ _ _ _ _ _ _ _ _ _ _ _ _
backend\src\scrumix\api\crud\base.py:42: in create
    db_obj = self.model(**obj_in_data)
<string>:4: in __init__
    ???
..\..\anaconda3\envs\scrumix\lib\site-packages\sqlalchemy\orm\state.py:561: in _initialize_instance
    manager.dispatch.init(self, args, kwargs)
..\..\anaconda3\envs\scrumix\lib\site-packages\sqlalchemy\event\attr.py:487: in __call__
    fn(*args, **kw)
..\..\anaconda3\envs\scrumix\lib\site-packages\sqlalchemy\orm\mapper.py:4391: in _event_on_init
    instrumenting_mapper._check_configure()
..\..\anaconda3\envs\scrumix\lib\site-packages\sqlalchemy\orm\mapper.py:2386: in _check_configure
    _configure_registries({self.registry}, cascade=True)
..\..\anaconda3\envs\scrumix\lib\site-packages\sqlalchemy\orm\mapper.py:4199: in _configure_registries
    _do_configure_registries(registries, cascade)
_ _ _ _ _ _ _ _ _ _ _ _ _ _ _ _ _ _ _ _ _ _ _ _ _ _ _ _ _ _ _ _ _ _ _ _ _ _ _ _

registries = set(), cascade = True

    @util.preload_module("sqlalchemy.orm.decl_api")
    def _do_configure_registries(
        registries: Set[_RegistryType], cascade: bool
    ) -> None:
        registry = util.preloaded.orm_decl_api.registry
    
        orig = set(registries)
    
        for reg in registry._recurse_with_dependencies(registries):
            has_skip = False
    
            for mapper in reg._mappers_to_configure():
                run_configure = None
    
                for fn in mapper.dispatch.before_mapper_configured:
                    run_configure = fn(mapper, mapper.class_)
                    if run_configure is EXT_SKIP:
                        has_skip = True
                        break
                if run_configure is EXT_SKIP:
                    continue
    
                if getattr(mapper, "_configure_failed", False):
                    e = sa_exc.InvalidRequestError(
                        "One or more mappers failed to initialize - "
                        "can't proceed with initialization of other "
                        "mappers. Triggering mapper: '%s'. "
                        "Original exception was: %s"
                        % (mapper, mapper._configure_failed)
                    )
                    e._configure_failed = mapper._configure_failed  # type: ignore
>                   raise e
E                   sqlalchemy.exc.InvalidRequestError: One or more mappers failed to initialize - can't proceed with initialization of other mappers. Triggering mapper: 'Mapper[Sprint(sprints)]'. Original exception was: Mapper 'Mapper[Project(projects)]' has no property 'sprints'.  If this property was indicated from other mappers or configure events, ensure registry.configure() has been called.

..\..\anaconda3\envs\scrumix\lib\site-packages\sqlalchemy\orm\mapper.py:4236: InvalidRequestError
__________________ TestTagCRUD.test_get_tags_with_pagination __________________

self = <tests.test_tags.TestTagCRUD object at 0x0000025E2ADDBB80>
db_session = <sqlalchemy.orm.session.Session object at 0x0000025E2C145D50>

    def test_get_tags_with_pagination(self, db_session):
        """Test getting tags with pagination"""
        from scrumix.api.crud.tag import tag
        from scrumix.api.schemas.tag import TagCreate
    
        # Create multiple tags
        for i in range(5):
            tag_data = TagCreate(
                title=f"Test Tag {i}",
                description=f"A test tag {i}",
                color="#FF5733"
            )
>           tag.create(db=db_session, obj_in=tag_data)

backend\tests\test_tags.py:411: 
_ _ _ _ _ _ _ _ _ _ _ _ _ _ _ _ _ _ _ _ _ _ _ _ _ _ _ _ _ _ _ _ _ _ _ _ _ _ _ _
backend\src\scrumix\api\crud\base.py:42: in create
    db_obj = self.model(**obj_in_data)
<string>:4: in __init__
    ???
..\..\anaconda3\envs\scrumix\lib\site-packages\sqlalchemy\orm\state.py:561: in _initialize_instance
    manager.dispatch.init(self, args, kwargs)
..\..\anaconda3\envs\scrumix\lib\site-packages\sqlalchemy\event\attr.py:487: in __call__
    fn(*args, **kw)
..\..\anaconda3\envs\scrumix\lib\site-packages\sqlalchemy\orm\mapper.py:4391: in _event_on_init
    instrumenting_mapper._check_configure()
..\..\anaconda3\envs\scrumix\lib\site-packages\sqlalchemy\orm\mapper.py:2386: in _check_configure
    _configure_registries({self.registry}, cascade=True)
..\..\anaconda3\envs\scrumix\lib\site-packages\sqlalchemy\orm\mapper.py:4199: in _configure_registries
    _do_configure_registries(registries, cascade)
_ _ _ _ _ _ _ _ _ _ _ _ _ _ _ _ _ _ _ _ _ _ _ _ _ _ _ _ _ _ _ _ _ _ _ _ _ _ _ _

registries = set(), cascade = True

    @util.preload_module("sqlalchemy.orm.decl_api")
    def _do_configure_registries(
        registries: Set[_RegistryType], cascade: bool
    ) -> None:
        registry = util.preloaded.orm_decl_api.registry
    
        orig = set(registries)
    
        for reg in registry._recurse_with_dependencies(registries):
            has_skip = False
    
            for mapper in reg._mappers_to_configure():
                run_configure = None
    
                for fn in mapper.dispatch.before_mapper_configured:
                    run_configure = fn(mapper, mapper.class_)
                    if run_configure is EXT_SKIP:
                        has_skip = True
                        break
                if run_configure is EXT_SKIP:
                    continue
    
                if getattr(mapper, "_configure_failed", False):
                    e = sa_exc.InvalidRequestError(
                        "One or more mappers failed to initialize - "
                        "can't proceed with initialization of other "
                        "mappers. Triggering mapper: '%s'. "
                        "Original exception was: %s"
                        % (mapper, mapper._configure_failed)
                    )
                    e._configure_failed = mapper._configure_failed  # type: ignore
>                   raise e
E                   sqlalchemy.exc.InvalidRequestError: One or more mappers failed to initialize - can't proceed with initialization of other mappers. Triggering mapper: 'Mapper[Sprint(sprints)]'. Original exception was: Mapper 'Mapper[Project(projects)]' has no property 'sprints'.  If this property was indicated from other mappers or configure events, ensure registry.configure() has been called.

..\..\anaconda3\envs\scrumix\lib\site-packages\sqlalchemy\orm\mapper.py:4236: InvalidRequestError
________________________ TestTagCRUD.test_search_tags _________________________

self = <tests.test_tags.TestTagCRUD object at 0x0000025E2ADDBD60>
db_session = <sqlalchemy.orm.session.Session object at 0x0000025E2C100EB0>

    def test_search_tags(self, db_session):
        """Test searching tags"""
        from scrumix.api.crud.tag import tag
        from scrumix.api.schemas.tag import TagCreate
    
        # Create tags with different titles
        tag_titles = ["Python Tag", "JavaScript Tag", "React Tag", "Vue Tag"]
        for title in tag_titles:
            tag_data = TagCreate(
                title=title,
                description="A test tag",
                color="#FF5733"
            )
>           tag.create(db=db_session, obj_in=tag_data)

backend\tests\test_tags.py:430: 
_ _ _ _ _ _ _ _ _ _ _ _ _ _ _ _ _ _ _ _ _ _ _ _ _ _ _ _ _ _ _ _ _ _ _ _ _ _ _ _
backend\src\scrumix\api\crud\base.py:42: in create
    db_obj = self.model(**obj_in_data)
<string>:4: in __init__
    ???
..\..\anaconda3\envs\scrumix\lib\site-packages\sqlalchemy\orm\state.py:561: in _initialize_instance
    manager.dispatch.init(self, args, kwargs)
..\..\anaconda3\envs\scrumix\lib\site-packages\sqlalchemy\event\attr.py:487: in __call__
    fn(*args, **kw)
..\..\anaconda3\envs\scrumix\lib\site-packages\sqlalchemy\orm\mapper.py:4391: in _event_on_init
    instrumenting_mapper._check_configure()
..\..\anaconda3\envs\scrumix\lib\site-packages\sqlalchemy\orm\mapper.py:2386: in _check_configure
    _configure_registries({self.registry}, cascade=True)
..\..\anaconda3\envs\scrumix\lib\site-packages\sqlalchemy\orm\mapper.py:4199: in _configure_registries
    _do_configure_registries(registries, cascade)
_ _ _ _ _ _ _ _ _ _ _ _ _ _ _ _ _ _ _ _ _ _ _ _ _ _ _ _ _ _ _ _ _ _ _ _ _ _ _ _

registries = set(), cascade = True

    @util.preload_module("sqlalchemy.orm.decl_api")
    def _do_configure_registries(
        registries: Set[_RegistryType], cascade: bool
    ) -> None:
        registry = util.preloaded.orm_decl_api.registry
    
        orig = set(registries)
    
        for reg in registry._recurse_with_dependencies(registries):
            has_skip = False
    
            for mapper in reg._mappers_to_configure():
                run_configure = None
    
                for fn in mapper.dispatch.before_mapper_configured:
                    run_configure = fn(mapper, mapper.class_)
                    if run_configure is EXT_SKIP:
                        has_skip = True
                        break
                if run_configure is EXT_SKIP:
                    continue
    
                if getattr(mapper, "_configure_failed", False):
                    e = sa_exc.InvalidRequestError(
                        "One or more mappers failed to initialize - "
                        "can't proceed with initialization of other "
                        "mappers. Triggering mapper: '%s'. "
                        "Original exception was: %s"
                        % (mapper, mapper._configure_failed)
                    )
                    e._configure_failed = mapper._configure_failed  # type: ignore
>                   raise e
E                   sqlalchemy.exc.InvalidRequestError: One or more mappers failed to initialize - can't proceed with initialization of other mappers. Triggering mapper: 'Mapper[Sprint(sprints)]'. Original exception was: Mapper 'Mapper[Project(projects)]' has no property 'sprints'.  If this property was indicated from other mappers or configure events, ensure registry.configure() has been called.

..\..\anaconda3\envs\scrumix\lib\site-packages\sqlalchemy\orm\mapper.py:4236: InvalidRequestError
___________________ TestTagCRUD.test_get_tags_starting_with ___________________

self = <tests.test_tags.TestTagCRUD object at 0x0000025E2ADDBF40>
db_session = <sqlalchemy.orm.session.Session object at 0x0000025E2CDFF6D0>

    def test_get_tags_starting_with(self, db_session):
        """Test getting tags starting with prefix"""
        from scrumix.api.crud.tag import tag
        from scrumix.api.schemas.tag import TagCreate
    
        # Create tags with different prefixes
        tag_titles = ["Python Tag", "JavaScript Tag", "React Tag", "Vue Tag"]
        for title in tag_titles:
            tag_data = TagCreate(
                title=title,
                description="A test tag",
                color="#FF5733"
            )
>           tag.create(db=db_session, obj_in=tag_data)

backend\tests\test_tags.py:449: 
_ _ _ _ _ _ _ _ _ _ _ _ _ _ _ _ _ _ _ _ _ _ _ _ _ _ _ _ _ _ _ _ _ _ _ _ _ _ _ _
backend\src\scrumix\api\crud\base.py:42: in create
    db_obj = self.model(**obj_in_data)
<string>:4: in __init__
    ???
..\..\anaconda3\envs\scrumix\lib\site-packages\sqlalchemy\orm\state.py:561: in _initialize_instance
    manager.dispatch.init(self, args, kwargs)
..\..\anaconda3\envs\scrumix\lib\site-packages\sqlalchemy\event\attr.py:487: in __call__
    fn(*args, **kw)
..\..\anaconda3\envs\scrumix\lib\site-packages\sqlalchemy\orm\mapper.py:4391: in _event_on_init
    instrumenting_mapper._check_configure()
..\..\anaconda3\envs\scrumix\lib\site-packages\sqlalchemy\orm\mapper.py:2386: in _check_configure
    _configure_registries({self.registry}, cascade=True)
..\..\anaconda3\envs\scrumix\lib\site-packages\sqlalchemy\orm\mapper.py:4199: in _configure_registries
    _do_configure_registries(registries, cascade)
_ _ _ _ _ _ _ _ _ _ _ _ _ _ _ _ _ _ _ _ _ _ _ _ _ _ _ _ _ _ _ _ _ _ _ _ _ _ _ _

registries = set(), cascade = True

    @util.preload_module("sqlalchemy.orm.decl_api")
    def _do_configure_registries(
        registries: Set[_RegistryType], cascade: bool
    ) -> None:
        registry = util.preloaded.orm_decl_api.registry
    
        orig = set(registries)
    
        for reg in registry._recurse_with_dependencies(registries):
            has_skip = False
    
            for mapper in reg._mappers_to_configure():
                run_configure = None
    
                for fn in mapper.dispatch.before_mapper_configured:
                    run_configure = fn(mapper, mapper.class_)
                    if run_configure is EXT_SKIP:
                        has_skip = True
                        break
                if run_configure is EXT_SKIP:
                    continue
    
                if getattr(mapper, "_configure_failed", False):
                    e = sa_exc.InvalidRequestError(
                        "One or more mappers failed to initialize - "
                        "can't proceed with initialization of other "
                        "mappers. Triggering mapper: '%s'. "
                        "Original exception was: %s"
                        % (mapper, mapper._configure_failed)
                    )
                    e._configure_failed = mapper._configure_failed  # type: ignore
>                   raise e
E                   sqlalchemy.exc.InvalidRequestError: One or more mappers failed to initialize - can't proceed with initialization of other mappers. Triggering mapper: 'Mapper[Sprint(sprints)]'. Original exception was: Mapper 'Mapper[Project(projects)]' has no property 'sprints'.  If this property was indicated from other mappers or configure events, ensure registry.configure() has been called.

..\..\anaconda3\envs\scrumix\lib\site-packages\sqlalchemy\orm\mapper.py:4236: InvalidRequestError
_________________________ TestTagCRUD.test_update_tag _________________________

self = <tests.test_tags.TestTagCRUD object at 0x0000025E2ADF8160>
db_session = <sqlalchemy.orm.session.Session object at 0x0000025E2C267130>

    def test_update_tag(self, db_session):
        """Test updating tag"""
        from scrumix.api.crud.tag import tag
        from scrumix.api.schemas.tag import TagCreate, TagUpdate
    
        tag_data = TagCreate(
            title="Test Tag",
            description="A test tag",
            color="#FF5733"
        )
    
>       created_tag = tag.create(db=db_session, obj_in=tag_data)

backend\tests\test_tags.py:467: 
_ _ _ _ _ _ _ _ _ _ _ _ _ _ _ _ _ _ _ _ _ _ _ _ _ _ _ _ _ _ _ _ _ _ _ _ _ _ _ _
backend\src\scrumix\api\crud\base.py:42: in create
    db_obj = self.model(**obj_in_data)
<string>:4: in __init__
    ???
..\..\anaconda3\envs\scrumix\lib\site-packages\sqlalchemy\orm\state.py:561: in _initialize_instance
    manager.dispatch.init(self, args, kwargs)
..\..\anaconda3\envs\scrumix\lib\site-packages\sqlalchemy\event\attr.py:487: in __call__
    fn(*args, **kw)
..\..\anaconda3\envs\scrumix\lib\site-packages\sqlalchemy\orm\mapper.py:4391: in _event_on_init
    instrumenting_mapper._check_configure()
..\..\anaconda3\envs\scrumix\lib\site-packages\sqlalchemy\orm\mapper.py:2386: in _check_configure
    _configure_registries({self.registry}, cascade=True)
..\..\anaconda3\envs\scrumix\lib\site-packages\sqlalchemy\orm\mapper.py:4199: in _configure_registries
    _do_configure_registries(registries, cascade)
_ _ _ _ _ _ _ _ _ _ _ _ _ _ _ _ _ _ _ _ _ _ _ _ _ _ _ _ _ _ _ _ _ _ _ _ _ _ _ _

registries = set(), cascade = True

    @util.preload_module("sqlalchemy.orm.decl_api")
    def _do_configure_registries(
        registries: Set[_RegistryType], cascade: bool
    ) -> None:
        registry = util.preloaded.orm_decl_api.registry
    
        orig = set(registries)
    
        for reg in registry._recurse_with_dependencies(registries):
            has_skip = False
    
            for mapper in reg._mappers_to_configure():
                run_configure = None
    
                for fn in mapper.dispatch.before_mapper_configured:
                    run_configure = fn(mapper, mapper.class_)
                    if run_configure is EXT_SKIP:
                        has_skip = True
                        break
                if run_configure is EXT_SKIP:
                    continue
    
                if getattr(mapper, "_configure_failed", False):
                    e = sa_exc.InvalidRequestError(
                        "One or more mappers failed to initialize - "
                        "can't proceed with initialization of other "
                        "mappers. Triggering mapper: '%s'. "
                        "Original exception was: %s"
                        % (mapper, mapper._configure_failed)
                    )
                    e._configure_failed = mapper._configure_failed  # type: ignore
>                   raise e
E                   sqlalchemy.exc.InvalidRequestError: One or more mappers failed to initialize - can't proceed with initialization of other mappers. Triggering mapper: 'Mapper[Sprint(sprints)]'. Original exception was: Mapper 'Mapper[Project(projects)]' has no property 'sprints'.  If this property was indicated from other mappers or configure events, ensure registry.configure() has been called.

..\..\anaconda3\envs\scrumix\lib\site-packages\sqlalchemy\orm\mapper.py:4236: InvalidRequestError
_________________________ TestTagCRUD.test_delete_tag _________________________

self = <tests.test_tags.TestTagCRUD object at 0x0000025E2ADF8340>
db_session = <sqlalchemy.orm.session.Session object at 0x0000025E2C102E00>

    def test_delete_tag(self, db_session):
        """Test deleting tag"""
        from scrumix.api.crud.tag import tag
        from scrumix.api.schemas.tag import TagCreate
    
        tag_data = TagCreate(
            title="Test Tag",
            description="A test tag",
            color="#FF5733"
        )
    
>       created_tag = tag.create(db=db_session, obj_in=tag_data)

backend\tests\test_tags.py:491: 
_ _ _ _ _ _ _ _ _ _ _ _ _ _ _ _ _ _ _ _ _ _ _ _ _ _ _ _ _ _ _ _ _ _ _ _ _ _ _ _
backend\src\scrumix\api\crud\base.py:42: in create
    db_obj = self.model(**obj_in_data)
<string>:4: in __init__
    ???
..\..\anaconda3\envs\scrumix\lib\site-packages\sqlalchemy\orm\state.py:561: in _initialize_instance
    manager.dispatch.init(self, args, kwargs)
..\..\anaconda3\envs\scrumix\lib\site-packages\sqlalchemy\event\attr.py:487: in __call__
    fn(*args, **kw)
..\..\anaconda3\envs\scrumix\lib\site-packages\sqlalchemy\orm\mapper.py:4391: in _event_on_init
    instrumenting_mapper._check_configure()
..\..\anaconda3\envs\scrumix\lib\site-packages\sqlalchemy\orm\mapper.py:2386: in _check_configure
    _configure_registries({self.registry}, cascade=True)
..\..\anaconda3\envs\scrumix\lib\site-packages\sqlalchemy\orm\mapper.py:4199: in _configure_registries
    _do_configure_registries(registries, cascade)
_ _ _ _ _ _ _ _ _ _ _ _ _ _ _ _ _ _ _ _ _ _ _ _ _ _ _ _ _ _ _ _ _ _ _ _ _ _ _ _

registries = set(), cascade = True

    @util.preload_module("sqlalchemy.orm.decl_api")
    def _do_configure_registries(
        registries: Set[_RegistryType], cascade: bool
    ) -> None:
        registry = util.preloaded.orm_decl_api.registry
    
        orig = set(registries)
    
        for reg in registry._recurse_with_dependencies(registries):
            has_skip = False
    
            for mapper in reg._mappers_to_configure():
                run_configure = None
    
                for fn in mapper.dispatch.before_mapper_configured:
                    run_configure = fn(mapper, mapper.class_)
                    if run_configure is EXT_SKIP:
                        has_skip = True
                        break
                if run_configure is EXT_SKIP:
                    continue
    
                if getattr(mapper, "_configure_failed", False):
                    e = sa_exc.InvalidRequestError(
                        "One or more mappers failed to initialize - "
                        "can't proceed with initialization of other "
                        "mappers. Triggering mapper: '%s'. "
                        "Original exception was: %s"
                        % (mapper, mapper._configure_failed)
                    )
                    e._configure_failed = mapper._configure_failed  # type: ignore
>                   raise e
E                   sqlalchemy.exc.InvalidRequestError: One or more mappers failed to initialize - can't proceed with initialization of other mappers. Triggering mapper: 'Mapper[Sprint(sprints)]'. Original exception was: Mapper 'Mapper[Project(projects)]' has no property 'sprints'.  If this property was indicated from other mappers or configure events, ensure registry.configure() has been called.

..\..\anaconda3\envs\scrumix\lib\site-packages\sqlalchemy\orm\mapper.py:4236: InvalidRequestError
_____________________ TestTagCRUD.test_check_title_exists _____________________

self = <tests.test_tags.TestTagCRUD object at 0x0000025E2ADF8520>
db_session = <sqlalchemy.orm.session.Session object at 0x0000025E2C6B17B0>

    def test_check_title_exists(self, db_session):
        """Test checking if tag title exists"""
        from scrumix.api.crud.tag import tag
        from scrumix.api.schemas.tag import TagCreate
    
        tag_data = TagCreate(
            title="Test Tag",
            description="A test tag",
            color="#FF5733"
        )
    
>       tag.create(db=db_session, obj_in=tag_data)

backend\tests\test_tags.py:511: 
_ _ _ _ _ _ _ _ _ _ _ _ _ _ _ _ _ _ _ _ _ _ _ _ _ _ _ _ _ _ _ _ _ _ _ _ _ _ _ _
backend\src\scrumix\api\crud\base.py:42: in create
    db_obj = self.model(**obj_in_data)
<string>:4: in __init__
    ???
..\..\anaconda3\envs\scrumix\lib\site-packages\sqlalchemy\orm\state.py:561: in _initialize_instance
    manager.dispatch.init(self, args, kwargs)
..\..\anaconda3\envs\scrumix\lib\site-packages\sqlalchemy\event\attr.py:487: in __call__
    fn(*args, **kw)
..\..\anaconda3\envs\scrumix\lib\site-packages\sqlalchemy\orm\mapper.py:4391: in _event_on_init
    instrumenting_mapper._check_configure()
..\..\anaconda3\envs\scrumix\lib\site-packages\sqlalchemy\orm\mapper.py:2386: in _check_configure
    _configure_registries({self.registry}, cascade=True)
..\..\anaconda3\envs\scrumix\lib\site-packages\sqlalchemy\orm\mapper.py:4199: in _configure_registries
    _do_configure_registries(registries, cascade)
_ _ _ _ _ _ _ _ _ _ _ _ _ _ _ _ _ _ _ _ _ _ _ _ _ _ _ _ _ _ _ _ _ _ _ _ _ _ _ _

registries = set(), cascade = True

    @util.preload_module("sqlalchemy.orm.decl_api")
    def _do_configure_registries(
        registries: Set[_RegistryType], cascade: bool
    ) -> None:
        registry = util.preloaded.orm_decl_api.registry
    
        orig = set(registries)
    
        for reg in registry._recurse_with_dependencies(registries):
            has_skip = False
    
            for mapper in reg._mappers_to_configure():
                run_configure = None
    
                for fn in mapper.dispatch.before_mapper_configured:
                    run_configure = fn(mapper, mapper.class_)
                    if run_configure is EXT_SKIP:
                        has_skip = True
                        break
                if run_configure is EXT_SKIP:
                    continue
    
                if getattr(mapper, "_configure_failed", False):
                    e = sa_exc.InvalidRequestError(
                        "One or more mappers failed to initialize - "
                        "can't proceed with initialization of other "
                        "mappers. Triggering mapper: '%s'. "
                        "Original exception was: %s"
                        % (mapper, mapper._configure_failed)
                    )
                    e._configure_failed = mapper._configure_failed  # type: ignore
>                   raise e
E                   sqlalchemy.exc.InvalidRequestError: One or more mappers failed to initialize - can't proceed with initialization of other mappers. Triggering mapper: 'Mapper[Sprint(sprints)]'. Original exception was: Mapper 'Mapper[Project(projects)]' has no property 'sprints'.  If this property was indicated from other mappers or configure events, ensure registry.configure() has been called.

..\..\anaconda3\envs\scrumix\lib\site-packages\sqlalchemy\orm\mapper.py:4236: InvalidRequestError
___________________ TestTagCRUD.test_get_or_create_by_title ___________________

self = <tests.test_tags.TestTagCRUD object at 0x0000025E2ADF8700>
db_session = <sqlalchemy.orm.session.Session object at 0x0000025E2D021420>

    def test_get_or_create_by_title(self, db_session):
        """Test get or create by title"""
        from scrumix.api.crud.tag import tag
        from scrumix.api.schemas.tag import TagCreate
    
        tag_data = TagCreate(
            title="Test Tag",
            description="A test tag",
            color="#FF5733"
        )
    
        # Create tag
>       created_tag = tag.get_or_create_by_title(db_session, tag_data.title)
E       TypeError: CRUDTag.get_or_create_by_title() takes 2 positional arguments but 3 were given

backend\tests\test_tags.py:529: TypeError
____________________ TestTaskCRUD.test_create_task_success ____________________

self = <tests.test_tasks.TestTaskCRUD object at 0x0000025E2ADFB2B0>
db_session = <sqlalchemy.orm.session.Session object at 0x0000025E2C5C8070>

    def test_create_task_success(self, db_session):
        """Test successful task creation"""
        from scrumix.api.crud.task import task
        from scrumix.api.schemas.task import TaskCreate
    
        task_data = TaskCreate(
            title="Test Task",
            description="A test task",
            status=TaskStatus.todo,
            priority="medium"
        )
    
>       created_task = task.create(db=db_session, obj_in=task_data)

backend\tests\test_tasks.py:231: 
_ _ _ _ _ _ _ _ _ _ _ _ _ _ _ _ _ _ _ _ _ _ _ _ _ _ _ _ _ _ _ _ _ _ _ _ _ _ _ _
backend\src\scrumix\api\crud\base.py:42: in create
    db_obj = self.model(**obj_in_data)
<string>:4: in __init__
    ???
..\..\anaconda3\envs\scrumix\lib\site-packages\sqlalchemy\orm\state.py:561: in _initialize_instance
    manager.dispatch.init(self, args, kwargs)
..\..\anaconda3\envs\scrumix\lib\site-packages\sqlalchemy\event\attr.py:487: in __call__
    fn(*args, **kw)
..\..\anaconda3\envs\scrumix\lib\site-packages\sqlalchemy\orm\mapper.py:4391: in _event_on_init
    instrumenting_mapper._check_configure()
..\..\anaconda3\envs\scrumix\lib\site-packages\sqlalchemy\orm\mapper.py:2386: in _check_configure
    _configure_registries({self.registry}, cascade=True)
..\..\anaconda3\envs\scrumix\lib\site-packages\sqlalchemy\orm\mapper.py:4199: in _configure_registries
    _do_configure_registries(registries, cascade)
_ _ _ _ _ _ _ _ _ _ _ _ _ _ _ _ _ _ _ _ _ _ _ _ _ _ _ _ _ _ _ _ _ _ _ _ _ _ _ _

registries = set(), cascade = True

    @util.preload_module("sqlalchemy.orm.decl_api")
    def _do_configure_registries(
        registries: Set[_RegistryType], cascade: bool
    ) -> None:
        registry = util.preloaded.orm_decl_api.registry
    
        orig = set(registries)
    
        for reg in registry._recurse_with_dependencies(registries):
            has_skip = False
    
            for mapper in reg._mappers_to_configure():
                run_configure = None
    
                for fn in mapper.dispatch.before_mapper_configured:
                    run_configure = fn(mapper, mapper.class_)
                    if run_configure is EXT_SKIP:
                        has_skip = True
                        break
                if run_configure is EXT_SKIP:
                    continue
    
                if getattr(mapper, "_configure_failed", False):
                    e = sa_exc.InvalidRequestError(
                        "One or more mappers failed to initialize - "
                        "can't proceed with initialization of other "
                        "mappers. Triggering mapper: '%s'. "
                        "Original exception was: %s"
                        % (mapper, mapper._configure_failed)
                    )
                    e._configure_failed = mapper._configure_failed  # type: ignore
>                   raise e
E                   sqlalchemy.exc.InvalidRequestError: One or more mappers failed to initialize - can't proceed with initialization of other mappers. Triggering mapper: 'Mapper[Sprint(sprints)]'. Original exception was: Mapper 'Mapper[Project(projects)]' has no property 'sprints'.  If this property was indicated from other mappers or configure events, ensure registry.configure() has been called.

..\..\anaconda3\envs\scrumix\lib\site-packages\sqlalchemy\orm\mapper.py:4236: InvalidRequestError
______________________ TestTaskCRUD.test_get_task_by_id _______________________

self = <tests.test_tasks.TestTaskCRUD object at 0x0000025E2ADFB490>
db_session = <sqlalchemy.orm.session.Session object at 0x0000025E2C6364D0>

    def test_get_task_by_id(self, db_session):
        """Test getting task by ID"""
        from scrumix.api.crud.task import task
        from scrumix.api.schemas.task import TaskCreate
    
        # Create a task first
        task_data = TaskCreate(
            title="Test Task for Get",
            description="A test task for getting",
            status=TaskStatus.todo,
            priority="medium"
        )
    
>       created_task = task.create(db=db_session, obj_in=task_data)

backend\tests\test_tasks.py:250: 
_ _ _ _ _ _ _ _ _ _ _ _ _ _ _ _ _ _ _ _ _ _ _ _ _ _ _ _ _ _ _ _ _ _ _ _ _ _ _ _
backend\src\scrumix\api\crud\base.py:42: in create
    db_obj = self.model(**obj_in_data)
<string>:4: in __init__
    ???
..\..\anaconda3\envs\scrumix\lib\site-packages\sqlalchemy\orm\state.py:561: in _initialize_instance
    manager.dispatch.init(self, args, kwargs)
..\..\anaconda3\envs\scrumix\lib\site-packages\sqlalchemy\event\attr.py:487: in __call__
    fn(*args, **kw)
..\..\anaconda3\envs\scrumix\lib\site-packages\sqlalchemy\orm\mapper.py:4391: in _event_on_init
    instrumenting_mapper._check_configure()
..\..\anaconda3\envs\scrumix\lib\site-packages\sqlalchemy\orm\mapper.py:2386: in _check_configure
    _configure_registries({self.registry}, cascade=True)
..\..\anaconda3\envs\scrumix\lib\site-packages\sqlalchemy\orm\mapper.py:4199: in _configure_registries
    _do_configure_registries(registries, cascade)
_ _ _ _ _ _ _ _ _ _ _ _ _ _ _ _ _ _ _ _ _ _ _ _ _ _ _ _ _ _ _ _ _ _ _ _ _ _ _ _

registries = set(), cascade = True

    @util.preload_module("sqlalchemy.orm.decl_api")
    def _do_configure_registries(
        registries: Set[_RegistryType], cascade: bool
    ) -> None:
        registry = util.preloaded.orm_decl_api.registry
    
        orig = set(registries)
    
        for reg in registry._recurse_with_dependencies(registries):
            has_skip = False
    
            for mapper in reg._mappers_to_configure():
                run_configure = None
    
                for fn in mapper.dispatch.before_mapper_configured:
                    run_configure = fn(mapper, mapper.class_)
                    if run_configure is EXT_SKIP:
                        has_skip = True
                        break
                if run_configure is EXT_SKIP:
                    continue
    
                if getattr(mapper, "_configure_failed", False):
                    e = sa_exc.InvalidRequestError(
                        "One or more mappers failed to initialize - "
                        "can't proceed with initialization of other "
                        "mappers. Triggering mapper: '%s'. "
                        "Original exception was: %s"
                        % (mapper, mapper._configure_failed)
                    )
                    e._configure_failed = mapper._configure_failed  # type: ignore
>                   raise e
E                   sqlalchemy.exc.InvalidRequestError: One or more mappers failed to initialize - can't proceed with initialization of other mappers. Triggering mapper: 'Mapper[Sprint(sprints)]'. Original exception was: Mapper 'Mapper[Project(projects)]' has no property 'sprints'.  If this property was indicated from other mappers or configure events, ensure registry.configure() has been called.

..\..\anaconda3\envs\scrumix\lib\site-packages\sqlalchemy\orm\mapper.py:4236: InvalidRequestError
_________________ TestTaskCRUD.test_get_tasks_with_pagination _________________

self = <tests.test_tasks.TestTaskCRUD object at 0x0000025E2ADFB670>
db_session = <sqlalchemy.orm.session.Session object at 0x0000025E2C1F7C10>

    def test_get_tasks_with_pagination(self, db_session):
        """Test getting tasks with pagination"""
        from scrumix.api.crud.task import task
        from scrumix.api.schemas.task import TaskCreate
    
        # Create multiple tasks
        for i in range(5):
            task_data = TaskCreate(
                title=f"Test Task {i}",
                description=f"Test task {i}",
                status=TaskStatus.todo,
                priority="medium"
            )
>           task.create(db=db_session, obj_in=task_data)

backend\tests\test_tasks.py:270: 
_ _ _ _ _ _ _ _ _ _ _ _ _ _ _ _ _ _ _ _ _ _ _ _ _ _ _ _ _ _ _ _ _ _ _ _ _ _ _ _
backend\src\scrumix\api\crud\base.py:42: in create
    db_obj = self.model(**obj_in_data)
<string>:4: in __init__
    ???
..\..\anaconda3\envs\scrumix\lib\site-packages\sqlalchemy\orm\state.py:561: in _initialize_instance
    manager.dispatch.init(self, args, kwargs)
..\..\anaconda3\envs\scrumix\lib\site-packages\sqlalchemy\event\attr.py:487: in __call__
    fn(*args, **kw)
..\..\anaconda3\envs\scrumix\lib\site-packages\sqlalchemy\orm\mapper.py:4391: in _event_on_init
    instrumenting_mapper._check_configure()
..\..\anaconda3\envs\scrumix\lib\site-packages\sqlalchemy\orm\mapper.py:2386: in _check_configure
    _configure_registries({self.registry}, cascade=True)
..\..\anaconda3\envs\scrumix\lib\site-packages\sqlalchemy\orm\mapper.py:4199: in _configure_registries
    _do_configure_registries(registries, cascade)
_ _ _ _ _ _ _ _ _ _ _ _ _ _ _ _ _ _ _ _ _ _ _ _ _ _ _ _ _ _ _ _ _ _ _ _ _ _ _ _

registries = set(), cascade = True

    @util.preload_module("sqlalchemy.orm.decl_api")
    def _do_configure_registries(
        registries: Set[_RegistryType], cascade: bool
    ) -> None:
        registry = util.preloaded.orm_decl_api.registry
    
        orig = set(registries)
    
        for reg in registry._recurse_with_dependencies(registries):
            has_skip = False
    
            for mapper in reg._mappers_to_configure():
                run_configure = None
    
                for fn in mapper.dispatch.before_mapper_configured:
                    run_configure = fn(mapper, mapper.class_)
                    if run_configure is EXT_SKIP:
                        has_skip = True
                        break
                if run_configure is EXT_SKIP:
                    continue
    
                if getattr(mapper, "_configure_failed", False):
                    e = sa_exc.InvalidRequestError(
                        "One or more mappers failed to initialize - "
                        "can't proceed with initialization of other "
                        "mappers. Triggering mapper: '%s'. "
                        "Original exception was: %s"
                        % (mapper, mapper._configure_failed)
                    )
                    e._configure_failed = mapper._configure_failed  # type: ignore
>                   raise e
E                   sqlalchemy.exc.InvalidRequestError: One or more mappers failed to initialize - can't proceed with initialization of other mappers. Triggering mapper: 'Mapper[Sprint(sprints)]'. Original exception was: Mapper 'Mapper[Project(projects)]' has no property 'sprints'.  If this property was indicated from other mappers or configure events, ensure registry.configure() has been called.

..\..\anaconda3\envs\scrumix\lib\site-packages\sqlalchemy\orm\mapper.py:4236: InvalidRequestError
_______________ TestTaskCRUD.test_get_tasks_with_status_filter ________________

self = <tests.test_tasks.TestTaskCRUD object at 0x0000025E2ADFB850>
db_session = <sqlalchemy.orm.session.Session object at 0x0000025E2CDEE350>

    def test_get_tasks_with_status_filter(self, db_session):
        """Test getting tasks with status filter"""
        from scrumix.api.crud.task import task
        from scrumix.api.schemas.task import TaskCreate
    
        # Create tasks with different statuses
        todo_task = TaskCreate(
            title="To Do Task",
            description="A to-do task",
            status=TaskStatus.todo,
            priority="medium"
        )
>       task.create(db=db_session, obj_in=todo_task)

backend\tests\test_tasks.py:291: 
_ _ _ _ _ _ _ _ _ _ _ _ _ _ _ _ _ _ _ _ _ _ _ _ _ _ _ _ _ _ _ _ _ _ _ _ _ _ _ _
backend\src\scrumix\api\crud\base.py:42: in create
    db_obj = self.model(**obj_in_data)
<string>:4: in __init__
    ???
..\..\anaconda3\envs\scrumix\lib\site-packages\sqlalchemy\orm\state.py:561: in _initialize_instance
    manager.dispatch.init(self, args, kwargs)
..\..\anaconda3\envs\scrumix\lib\site-packages\sqlalchemy\event\attr.py:487: in __call__
    fn(*args, **kw)
..\..\anaconda3\envs\scrumix\lib\site-packages\sqlalchemy\orm\mapper.py:4391: in _event_on_init
    instrumenting_mapper._check_configure()
..\..\anaconda3\envs\scrumix\lib\site-packages\sqlalchemy\orm\mapper.py:2386: in _check_configure
    _configure_registries({self.registry}, cascade=True)
..\..\anaconda3\envs\scrumix\lib\site-packages\sqlalchemy\orm\mapper.py:4199: in _configure_registries
    _do_configure_registries(registries, cascade)
_ _ _ _ _ _ _ _ _ _ _ _ _ _ _ _ _ _ _ _ _ _ _ _ _ _ _ _ _ _ _ _ _ _ _ _ _ _ _ _

registries = set(), cascade = True

    @util.preload_module("sqlalchemy.orm.decl_api")
    def _do_configure_registries(
        registries: Set[_RegistryType], cascade: bool
    ) -> None:
        registry = util.preloaded.orm_decl_api.registry
    
        orig = set(registries)
    
        for reg in registry._recurse_with_dependencies(registries):
            has_skip = False
    
            for mapper in reg._mappers_to_configure():
                run_configure = None
    
                for fn in mapper.dispatch.before_mapper_configured:
                    run_configure = fn(mapper, mapper.class_)
                    if run_configure is EXT_SKIP:
                        has_skip = True
                        break
                if run_configure is EXT_SKIP:
                    continue
    
                if getattr(mapper, "_configure_failed", False):
                    e = sa_exc.InvalidRequestError(
                        "One or more mappers failed to initialize - "
                        "can't proceed with initialization of other "
                        "mappers. Triggering mapper: '%s'. "
                        "Original exception was: %s"
                        % (mapper, mapper._configure_failed)
                    )
                    e._configure_failed = mapper._configure_failed  # type: ignore
>                   raise e
E                   sqlalchemy.exc.InvalidRequestError: One or more mappers failed to initialize - can't proceed with initialization of other mappers. Triggering mapper: 'Mapper[Sprint(sprints)]'. Original exception was: Mapper 'Mapper[Project(projects)]' has no property 'sprints'.  If this property was indicated from other mappers or configure events, ensure registry.configure() has been called.

..\..\anaconda3\envs\scrumix\lib\site-packages\sqlalchemy\orm\mapper.py:4236: InvalidRequestError
_______________________ TestTaskCRUD.test_search_tasks ________________________

self = <tests.test_tasks.TestTaskCRUD object at 0x0000025E2ADFBA30>
db_session = <sqlalchemy.orm.session.Session object at 0x0000025E2CAF99F0>

    def test_search_tasks(self, db_session):
        """Test searching tasks"""
        from scrumix.api.crud.task import task
        from scrumix.api.schemas.task import TaskCreate
    
        # Create tasks with searchable titles and descriptions
        task1 = TaskCreate(
            title="User Authentication Task",
            description="Implement user authentication feature",
            status=TaskStatus.todo,
            priority="high"
        )
>       task.create(db=db_session, obj_in=task1)

backend\tests\test_tasks.py:323: 
_ _ _ _ _ _ _ _ _ _ _ _ _ _ _ _ _ _ _ _ _ _ _ _ _ _ _ _ _ _ _ _ _ _ _ _ _ _ _ _
backend\src\scrumix\api\crud\base.py:42: in create
    db_obj = self.model(**obj_in_data)
<string>:4: in __init__
    ???
..\..\anaconda3\envs\scrumix\lib\site-packages\sqlalchemy\orm\state.py:561: in _initialize_instance
    manager.dispatch.init(self, args, kwargs)
..\..\anaconda3\envs\scrumix\lib\site-packages\sqlalchemy\event\attr.py:487: in __call__
    fn(*args, **kw)
..\..\anaconda3\envs\scrumix\lib\site-packages\sqlalchemy\orm\mapper.py:4391: in _event_on_init
    instrumenting_mapper._check_configure()
..\..\anaconda3\envs\scrumix\lib\site-packages\sqlalchemy\orm\mapper.py:2386: in _check_configure
    _configure_registries({self.registry}, cascade=True)
..\..\anaconda3\envs\scrumix\lib\site-packages\sqlalchemy\orm\mapper.py:4199: in _configure_registries
    _do_configure_registries(registries, cascade)
_ _ _ _ _ _ _ _ _ _ _ _ _ _ _ _ _ _ _ _ _ _ _ _ _ _ _ _ _ _ _ _ _ _ _ _ _ _ _ _

registries = set(), cascade = True

    @util.preload_module("sqlalchemy.orm.decl_api")
    def _do_configure_registries(
        registries: Set[_RegistryType], cascade: bool
    ) -> None:
        registry = util.preloaded.orm_decl_api.registry
    
        orig = set(registries)
    
        for reg in registry._recurse_with_dependencies(registries):
            has_skip = False
    
            for mapper in reg._mappers_to_configure():
                run_configure = None
    
                for fn in mapper.dispatch.before_mapper_configured:
                    run_configure = fn(mapper, mapper.class_)
                    if run_configure is EXT_SKIP:
                        has_skip = True
                        break
                if run_configure is EXT_SKIP:
                    continue
    
                if getattr(mapper, "_configure_failed", False):
                    e = sa_exc.InvalidRequestError(
                        "One or more mappers failed to initialize - "
                        "can't proceed with initialization of other "
                        "mappers. Triggering mapper: '%s'. "
                        "Original exception was: %s"
                        % (mapper, mapper._configure_failed)
                    )
                    e._configure_failed = mapper._configure_failed  # type: ignore
>                   raise e
E                   sqlalchemy.exc.InvalidRequestError: One or more mappers failed to initialize - can't proceed with initialization of other mappers. Triggering mapper: 'Mapper[Sprint(sprints)]'. Original exception was: Mapper 'Mapper[Project(projects)]' has no property 'sprints'.  If this property was indicated from other mappers or configure events, ensure registry.configure() has been called.

..\..\anaconda3\envs\scrumix\lib\site-packages\sqlalchemy\orm\mapper.py:4236: InvalidRequestError
________________________ TestTaskCRUD.test_update_task ________________________

self = <tests.test_tasks.TestTaskCRUD object at 0x0000025E2ADFB970>
db_session = <sqlalchemy.orm.session.Session object at 0x0000025E2D0223B0>

    def test_update_task(self, db_session):
        """Test updating task"""
        from scrumix.api.crud.task import task
        from scrumix.api.schemas.task import TaskCreate, TaskUpdate
    
        # Create a task
        task_data = TaskCreate(
            title="Test Task for Update",
            description="A test task for updating",
            status=TaskStatus.todo,
            priority="medium"
        )
    
>       created_task = task.create(db=db_session, obj_in=task_data)

backend\tests\test_tasks.py:357: 
_ _ _ _ _ _ _ _ _ _ _ _ _ _ _ _ _ _ _ _ _ _ _ _ _ _ _ _ _ _ _ _ _ _ _ _ _ _ _ _
backend\src\scrumix\api\crud\base.py:42: in create
    db_obj = self.model(**obj_in_data)
<string>:4: in __init__
    ???
..\..\anaconda3\envs\scrumix\lib\site-packages\sqlalchemy\orm\state.py:561: in _initialize_instance
    manager.dispatch.init(self, args, kwargs)
..\..\anaconda3\envs\scrumix\lib\site-packages\sqlalchemy\event\attr.py:487: in __call__
    fn(*args, **kw)
..\..\anaconda3\envs\scrumix\lib\site-packages\sqlalchemy\orm\mapper.py:4391: in _event_on_init
    instrumenting_mapper._check_configure()
..\..\anaconda3\envs\scrumix\lib\site-packages\sqlalchemy\orm\mapper.py:2386: in _check_configure
    _configure_registries({self.registry}, cascade=True)
..\..\anaconda3\envs\scrumix\lib\site-packages\sqlalchemy\orm\mapper.py:4199: in _configure_registries
    _do_configure_registries(registries, cascade)
_ _ _ _ _ _ _ _ _ _ _ _ _ _ _ _ _ _ _ _ _ _ _ _ _ _ _ _ _ _ _ _ _ _ _ _ _ _ _ _

registries = set(), cascade = True

    @util.preload_module("sqlalchemy.orm.decl_api")
    def _do_configure_registries(
        registries: Set[_RegistryType], cascade: bool
    ) -> None:
        registry = util.preloaded.orm_decl_api.registry
    
        orig = set(registries)
    
        for reg in registry._recurse_with_dependencies(registries):
            has_skip = False
    
            for mapper in reg._mappers_to_configure():
                run_configure = None
    
                for fn in mapper.dispatch.before_mapper_configured:
                    run_configure = fn(mapper, mapper.class_)
                    if run_configure is EXT_SKIP:
                        has_skip = True
                        break
                if run_configure is EXT_SKIP:
                    continue
    
                if getattr(mapper, "_configure_failed", False):
                    e = sa_exc.InvalidRequestError(
                        "One or more mappers failed to initialize - "
                        "can't proceed with initialization of other "
                        "mappers. Triggering mapper: '%s'. "
                        "Original exception was: %s"
                        % (mapper, mapper._configure_failed)
                    )
                    e._configure_failed = mapper._configure_failed  # type: ignore
>                   raise e
E                   sqlalchemy.exc.InvalidRequestError: One or more mappers failed to initialize - can't proceed with initialization of other mappers. Triggering mapper: 'Mapper[Sprint(sprints)]'. Original exception was: Mapper 'Mapper[Project(projects)]' has no property 'sprints'.  If this property was indicated from other mappers or configure events, ensure registry.configure() has been called.

..\..\anaconda3\envs\scrumix\lib\site-packages\sqlalchemy\orm\mapper.py:4236: InvalidRequestError
________________________ TestTaskCRUD.test_delete_task ________________________

self = <tests.test_tasks.TestTaskCRUD object at 0x0000025E2ADFB3A0>
db_session = <sqlalchemy.orm.session.Session object at 0x0000025E2C583C70>

    def test_delete_task(self, db_session):
        """Test deleting task"""
        from scrumix.api.crud.task import task
        from scrumix.api.schemas.task import TaskCreate
    
        # Create a task
        task_data = TaskCreate(
            title="Test Task for Delete",
            description="A test task for deletion",
            status=TaskStatus.todo,
            priority="medium"
        )
    
>       created_task = task.create(db=db_session, obj_in=task_data)

backend\tests\test_tasks.py:386: 
_ _ _ _ _ _ _ _ _ _ _ _ _ _ _ _ _ _ _ _ _ _ _ _ _ _ _ _ _ _ _ _ _ _ _ _ _ _ _ _
backend\src\scrumix\api\crud\base.py:42: in create
    db_obj = self.model(**obj_in_data)
<string>:4: in __init__
    ???
..\..\anaconda3\envs\scrumix\lib\site-packages\sqlalchemy\orm\state.py:561: in _initialize_instance
    manager.dispatch.init(self, args, kwargs)
..\..\anaconda3\envs\scrumix\lib\site-packages\sqlalchemy\event\attr.py:487: in __call__
    fn(*args, **kw)
..\..\anaconda3\envs\scrumix\lib\site-packages\sqlalchemy\orm\mapper.py:4391: in _event_on_init
    instrumenting_mapper._check_configure()
..\..\anaconda3\envs\scrumix\lib\site-packages\sqlalchemy\orm\mapper.py:2386: in _check_configure
    _configure_registries({self.registry}, cascade=True)
..\..\anaconda3\envs\scrumix\lib\site-packages\sqlalchemy\orm\mapper.py:4199: in _configure_registries
    _do_configure_registries(registries, cascade)
_ _ _ _ _ _ _ _ _ _ _ _ _ _ _ _ _ _ _ _ _ _ _ _ _ _ _ _ _ _ _ _ _ _ _ _ _ _ _ _

registries = set(), cascade = True

    @util.preload_module("sqlalchemy.orm.decl_api")
    def _do_configure_registries(
        registries: Set[_RegistryType], cascade: bool
    ) -> None:
        registry = util.preloaded.orm_decl_api.registry
    
        orig = set(registries)
    
        for reg in registry._recurse_with_dependencies(registries):
            has_skip = False
    
            for mapper in reg._mappers_to_configure():
                run_configure = None
    
                for fn in mapper.dispatch.before_mapper_configured:
                    run_configure = fn(mapper, mapper.class_)
                    if run_configure is EXT_SKIP:
                        has_skip = True
                        break
                if run_configure is EXT_SKIP:
                    continue
    
                if getattr(mapper, "_configure_failed", False):
                    e = sa_exc.InvalidRequestError(
                        "One or more mappers failed to initialize - "
                        "can't proceed with initialization of other "
                        "mappers. Triggering mapper: '%s'. "
                        "Original exception was: %s"
                        % (mapper, mapper._configure_failed)
                    )
                    e._configure_failed = mapper._configure_failed  # type: ignore
>                   raise e
E                   sqlalchemy.exc.InvalidRequestError: One or more mappers failed to initialize - can't proceed with initialization of other mappers. Triggering mapper: 'Mapper[Sprint(sprints)]'. Original exception was: Mapper 'Mapper[Project(projects)]' has no property 'sprints'.  If this property was indicated from other mappers or configure events, ensure registry.configure() has been called.

..\..\anaconda3\envs\scrumix\lib\site-packages\sqlalchemy\orm\mapper.py:4236: InvalidRequestError
_________________ TestTaskCRUD.test_get_multi_with_pagination _________________

self = <tests.test_tasks.TestTaskCRUD object at 0x0000025E2ADFAAA0>
db_session = <sqlalchemy.orm.session.Session object at 0x0000025E2CA23790>

    def test_get_multi_with_pagination(self, db_session):
        """Test getting tasks with pagination and filtering"""
        from scrumix.api.crud.task import task
        from scrumix.api.schemas.task import TaskCreate
    
        # Create multiple tasks
        for i in range(5):
            task_data = TaskCreate(
                title=f"Test Task {i}",
                description=f"Test task {i}",
                status=TaskStatus.todo,
                priority="medium"
            )
>           task.create(db=db_session, obj_in=task_data)

backend\tests\test_tasks.py:410: 
_ _ _ _ _ _ _ _ _ _ _ _ _ _ _ _ _ _ _ _ _ _ _ _ _ _ _ _ _ _ _ _ _ _ _ _ _ _ _ _
backend\src\scrumix\api\crud\base.py:42: in create
    db_obj = self.model(**obj_in_data)
<string>:4: in __init__
    ???
..\..\anaconda3\envs\scrumix\lib\site-packages\sqlalchemy\orm\state.py:561: in _initialize_instance
    manager.dispatch.init(self, args, kwargs)
..\..\anaconda3\envs\scrumix\lib\site-packages\sqlalchemy\event\attr.py:487: in __call__
    fn(*args, **kw)
..\..\anaconda3\envs\scrumix\lib\site-packages\sqlalchemy\orm\mapper.py:4391: in _event_on_init
    instrumenting_mapper._check_configure()
..\..\anaconda3\envs\scrumix\lib\site-packages\sqlalchemy\orm\mapper.py:2386: in _check_configure
    _configure_registries({self.registry}, cascade=True)
..\..\anaconda3\envs\scrumix\lib\site-packages\sqlalchemy\orm\mapper.py:4199: in _configure_registries
    _do_configure_registries(registries, cascade)
_ _ _ _ _ _ _ _ _ _ _ _ _ _ _ _ _ _ _ _ _ _ _ _ _ _ _ _ _ _ _ _ _ _ _ _ _ _ _ _

registries = set(), cascade = True

    @util.preload_module("sqlalchemy.orm.decl_api")
    def _do_configure_registries(
        registries: Set[_RegistryType], cascade: bool
    ) -> None:
        registry = util.preloaded.orm_decl_api.registry
    
        orig = set(registries)
    
        for reg in registry._recurse_with_dependencies(registries):
            has_skip = False
    
            for mapper in reg._mappers_to_configure():
                run_configure = None
    
                for fn in mapper.dispatch.before_mapper_configured:
                    run_configure = fn(mapper, mapper.class_)
                    if run_configure is EXT_SKIP:
                        has_skip = True
                        break
                if run_configure is EXT_SKIP:
                    continue
    
                if getattr(mapper, "_configure_failed", False):
                    e = sa_exc.InvalidRequestError(
                        "One or more mappers failed to initialize - "
                        "can't proceed with initialization of other "
                        "mappers. Triggering mapper: '%s'. "
                        "Original exception was: %s"
                        % (mapper, mapper._configure_failed)
                    )
                    e._configure_failed = mapper._configure_failed  # type: ignore
>                   raise e
E                   sqlalchemy.exc.InvalidRequestError: One or more mappers failed to initialize - can't proceed with initialization of other mappers. Triggering mapper: 'Mapper[Sprint(sprints)]'. Original exception was: Mapper 'Mapper[Project(projects)]' has no property 'sprints'.  If this property was indicated from other mappers or configure events, ensure registry.configure() has been called.

..\..\anaconda3\envs\scrumix\lib\site-packages\sqlalchemy\orm\mapper.py:4236: InvalidRequestError
____________________ TestUserCRUD.test_create_user_success ____________________

self = <tests.test_users.TestUserCRUD object at 0x0000025E2AE266B0>
db_session = <sqlalchemy.orm.session.Session object at 0x0000025E2C1FEFE0>

    def test_create_user_success(self, db_session):
        """Test successful user creation"""
        from scrumix.api.crud.user import user_crud
        from scrumix.api.schemas.user import UserCreate
    
        user_data = UserCreate(
            email="newuser@example.com",
            username="newuser",
            full_name="New User",
            password="newpassword123"
        )
    
>       user = user_crud.create_user(db_session, user_data)

backend\tests\test_users.py:183: 
_ _ _ _ _ _ _ _ _ _ _ _ _ _ _ _ _ _ _ _ _ _ _ _ _ _ _ _ _ _ _ _ _ _ _ _ _ _ _ _
backend\src\scrumix\api\crud\user.py:19: in create_user
    if self.get_by_email(db, user_create.email):
backend\src\scrumix\api\crud\user.py:49: in get_by_email
    return db.query(User).filter(User.email == email).first()
..\..\anaconda3\envs\scrumix\lib\site-packages\sqlalchemy\orm\session.py:2912: in query
    return self._query_cls(entities, self, **kwargs)
..\..\anaconda3\envs\scrumix\lib\site-packages\sqlalchemy\orm\query.py:276: in __init__
    self._set_entities(entities)
..\..\anaconda3\envs\scrumix\lib\site-packages\sqlalchemy\orm\query.py:288: in _set_entities
    self._raw_columns = [
..\..\anaconda3\envs\scrumix\lib\site-packages\sqlalchemy\orm\query.py:289: in <listcomp>
    coercions.expect(
..\..\anaconda3\envs\scrumix\lib\site-packages\sqlalchemy\sql\coercions.py:406: in expect
    insp._post_inspect
..\..\anaconda3\envs\scrumix\lib\site-packages\sqlalchemy\util\langhelpers.py:1260: in __get__
    obj.__dict__[self.__name__] = result = self.fget(obj)
..\..\anaconda3\envs\scrumix\lib\site-packages\sqlalchemy\orm\mapper.py:2707: in _post_inspect
    self._check_configure()
..\..\anaconda3\envs\scrumix\lib\site-packages\sqlalchemy\orm\mapper.py:2386: in _check_configure
    _configure_registries({self.registry}, cascade=True)
..\..\anaconda3\envs\scrumix\lib\site-packages\sqlalchemy\orm\mapper.py:4199: in _configure_registries
    _do_configure_registries(registries, cascade)
_ _ _ _ _ _ _ _ _ _ _ _ _ _ _ _ _ _ _ _ _ _ _ _ _ _ _ _ _ _ _ _ _ _ _ _ _ _ _ _

registries = set(), cascade = True

    @util.preload_module("sqlalchemy.orm.decl_api")
    def _do_configure_registries(
        registries: Set[_RegistryType], cascade: bool
    ) -> None:
        registry = util.preloaded.orm_decl_api.registry
    
        orig = set(registries)
    
        for reg in registry._recurse_with_dependencies(registries):
            has_skip = False
    
            for mapper in reg._mappers_to_configure():
                run_configure = None
    
                for fn in mapper.dispatch.before_mapper_configured:
                    run_configure = fn(mapper, mapper.class_)
                    if run_configure is EXT_SKIP:
                        has_skip = True
                        break
                if run_configure is EXT_SKIP:
                    continue
    
                if getattr(mapper, "_configure_failed", False):
                    e = sa_exc.InvalidRequestError(
                        "One or more mappers failed to initialize - "
                        "can't proceed with initialization of other "
                        "mappers. Triggering mapper: '%s'. "
                        "Original exception was: %s"
                        % (mapper, mapper._configure_failed)
                    )
                    e._configure_failed = mapper._configure_failed  # type: ignore
>                   raise e
E                   sqlalchemy.exc.InvalidRequestError: One or more mappers failed to initialize - can't proceed with initialization of other mappers. Triggering mapper: 'Mapper[Sprint(sprints)]'. Original exception was: Mapper 'Mapper[Project(projects)]' has no property 'sprints'.  If this property was indicated from other mappers or configure events, ensure registry.configure() has been called.

..\..\anaconda3\envs\scrumix\lib\site-packages\sqlalchemy\orm\mapper.py:4236: InvalidRequestError
_______________ TestUserCRUD.test_authenticate_nonexistent_user _______________

self = <tests.test_users.TestUserCRUD object at 0x0000025E2AE27700>
db_session = <sqlalchemy.orm.session.Session object at 0x0000025E2C103F40>

    def test_authenticate_nonexistent_user(self, db_session):
        """Test authentication with non-existent user"""
        from scrumix.api.crud.user import user_crud
    
>       user = user_crud.authenticate(db_session, "nonexistent@example.com", "password123")

backend\tests\test_users.py:263: 
_ _ _ _ _ _ _ _ _ _ _ _ _ _ _ _ _ _ _ _ _ _ _ _ _ _ _ _ _ _ _ _ _ _ _ _ _ _ _ _
backend\src\scrumix\api\crud\user.py:57: in authenticate
    user = self.get_by_email(db, email)
backend\src\scrumix\api\crud\user.py:49: in get_by_email
    return db.query(User).filter(User.email == email).first()
..\..\anaconda3\envs\scrumix\lib\site-packages\sqlalchemy\orm\session.py:2912: in query
    return self._query_cls(entities, self, **kwargs)
..\..\anaconda3\envs\scrumix\lib\site-packages\sqlalchemy\orm\query.py:276: in __init__
    self._set_entities(entities)
..\..\anaconda3\envs\scrumix\lib\site-packages\sqlalchemy\orm\query.py:288: in _set_entities
    self._raw_columns = [
..\..\anaconda3\envs\scrumix\lib\site-packages\sqlalchemy\orm\query.py:289: in <listcomp>
    coercions.expect(
..\..\anaconda3\envs\scrumix\lib\site-packages\sqlalchemy\sql\coercions.py:406: in expect
    insp._post_inspect
..\..\anaconda3\envs\scrumix\lib\site-packages\sqlalchemy\util\langhelpers.py:1260: in __get__
    obj.__dict__[self.__name__] = result = self.fget(obj)
..\..\anaconda3\envs\scrumix\lib\site-packages\sqlalchemy\orm\mapper.py:2707: in _post_inspect
    self._check_configure()
..\..\anaconda3\envs\scrumix\lib\site-packages\sqlalchemy\orm\mapper.py:2386: in _check_configure
    _configure_registries({self.registry}, cascade=True)
..\..\anaconda3\envs\scrumix\lib\site-packages\sqlalchemy\orm\mapper.py:4199: in _configure_registries
    _do_configure_registries(registries, cascade)
_ _ _ _ _ _ _ _ _ _ _ _ _ _ _ _ _ _ _ _ _ _ _ _ _ _ _ _ _ _ _ _ _ _ _ _ _ _ _ _

registries = set(), cascade = True

    @util.preload_module("sqlalchemy.orm.decl_api")
    def _do_configure_registries(
        registries: Set[_RegistryType], cascade: bool
    ) -> None:
        registry = util.preloaded.orm_decl_api.registry
    
        orig = set(registries)
    
        for reg in registry._recurse_with_dependencies(registries):
            has_skip = False
    
            for mapper in reg._mappers_to_configure():
                run_configure = None
    
                for fn in mapper.dispatch.before_mapper_configured:
                    run_configure = fn(mapper, mapper.class_)
                    if run_configure is EXT_SKIP:
                        has_skip = True
                        break
                if run_configure is EXT_SKIP:
                    continue
    
                if getattr(mapper, "_configure_failed", False):
                    e = sa_exc.InvalidRequestError(
                        "One or more mappers failed to initialize - "
                        "can't proceed with initialization of other "
                        "mappers. Triggering mapper: '%s'. "
                        "Original exception was: %s"
                        % (mapper, mapper._configure_failed)
                    )
                    e._configure_failed = mapper._configure_failed  # type: ignore
>                   raise e
E                   sqlalchemy.exc.InvalidRequestError: One or more mappers failed to initialize - can't proceed with initialization of other mappers. Triggering mapper: 'Mapper[Sprint(sprints)]'. Original exception was: Mapper 'Mapper[Project(projects)]' has no property 'sprints'.  If this property was indicated from other mappers or configure events, ensure registry.configure() has been called.

..\..\anaconda3\envs\scrumix\lib\site-packages\sqlalchemy\orm\mapper.py:4236: InvalidRequestError
============================== warnings summary ===============================
backend/tests/test_routes_comprehensive.py::TestErrorHandling::test_invalid_content_type
  C:\Users\kchwo\anaconda3\envs\scrumix\lib\site-packages\httpx\_content.py:204: DeprecationWarning: Use 'content=<...>' to upload raw bytes/text content.
    warnings.warn(message, DeprecationWarning)

-- Docs: https://docs.pytest.org/en/stable/how-to/capture-warnings.html
=========================== short test summary info ===========================
FAILED backend/tests/test_acceptance_criteria.py::TestAcceptanceCriteriaCRUD::test_create_acceptance_criteria_success
FAILED backend/tests/test_acceptance_criteria.py::TestAcceptanceCriteriaCRUD::test_get_acceptance_criteria_by_id
FAILED backend/tests/test_acceptance_criteria.py::TestAcceptanceCriteriaCRUD::test_get_acceptance_criteria_with_pagination
FAILED backend/tests/test_acceptance_criteria.py::TestAcceptanceCriteriaCRUD::test_get_acceptance_criteria_by_backlog_id
FAILED backend/tests/test_acceptance_criteria.py::TestAcceptanceCriteriaCRUD::test_count_acceptance_criteria_by_backlog_id
FAILED backend/tests/test_acceptance_criteria.py::TestAcceptanceCriteriaCRUD::test_bulk_create_acceptance_criteria
FAILED backend/tests/test_acceptance_criteria.py::TestAcceptanceCriteriaCRUD::test_search_acceptance_criteria
FAILED backend/tests/test_acceptance_criteria.py::TestAcceptanceCriteriaCRUD::test_update_acceptance_criteria
FAILED backend/tests/test_acceptance_criteria.py::TestAcceptanceCriteriaCRUD::test_delete_acceptance_criteria
FAILED backend/tests/test_acceptance_criteria.py::TestAcceptanceCriteriaCRUD::test_delete_all_acceptance_criteria_by_backlog_id
FAILED backend/tests/test_api_coverage.py::TestCoreFunctionality::test_jwt_token_operations
FAILED backend/tests/test_api_coverage.py::TestModelCoverage::test_user_model_creation
FAILED backend/tests/test_api_coverage.py::TestModelCoverage::test_project_model_creation
FAILED backend/tests/test_api_coverage.py::TestModelCoverage::test_task_model_creation
FAILED backend/tests/test_api_coverage.py::TestModelCoverage::test_tag_model_creation
FAILED backend/tests/test_api_coverage.py::TestModelCoverage::test_sprint_model_creation
FAILED backend/tests/test_api_coverage.py::TestModelCoverage::test_documentation_model_creation
FAILED backend/tests/test_api_coverage.py::TestCRUDOperations::test_base_crud_operations
FAILED backend/tests/test_api_coverage.py::TestCRUDOperations::test_tag_crud_specific_operations
FAILED backend/tests/test_api_coverage.py::TestUtilityFunctions::test_oauth_utilities
FAILED backend/tests/test_api_coverage.py::TestEnumCoverage::test_task_status_enum
FAILED backend/tests/test_auth.py::TestAuthEndpoints::test_register_success
FAILED backend/tests/test_auth.py::TestAuthEndpoints::test_register_weak_password
FAILED backend/tests/test_auth.py::TestAuthEndpoints::test_login_inactive_user
FAILED backend/tests/test_auth.py::TestAuthEndpoints::test_login_nonexistent_user
FAILED backend/tests/test_auth.py::TestAuthEndpoints::test_oauth_login_success
FAILED backend/tests/test_auth.py::TestAuthEndpoints::test_forgot_password_nonexistent_email
FAILED backend/tests/test_auth.py::TestAuthEndpoints::test_reset_password_invalid_token
FAILED backend/tests/test_backlogs.py::TestBacklogCRUD::test_create_backlog_success
FAILED backend/tests/test_backlogs.py::TestBacklogCRUD::test_get_backlog_by_id
FAILED backend/tests/test_backlogs.py::TestBacklogCRUD::test_get_backlogs_with_pagination
FAILED backend/tests/test_backlogs.py::TestBacklogCRUD::test_get_backlogs_with_status_filter
FAILED backend/tests/test_backlogs.py::TestBacklogCRUD::test_get_backlogs_with_priority_filter
FAILED backend/tests/test_backlogs.py::TestBacklogCRUD::test_search_backlogs
FAILED backend/tests/test_backlogs.py::TestBacklogCRUD::test_get_root_backlogs
FAILED backend/tests/test_backlogs.py::TestBacklogCRUD::test_update_backlog
FAILED backend/tests/test_backlogs.py::TestBacklogCRUD::test_delete_backlog
FAILED backend/tests/test_crud_comprehensive.py::TestBacklogCRUD::test_get_backlog_statistics
FAILED backend/tests/test_crud_comprehensive.py::TestSprintCRUD::test_create_sprint_success
FAILED backend/tests/test_crud_comprehensive.py::TestSprintCRUD::test_create_sprint_invalid_dates
FAILED backend/tests/test_crud_comprehensive.py::TestSprintCRUD::test_get_sprint_statistics
FAILED backend/tests/test_crud_comprehensive.py::TestDocumentationCRUD::test_create_documentation_success
FAILED backend/tests/test_crud_comprehensive.py::TestProjectCRUD::test_create_project_success
FAILED backend/tests/test_crud_comprehensive.py::TestProjectCRUD::test_update_project_name_conflict
FAILED backend/tests/test_crud_comprehensive.py::TestUserCRUD::test_create_user_success
FAILED backend/tests/test_crud_comprehensive.py::TestUserCRUD::test_authenticate_success
FAILED backend/tests/test_crud_comprehensive.py::TestUserCRUD::test_authenticate_wrong_password
FAILED backend/tests/test_crud_simple.py::TestUserCRUD::test_get_user - Attri...
FAILED backend/tests/test_crud_simple.py::TestUserCRUD::test_create_user - At...
FAILED backend/tests/test_crud_simple.py::TestUserCRUD::test_update_user - At...
FAILED backend/tests/test_crud_simple.py::TestUserCRUD::test_delete_user - At...
FAILED backend/tests/test_database.py::TestDatabase::test_create_tables - sql...
FAILED backend/tests/test_documentations.py::TestDocumentationCRUD::test_create_documentation_success
FAILED backend/tests/test_documentations.py::TestDocumentationCRUD::test_get_documentation_by_id
FAILED backend/tests/test_documentations.py::TestDocumentationCRUD::test_get_documentations_with_pagination
FAILED backend/tests/test_documentations.py::TestDocumentationCRUD::test_get_documentations_by_type
FAILED backend/tests/test_documentations.py::TestDocumentationCRUD::test_search_documentations
FAILED backend/tests/test_documentations.py::TestDocumentationCRUD::test_search_by_file_url
FAILED backend/tests/test_documentations.py::TestDocumentationCRUD::test_get_recent_documentations
FAILED backend/tests/test_documentations.py::TestDocumentationCRUD::test_update_documentation
FAILED backend/tests/test_documentations.py::TestDocumentationCRUD::test_delete_documentation
FAILED backend/tests/test_documentations.py::TestDocumentationCRUD::test_get_documentation_statistics
FAILED backend/tests/test_meeting_action_item.py::TestMeetingActionItemCRUD::test_create_meeting_action_item_success
FAILED backend/tests/test_meeting_action_item.py::TestMeetingActionItemCRUD::test_get_meeting_action_item_by_id
FAILED backend/tests/test_meeting_action_item.py::TestMeetingActionItemCRUD::test_get_meeting_action_items_with_pagination
FAILED backend/tests/test_meeting_action_item.py::TestMeetingActionItemCRUD::test_get_meeting_action_items_by_meeting_id
FAILED backend/tests/test_meeting_action_item.py::TestMeetingActionItemCRUD::test_search_meeting_action_items
FAILED backend/tests/test_meeting_action_item.py::TestMeetingActionItemCRUD::test_update_meeting_action_item
FAILED backend/tests/test_meeting_action_item.py::TestMeetingActionItemCRUD::test_delete_meeting_action_item
FAILED backend/tests/test_meeting_action_item.py::TestMeetingActionItemCRUD::test_delete_all_meeting_action_items_by_meeting_id
FAILED backend/tests/test_meeting_agenda.py::TestMeetingAgendaCRUD::test_create_meeting_agenda_success
FAILED backend/tests/test_meeting_agenda.py::TestMeetingAgendaCRUD::test_get_meeting_agenda_by_id
FAILED backend/tests/test_meeting_agenda.py::TestMeetingAgendaCRUD::test_get_meeting_agendas_with_pagination
FAILED backend/tests/test_meeting_agenda.py::TestMeetingAgendaCRUD::test_get_meeting_agendas_by_meeting_id
FAILED backend/tests/test_meeting_agenda.py::TestMeetingAgendaCRUD::test_search_meeting_agendas
FAILED backend/tests/test_meeting_agenda.py::TestMeetingAgendaCRUD::test_update_meeting_agenda
FAILED backend/tests/test_meeting_agenda.py::TestMeetingAgendaCRUD::test_delete_meeting_agenda
FAILED backend/tests/test_meeting_agenda.py::TestMeetingAgendaCRUD::test_delete_all_meeting_agendas_by_meeting_id
FAILED backend/tests/test_meeting_note.py::TestMeetingNoteCRUD::test_create_meeting_note_success
FAILED backend/tests/test_meeting_note.py::TestMeetingNoteCRUD::test_get_meeting_note_by_id
FAILED backend/tests/test_meeting_note.py::TestMeetingNoteCRUD::test_get_meeting_notes_with_pagination
FAILED backend/tests/test_meeting_note.py::TestMeetingNoteCRUD::test_get_meeting_notes_by_meeting_id
FAILED backend/tests/test_meeting_note.py::TestMeetingNoteCRUD::test_search_meeting_notes
FAILED backend/tests/test_meeting_note.py::TestMeetingNoteCRUD::test_update_meeting_note
FAILED backend/tests/test_meeting_note.py::TestMeetingNoteCRUD::test_delete_meeting_note
FAILED backend/tests/test_meetings.py::TestMeetingCRUD::test_create_meeting_success
FAILED backend/tests/test_meetings.py::TestMeetingCRUD::test_get_meeting_by_id
FAILED backend/tests/test_meetings.py::TestMeetingCRUD::test_get_meetings_with_pagination
FAILED backend/tests/test_meetings.py::TestMeetingCRUD::test_get_meetings_by_type
FAILED backend/tests/test_meetings.py::TestMeetingCRUD::test_search_meetings
FAILED backend/tests/test_meetings.py::TestMeetingCRUD::test_get_upcoming_meetings
FAILED backend/tests/test_meetings.py::TestMeetingCRUD::test_get_today_meetings
FAILED backend/tests/test_meetings.py::TestMeetingCRUD::test_get_ongoing_meetings
FAILED backend/tests/test_meetings.py::TestMeetingCRUD::test_get_meetings_by_date_range
FAILED backend/tests/test_meetings.py::TestMeetingCRUD::test_update_meeting
FAILED backend/tests/test_meetings.py::TestMeetingCRUD::test_delete_meeting
FAILED backend/tests/test_meetings.py::TestMeetingCRUD::test_get_meeting_statistics
FAILED backend/tests/test_projects.py::TestProjectCRUD::test_create_project_success
FAILED backend/tests/test_projects.py::TestProjectCRUD::test_get_project_by_id
FAILED backend/tests/test_projects.py::TestProjectCRUD::test_get_project_by_name
FAILED backend/tests/test_projects.py::TestProjectCRUD::test_get_projects_with_pagination
FAILED backend/tests/test_projects.py::TestProjectCRUD::test_get_projects_with_status_filter
FAILED backend/tests/test_projects.py::TestProjectCRUD::test_search_projects
FAILED backend/tests/test_projects.py::TestProjectCRUD::test_update_project
FAILED backend/tests/test_projects.py::TestProjectCRUD::test_delete_project
FAILED backend/tests/test_routes_comprehensive.py::TestBacklogRoutes::test_get_backlogs
FAILED backend/tests/test_routes_comprehensive.py::TestBacklogRoutes::test_get_backlog_by_id
FAILED backend/tests/test_routes_comprehensive.py::TestBacklogRoutes::test_get_backlog_not_found
FAILED backend/tests/test_routes_comprehensive.py::TestBacklogRoutes::test_create_backlog
FAILED backend/tests/test_routes_comprehensive.py::TestBacklogRoutes::test_update_backlog
FAILED backend/tests/test_routes_comprehensive.py::TestBacklogRoutes::test_delete_backlog
FAILED backend/tests/test_routes_comprehensive.py::TestSprintRoutes::test_get_sprints
FAILED backend/tests/test_routes_comprehensive.py::TestSprintRoutes::test_create_sprint
FAILED backend/tests/test_routes_comprehensive.py::TestProjectRoutes::test_get_projects
FAILED backend/tests/test_routes_comprehensive.py::TestProjectRoutes::test_create_project
FAILED backend/tests/test_routes_comprehensive.py::TestMeetingNoteRoutes::test_get_meeting_notes
FAILED backend/tests/test_routes_comprehensive.py::TestMeetingNoteRoutes::test_create_meeting_note
FAILED backend/tests/test_routes_comprehensive.py::TestDocumentationRoutes::test_get_documentations
FAILED backend/tests/test_routes_comprehensive.py::TestDocumentationRoutes::test_create_documentation
FAILED backend/tests/test_routes_comprehensive.py::TestErrorHandling::test_invalid_data_create
FAILED backend/tests/test_routes_comprehensive.py::TestErrorHandling::test_invalid_id_format
FAILED backend/tests/test_routes_comprehensive.py::TestPagination::test_pagination_parameters
FAILED backend/tests/test_routes_comprehensive.py::TestPagination::test_default_pagination
FAILED backend/tests/test_routes_comprehensive.py::TestPagination::test_negative_pagination
FAILED backend/tests/test_routes_comprehensive.py::TestIntegration::test_backlog_project_relationship
FAILED backend/tests/test_routes_comprehensive.py::TestPerformance::test_large_result_set
FAILED backend/tests/test_security.py::TestSecurity::test_verify_token_valid
FAILED backend/tests/test_security.py::TestSecurity::test_verify_token_invalid
FAILED backend/tests/test_sprints.py::TestSprintCRUD::test_create_sprint_success
FAILED backend/tests/test_sprints.py::TestSprintCRUD::test_get_sprint_by_id
FAILED backend/tests/test_sprints.py::TestSprintCRUD::test_get_sprints_with_pagination
FAILED backend/tests/test_sprints.py::TestSprintCRUD::test_get_sprints_with_status_filter
FAILED backend/tests/test_sprints.py::TestSprintCRUD::test_search_sprints - p...
FAILED backend/tests/test_sprints.py::TestSprintCRUD::test_update_sprint - py...
FAILED backend/tests/test_sprints.py::TestSprintCRUD::test_delete_sprint - py...
FAILED backend/tests/test_tags.py::TestTagCRUD::test_create_tag_success - sql...
FAILED backend/tests/test_tags.py::TestTagCRUD::test_create_tag_duplicate_title
FAILED backend/tests/test_tags.py::TestTagCRUD::test_get_tag_by_id - sqlalche...
FAILED backend/tests/test_tags.py::TestTagCRUD::test_get_tag_by_title - sqlal...
FAILED backend/tests/test_tags.py::TestTagCRUD::test_get_tags_with_pagination
FAILED backend/tests/test_tags.py::TestTagCRUD::test_search_tags - sqlalchemy...
FAILED backend/tests/test_tags.py::TestTagCRUD::test_get_tags_starting_with
FAILED backend/tests/test_tags.py::TestTagCRUD::test_update_tag - sqlalchemy....
FAILED backend/tests/test_tags.py::TestTagCRUD::test_delete_tag - sqlalchemy....
FAILED backend/tests/test_tags.py::TestTagCRUD::test_check_title_exists - sql...
FAILED backend/tests/test_tags.py::TestTagCRUD::test_get_or_create_by_title
FAILED backend/tests/test_tasks.py::TestTaskCRUD::test_create_task_success - ...
FAILED backend/tests/test_tasks.py::TestTaskCRUD::test_get_task_by_id - sqlal...
FAILED backend/tests/test_tasks.py::TestTaskCRUD::test_get_tasks_with_pagination
FAILED backend/tests/test_tasks.py::TestTaskCRUD::test_get_tasks_with_status_filter
FAILED backend/tests/test_tasks.py::TestTaskCRUD::test_search_tasks - sqlalch...
FAILED backend/tests/test_tasks.py::TestTaskCRUD::test_update_task - sqlalche...
FAILED backend/tests/test_tasks.py::TestTaskCRUD::test_delete_task - sqlalche...
FAILED backend/tests/test_tasks.py::TestTaskCRUD::test_get_multi_with_pagination
FAILED backend/tests/test_users.py::TestUserCRUD::test_create_user_success - ...
FAILED backend/tests/test_users.py::TestUserCRUD::test_authenticate_nonexistent_user
ERROR backend/tests/test_acceptance_criteria.py::TestAcceptanceCriteriaEndpoints::test_get_acceptance_criteria_success
ERROR backend/tests/test_acceptance_criteria.py::TestAcceptanceCriteriaEndpoints::test_get_acceptance_criteria_with_pagination
ERROR backend/tests/test_acceptance_criteria.py::TestAcceptanceCriteriaEndpoints::test_get_acceptance_criteria_with_backlog_filter
ERROR backend/tests/test_acceptance_criteria.py::TestAcceptanceCriteriaEndpoints::test_get_acceptance_criteria_with_search
ERROR backend/tests/test_acceptance_criteria.py::TestAcceptanceCriteriaEndpoints::test_create_acceptance_criteria_success
ERROR backend/tests/test_acceptance_criteria.py::TestAcceptanceCriteriaEndpoints::test_create_acceptance_criteria_invalid_data
ERROR backend/tests/test_acceptance_criteria.py::TestAcceptanceCriteriaEndpoints::test_create_acceptance_criteria_nonexistent_backlog
ERROR backend/tests/test_acceptance_criteria.py::TestAcceptanceCriteriaEndpoints::test_get_acceptance_criteria_by_id_success
ERROR backend/tests/test_acceptance_criteria.py::TestAcceptanceCriteriaEndpoints::test_get_acceptance_criteria_by_id_not_found
ERROR backend/tests/test_acceptance_criteria.py::TestAcceptanceCriteriaEndpoints::test_update_acceptance_criteria_success
ERROR backend/tests/test_acceptance_criteria.py::TestAcceptanceCriteriaEndpoints::test_update_acceptance_criteria_not_found
ERROR backend/tests/test_acceptance_criteria.py::TestAcceptanceCriteriaEndpoints::test_delete_acceptance_criteria_success
ERROR backend/tests/test_acceptance_criteria.py::TestAcceptanceCriteriaEndpoints::test_delete_acceptance_criteria_not_found
ERROR backend/tests/test_acceptance_criteria.py::TestAcceptanceCriteriaEndpoints::test_get_criteria_by_backlog
ERROR backend/tests/test_acceptance_criteria.py::TestAcceptanceCriteriaEndpoints::test_get_criteria_by_backlog_with_pagination
ERROR backend/tests/test_acceptance_criteria.py::TestAcceptanceCriteriaEndpoints::test_get_criteria_by_nonexistent_backlog
ERROR backend/tests/test_acceptance_criteria.py::TestAcceptanceCriteriaEndpoints::test_count_criteria_by_backlog
ERROR backend/tests/test_acceptance_criteria.py::TestAcceptanceCriteriaEndpoints::test_count_criteria_by_nonexistent_backlog
ERROR backend/tests/test_acceptance_criteria.py::TestAcceptanceCriteriaEndpoints::test_bulk_create_criteria_success
ERROR backend/tests/test_acceptance_criteria.py::TestAcceptanceCriteriaEndpoints::test_bulk_create_criteria_empty_list
ERROR backend/tests/test_acceptance_criteria.py::TestAcceptanceCriteriaEndpoints::test_bulk_create_criteria_nonexistent_backlog
ERROR backend/tests/test_acceptance_criteria.py::TestAcceptanceCriteriaEndpoints::test_delete_all_criteria_by_backlog
ERROR backend/tests/test_acceptance_criteria.py::TestAcceptanceCriteriaEndpoints::test_delete_all_criteria_by_nonexistent_backlog
ERROR backend/tests/test_acceptance_criteria.py::TestAcceptanceCriteriaEndpoints::test_search_acceptance_criteria
ERROR backend/tests/test_acceptance_criteria.py::TestAcceptanceCriteriaEndpoints::test_search_acceptance_criteria_with_backlog_filter
ERROR backend/tests/test_acceptance_criteria.py::TestAcceptanceCriteriaEndpoints::test_search_acceptance_criteria_with_pagination
ERROR backend/tests/test_auth.py::TestAuthEndpoints::test_register_duplicate_email
ERROR backend/tests/test_auth.py::TestAuthEndpoints::test_register_duplicate_username
ERROR backend/tests/test_auth.py::TestAuthEndpoints::test_login_success - sql...
ERROR backend/tests/test_auth.py::TestAuthEndpoints::test_login_invalid_credentials
ERROR backend/tests/test_auth.py::TestAuthEndpoints::test_logout_success - sq...
ERROR backend/tests/test_auth.py::TestAuthEndpoints::test_refresh_token_success
ERROR backend/tests/test_auth.py::TestAuthEndpoints::test_change_password_success
ERROR backend/tests/test_auth.py::TestAuthEndpoints::test_change_password_wrong_current
ERROR backend/tests/test_auth.py::TestAuthEndpoints::test_change_password_weak_new
ERROR backend/tests/test_auth.py::TestAuthEndpoints::test_forgot_password_success
ERROR backend/tests/test_auth.py::TestAuthEndpoints::test_reset_password_success
ERROR backend/tests/test_backlogs.py::TestBacklogEndpoints::test_get_backlogs_success
ERROR backend/tests/test_backlogs.py::TestBacklogEndpoints::test_get_backlogs_with_pagination
ERROR backend/tests/test_backlogs.py::TestBacklogEndpoints::test_get_backlogs_with_status_filter
ERROR backend/tests/test_backlogs.py::TestBacklogEndpoints::test_get_backlogs_with_invalid_status
ERROR backend/tests/test_backlogs.py::TestBacklogEndpoints::test_get_backlogs_with_priority_filter
ERROR backend/tests/test_backlogs.py::TestBacklogEndpoints::test_get_backlogs_with_invalid_priority
ERROR backend/tests/test_backlogs.py::TestBacklogEndpoints::test_get_backlogs_with_search
ERROR backend/tests/test_backlogs.py::TestBacklogEndpoints::test_get_backlogs_root_only
ERROR backend/tests/test_backlogs.py::TestBacklogEndpoints::test_create_backlog_success
ERROR backend/tests/test_backlogs.py::TestBacklogEndpoints::test_create_backlog_invalid_data
ERROR backend/tests/test_backlogs.py::TestBacklogEndpoints::test_get_backlog_by_id_success
ERROR backend/tests/test_backlogs.py::TestBacklogEndpoints::test_get_backlog_by_id_not_found
ERROR backend/tests/test_backlogs.py::TestBacklogEndpoints::test_update_backlog_success
ERROR backend/tests/test_backlogs.py::TestBacklogEndpoints::test_update_backlog_not_found
ERROR backend/tests/test_backlogs.py::TestBacklogEndpoints::test_delete_backlog_success
ERROR backend/tests/test_backlogs.py::TestBacklogEndpoints::test_delete_backlog_not_found
ERROR backend/tests/test_documentations.py::TestDocumentationEndpoints::test_get_documentations_success
ERROR backend/tests/test_documentations.py::TestDocumentationEndpoints::test_get_documentations_with_pagination
ERROR backend/tests/test_documentations.py::TestDocumentationEndpoints::test_get_documentations_with_type_filter
ERROR backend/tests/test_documentations.py::TestDocumentationEndpoints::test_get_documentations_with_search
ERROR backend/tests/test_documentations.py::TestDocumentationEndpoints::test_create_documentation_success
ERROR backend/tests/test_documentations.py::TestDocumentationEndpoints::test_create_documentation_invalid_data
ERROR backend/tests/test_documentations.py::TestDocumentationEndpoints::test_create_documentation_invalid_type
ERROR backend/tests/test_documentations.py::TestDocumentationEndpoints::test_get_documentation_by_id_success
ERROR backend/tests/test_documentations.py::TestDocumentationEndpoints::test_get_documentation_by_id_not_found
ERROR backend/tests/test_documentations.py::TestDocumentationEndpoints::test_update_documentation_success
ERROR backend/tests/test_documentations.py::TestDocumentationEndpoints::test_update_documentation_not_found
ERROR backend/tests/test_documentations.py::TestDocumentationEndpoints::test_delete_documentation_success
ERROR backend/tests/test_documentations.py::TestDocumentationEndpoints::test_delete_documentation_not_found
ERROR backend/tests/test_documentations.py::TestDocumentationEndpoints::test_get_documentations_by_type
ERROR backend/tests/test_documentations.py::TestDocumentationEndpoints::test_get_documentations_by_type_with_pagination
ERROR backend/tests/test_documentations.py::TestDocumentationEndpoints::test_search_documentation_by_file_url
ERROR backend/tests/test_documentations.py::TestDocumentationEndpoints::test_search_documentation_by_file_url_with_pagination
ERROR backend/tests/test_documentations.py::TestDocumentationEndpoints::test_get_recent_documentations
ERROR backend/tests/test_documentations.py::TestDocumentationEndpoints::test_get_recent_documentations_with_days
ERROR backend/tests/test_documentations.py::TestDocumentationEndpoints::test_get_recent_documentations_with_limit
ERROR backend/tests/test_documentations.py::TestDocumentationEndpoints::test_get_documentation_statistics
ERROR backend/tests/test_meeting_action_item.py::TestMeetingActionItemEndpoints::test_get_meeting_action_items_success
ERROR backend/tests/test_meeting_action_item.py::TestMeetingActionItemEndpoints::test_get_meeting_action_items_with_pagination
ERROR backend/tests/test_meeting_action_item.py::TestMeetingActionItemEndpoints::test_get_meeting_action_items_with_meeting_filter
ERROR backend/tests/test_meeting_action_item.py::TestMeetingActionItemEndpoints::test_get_meeting_action_items_with_search
ERROR backend/tests/test_meeting_action_item.py::TestMeetingActionItemEndpoints::test_get_meeting_action_items_with_due_date_filters
ERROR backend/tests/test_meeting_action_item.py::TestMeetingActionItemEndpoints::test_create_meeting_action_item_success
ERROR backend/tests/test_meeting_action_item.py::TestMeetingActionItemEndpoints::test_create_meeting_action_item_invalid_data
ERROR backend/tests/test_meeting_action_item.py::TestMeetingActionItemEndpoints::test_create_meeting_action_item_nonexistent_meeting
ERROR backend/tests/test_meeting_action_item.py::TestMeetingActionItemEndpoints::test_get_meeting_action_item_by_id_success
ERROR backend/tests/test_meeting_action_item.py::TestMeetingActionItemEndpoints::test_get_meeting_action_item_by_id_not_found
ERROR backend/tests/test_meeting_action_item.py::TestMeetingActionItemEndpoints::test_update_meeting_action_item_success
ERROR backend/tests/test_meeting_action_item.py::TestMeetingActionItemEndpoints::test_update_meeting_action_item_not_found
ERROR backend/tests/test_meeting_action_item.py::TestMeetingActionItemEndpoints::test_delete_meeting_action_item_success
ERROR backend/tests/test_meeting_action_item.py::TestMeetingActionItemEndpoints::test_delete_meeting_action_item_not_found
ERROR backend/tests/test_meeting_action_item.py::TestMeetingActionItemEndpoints::test_get_action_items_by_meeting
ERROR backend/tests/test_meeting_action_item.py::TestMeetingActionItemEndpoints::test_get_action_items_by_meeting_with_pagination
ERROR backend/tests/test_meeting_action_item.py::TestMeetingActionItemEndpoints::test_get_action_items_by_nonexistent_meeting
ERROR backend/tests/test_meeting_action_item.py::TestMeetingActionItemEndpoints::test_count_action_items_by_meeting
ERROR backend/tests/test_meeting_action_item.py::TestMeetingActionItemEndpoints::test_count_action_items_by_nonexistent_meeting
ERROR backend/tests/test_meeting_action_item.py::TestMeetingActionItemEndpoints::test_delete_all_action_items_by_meeting
ERROR backend/tests/test_meeting_action_item.py::TestMeetingActionItemEndpoints::test_delete_all_action_items_by_nonexistent_meeting
ERROR backend/tests/test_meeting_action_item.py::TestMeetingActionItemEndpoints::test_search_meeting_action_items
ERROR backend/tests/test_meeting_action_item.py::TestMeetingActionItemEndpoints::test_search_meeting_action_items_with_meeting_filter
ERROR backend/tests/test_meeting_action_item.py::TestMeetingActionItemEndpoints::test_search_meeting_action_items_with_pagination
ERROR backend/tests/test_meeting_agenda.py::TestMeetingAgendaEndpoints::test_get_meeting_agendas_success
ERROR backend/tests/test_meeting_agenda.py::TestMeetingAgendaEndpoints::test_get_meeting_agendas_with_pagination
ERROR backend/tests/test_meeting_agenda.py::TestMeetingAgendaEndpoints::test_get_meeting_agendas_with_meeting_filter
ERROR backend/tests/test_meeting_agenda.py::TestMeetingAgendaEndpoints::test_get_meeting_agendas_with_search
ERROR backend/tests/test_meeting_agenda.py::TestMeetingAgendaEndpoints::test_create_meeting_agenda_success
ERROR backend/tests/test_meeting_agenda.py::TestMeetingAgendaEndpoints::test_create_meeting_agenda_invalid_data
ERROR backend/tests/test_meeting_agenda.py::TestMeetingAgendaEndpoints::test_create_meeting_agenda_nonexistent_meeting
ERROR backend/tests/test_meeting_agenda.py::TestMeetingAgendaEndpoints::test_get_meeting_agenda_by_id_success
ERROR backend/tests/test_meeting_agenda.py::TestMeetingAgendaEndpoints::test_get_meeting_agenda_by_id_not_found
ERROR backend/tests/test_meeting_agenda.py::TestMeetingAgendaEndpoints::test_update_meeting_agenda_success
ERROR backend/tests/test_meeting_agenda.py::TestMeetingAgendaEndpoints::test_update_meeting_agenda_not_found
ERROR backend/tests/test_meeting_agenda.py::TestMeetingAgendaEndpoints::test_delete_meeting_agenda_success
ERROR backend/tests/test_meeting_agenda.py::TestMeetingAgendaEndpoints::test_delete_meeting_agenda_not_found
ERROR backend/tests/test_meeting_agenda.py::TestMeetingAgendaEndpoints::test_get_agenda_by_meeting
ERROR backend/tests/test_meeting_agenda.py::TestMeetingAgendaEndpoints::test_get_agenda_by_meeting_with_pagination
ERROR backend/tests/test_meeting_agenda.py::TestMeetingAgendaEndpoints::test_get_agenda_by_nonexistent_meeting
ERROR backend/tests/test_meeting_agenda.py::TestMeetingAgendaEndpoints::test_count_agenda_by_meeting
ERROR backend/tests/test_meeting_agenda.py::TestMeetingAgendaEndpoints::test_count_agenda_by_nonexistent_meeting
ERROR backend/tests/test_meeting_agenda.py::TestMeetingAgendaEndpoints::test_bulk_create_agenda_items_success
ERROR backend/tests/test_meeting_agenda.py::TestMeetingAgendaEndpoints::test_bulk_create_agenda_items_empty_list
ERROR backend/tests/test_meeting_agenda.py::TestMeetingAgendaEndpoints::test_bulk_create_agenda_items_nonexistent_meeting
ERROR backend/tests/test_meeting_agenda.py::TestMeetingAgendaEndpoints::test_delete_all_agenda_by_meeting
ERROR backend/tests/test_meeting_agenda.py::TestMeetingAgendaEndpoints::test_delete_all_agenda_by_nonexistent_meeting
ERROR backend/tests/test_meeting_agenda.py::TestMeetingAgendaEndpoints::test_search_meeting_agendas
ERROR backend/tests/test_meeting_agenda.py::TestMeetingAgendaEndpoints::test_search_meeting_agendas_with_meeting_filter
ERROR backend/tests/test_meeting_agenda.py::TestMeetingAgendaEndpoints::test_search_meeting_agendas_with_pagination
ERROR backend/tests/test_meeting_note.py::TestMeetingNoteEndpoints::test_get_meeting_notes_success
ERROR backend/tests/test_meeting_note.py::TestMeetingNoteEndpoints::test_get_meeting_notes_with_pagination
ERROR backend/tests/test_meeting_note.py::TestMeetingNoteEndpoints::test_get_meeting_notes_with_meeting_filter
ERROR backend/tests/test_meeting_note.py::TestMeetingNoteEndpoints::test_get_meeting_notes_with_search
ERROR backend/tests/test_meeting_note.py::TestMeetingNoteEndpoints::test_get_meeting_notes_parent_only
ERROR backend/tests/test_meeting_note.py::TestMeetingNoteEndpoints::test_create_meeting_note_success
ERROR backend/tests/test_meeting_note.py::TestMeetingNoteEndpoints::test_create_meeting_note_invalid_data
ERROR backend/tests/test_meeting_note.py::TestMeetingNoteEndpoints::test_create_meeting_note_nonexistent_meeting
ERROR backend/tests/test_meeting_note.py::TestMeetingNoteEndpoints::test_create_meeting_note_nonexistent_parent
ERROR backend/tests/test_meeting_note.py::TestMeetingNoteEndpoints::test_get_meeting_note_by_id_success
ERROR backend/tests/test_meeting_note.py::TestMeetingNoteEndpoints::test_get_meeting_note_by_id_not_found
ERROR backend/tests/test_meeting_note.py::TestMeetingNoteEndpoints::test_update_meeting_note_success
ERROR backend/tests/test_meeting_note.py::TestMeetingNoteEndpoints::test_update_meeting_note_not_found
ERROR backend/tests/test_meeting_note.py::TestMeetingNoteEndpoints::test_delete_meeting_note_success
ERROR backend/tests/test_meeting_note.py::TestMeetingNoteEndpoints::test_delete_meeting_note_not_found
ERROR backend/tests/test_meeting_note.py::TestMeetingNoteEndpoints::test_get_notes_by_meeting
ERROR backend/tests/test_meeting_note.py::TestMeetingNoteEndpoints::test_get_notes_by_meeting_with_pagination
ERROR backend/tests/test_meeting_note.py::TestMeetingNoteEndpoints::test_get_notes_by_meeting_top_level_only
ERROR backend/tests/test_meeting_note.py::TestMeetingNoteEndpoints::test_get_notes_by_nonexistent_meeting
ERROR backend/tests/test_meeting_note.py::TestMeetingNoteEndpoints::test_get_notes_tree_by_meeting
ERROR backend/tests/test_meeting_note.py::TestMeetingNoteEndpoints::test_get_notes_tree_by_nonexistent_meeting
ERROR backend/tests/test_meeting_note.py::TestMeetingNoteEndpoints::test_count_notes_by_meeting
ERROR backend/tests/test_meeting_note.py::TestMeetingNoteEndpoints::test_count_notes_by_nonexistent_meeting
ERROR backend/tests/test_meeting_note.py::TestMeetingNoteEndpoints::test_create_note_reply_success
ERROR backend/tests/test_meeting_note.py::TestMeetingNoteEndpoints::test_create_note_reply_nonexistent_note
ERROR backend/tests/test_meeting_note.py::TestMeetingNoteEndpoints::test_get_note_children
ERROR backend/tests/test_meeting_note.py::TestMeetingNoteEndpoints::test_get_note_children_nonexistent_note
ERROR backend/tests/test_meeting_note.py::TestMeetingNoteEndpoints::test_get_note_thread
ERROR backend/tests/test_meeting_note.py::TestMeetingNoteEndpoints::test_get_note_thread_nonexistent_note
ERROR backend/tests/test_meeting_note.py::TestMeetingNoteEndpoints::test_delete_all_notes_by_meeting
ERROR backend/tests/test_meeting_note.py::TestMeetingNoteEndpoints::test_delete_all_notes_by_nonexistent_meeting
ERROR backend/tests/test_meeting_note.py::TestMeetingNoteEndpoints::test_search_meeting_notes
ERROR backend/tests/test_meeting_note.py::TestMeetingNoteEndpoints::test_search_meeting_notes_with_meeting_filter
ERROR backend/tests/test_meeting_note.py::TestMeetingNoteEndpoints::test_search_meeting_notes_with_pagination
ERROR backend/tests/test_meetings.py::TestMeetingEndpoints::test_get_meetings_success
ERROR backend/tests/test_meetings.py::TestMeetingEndpoints::test_get_meetings_with_pagination
ERROR backend/tests/test_meetings.py::TestMeetingEndpoints::test_get_meetings_with_type_filter
ERROR backend/tests/test_meetings.py::TestMeetingEndpoints::test_get_meetings_with_search
ERROR backend/tests/test_meetings.py::TestMeetingEndpoints::test_get_meetings_upcoming_only
ERROR backend/tests/test_meetings.py::TestMeetingEndpoints::test_create_meeting_success
ERROR backend/tests/test_meetings.py::TestMeetingEndpoints::test_create_meeting_invalid_data
ERROR backend/tests/test_meetings.py::TestMeetingEndpoints::test_create_meeting_past_datetime
ERROR backend/tests/test_meetings.py::TestMeetingEndpoints::test_get_meeting_by_id_success
ERROR backend/tests/test_meetings.py::TestMeetingEndpoints::test_get_meeting_by_id_not_found
ERROR backend/tests/test_meetings.py::TestMeetingEndpoints::test_update_meeting_success
ERROR backend/tests/test_meetings.py::TestMeetingEndpoints::test_update_meeting_not_found
ERROR backend/tests/test_meetings.py::TestMeetingEndpoints::test_delete_meeting_success
ERROR backend/tests/test_meetings.py::TestMeetingEndpoints::test_delete_meeting_not_found
ERROR backend/tests/test_meetings.py::TestMeetingEndpoints::test_get_meetings_by_type
ERROR backend/tests/test_meetings.py::TestMeetingEndpoints::test_get_meetings_by_type_with_pagination
ERROR backend/tests/test_meetings.py::TestMeetingEndpoints::test_get_upcoming_meetings
ERROR backend/tests/test_meetings.py::TestMeetingEndpoints::test_get_upcoming_meetings_with_days
ERROR backend/tests/test_meetings.py::TestMeetingEndpoints::test_get_today_meetings
ERROR backend/tests/test_meetings.py::TestMeetingEndpoints::test_get_ongoing_meetings
ERROR backend/tests/test_meetings.py::TestMeetingEndpoints::test_search_meetings
ERROR backend/tests/test_meetings.py::TestMeetingEndpoints::test_search_meetings_with_pagination
ERROR backend/tests/test_meetings.py::TestMeetingEndpoints::test_get_meetings_by_date_range_success
ERROR backend/tests/test_meetings.py::TestMeetingEndpoints::test_get_meetings_by_date_range_invalid
ERROR backend/tests/test_meetings.py::TestMeetingEndpoints::test_get_meeting_statistics
ERROR backend/tests/test_meetings.py::TestMeetingEndpoints::test_reschedule_meeting_success
ERROR backend/tests/test_meetings.py::TestMeetingEndpoints::test_reschedule_meeting_not_found
ERROR backend/tests/test_projects.py::TestProjectEndpoints::test_get_projects_success
ERROR backend/tests/test_projects.py::TestProjectEndpoints::test_get_projects_with_pagination
ERROR backend/tests/test_projects.py::TestProjectEndpoints::test_get_projects_with_status_filter
ERROR backend/tests/test_projects.py::TestProjectEndpoints::test_get_projects_with_invalid_status
ERROR backend/tests/test_projects.py::TestProjectEndpoints::test_get_projects_with_search
ERROR backend/tests/test_projects.py::TestProjectEndpoints::test_create_project_success
ERROR backend/tests/test_projects.py::TestProjectEndpoints::test_create_project_duplicate_name
ERROR backend/tests/test_projects.py::TestProjectEndpoints::test_create_project_invalid_data
ERROR backend/tests/test_projects.py::TestProjectEndpoints::test_get_project_by_id_success
ERROR backend/tests/test_projects.py::TestProjectEndpoints::test_get_project_by_id_not_found
ERROR backend/tests/test_projects.py::TestProjectEndpoints::test_update_project_success
ERROR backend/tests/test_projects.py::TestProjectEndpoints::test_update_project_not_found
ERROR backend/tests/test_projects.py::TestProjectEndpoints::test_delete_project_success
ERROR backend/tests/test_projects.py::TestProjectEndpoints::test_delete_project_not_found
ERROR backend/tests/test_sprints.py::TestSprintEndpoints::test_get_sprints_success
ERROR backend/tests/test_sprints.py::TestSprintEndpoints::test_get_sprints_with_pagination
ERROR backend/tests/test_sprints.py::TestSprintEndpoints::test_get_sprints_with_status_filter
ERROR backend/tests/test_sprints.py::TestSprintEndpoints::test_get_sprints_with_search
ERROR backend/tests/test_sprints.py::TestSprintEndpoints::test_create_sprint_success
ERROR backend/tests/test_sprints.py::TestSprintEndpoints::test_create_sprint_invalid_data
ERROR backend/tests/test_sprints.py::TestSprintEndpoints::test_create_sprint_invalid_dates
ERROR backend/tests/test_sprints.py::TestSprintEndpoints::test_get_sprint_by_id_success
ERROR backend/tests/test_sprints.py::TestSprintEndpoints::test_get_sprint_by_id_not_found
ERROR backend/tests/test_sprints.py::TestSprintEndpoints::test_update_sprint_success
ERROR backend/tests/test_sprints.py::TestSprintEndpoints::test_update_sprint_not_found
ERROR backend/tests/test_sprints.py::TestSprintEndpoints::test_delete_sprint_success
ERROR backend/tests/test_sprints.py::TestSprintEndpoints::test_delete_sprint_not_found
ERROR backend/tests/test_tags.py::TestTagEndpoints::test_get_tags_success - s...
ERROR backend/tests/test_tags.py::TestTagEndpoints::test_get_tags_with_pagination
ERROR backend/tests/test_tags.py::TestTagEndpoints::test_get_tags_with_search
ERROR backend/tests/test_tags.py::TestTagEndpoints::test_create_tag_success
ERROR backend/tests/test_tags.py::TestTagEndpoints::test_create_tag_duplicate_title
ERROR backend/tests/test_tags.py::TestTagEndpoints::test_create_tag_invalid_data
ERROR backend/tests/test_tags.py::TestTagEndpoints::test_get_tag_by_id_success
ERROR backend/tests/test_tags.py::TestTagEndpoints::test_get_tag_by_id_not_found
ERROR backend/tests/test_tags.py::TestTagEndpoints::test_update_tag_success
ERROR backend/tests/test_tags.py::TestTagEndpoints::test_update_tag_not_found
ERROR backend/tests/test_tags.py::TestTagEndpoints::test_delete_tag_success
ERROR backend/tests/test_tags.py::TestTagEndpoints::test_delete_tag_not_found
ERROR backend/tests/test_tags.py::TestTagEndpoints::test_get_tag_by_title_success
ERROR backend/tests/test_tags.py::TestTagEndpoints::test_get_tag_by_title_not_found
ERROR backend/tests/test_tags.py::TestTagEndpoints::test_get_or_create_tag_existing
ERROR backend/tests/test_tags.py::TestTagEndpoints::test_get_or_create_tag_new
ERROR backend/tests/test_tags.py::TestTagEndpoints::test_search_tags_success
ERROR backend/tests/test_tags.py::TestTagEndpoints::test_search_tags_with_pagination
ERROR backend/tests/test_tags.py::TestTagEndpoints::test_autocomplete_tags_success
ERROR backend/tests/test_tags.py::TestTagEndpoints::test_autocomplete_tags_with_limit
ERROR backend/tests/test_tags.py::TestTagEndpoints::test_get_popular_tags_success
ERROR backend/tests/test_tags.py::TestTagEndpoints::test_get_popular_tags_with_limit
ERROR backend/tests/test_tasks.py::TestTaskEndpoints::test_get_tasks_success
ERROR backend/tests/test_tasks.py::TestTaskEndpoints::test_get_tasks_with_pagination
ERROR backend/tests/test_tasks.py::TestTaskEndpoints::test_get_tasks_with_status_filter
ERROR backend/tests/test_tasks.py::TestTaskEndpoints::test_get_tasks_with_search
ERROR backend/tests/test_tasks.py::TestTaskEndpoints::test_create_task_success
ERROR backend/tests/test_tasks.py::TestTaskEndpoints::test_create_task_invalid_data
ERROR backend/tests/test_tasks.py::TestTaskEndpoints::test_get_task_by_id_success
ERROR backend/tests/test_tasks.py::TestTaskEndpoints::test_get_task_by_id_not_found
ERROR backend/tests/test_tasks.py::TestTaskEndpoints::test_update_task_success
ERROR backend/tests/test_tasks.py::TestTaskEndpoints::test_update_task_not_found
ERROR backend/tests/test_tasks.py::TestTaskEndpoints::test_delete_task_success
ERROR backend/tests/test_tasks.py::TestTaskEndpoints::test_delete_task_not_found
ERROR backend/tests/test_users.py::TestUserEndpoints::test_get_current_user_profile
ERROR backend/tests/test_users.py::TestUserEndpoints::test_update_current_user_profile
ERROR backend/tests/test_users.py::TestUserEndpoints::test_update_current_user_invalid_data
ERROR backend/tests/test_users.py::TestUserEndpoints::test_get_user_sessions
ERROR backend/tests/test_users.py::TestUserEndpoints::test_revoke_user_session
ERROR backend/tests/test_users.py::TestUserEndpoints::test_revoke_nonexistent_session
ERROR backend/tests/test_users.py::TestUserEndpoints::test_get_users_as_superuser
ERROR backend/tests/test_users.py::TestUserEndpoints::test_get_users_as_regular_user
ERROR backend/tests/test_users.py::TestUserEndpoints::test_get_user_by_id_as_superuser
ERROR backend/tests/test_users.py::TestUserEndpoints::test_get_user_by_id_as_regular_user
ERROR backend/tests/test_users.py::TestUserEndpoints::test_get_nonexistent_user
ERROR backend/tests/test_users.py::TestUserEndpoints::test_update_user_as_superuser
ERROR backend/tests/test_users.py::TestUserEndpoints::test_update_user_as_regular_user
ERROR backend/tests/test_users.py::TestUserEndpoints::test_delete_user_as_superuser
ERROR backend/tests/test_users.py::TestUserEndpoints::test_delete_user_as_regular_user
ERROR backend/tests/test_users.py::TestUserEndpoints::test_delete_nonexistent_user
ERROR backend/tests/test_users.py::TestUserCRUD::test_create_user_duplicate_email
ERROR backend/tests/test_users.py::TestUserCRUD::test_create_user_duplicate_username
ERROR backend/tests/test_users.py::TestUserCRUD::test_get_user_by_id - sqlalc...
ERROR backend/tests/test_users.py::TestUserCRUD::test_get_user_by_email - sql...
ERROR backend/tests/test_users.py::TestUserCRUD::test_get_user_by_username - ...
ERROR backend/tests/test_users.py::TestUserCRUD::test_authenticate_user_success
ERROR backend/tests/test_users.py::TestUserCRUD::test_authenticate_user_wrong_password
ERROR backend/tests/test_users.py::TestUserCRUD::test_update_user - sqlalchem...
ERROR backend/tests/test_users.py::TestUserCRUD::test_get_users_paginated - s...
ERROR backend/tests/test_users.py::TestUserCRUD::test_is_active_user - sqlalc...
ERROR backend/tests/test_users.py::TestUserCRUD::test_is_superuser - sqlalche...
= 156 failed, 204 passed, 9 skipped, 1 warning, 273 errors in 1476.16s (0:24:36) =
